  C2H3N_rxn2858_P norb 15: nit 568 nfev 585 success True resid 0.26952 (snap {500: np.float64(0.27018)}) gmax 9.99e-06 6s  [CONVERGENCE: NORM OF PROJECTED GRADIENT <= PGTOL]  ref rhf_targets_compressed_small: dU 0.0e+00 dZ 0.0e+00
[shard 0] 1/11 done=1 skip=0 err=0  7s
  C3H4_rxn2391_TS norb 16: nit 490 nfev 512 success True resid 0.26538 (snap {}) gmax 7.96e-06 5s  [CONVERGENCE: NORM OF PROJECTED GRADIENT <= PGTOL]  ref rhf_targets_compressed_small: dU 0.0e+00 dZ 0.0e+00
[shard 0] 2/11 done=2 skip=0 err=0  12s
  C2HNO_rxn4441_R norb 17: nit 527 nfev 539 success True resid 0.24433 (snap {500: np.float64(0.24429)}) gmax 9.64e-06 7s  [CONVERGENCE: NORM OF PROJECTED GRADIENT <= PGTOL]  ref rhf_targets_compressed_n17: dU 0.0e+00 dZ 0.0e+00
[shard 0] 3/11 done=3 skip=0 err=0  19s
  C2H6O_rxn4702_P norb 18: nit 831 nfev 862 success True resid 0.23456 (snap {500: np.float64(0.23995)}) gmax 7.79e-06 21s  [CONVERGENCE: NORM OF PROJECTED GRADIENT <= PGTOL]  ref rhf_targets_compressed_n18: dU 6.5e-02 dZ 2.6e-03
[shard 0] 4/11 done=1 skip=3 err=0  22s
  C2H3NO_rxn3839_R norb 19: nit 865 nfev 895 success True resid 0.22835 (snap {500: np.float64(0.23045)}) gmax 7.89e-06 25s  [CONVERGENCE: NORM OF PROJECTED GRADIENT <= PGTOL]  ref rhf_targets_compressed_n19: dU 4.1e-02 dZ 5.3e-03
[shard 0] 5/11 done=2 skip=3 err=0  48s
  C2H3NO_rxn3842_P norb 19: nit 814 nfev 839 success True resid 0.28524 (snap {500: np.float64(0.29257)}) gmax 7.29e-06 23s  [CONVERGENCE: NORM OF PROJECTED GRADIENT <= PGTOL]  ref rhf_targets_compressed_n19: dU 8.8e-01 dZ 1.6e-01
[shard 0] 6/11 done=3 skip=3 err=0  70s
  C3H5N3_rxn2004_TS norb 29: nit 659 nfev 689 success True resid 0.33643 (snap {500: np.float64(0.33692)}) gmax 6.28e-06 108s  [CONVERGENCE: NORM OF PROJECTED GRADIENT <= PGTOL]  ref rhf_targets_compressed: dU 0.0e+00 dZ 0.0e+00
[shard 0] 7/11 done=4 skip=3 err=0  179s
  C4H5NO_rxn2714_P norb 29: nit 906 nfev 939 success True resid 0.28177 (snap {500: np.float64(0.28708)}) gmax 8.83e-06 117s  [CONVERGENCE: NORM OF PROJECTED GRADIENT <= PGTOL]  ref rhf_targets_compressed: dU 0.0e+00 dZ 0.0e+00
[shard 0] 8/11 done=5 skip=3 err=0  297s
  C4H5NO_rxn1111_TS norb 29: nit 1700 nfev 1761 success True resid 0.30566 (snap {500: np.float64(0.32657), 1000: np.float64(0.31024)}) gmax 9.33e-06 224s  [CONVERGENCE: NORM OF PROJECTED GRADIENT <= PGTOL]  ref rhf_targets_compressed: dU 0.0e+00 dZ 0.0e+00
[shard 0] 9/11 done=6 skip=3 err=0  522s
  C3H5N3_rxn0062_TS norb 29: nit 884 nfev 904 success True resid 0.38285 (snap {500: np.float64(0.39397)}) gmax 9.16e-06 115s  [CONVERGENCE: NORM OF PROJECTED GRADIENT <= PGTOL]  ref rhf_targets_compressed: dU 0.0e+00 dZ 0.0e+00
[shard 0] 10/11 done=7 skip=3 err=0  637s
  C3H5NO2_rxn1092_TS norb 29: nit 1163 nfev 1198 success True resid 0.37014 (snap {500: np.float64(0.38107), 1000: np.float64(0.37026)}) gmax 9.99e-06 139s  [CONVERGENCE: NORM OF PROJECTED GRADIENT <= PGTOL]  ref rhf_targets_compressed_n29test: dU 7.9e-01 dZ 1.1e-01
[shard 0] 11/11 done=8 skip=3 err=0  777s
[shard 0] DONE done=8 skip=3 err=0 777s
