  [1/40] C4H5NO_rxn3359_TS seed=9 resid=0.309 |Z|=1.56 (72s)
  [2/40] C4H5NO_rxn3359_TS seed=7 resid=0.332 |Z|=1.60 (72s)
  [3/40] C4H5NO_rxn3359_TS seed=6 resid=0.320 |Z|=1.59 (72s)
  [4/40] C4H5NO_rxn3359_TS seed=8 resid=0.325 |Z|=1.57 (73s)
  [5/40] C4H5NO_rxn3359_TS seed=4 resid=0.299 |Z|=1.59 (77s)
  [6/40] C4H5NO_rxn3359_TS seed=3 resid=0.305 |Z|=1.60 (97s)
  [7/40] C4H5NO_rxn3359_TS seed=5 resid=0.312 |Z|=1.57 (106s)
  [8/40] C4H5NO_rxn3359_TS seed=0 resid=0.317 |Z|=1.60 (115s)
  [9/40] C4H5NO_rxn3359_TS seed=2 resid=0.321 |Z|=1.60 (115s)
  [10/40] C4H5NO_rxn3359_TS seed=1 resid=0.309 |Z|=1.60 (116s)
  [11/40] C4H5NO_rxn1669_P seed=2 resid=0.292 |Z|=1.29 (139s)
  [12/40] C4H5NO_rxn1669_P seed=0 resid=0.307 |Z|=1.27 (140s)
  [13/40] C4H5NO_rxn1669_P seed=3 resid=0.295 |Z|=1.28 (141s)
  [14/40] C4H5NO_rxn1669_P seed=1 resid=0.294 |Z|=1.28 (143s)
  [15/40] C4H5NO_rxn1669_P seed=4 resid=0.292 |Z|=1.28 (145s)
  [16/40] C4H5NO_rxn1669_P seed=6 resid=0.294 |Z|=1.28 (179s)
  [17/40] C4H5NO_rxn1669_P seed=5 resid=0.292 |Z|=1.29 (197s)
  [18/40] C4H5NO_rxn9003_TS seed=0 resid=0.344 |Z|=1.48 (208s)
  [19/40] C4H5NO_rxn9003_TS seed=1 resid=0.359 |Z|=1.48 (210s)
  [20/40] C4H5NO_rxn9003_TS seed=2 resid=0.358 |Z|=1.48 (212s)
  [21/40] C4H5NO_rxn9003_TS seed=3 resid=0.349 |Z|=1.48 (214s)
  [22/40] C4H5NO_rxn1669_P seed=7 resid=0.299 |Z|=1.28 (221s)
  [23/40] C4H5NO_rxn1669_P seed=8 resid=0.293 |Z|=1.28 (225s)
  [24/40] C4H5NO_rxn1669_P seed=9 resid=0.293 |Z|=1.28 (226s)
  [25/40] C4H5NO_rxn9003_TS seed=4 resid=0.356 |Z|=1.47 (226s)
  [26/40] C4H5NO_rxn9003_TS seed=5 resid=0.340 |Z|=1.49 (249s)
  [27/40] C4H5NO_rxn9003_TS seed=7 resid=0.364 |Z|=1.46 (277s)
  [28/40] C4H5NO_rxn9003_TS seed=8 resid=0.331 |Z|=1.49 (280s)
  [29/40] C4H5NO_rxn9003_TS seed=9 resid=0.338 |Z|=1.49 (282s)
  [30/40] C4H5NO_rxn1431_TS seed=0 resid=0.388 |Z|=1.21 (283s)
  [31/40] C4H5NO_rxn1431_TS seed=4 resid=0.388 |Z|=1.21 (294s)
  [32/40] C4H5NO_rxn9003_TS seed=6 resid=0.346 |Z|=1.47 (298s)
  [33/40] C4H5NO_rxn1431_TS seed=5 resid=0.390 |Z|=1.22 (305s)
  [34/40] C4H5NO_rxn1431_TS seed=1 resid=0.366 |Z|=1.23 (329s)
  [35/40] C4H5NO_rxn1431_TS seed=2 resid=0.377 |Z|=1.22 (333s)
  [36/40] C4H5NO_rxn1431_TS seed=3 resid=0.382 |Z|=1.21 (334s)
  [37/40] C4H5NO_rxn1431_TS seed=8 resid=0.393 |Z|=1.21 (343s)
  [38/40] C4H5NO_rxn1431_TS seed=6 resid=0.373 |Z|=1.22 (343s)
  [39/40] C4H5NO_rxn1431_TS seed=7 resid=0.397 |Z|=1.22 (345s)
  [40/40] C4H5NO_rxn1431_TS seed=9 resid=0.366 |Z|=1.22 (348s)

=== basins per molecule (square, lambda=0.005, 10 restarts, kick=0.1, thr=0.05) ===
  C4H5NO_rxn3359_TS        init 0.864 | resid min 0.299 median 0.315 max 0.332 | clusters 10 sizes [1, 1, 1, 1, 1, 1, 1, 1, 1, 1] best-resid ['0.299', '0.305', '0.309', '0.309', '0.312', '0.317', '0.320', '0.321', '0.325', '0.332'] | pairwise dt2hat median 0.206
  C4H5NO_rxn1669_P         init 0.912 | resid min 0.292 median 0.294 max 0.307 | clusters 10 sizes [1, 1, 1, 1, 1, 1, 1, 1, 1, 1] best-resid ['0.292', '0.292', '0.292', '0.293', '0.293', '0.294', '0.294', '0.295', '0.299', '0.307'] | pairwise dt2hat median 0.196
  C4H5NO_rxn9003_TS        init 0.863 | resid min 0.331 median 0.348 max 0.364 | clusters 10 sizes [1, 1, 1, 1, 1, 1, 1, 1, 1, 1] best-resid ['0.331', '0.338', '0.340', '0.344', '0.346', '0.349', '0.356', '0.358', '0.359', '0.364'] | pairwise dt2hat median 0.201
  C4H5NO_rxn1431_TS        init 0.941 | resid min 0.366 median 0.385 max 0.397 | clusters 10 sizes [1, 1, 1, 1, 1, 1, 1, 1, 1, 1] best-resid ['0.366', '0.366', '0.373', '0.377', '0.382', '0.388', '0.388', '0.390', '0.393', '0.397'] | pairwise dt2hat median 0.273
total 349s
