config=square_reg0.005: 1410 molecules with labels  (1s)
loaded (37s)  nocc=16 nvirt=13

--- A. label facts ---
  residual  init median 0.915  ->  opt median 0.328  (q25 0.295, q75 0.365)
  L-BFGS: nit median 500  success frac 0.00  time/mol median 106.5s
  |dkappa|_F/sqrt(2n): median 1.218  q90 1.331
  max eigenphase of U_init^dag U_opt: median 2.65 rad,  frac > 0.9*pi: 0.218  (branch-cut risk of log)
  ||Z_opt||: median 1.196   ||Z_init(masked)||: 0.207   ||dZ||: 1.117

--- B. closest-decile / all-pairs ratio (lower = smoother) ---
  t2 (input)                       ratio=0.881   corr=+1.000
  U_init canonical RAW             ratio=0.967   corr=+0.361
  U_init phase-aligned             ratio=0.965   corr=+0.363
  U_opt RAW                        ratio=0.980   corr=+0.348
  U_opt phase-aligned              ratio=0.981   corr=+0.351
  H(U_opt) phase-free              ratio=0.970   corr=+0.268
  dkappa (rel. to init)            ratio=0.999   corr=+0.086
  Z_opt                            ratio=0.915   corr=+0.824
  dZ = Z_opt - Z_init              ratio=0.942   corr=+0.586
  Z_init (masked)                  ratio=0.431   corr=+0.834
  t2hat_opt (invariant content)    ratio=0.861   corr=+0.991
  B = lam0 v0 v0^T                 ratio=0.798   corr=+0.950
  (76s)

--- C. pooled test R^2, ridge on t2-PCA256 (80/20 split) ---
  target                                R2 pooled  R2 mol-specific
  kappa_opt canonical (log U_opt)          +0.228           +0.224   (alpha=1.0, dim=1682)
  dkappa (log U_init^dag U_opt)            +0.230           +0.228   (alpha=1.0, dim=1682)
  H(U_opt) phase-free entries              +0.885           +0.275   (alpha=1.0, dim=1682)
  Z_opt (allowed entries)                  +0.817           +0.283   (alpha=1.0, dim=114)
  dZ = Z_opt - Z_init                      +0.788           +0.226   (alpha=1.0, dim=114)
  t2hat_opt (500 entries)                  +0.548           +0.460   (alpha=0.1, dim=500)
  Z_init masked (exact-DF control)         +0.959           +0.847   (alpha=0.1, dim=114)
  lam0*v0 (invariant baseline)             +0.609           +0.566   (alpha=0.1, dim=208)

  U from predicted H (eigh) -> phase-aligned rel. distance to U_opt: median 1.264   [train-mean H: 1.281;  canonical exact init: 0.968]
  1-NN transfer of U_opt: RAW   1-NN 7.309 vs random 10.691 (ratio 0.684)
                          ORBIT 1-NN 6.662 vs random 9.827 (ratio 0.678)

--- learnability of kappa_opt stratified by outer gap (test set) ---
  gap in [0,0.05): n=  26  R^2=+0.128
  gap in [0.05,0.2): n= 159  R^2=+0.254
  gap in [0.2,10): n=  97  R^2=+0.214

total 86s
