config=square_reg0.005: 393 molecules with labels  (0s)
loaded (55s)  nocc=16 nvirt=13

--- A. label facts ---
  residual  init median 0.929  ->  opt median 0.357  (q25 0.326, q75 0.381)
  L-BFGS: nit median 500  success frac 0.01  time/mol median 108.2s
  |dkappa|_F/sqrt(2n): median 1.262  q90 1.373
  max eigenphase of U_init^dag U_opt: median 2.72 rad,  frac > 0.9*pi: 0.290  (branch-cut risk of log)
  ||Z_opt||: median 1.195   ||Z_init(masked)||: 0.186   ||dZ||: 1.133

--- B. closest-decile / all-pairs ratio (lower = smoother) ---
  t2 (input)                       ratio=0.850   corr=+1.000
  U_init canonical RAW             ratio=0.915   corr=+0.802
  U_init phase-aligned             ratio=0.911   corr=+0.805
  U_opt RAW                        ratio=0.945   corr=+0.745
  U_opt phase-aligned              ratio=0.943   corr=+0.754
  H(U_opt) phase-free              ratio=0.928   corr=+0.722
  dkappa (rel. to init)            ratio=0.961   corr=+0.525
  Z_opt                            ratio=0.901   corr=+0.643
  dZ = Z_opt - Z_init              ratio=0.911   corr=+0.600
  Z_init (masked)                  ratio=0.393   corr=+0.494
  t2hat_opt (invariant content)    ratio=0.837   corr=+0.985
  B = lam0 v0 v0^T                 ratio=0.805   corr=+0.885
  (73s)

--- C. pooled test R^2, ridge on t2-PCA256 (80/20 split) ---
  kappa_opt canonical (log U_opt)      R^2 = +0.226   (alpha=0.1, dim=1682)
  dkappa (log U_init^dag U_opt)        R^2 = +0.225   (alpha=0.1, dim=1682)
  H(U_opt) phase-free entries          R^2 = +0.889   (alpha=0.1, dim=1682)
  Z_opt (allowed entries)              R^2 = +0.803   (alpha=0.1, dim=114)
  dZ = Z_opt - Z_init                  R^2 = +0.776   (alpha=0.1, dim=114)
  t2hat_opt (500 entries)              R^2 = +0.312   (alpha=0.1, dim=500)
  Z_init masked (exact-DF control)     R^2 = +0.935   (alpha=0.1, dim=114)
  lam0*v0 (invariant baseline)         R^2 = +0.542   (alpha=0.1, dim=208)

  U from predicted H (eigh) -> phase-aligned rel. distance to U_opt: median 1.267   [train-mean H: 1.280;  canonical exact init: 0.996]
  1-NN transfer of U_opt: RAW   1-NN 7.751 vs random 10.695 (ratio 0.725)
                          ORBIT 1-NN 7.044 vs random 9.849 (ratio 0.715)

--- learnability of kappa_opt stratified by outer gap (test set) ---
  gap in [0.05,0.2): n=  54  R^2=+0.287
  gap in [0.2,10): n=  20  R^2=+0.096

total 106s
