config=square_reg0: 1410 molecules with labels  (1s)
loaded (37s)  nocc=16 nvirt=13

--- A. label facts ---
  residual  init median 0.915  ->  opt median 0.314  (q25 0.269, q75 0.355)
  L-BFGS: nit median 500  success frac 0.00  time/mol median 108.1s
  |dkappa|_F/sqrt(2n): median 1.139  q90 1.280
  max eigenphase of U_init^dag U_opt: median 2.43 rad,  frac > 0.9*pi: 0.089  (branch-cut risk of log)
  ||Z_opt||: median 5.668   ||Z_init(masked)||: 0.207   ||dZ||: 5.622

--- B. closest-decile / all-pairs ratio (lower = smoother) ---
  t2 (input)                       ratio=0.881   corr=+1.000
  U_init canonical RAW             ratio=0.967   corr=+0.361
  U_init phase-aligned             ratio=0.965   corr=+0.363
  U_opt RAW                        ratio=0.978   corr=+0.360
  U_opt phase-aligned              ratio=0.977   corr=+0.372
  H(U_opt) phase-free              ratio=0.970   corr=+0.271
  dkappa (rel. to init)            ratio=0.962   corr=+0.198
  Z_opt                            ratio=0.985   corr=+0.157
  dZ = Z_opt - Z_init              ratio=0.986   corr=+0.138
  Z_init (masked)                  ratio=0.431   corr=+0.834
  t2hat_opt (invariant content)    ratio=0.861   corr=+0.992
  B = lam0 v0 v0^T                 ratio=0.798   corr=+0.950
  (76s)

--- C. pooled test R^2, ridge on t2-PCA256 (80/20 split) ---
  target                                R2 pooled  R2 mol-specific
  kappa_opt canonical (log U_opt)          +0.250           +0.245   (alpha=1.0, dim=1682)
  dkappa (log U_init^dag U_opt)            +0.238           +0.236   (alpha=1.0, dim=1682)
  H(U_opt) phase-free entries              +0.875           +0.268   (alpha=1.0, dim=1682)
  Z_opt (allowed entries)                  +0.519           +0.279   (alpha=1.0, dim=114)
  dZ = Z_opt - Z_init                      +0.512           +0.278   (alpha=1.0, dim=114)
  t2hat_opt (500 entries)                  +0.549           +0.455   (alpha=0.1, dim=500)
  Z_init masked (exact-DF control)         +0.959           +0.847   (alpha=0.1, dim=114)
  lam0*v0 (invariant baseline)             +0.609           +0.566   (alpha=0.1, dim=208)

  U from predicted H (eigh) -> phase-aligned rel. distance to U_opt: median 1.258   [train-mean H: 1.273;  canonical exact init: 0.942]
  1-NN transfer of U_opt: RAW   1-NN 7.233 vs random 10.675 (ratio 0.678)
                          ORBIT 1-NN 6.597 vs random 9.785 (ratio 0.674)

--- learnability of kappa_opt stratified by outer gap (test set) ---
  gap in [0,0.05): n=  26  R^2=+0.149
  gap in [0.05,0.2): n= 159  R^2=+0.283
  gap in [0.2,10): n=  97  R^2=+0.224

total 86s
