18 molecules x 1 conn x 4: 48 jobs to run (96 already done)
  [97/48] C2H4O_rxn0723_P        square     lam=None  corr%=   12.9  resid=0.910 |Z|=0.14 (full 0.46) nit=0 (2129s, 2133s)
  [98/48] C2H4O_rxn0722_TS       square     lam=None  corr%=   14.5  resid=0.854 |Z|=0.20 (full 0.49) nit=0 (2198s, 2202s)
  [99/48] C2H4O_rxn0722_P        square     lam=0.005  corr%=   72.1  resid=0.251 |Z|=0.82 (full 0.45) nit=500 (2235s, 2240s)
  [100/48] C2H4O_rxn0722_P        square     lam=None  corr%=   11.4  resid=0.901 |Z|=0.14 (full 0.45) nit=0 (2240s, 2244s)
  [101/48] C2H4O_rxn0721_TS       square     lam=None  corr%=   25.7  resid=0.685 |Z|=0.45 (full 0.77) nit=0 (2361s, 2366s)
  [102/48] C2H4O_rxn0722_P        square     lam=0.01  corr%=   73.3  resid=0.281 |Z|=0.74 (full 0.45) nit=500 (2397s, 2401s)
  [103/48] C2H4O_rxn0721_TS       square     lam=0.02  corr%=   75.0  resid=0.322 |Z|=1.00 (full 0.77) nit=500 (2599s, 2604s)
  [104/48] C2H4O_rxn0721_R        square     lam=None  corr%=   13.6  resid=0.895 |Z|=0.15 (full 0.44) nit=0 (2676s, 2681s)
  [105/48] C2H4O_rxn0721_P        square     lam=0.005  corr%=   59.0  resid=0.234 |Z|=1.10 (full 0.60) nit=487 (2885s, 2889s)
  [106/48] C2H4O_rxn0721_P        square     lam=None  corr%=   20.2  resid=0.762 |Z|=0.31 (full 0.60) nit=0 (3015s, 3020s)
  [107/48] C2H4O_rxn0723_R        square     lam=0.01  corr%=   74.8  resid=0.297 |Z|=0.70 (full 0.44) nit=500 (1709s, 3103s)
  [108/48] C2H4O_rxn0723_TS       square     lam=0.01  corr%=   72.6  resid=0.328 |Z|=0.73 (full 0.45) nit=431 (1535s, 3116s)
  [109/48] C2H4O_rxn0723_R        square     lam=0.02  corr%=   70.1  resid=0.352 |Z|=0.61 (full 0.44) nit=500 (1671s, 3121s)
  [110/48] C2H4O_rxn0723_TS       square     lam=0.02  corr%=   71.8  resid=0.388 |Z|=0.62 (full 0.45) nit=500 (1600s, 3217s)
  [111/48] C2H4O_rxn0724_P        square     lam=0.02  corr%=   72.7  resid=0.344 |Z|=0.68 (full 0.49) nit=500 (1541s, 3286s)
  [112/48] C2H4O_rxn0724_P        square     lam=None  corr%=   14.1  resid=0.891 |Z|=0.16 (full 0.49) nit=0 (1633s, 3289s)
  [113/48] C2H4O_rxn0724_P        square     lam=0.01  corr%=   73.9  resid=0.278 |Z|=0.80 (full 0.49) nit=500 (1562s, 3301s)
  [114/48] C2H4O_rxn0723_TS       square     lam=0.005  corr%=   65.7  resid=0.269 |Z|=0.82 (full 0.45) nit=500 (1804s, 3339s)
  [115/48] C2H4O_rxn0723_TS       square     lam=None  corr%=    9.6  resid=0.913 |Z|=0.13 (full 0.45) nit=0 (1880s, 3348s)
  [116/48] C2H4O_rxn0723_R        square     lam=None  corr%=   13.6  resid=0.895 |Z|=0.15 (full 0.44) nit=0 (2050s, 3383s)
  [117/48] C2H4O_rxn0724_P        square     lam=0.005  corr%=   66.5  resid=0.239 |Z|=0.89 (full 0.49) nit=500 (1762s, 3446s)
  [118/48] C2H4O_rxn0724_TS       square     lam=0.02  corr%=   66.8  resid=0.363 |Z|=0.72 (full 0.54) nit=500 (1258s, 3460s)
  [119/48] C2H4O_rxn0724_TS       square     lam=None  corr%=   11.9  resid=0.833 |Z|=0.24 (full 0.54) nit=0 (1348s, 3477s)
  [120/48] C2H4O_rxn0724_R        square     lam=0.01  corr%=   74.8  resid=0.297 |Z|=0.70 (full 0.44) nit=500 (1458s, 3477s)
  [121/48] C2H4O_rxn0723_R        square     lam=0.005  corr%=   66.2  resid=0.251 |Z|=0.81 (full 0.44) nit=500 (2133s, 3492s)
  [122/48] C2H4O_rxn0724_R        square     lam=None  corr%=   13.6  resid=0.895 |Z|=0.15 (full 0.44) nit=0 (1592s, 3502s)
  [123/48] C2H4O_rxn0724_R        square     lam=0.005  corr%=   66.2  resid=0.251 |Z|=0.81 (full 0.44) nit=500 (1531s, 3505s)
  [124/48] C2H4O_rxn0724_R        square     lam=0.02  corr%=   70.1  resid=0.352 |Z|=0.61 (full 0.44) nit=500 (1422s, 3511s)
  [125/48] C2H4O_rxn0724_TS       square     lam=0.01  corr%=   63.9  resid=0.294 |Z|=0.86 (full 0.54) nit=500 (1388s, 3571s)
  [126/48] C2H4O_rxn0724_TS       square     lam=0.005  corr%=   52.7  resid=0.258 |Z|=0.98 (full 0.54) nit=500 (1601s, 3734s)
