  C2H3N_rxn2857_R        label                    corr%    73.2  resid 0.225  (409s)
  C2H3N_rxn2857_TS       frame                    corr%    45.0  resid 0.489  (409s)
  C2H3N_rxn2857_P        frame                    corr%    48.9  resid 0.421  (416s)
  C2H3N_rxn2858_P        frame                    corr%    44.0  resid 0.433  (417s)
  C2H3N_rxn2857_P        frame+adam300            corr%    66.7  resid 0.221  (417s)
  C2H3N_rxn2857_R        frame+adam300            corr%    70.8  resid 0.211  (422s)
  C2H3N_rxn2858_P        label                    corr%    61.8  resid 0.270  (429s)
  C2H3N_rxn2857_P        init                     corr%    20.4  resid 0.844  (429s)
  C2H3N_rxn2858_TS       init                     corr%    25.4  resid 0.765  (428s)
  C2H3N_rxn2857_TS       init                     corr%    19.5  resid 0.850  (430s)
  C2H3N_rxn2858_R        frame+adam300            corr%    70.8  resid 0.211  (431s)
  C2H3N_rxn2858_P        frame+adam300            corr%    62.4  resid 0.254  (435s)
  C2H3N_rxn2857_TS       label                    corr%    68.8  resid 0.250  (474s)
  C2H3N_rxn2857_R        init                     corr%    27.0  resid 0.803  (488s)
  C2H3N_rxn2858_TS       label                    corr%    56.7  resid 0.241  (490s)
  C2H3N_rxn2858_R        init                     corr%    27.0  resid 0.803  (522s)
  C2H3N_rxn2858_R        frame                    corr%    53.8  resid 0.410  (544s)
  C2H3N_rxn2857_R        frame                    corr%    53.8  resid 0.410  (549s)
  C2H3N_rxn2857_TS       frame+adam300            corr%    69.1  resid 0.245  (563s)
  C2H3N_rxn2857_P        label                    corr%    70.9  resid 0.225  (563s)
  C2H3N_rxn2858_P        init                     corr%    13.1  resid 0.876  (563s)
  C2H3N_rxn2858_R        label                    corr%    73.2  resid 0.225  (563s)
  C2H3N_rxn2858_TS       frame                    corr%    16.6  resid 0.436  (564s)
  C2H3N_rxn2858_TS       frame+adam300            corr%    60.2  resid 0.222  (689s)
  C2H4O_rxn0721_R        init                     corr%    13.6  resid 0.895  (1632s)
  C2H4O_rxn0721_P        init                     corr%    20.2  resid 0.762  (1632s)
  C2H4O_rxn0721_R        label                    corr%    67.8  resid 0.264  (1632s)
  C2H4O_rxn0721_P        label                    corr%    59.7  resid 0.234  (1632s)
  C2H4O_rxn0721_R        frame                    corr%    32.7  resid 0.458  (1633s)
  C2H4O_rxn0721_P        frame                    corr%    49.2  resid 0.403  (1633s)
  C2H4O_rxn0721_R        frame+adam300            corr%    62.2  resid 0.259  (1762s)
  C2H4O_rxn0721_P        frame+adam300            corr%    52.7  resid 0.237  (1794s)
  C2H4O_rxn0722_P        frame                    corr%    32.9  resid 0.439  (1576s)
  C2H4O_rxn0721_TS       frame                    corr%    44.8  resid 0.403  (1589s)
  C2H4O_rxn0722_P        label                    corr%    72.1  resid 0.251  (1584s)
  C2H4O_rxn0722_P        frame+adam300            corr%    61.9  resid 0.234  (1578s)
  C2H4O_rxn0723_R        label                    corr%    67.8  resid 0.264  (1576s)
  C2H4O_rxn0722_R        frame                    corr%    32.7  resid 0.458  (1767s)
  C2H4O_rxn0721_TS       label                    corr%    67.4  resid 0.220  (1881s)
  C2H4O_rxn0722_R        label                    corr%    67.8  resid 0.264  (1864s)
  C2H4O_rxn0722_P        init                     corr%    11.4  resid 0.901  (1880s)
  C2H4O_rxn0721_TS       frame+adam300            corr%    64.2  resid 0.208  (1880s)
  C2H4O_rxn0722_R        init                     corr%    13.6  resid 0.895  (1869s)
  C2H4O_rxn0721_TS       init                     corr%    25.7  resid 0.685  (1889s)
  C2H4O_rxn0722_TS       init                     corr%    14.5  resid 0.854  (1947s)
  C2H4O_rxn0722_TS       label                    corr%    62.8  resid 0.268  (1938s)
  C2H4O_rxn0722_TS       frame                    corr%    22.6  resid 0.589  (1945s)
  C2H4O_rxn0723_P        frame+adam300            corr%    54.9  resid 0.237  (1912s)
  C2H4O_rxn0723_R        frame+adam300            corr%    62.2  resid 0.259  (1789s)
  C2H4O_rxn0723_R        init                     corr%    13.6  resid 0.895  (1916s)
  C2H4O_rxn0723_P        frame                    corr%    16.1  resid 0.457  (1919s)
  C2H4O_rxn0722_TS       frame+adam300            corr%    57.2  resid 0.269  (1964s)
  C2H4O_rxn0722_R        frame+adam300            corr%    62.2  resid 0.259  (2212s)
  C2H4O_rxn0723_P        init                     corr%    12.9  resid 0.910  (2160s)
  C2H4O_rxn0723_R        frame                    corr%    32.7  resid 0.458  (2147s)
  C2H4O_rxn0723_P        label                    corr%    75.4  resid 0.236  (2163s)
  C2H4O_rxn0724_P        label                    corr%    67.3  resid 0.227  (1301s)
  C2H4O_rxn0723_TS       frame                    corr%    23.6  resid 0.578  (1302s)
  C2H4O_rxn0723_TS       frame+adam300            corr%    55.1  resid 0.282  (1303s)
  C2H4O_rxn0724_P        init                     corr%    14.1  resid 0.891  (1302s)
  C2H4O_rxn0723_TS       init                     corr%     9.6  resid 0.913  (1304s)
  C2H4O_rxn0723_TS       label                    corr%    66.1  resid 0.281  (1468s)
  C2H4O_rxn0724_P        frame                    corr%   -10.0  resid 0.471  (1478s)
  C2H4O_rxn0724_P        frame+adam300            corr%    59.3  resid 0.238  (1458s)
  C2H4O_rxn0724_R        init                     corr%    13.6  resid 0.895  (1531s)
  C2H4O_rxn0724_R        frame+adam300            corr%    62.2  resid 0.259  (1649s)
  C2H4O_rxn0724_R        frame                    corr%    32.7  resid 0.458  (1684s)
  C2H4O_rxn0724_R        label                    corr%    67.8  resid 0.264  (1703s)
  C2H4O_rxn0724_TS       init                     corr%    11.9  resid 0.833  (1638s)
  C2H4O_rxn0724_TS       label                    corr%    53.3  resid 0.256  (1712s)
  C2H4O_rxn2506_P        frame                    corr%    -0.9  resid 0.406  (1627s)
  C2H4O_rxn0724_TS       frame+adam300            corr%    55.9  resid 0.238  (1644s)
  C2H4O_rxn0724_TS       frame                    corr%     2.7  resid 0.537  (1649s)
  C2H4O_rxn2506_P        init                     corr%    16.0  resid 0.881  (1645s)
  C2H4O_rxn2506_P        label                    corr%    61.1  resid 0.236  (1753s)
  C2H4O_rxn2506_R        frame+adam300            corr%    71.4  resid 0.216  (1662s)
  C2H4O_rxn2506_P        frame+adam300            corr%    49.7  resid 0.216  (1840s)
  C2H4O_rxn2506_R        init                     corr%    22.8  resid 0.815  (1793s)
  C2H4O_rxn2506_TS       label                    corr%    56.4  resid 0.260  (1736s)
  C2H4O_rxn2506_R        frame                    corr%    44.4  resid 0.381  (1793s)
  C2H4O_rxn2506_TS       init                     corr%     7.5  resid 0.872  (1876s)
  C2H4O_rxn2507_P        init                     corr%    18.2  resid 0.825  (1712s)
  C2H4O_rxn2506_TS       frame                    corr%   -64.3  resid 0.464  (1877s)
  C2H4O_rxn2506_R        label                    corr%    71.3  resid 0.212  (1935s)
  C2H4O_rxn2507_P        label                    corr%    69.4  resid 0.243  (1657s)
  C2H4O_rxn2507_P        frame                    corr%    37.2  resid 0.417  (1897s)
  C2H4O_rxn2506_TS       frame+adam300            corr%    35.6  resid 0.254  (2128s)
  C2H4O_rxn2507_R        frame+adam300            corr%    71.4  resid 0.216  (1720s)
  C2H4O_rxn2507_R        frame                    corr%    44.4  resid 0.381  (1764s)
  C2H4O_rxn2507_TS       init                     corr%    14.5  resid 0.876  (1766s)
  C2H4O_rxn2507_P        frame+adam300            corr%    67.0  resid 0.239  (1992s)
  C2H4O_rxn2507_R        label                    corr%    71.3  resid 0.212  (1771s)
  C2H4O_rxn2507_R        init                     corr%    22.8  resid 0.815  (1772s)
  C2H4O_rxn2507_TS       label                    corr%    49.5  resid 0.300  (1620s)
  C2H4O_rxn2507_TS       frame                    corr%    14.0  resid 0.495  (1667s)
  C2H4O_rxn2507_TS       frame+adam300            corr%    66.1  resid 0.275  (1655s)
  C2N2_rxn3923_P         init                     corr%     4.9  resid 0.935  (1515s)
  C2N2_rxn3923_P         label                    corr%    58.1  resid 0.279  (1446s)
  C2N2_rxn3923_P         frame                    corr%    55.3  resid 0.486  (1541s)
  C2N2_rxn3923_R         frame+adam300            corr%    64.4  resid 0.243  (1411s)
  C2N2_rxn3923_TS        init                     corr%     5.2  resid 0.913  (1410s)
  C2N2_rxn3923_TS        label                    corr%    36.4  resid 0.333  (1408s)
  C2N2_rxn3923_R         frame                    corr%    35.3  resid 0.437  (1426s)
  C2N2_rxn3923_R         init                     corr%    11.7  resid 0.898  (1576s)
  C2N2_rxn3923_P         frame+adam300            corr%    64.1  resid 0.268  (1645s)
  C2N2_rxn3923_R         label                    corr%    57.0  resid 0.260  (1549s)
  C2N2_rxn3923_TS        frame                    corr%    39.2  resid 0.550  (1415s)
  C2N2_rxn3923_TS        frame+adam300            corr%    42.3  resid 0.309  (1421s)
  C3H4_rxn2391_P         init                     corr%    15.6  resid 0.860  (1650s)
  C3H4_rxn2391_P         frame+adam300            corr%    67.3  resid 0.250  (1567s)
  C3H4_rxn2391_P         label                    corr%    68.8  resid 0.259  (1643s)
  C3H4_rxn2391_P         frame                    corr%    52.4  resid 0.431  (1708s)
  C3H4_rxn2391_R         init                     corr%    24.0  resid 0.817  (1615s)
  C3H4_rxn2391_TS        label                    corr%    61.2  resid 0.265  (1501s)
  C3H4_rxn2391_TS        init                     corr%    12.5  resid 0.797  (1797s)
  C3H4_rxn2391_R         frame+adam300            corr%    71.3  resid 0.219  (1800s)
  C3H4_rxn2391_R         label                    corr%    70.1  resid 0.223  (1806s)
  C3H4_rxn2391_R         frame                    corr%    57.4  resid 0.437  (1811s)
  C3H4_rxn2391_TS        frame                    corr%    24.2  resid 0.537  (1574s)
  C3H4_rxn2391_TS        frame+adam300            corr%    59.9  resid 0.269  (1550s)

=== median over molecules: % CCSD correlation energy recovered (t2 residual) ===
  init                         median   14.3  mean   16.1  min     4.9  resid 0.866  vs label: median -48.7, better on 0/30
  label                        median   67.6  mean   64.3  min    36.4  resid 0.253  vs label: median  +0.0, better on 0/30
  frame                        median   34.1  mean   30.4  min   -64.3  resid 0.448  vs label: median -33.6, better on 1/30
  frame+adam300                median   62.2  mean   61.4  min    35.6  resid 0.241  vs label: median  -2.4, better on 11/30
-> pretrain/opt_true/results/energy_small_baselines.json  (6216s)
