{"type": "start", "n_params": 3442407, "n_train": 16, "n_val": 141, "steps": 3000, "time": 1790980160.82379}
{"type": "eval", "epoch": 0, "train_resid_median": 1.0, "train_resid_mean": 1.0, "train_imag_median": 0.0, "train_obj_median": 1.02, "train_u_loss_to_label_median": 0.96455, "val_resid_median": 1.0, "val_resid_mean": 1.0, "val_imag_median": 0.0, "val_obj_median": 1.02, "val_u_loss_to_label_median": 0.96547, "time": 1790980162.54636}
{"type": "train", "epoch": 1, "loss": 1.01999, "obj": 1.01999, "sup": 0.0, "lr": 2e-05, "time": 1790980162.97403}
{"type": "train", "epoch": 2, "loss": 1.01989, "obj": 1.01989, "sup": 0.0, "lr": 3e-05, "time": 1790980163.30697}
{"type": "train", "epoch": 3, "loss": 1.01972, "obj": 1.01972, "sup": 0.0, "lr": 4e-05, "time": 1790980163.58598}
{"type": "train", "epoch": 4, "loss": 1.01947, "obj": 1.01947, "sup": 0.0, "lr": 4e-05, "time": 1790980163.88079}
{"type": "train", "epoch": 5, "loss": 1.01926, "obj": 1.01926, "sup": 0.0, "lr": 6e-05, "time": 1790980164.13574}
{"type": "train", "epoch": 6, "loss": 1.01916, "obj": 1.01916, "sup": 0.0, "lr": 7e-05, "time": 1790980164.39415}
{"type": "train", "epoch": 7, "loss": 1.01919, "obj": 1.01919, "sup": 0.0, "lr": 7e-05, "time": 1790980164.65604}
{"type": "train", "epoch": 8, "loss": 1.01921, "obj": 1.01921, "sup": 0.0, "lr": 9e-05, "time": 1790980164.98623}
{"type": "train", "epoch": 9, "loss": 1.01921, "obj": 1.01921, "sup": 0.0, "lr": 0.0001, "time": 1790980165.32267}
{"type": "train", "epoch": 10, "loss": 1.01918, "obj": 1.01918, "sup": 0.0, "lr": 0.00011, "time": 1790980165.6218}
{"type": "train", "epoch": 11, "loss": 1.01915, "obj": 1.01915, "sup": 0.0, "lr": 0.00012, "time": 1790980165.93664}
{"type": "train", "epoch": 12, "loss": 1.01909, "obj": 1.01909, "sup": 0.0, "lr": 0.00013, "time": 1790980166.19334}
{"type": "train", "epoch": 13, "loss": 1.01902, "obj": 1.01902, "sup": 0.0, "lr": 0.00014, "time": 1790980166.47691}
{"type": "train", "epoch": 14, "loss": 1.019, "obj": 1.019, "sup": 0.0, "lr": 0.00015, "time": 1790980166.78784}
{"type": "train", "epoch": 15, "loss": 1.01902, "obj": 1.01902, "sup": 0.0, "lr": 0.00015, "time": 1790980167.04413}
{"type": "train", "epoch": 16, "loss": 1.01902, "obj": 1.01902, "sup": 0.0, "lr": 0.00016, "time": 1790980167.35315}
{"type": "train", "epoch": 17, "loss": 1.019, "obj": 1.019, "sup": 0.0, "lr": 0.00017, "time": 1790980167.66697}
{"type": "train", "epoch": 18, "loss": 1.01904, "obj": 1.01904, "sup": 0.0, "lr": 0.00018, "time": 1790980167.93604}
{"type": "train", "epoch": 19, "loss": 1.01902, "obj": 1.01902, "sup": 0.0, "lr": 0.0002, "time": 1790980168.27098}
{"type": "train", "epoch": 20, "loss": 1.01906, "obj": 1.01906, "sup": 0.0, "lr": 0.0002, "time": 1790980168.619}
{"type": "train", "epoch": 21, "loss": 1.01903, "obj": 1.01903, "sup": 0.0, "lr": 0.00021, "time": 1790980168.93097}
{"type": "train", "epoch": 22, "loss": 1.01902, "obj": 1.01902, "sup": 0.0, "lr": 0.00023, "time": 1790980169.207}
{"type": "train", "epoch": 23, "loss": 1.01907, "obj": 1.01907, "sup": 0.0, "lr": 0.00023, "time": 1790980169.50171}
{"type": "train", "epoch": 24, "loss": 1.01897, "obj": 1.01897, "sup": 0.0, "lr": 0.00024, "time": 1790980169.82301}
{"type": "train", "epoch": 25, "loss": 1.01908, "obj": 1.01908, "sup": 0.0, "lr": 0.00026, "time": 1790980170.19395}
{"type": "train", "epoch": 26, "loss": 1.01895, "obj": 1.01895, "sup": 0.0, "lr": 0.00027, "time": 1790980170.55848}
{"type": "train", "epoch": 27, "loss": 1.01893, "obj": 1.01893, "sup": 0.0, "lr": 0.00028, "time": 1790980170.8912}
{"type": "train", "epoch": 28, "loss": 1.01891, "obj": 1.01891, "sup": 0.0, "lr": 0.00028, "time": 1790980171.20748}
{"type": "train", "epoch": 29, "loss": 1.01884, "obj": 1.01884, "sup": 0.0, "lr": 0.0003, "time": 1790980171.51333}
{"type": "train", "epoch": 30, "loss": 1.01881, "obj": 1.01881, "sup": 0.0, "lr": 0.0003, "time": 1790980171.82648}
{"type": "train", "epoch": 31, "loss": 1.0188, "obj": 1.0188, "sup": 0.0, "lr": 0.00032, "time": 1790980172.16547}
{"type": "train", "epoch": 32, "loss": 1.01881, "obj": 1.01881, "sup": 0.0, "lr": 0.00033, "time": 1790980172.45525}
{"type": "train", "epoch": 33, "loss": 1.01877, "obj": 1.01877, "sup": 0.0, "lr": 0.00034, "time": 1790980172.72327}
{"type": "train", "epoch": 34, "loss": 1.01884, "obj": 1.01884, "sup": 0.0, "lr": 0.00034, "time": 1790980173.11101}
{"type": "train", "epoch": 35, "loss": 1.01876, "obj": 1.01876, "sup": 0.0, "lr": 0.00036, "time": 1790980173.45099}
{"type": "train", "epoch": 36, "loss": 1.01871, "obj": 1.01871, "sup": 0.0, "lr": 0.00036, "time": 1790980173.79905}
{"type": "train", "epoch": 37, "loss": 1.01899, "obj": 1.01899, "sup": 0.0, "lr": 0.00038, "time": 1790980174.18479}
{"type": "train", "epoch": 38, "loss": 1.01882, "obj": 1.01882, "sup": 0.0, "lr": 0.00039, "time": 1790980174.44189}
{"type": "train", "epoch": 39, "loss": 1.01902, "obj": 1.01902, "sup": 0.0, "lr": 0.0004, "time": 1790980174.73397}
{"type": "train", "epoch": 40, "loss": 1.01887, "obj": 1.01887, "sup": 0.0, "lr": 0.00041, "time": 1790980175.05513}
{"type": "train", "epoch": 41, "loss": 1.01884, "obj": 1.01884, "sup": 0.0, "lr": 0.00042, "time": 1790980175.383}
{"type": "train", "epoch": 42, "loss": 1.01871, "obj": 1.01871, "sup": 0.0, "lr": 0.00042, "time": 1790980175.66102}
{"type": "train", "epoch": 43, "loss": 1.01854, "obj": 1.01854, "sup": 0.0, "lr": 0.00044, "time": 1790980175.92186}
{"type": "train", "epoch": 44, "loss": 1.01852, "obj": 1.01852, "sup": 0.0, "lr": 0.00045, "time": 1790980176.18052}
{"type": "train", "epoch": 45, "loss": 1.01878, "obj": 1.01878, "sup": 0.0, "lr": 0.00046, "time": 1790980176.44087}
{"type": "train", "epoch": 46, "loss": 1.0186, "obj": 1.0186, "sup": 0.0, "lr": 0.00047, "time": 1790980176.7001}
{"type": "train", "epoch": 47, "loss": 1.01847, "obj": 1.01847, "sup": 0.0, "lr": 0.00047, "time": 1790980176.96497}
{"type": "train", "epoch": 48, "loss": 1.0184, "obj": 1.0184, "sup": 0.0, "lr": 0.00048, "time": 1790980177.2438}
{"type": "train", "epoch": 49, "loss": 1.01841, "obj": 1.01841, "sup": 0.0, "lr": 0.00049, "time": 1790980177.55391}
{"type": "train", "epoch": 50, "loss": 1.01814, "obj": 1.01814, "sup": 0.0, "lr": 0.0005, "time": 1790980178.98241, "train_resid_median": 0.99862, "train_resid_mean": 0.99855, "train_imag_median": 0.03392, "train_obj_median": 1.01782, "train_u_loss_to_label_median": 0.9642, "val_resid_median": 0.9992, "val_resid_mean": 0.99918, "val_imag_median": 0.0352, "val_obj_median": 1.01897, "val_u_loss_to_label_median": 0.96592}
{"type": "train", "epoch": 51, "loss": 1.01786, "obj": 1.01786, "sup": 0.0, "lr": 0.0005, "time": 1790980179.27328}
{"type": "train", "epoch": 52, "loss": 1.0177, "obj": 1.0177, "sup": 0.0, "lr": 0.0005, "time": 1790980179.55684}
{"type": "train", "epoch": 53, "loss": 1.01759, "obj": 1.01759, "sup": 0.0, "lr": 0.0005, "time": 1790980179.87404}
{"type": "train", "epoch": 54, "loss": 1.01771, "obj": 1.01771, "sup": 0.0, "lr": 0.0005, "time": 1790980180.18305}
{"type": "train", "epoch": 55, "loss": 1.01754, "obj": 1.01754, "sup": 0.0, "lr": 0.0005, "time": 1790980180.52699}
{"type": "train", "epoch": 56, "loss": 1.0176, "obj": 1.0176, "sup": 0.0, "lr": 0.0005, "time": 1790980180.91267}
{"type": "train", "epoch": 57, "loss": 1.01757, "obj": 1.01757, "sup": 0.0, "lr": 0.0005, "time": 1790980181.22725}
{"type": "train", "epoch": 58, "loss": 1.01718, "obj": 1.01718, "sup": 0.0, "lr": 0.0005, "time": 1790980181.54697}
{"type": "train", "epoch": 59, "loss": 1.01696, "obj": 1.01696, "sup": 0.0, "lr": 0.0005, "time": 1790980181.84765}
{"type": "train", "epoch": 60, "loss": 1.01691, "obj": 1.01691, "sup": 0.0, "lr": 0.0005, "time": 1790980182.11102}
{"type": "train", "epoch": 61, "loss": 1.01673, "obj": 1.01673, "sup": 0.0, "lr": 0.0005, "time": 1790980182.4462}
{"type": "train", "epoch": 62, "loss": 1.01659, "obj": 1.01659, "sup": 0.0, "lr": 0.0005, "time": 1790980182.71429}
{"type": "train", "epoch": 63, "loss": 1.01634, "obj": 1.01634, "sup": 0.0, "lr": 0.0005, "time": 1790980183.05898}
{"type": "train", "epoch": 64, "loss": 1.01625, "obj": 1.01625, "sup": 0.0, "lr": 0.0005, "time": 1790980183.403}
{"type": "train", "epoch": 65, "loss": 1.01621, "obj": 1.01621, "sup": 0.0, "lr": 0.0005, "time": 1790980183.69094}
{"type": "train", "epoch": 66, "loss": 1.01597, "obj": 1.01597, "sup": 0.0, "lr": 0.0005, "time": 1790980184.01897}
{"type": "train", "epoch": 67, "loss": 1.01595, "obj": 1.01595, "sup": 0.0, "lr": 0.0005, "time": 1790980184.34314}
{"type": "train", "epoch": 68, "loss": 1.01518, "obj": 1.01518, "sup": 0.0, "lr": 0.0005, "time": 1790980184.64484}
{"type": "train", "epoch": 69, "loss": 1.01441, "obj": 1.01441, "sup": 0.0, "lr": 0.0005, "time": 1790980184.90757}
{"type": "train", "epoch": 70, "loss": 1.01501, "obj": 1.01501, "sup": 0.0, "lr": 0.0005, "time": 1790980185.21046}
{"type": "train", "epoch": 71, "loss": 1.0135, "obj": 1.0135, "sup": 0.0, "lr": 0.0005, "time": 1790980185.46643}
{"type": "train", "epoch": 72, "loss": 1.02893, "obj": 1.02893, "sup": 0.0, "lr": 0.0005, "time": 1790980185.72364}
{"type": "train", "epoch": 73, "loss": 1.0099, "obj": 1.0099, "sup": 0.0, "lr": 0.0005, "time": 1790980185.98298}
{"type": "train", "epoch": 74, "loss": 1.01154, "obj": 1.01154, "sup": 0.0, "lr": 0.0005, "time": 1790980186.31398}
{"type": "train", "epoch": 75, "loss": 1.01031, "obj": 1.01031, "sup": 0.0, "lr": 0.0005, "time": 1790980186.63057}
{"type": "train", "epoch": 76, "loss": 1.00746, "obj": 1.00746, "sup": 0.0, "lr": 0.0005, "time": 1790980186.95097}
{"type": "train", "epoch": 77, "loss": 1.00541, "obj": 1.00541, "sup": 0.0, "lr": 0.0005, "time": 1790980187.23677}
{"type": "train", "epoch": 78, "loss": 1.00388, "obj": 1.00388, "sup": 0.0, "lr": 0.0005, "time": 1790980187.54307}
{"type": "train", "epoch": 79, "loss": 1.00426, "obj": 1.00426, "sup": 0.0, "lr": 0.0005, "time": 1790980187.81279}
{"type": "train", "epoch": 80, "loss": 1.00271, "obj": 1.00271, "sup": 0.0, "lr": 0.0005, "time": 1790980188.11134}
{"type": "train", "epoch": 81, "loss": 1.00207, "obj": 1.00207, "sup": 0.0, "lr": 0.0005, "time": 1790980188.38035}
{"type": "train", "epoch": 82, "loss": 1.00213, "obj": 1.00213, "sup": 0.0, "lr": 0.0005, "time": 1790980188.68297}
{"type": "train", "epoch": 83, "loss": 1.00181, "obj": 1.00181, "sup": 0.0, "lr": 0.0005, "time": 1790980188.99672}
{"type": "train", "epoch": 84, "loss": 1.00188, "obj": 1.00188, "sup": 0.0, "lr": 0.0005, "time": 1790980189.35542}
{"type": "train", "epoch": 85, "loss": 1.00048, "obj": 1.00048, "sup": 0.0, "lr": 0.0005, "time": 1790980189.67263}
{"type": "train", "epoch": 86, "loss": 1.00125, "obj": 1.00125, "sup": 0.0, "lr": 0.0005, "time": 1790980190.00297}
{"type": "train", "epoch": 87, "loss": 1.00026, "obj": 1.00026, "sup": 0.0, "lr": 0.0005, "time": 1790980190.34697}
{"type": "train", "epoch": 88, "loss": 1.00145, "obj": 1.00145, "sup": 0.0, "lr": 0.0005, "time": 1790980190.64279}
{"type": "train", "epoch": 89, "loss": 0.99979, "obj": 0.99979, "sup": 0.0, "lr": 0.0005, "time": 1790980191.00349}
{"type": "train", "epoch": 90, "loss": 0.99987, "obj": 0.99987, "sup": 0.0, "lr": 0.0005, "time": 1790980191.30418}
{"type": "train", "epoch": 91, "loss": 0.99924, "obj": 0.99924, "sup": 0.0, "lr": 0.0005, "time": 1790980191.64325}
{"type": "train", "epoch": 92, "loss": 0.99882, "obj": 0.99882, "sup": 0.0, "lr": 0.0005, "time": 1790980191.93555}
{"type": "train", "epoch": 93, "loss": 0.99913, "obj": 0.99913, "sup": 0.0, "lr": 0.0005, "time": 1790980192.20969}
{"type": "train", "epoch": 94, "loss": 0.99852, "obj": 0.99852, "sup": 0.0, "lr": 0.0005, "time": 1790980192.4829}
{"type": "train", "epoch": 95, "loss": 0.9981, "obj": 0.9981, "sup": 0.0, "lr": 0.0005, "time": 1790980192.74245}
{"type": "train", "epoch": 96, "loss": 0.99863, "obj": 0.99863, "sup": 0.0, "lr": 0.0005, "time": 1790980193.00062}
{"type": "train", "epoch": 97, "loss": 0.99817, "obj": 0.99817, "sup": 0.0, "lr": 0.0005, "time": 1790980193.25882}
{"type": "train", "epoch": 98, "loss": 0.99788, "obj": 0.99788, "sup": 0.0, "lr": 0.0005, "time": 1790980193.61293}
{"type": "train", "epoch": 99, "loss": 0.99809, "obj": 0.99809, "sup": 0.0, "lr": 0.0005, "time": 1790980193.94792}
{"type": "train", "epoch": 100, "loss": 0.99739, "obj": 0.99739, "sup": 0.0, "lr": 0.0005, "time": 1790980195.33134, "train_resid_median": 0.99635, "train_resid_mean": 0.99678, "train_imag_median": 0.0412, "train_obj_median": 0.99759, "train_u_loss_to_label_median": 0.96511, "val_resid_median": 0.99835, "val_resid_mean": 0.99808, "val_imag_median": 0.04273, "val_obj_median": 0.99927, "val_u_loss_to_label_median": 0.96608}
{"type": "train", "epoch": 101, "loss": 0.99782, "obj": 0.99782, "sup": 0.0, "lr": 0.0005, "time": 1790980195.6533}
{"type": "train", "epoch": 102, "loss": 0.99713, "obj": 0.99713, "sup": 0.0, "lr": 0.0005, "time": 1790980195.98701}
{"type": "train", "epoch": 103, "loss": 0.99745, "obj": 0.99745, "sup": 0.0, "lr": 0.0005, "time": 1790980196.31498}
{"type": "train", "epoch": 104, "loss": 0.99711, "obj": 0.99711, "sup": 0.0, "lr": 0.0005, "time": 1790980196.62414}
{"type": "train", "epoch": 105, "loss": 0.99727, "obj": 0.99727, "sup": 0.0, "lr": 0.0005, "time": 1790980196.90464}
{"type": "train", "epoch": 106, "loss": 0.99737, "obj": 0.99737, "sup": 0.0, "lr": 0.0005, "time": 1790980197.21026}
{"type": "train", "epoch": 107, "loss": 0.99714, "obj": 0.99714, "sup": 0.0, "lr": 0.0005, "time": 1790980197.54784}
{"type": "train", "epoch": 108, "loss": 0.99654, "obj": 0.99654, "sup": 0.0, "lr": 0.0005, "time": 1790980197.82698}
{"type": "train", "epoch": 109, "loss": 0.99673, "obj": 0.99673, "sup": 0.0, "lr": 0.0005, "time": 1790980198.13974}
{"type": "train", "epoch": 110, "loss": 0.99681, "obj": 0.99681, "sup": 0.0, "lr": 0.0005, "time": 1790980198.39994}
{"type": "train", "epoch": 111, "loss": 0.996, "obj": 0.996, "sup": 0.0, "lr": 0.0005, "time": 1790980198.67102}
{"type": "train", "epoch": 112, "loss": 0.99629, "obj": 0.99629, "sup": 0.0, "lr": 0.0005, "time": 1790980198.94126}
{"type": "train", "epoch": 113, "loss": 0.99646, "obj": 0.99646, "sup": 0.0, "lr": 0.0005, "time": 1790980199.22602}
{"type": "train", "epoch": 114, "loss": 0.99647, "obj": 0.99647, "sup": 0.0, "lr": 0.0005, "time": 1790980199.53501}
{"type": "train", "epoch": 115, "loss": 0.99615, "obj": 0.99615, "sup": 0.0, "lr": 0.0005, "time": 1790980199.84229}
{"type": "train", "epoch": 116, "loss": 0.99596, "obj": 0.99596, "sup": 0.0, "lr": 0.0005, "time": 1790980200.12058}
{"type": "train", "epoch": 117, "loss": 0.99654, "obj": 0.99654, "sup": 0.0, "lr": 0.0005, "time": 1790980200.49101}
{"type": "train", "epoch": 118, "loss": 0.99613, "obj": 0.99613, "sup": 0.0, "lr": 0.0005, "time": 1790980200.79104}
{"type": "train", "epoch": 119, "loss": 0.99608, "obj": 0.99608, "sup": 0.0, "lr": 0.0005, "time": 1790980201.10298}
{"type": "train", "epoch": 120, "loss": 0.99567, "obj": 0.99567, "sup": 0.0, "lr": 0.0005, "time": 1790980201.45306}
{"type": "train", "epoch": 121, "loss": 0.99641, "obj": 0.99641, "sup": 0.0, "lr": 0.0005, "time": 1790980201.74595}
{"type": "train", "epoch": 122, "loss": 0.99628, "obj": 0.99628, "sup": 0.0, "lr": 0.0005, "time": 1790980202.111}
{"type": "train", "epoch": 123, "loss": 0.99584, "obj": 0.99584, "sup": 0.0, "lr": 0.0005, "time": 1790980202.43844}
{"type": "train", "epoch": 124, "loss": 0.99583, "obj": 0.99583, "sup": 0.0, "lr": 0.0005, "time": 1790980202.79634}
{"type": "train", "epoch": 125, "loss": 0.99558, "obj": 0.99558, "sup": 0.0, "lr": 0.0005, "time": 1790980203.06375}
{"type": "train", "epoch": 126, "loss": 0.99539, "obj": 0.99539, "sup": 0.0, "lr": 0.0005, "time": 1790980203.33253}
{"type": "train", "epoch": 127, "loss": 0.99555, "obj": 0.99555, "sup": 0.0, "lr": 0.0005, "time": 1790980203.61236}
{"type": "train", "epoch": 128, "loss": 0.99565, "obj": 0.99565, "sup": 0.0, "lr": 0.0005, "time": 1790980203.94287}
{"type": "train", "epoch": 129, "loss": 0.99526, "obj": 0.99526, "sup": 0.0, "lr": 0.0005, "time": 1790980204.24304}
{"type": "train", "epoch": 130, "loss": 0.9955, "obj": 0.9955, "sup": 0.0, "lr": 0.0005, "time": 1790980204.516}
{"type": "train", "epoch": 131, "loss": 0.9951, "obj": 0.9951, "sup": 0.0, "lr": 0.0005, "time": 1790980204.78296}
{"type": "train", "epoch": 132, "loss": 0.99527, "obj": 0.99527, "sup": 0.0, "lr": 0.0005, "time": 1790980205.11109}
{"type": "train", "epoch": 133, "loss": 0.99533, "obj": 0.99533, "sup": 0.0, "lr": 0.0005, "time": 1790980205.42981}
{"type": "train", "epoch": 134, "loss": 0.99496, "obj": 0.99496, "sup": 0.0, "lr": 0.0005, "time": 1790980205.79095}
{"type": "train", "epoch": 135, "loss": 0.99529, "obj": 0.99529, "sup": 0.0, "lr": 0.0005, "time": 1790980206.07937}
{"type": "train", "epoch": 136, "loss": 0.99532, "obj": 0.99532, "sup": 0.0, "lr": 0.0005, "time": 1790980206.3541}
{"type": "train", "epoch": 137, "loss": 0.99504, "obj": 0.99504, "sup": 0.0, "lr": 0.0005, "time": 1790980206.63678}
{"type": "train", "epoch": 138, "loss": 0.99518, "obj": 0.99518, "sup": 0.0, "lr": 0.0005, "time": 1790980206.96159}
{"type": "train", "epoch": 139, "loss": 0.99513, "obj": 0.99513, "sup": 0.0, "lr": 0.0005, "time": 1790980207.28009}
{"type": "train", "epoch": 140, "loss": 0.99492, "obj": 0.99492, "sup": 0.0, "lr": 0.0005, "time": 1790980207.60299}
{"type": "train", "epoch": 141, "loss": 0.9952, "obj": 0.9952, "sup": 0.0, "lr": 0.0005, "time": 1790980207.86053}
{"type": "train", "epoch": 142, "loss": 0.99506, "obj": 0.99506, "sup": 0.0, "lr": 0.0005, "time": 1790980208.13292}
{"type": "train", "epoch": 143, "loss": 0.99528, "obj": 0.99528, "sup": 0.0, "lr": 0.0005, "time": 1790980208.44488}
{"type": "train", "epoch": 144, "loss": 0.99504, "obj": 0.99504, "sup": 0.0, "lr": 0.0005, "time": 1790980208.78697}
{"type": "train", "epoch": 145, "loss": 0.99472, "obj": 0.99472, "sup": 0.0, "lr": 0.0005, "time": 1790980209.10584}
{"type": "train", "epoch": 146, "loss": 0.99465, "obj": 0.99465, "sup": 0.0, "lr": 0.0005, "time": 1790980209.37944}
{"type": "train", "epoch": 147, "loss": 0.99475, "obj": 0.99475, "sup": 0.0, "lr": 0.0005, "time": 1790980209.63923}
{"type": "train", "epoch": 148, "loss": 0.99484, "obj": 0.99484, "sup": 0.0, "lr": 0.0005, "time": 1790980209.94632}
{"type": "train", "epoch": 149, "loss": 0.99462, "obj": 0.99462, "sup": 0.0, "lr": 0.0005, "time": 1790980210.25498}
{"type": "train", "epoch": 150, "loss": 0.9946, "obj": 0.9946, "sup": 0.0, "lr": 0.0005, "time": 1790980211.64443, "train_resid_median": 0.99495, "train_resid_mean": 0.99498, "train_imag_median": 0.0519, "train_obj_median": 0.99516, "train_u_loss_to_label_median": 0.96583, "val_resid_median": 0.99681, "val_resid_mean": 0.99679, "val_imag_median": 0.05399, "val_obj_median": 0.99855, "val_u_loss_to_label_median": 0.96572}
{"type": "train", "epoch": 151, "loss": 0.99503, "obj": 0.99503, "sup": 0.0, "lr": 0.0005, "time": 1790980211.96465}
{"type": "train", "epoch": 152, "loss": 0.99492, "obj": 0.99492, "sup": 0.0, "lr": 0.0005, "time": 1790980212.25533}
{"type": "train", "epoch": 153, "loss": 0.99489, "obj": 0.99489, "sup": 0.0, "lr": 0.0005, "time": 1790980212.52265}
{"type": "train", "epoch": 154, "loss": 0.99473, "obj": 0.99473, "sup": 0.0, "lr": 0.0005, "time": 1790980212.84516}
{"type": "train", "epoch": 155, "loss": 0.99464, "obj": 0.99464, "sup": 0.0, "lr": 0.0005, "time": 1790980213.16162}
{"type": "train", "epoch": 156, "loss": 0.99459, "obj": 0.99459, "sup": 0.0, "lr": 0.0005, "time": 1790980213.49902}
{"type": "train", "epoch": 157, "loss": 0.99432, "obj": 0.99432, "sup": 0.0, "lr": 0.0005, "time": 1790980213.81568}
{"type": "train", "epoch": 158, "loss": 0.99423, "obj": 0.99423, "sup": 0.0, "lr": 0.0005, "time": 1790980214.074}
{"type": "train", "epoch": 159, "loss": 0.99456, "obj": 0.99456, "sup": 0.0, "lr": 0.0005, "time": 1790980214.33231}
{"type": "train", "epoch": 160, "loss": 0.9949, "obj": 0.9949, "sup": 0.0, "lr": 0.0005, "time": 1790980214.63499}
{"type": "train", "epoch": 161, "loss": 0.9943, "obj": 0.9943, "sup": 0.0, "lr": 0.0005, "time": 1790980214.90957}
{"type": "train", "epoch": 162, "loss": 0.99466, "obj": 0.99466, "sup": 0.0, "lr": 0.0005, "time": 1790980215.17381}
{"type": "train", "epoch": 163, "loss": 0.99435, "obj": 0.99435, "sup": 0.0, "lr": 0.0005, "time": 1790980215.43629}
{"type": "train", "epoch": 164, "loss": 0.99441, "obj": 0.99441, "sup": 0.0, "lr": 0.0005, "time": 1790980215.76699}
{"type": "train", "epoch": 165, "loss": 0.99444, "obj": 0.99444, "sup": 0.0, "lr": 0.0005, "time": 1790980216.08802}
{"type": "train", "epoch": 166, "loss": 0.99437, "obj": 0.99437, "sup": 0.0, "lr": 0.0005, "time": 1790980216.41488}
{"type": "train", "epoch": 167, "loss": 0.99457, "obj": 0.99457, "sup": 0.0, "lr": 0.0005, "time": 1790980216.71376}
{"type": "train", "epoch": 168, "loss": 0.99449, "obj": 0.99449, "sup": 0.0, "lr": 0.0005, "time": 1790980217.01706}
{"type": "train", "epoch": 169, "loss": 0.9943, "obj": 0.9943, "sup": 0.0, "lr": 0.0005, "time": 1790980217.33926}
{"type": "train", "epoch": 170, "loss": 0.99446, "obj": 0.99446, "sup": 0.0, "lr": 0.0005, "time": 1790980217.64981}
{"type": "train", "epoch": 171, "loss": 0.9944, "obj": 0.9944, "sup": 0.0, "lr": 0.0005, "time": 1790980218.00558}
{"type": "train", "epoch": 172, "loss": 0.99446, "obj": 0.99446, "sup": 0.0, "lr": 0.0005, "time": 1790980218.3337}
{"type": "train", "epoch": 173, "loss": 0.99441, "obj": 0.99441, "sup": 0.0, "lr": 0.0005, "time": 1790980218.65658}
{"type": "train", "epoch": 174, "loss": 0.99455, "obj": 0.99455, "sup": 0.0, "lr": 0.0005, "time": 1790980218.93132}
{"type": "train", "epoch": 175, "loss": 0.99401, "obj": 0.99401, "sup": 0.0, "lr": 0.0005, "time": 1790980219.24023}
{"type": "train", "epoch": 176, "loss": 0.99405, "obj": 0.99405, "sup": 0.0, "lr": 0.0005, "time": 1790980219.5352}
{"type": "train", "epoch": 177, "loss": 0.9939, "obj": 0.9939, "sup": 0.0, "lr": 0.0005, "time": 1790980219.86553}
{"type": "train", "epoch": 178, "loss": 0.9941, "obj": 0.9941, "sup": 0.0, "lr": 0.0005, "time": 1790980220.19689}
{"type": "train", "epoch": 179, "loss": 0.99384, "obj": 0.99384, "sup": 0.0, "lr": 0.0005, "time": 1790980220.49742}
{"type": "train", "epoch": 180, "loss": 0.99371, "obj": 0.99371, "sup": 0.0, "lr": 0.0005, "time": 1790980220.7837}
{"type": "train", "epoch": 181, "loss": 0.9937, "obj": 0.9937, "sup": 0.0, "lr": 0.0005, "time": 1790980221.05655}
{"type": "train", "epoch": 182, "loss": 0.99372, "obj": 0.99372, "sup": 0.0, "lr": 0.0005, "time": 1790980221.32383}
{"type": "train", "epoch": 183, "loss": 0.99428, "obj": 0.99428, "sup": 0.0, "lr": 0.0005, "time": 1790980221.63115}
{"type": "train", "epoch": 184, "loss": 0.99408, "obj": 0.99408, "sup": 0.0, "lr": 0.0005, "time": 1790980221.99102}
{"type": "train", "epoch": 185, "loss": 0.99393, "obj": 0.99393, "sup": 0.0, "lr": 0.0005, "time": 1790980222.36297}
{"type": "train", "epoch": 186, "loss": 0.99401, "obj": 0.99401, "sup": 0.0, "lr": 0.0005, "time": 1790980222.67424}
{"type": "train", "epoch": 187, "loss": 0.99445, "obj": 0.99445, "sup": 0.0, "lr": 0.0005, "time": 1790980222.98422}
{"type": "train", "epoch": 188, "loss": 0.99397, "obj": 0.99397, "sup": 0.0, "lr": 0.0005, "time": 1790980223.30144}
{"type": "train", "epoch": 189, "loss": 0.99415, "obj": 0.99415, "sup": 0.0, "lr": 0.0005, "time": 1790980223.60385}
{"type": "train", "epoch": 190, "loss": 0.99421, "obj": 0.99421, "sup": 0.0, "lr": 0.0005, "time": 1790980223.87829}
{"type": "train", "epoch": 191, "loss": 0.99427, "obj": 0.99427, "sup": 0.0, "lr": 0.0005, "time": 1790980224.13689}
{"type": "train", "epoch": 192, "loss": 0.9944, "obj": 0.9944, "sup": 0.0, "lr": 0.0005, "time": 1790980224.47901}
{"type": "train", "epoch": 193, "loss": 0.99427, "obj": 0.99427, "sup": 0.0, "lr": 0.0005, "time": 1790980224.78645}
{"type": "train", "epoch": 194, "loss": 0.99405, "obj": 0.99405, "sup": 0.0, "lr": 0.0005, "time": 1790980225.09899}
{"type": "train", "epoch": 195, "loss": 0.99409, "obj": 0.99409, "sup": 0.0, "lr": 0.0005, "time": 1790980225.41838}
{"type": "train", "epoch": 196, "loss": 0.99383, "obj": 0.99383, "sup": 0.0, "lr": 0.0005, "time": 1790980225.69568}
{"type": "train", "epoch": 197, "loss": 0.99386, "obj": 0.99386, "sup": 0.0, "lr": 0.0005, "time": 1790980226.05222}
{"type": "train", "epoch": 198, "loss": 0.99421, "obj": 0.99421, "sup": 0.0, "lr": 0.0005, "time": 1790980226.39312}
{"type": "train", "epoch": 199, "loss": 0.99389, "obj": 0.99389, "sup": 0.0, "lr": 0.0005, "time": 1790980226.69462}
{"type": "train", "epoch": 200, "loss": 0.99373, "obj": 0.99373, "sup": 0.0, "lr": 0.0005, "time": 1790980228.01222, "train_resid_median": 0.99432, "train_resid_mean": 0.99428, "train_imag_median": 0.05735, "train_obj_median": 0.99425, "train_u_loss_to_label_median": 0.96456, "val_resid_median": 0.9962, "val_resid_mean": 0.99621, "val_imag_median": 0.05914, "val_obj_median": 0.99812, "val_u_loss_to_label_median": 0.96656}
{"type": "train", "epoch": 201, "loss": 0.99385, "obj": 0.99385, "sup": 0.0, "lr": 0.0005, "time": 1790980228.33051}
{"type": "train", "epoch": 202, "loss": 0.99378, "obj": 0.99378, "sup": 0.0, "lr": 0.0005, "time": 1790980228.71943}
{"type": "train", "epoch": 203, "loss": 0.99354, "obj": 0.99354, "sup": 0.0, "lr": 0.0005, "time": 1790980229.02792}
{"type": "train", "epoch": 204, "loss": 0.99379, "obj": 0.99379, "sup": 0.0, "lr": 0.0005, "time": 1790980229.2998}
{"type": "train", "epoch": 205, "loss": 0.9935, "obj": 0.9935, "sup": 0.0, "lr": 0.0005, "time": 1790980229.58297}
{"type": "train", "epoch": 206, "loss": 0.99348, "obj": 0.99348, "sup": 0.0, "lr": 0.0005, "time": 1790980229.89472}
{"type": "train", "epoch": 207, "loss": 0.99366, "obj": 0.99366, "sup": 0.0, "lr": 0.0005, "time": 1790980230.18789}
{"type": "train", "epoch": 208, "loss": 0.99334, "obj": 0.99334, "sup": 0.0, "lr": 0.0005, "time": 1790980230.44617}
{"type": "train", "epoch": 209, "loss": 0.99339, "obj": 0.99339, "sup": 0.0, "lr": 0.0005, "time": 1790980230.7087}
{"type": "train", "epoch": 210, "loss": 0.99322, "obj": 0.99322, "sup": 0.0, "lr": 0.0005, "time": 1790980230.97051}
{"type": "train", "epoch": 211, "loss": 0.99378, "obj": 0.99378, "sup": 0.0, "lr": 0.0005, "time": 1790980231.23411}
{"type": "train", "epoch": 212, "loss": 0.99362, "obj": 0.99362, "sup": 0.0, "lr": 0.0005, "time": 1790980231.52333}
{"type": "train", "epoch": 213, "loss": 0.99342, "obj": 0.99342, "sup": 0.0, "lr": 0.0005, "time": 1790980231.79943}
{"type": "train", "epoch": 214, "loss": 0.99355, "obj": 0.99355, "sup": 0.0, "lr": 0.0005, "time": 1790980232.06205}
{"type": "train", "epoch": 215, "loss": 0.99348, "obj": 0.99348, "sup": 0.0, "lr": 0.0005, "time": 1790980232.32061}
{"type": "train", "epoch": 216, "loss": 0.9932, "obj": 0.9932, "sup": 0.0, "lr": 0.0005, "time": 1790980232.58899}
{"type": "train", "epoch": 217, "loss": 0.99322, "obj": 0.99322, "sup": 0.0, "lr": 0.0005, "time": 1790980232.84793}
{"type": "train", "epoch": 218, "loss": 0.99384, "obj": 0.99384, "sup": 0.0, "lr": 0.0005, "time": 1790980233.11623}
{"type": "train", "epoch": 219, "loss": 0.9934, "obj": 0.9934, "sup": 0.0, "lr": 0.0005, "time": 1790980233.38839}
{"type": "train", "epoch": 220, "loss": 0.99391, "obj": 0.99391, "sup": 0.0, "lr": 0.0005, "time": 1790980233.64706}
{"type": "train", "epoch": 221, "loss": 0.9935, "obj": 0.9935, "sup": 0.0, "lr": 0.0005, "time": 1790980233.90562}
{"type": "train", "epoch": 222, "loss": 0.99374, "obj": 0.99374, "sup": 0.0, "lr": 0.0005, "time": 1790980234.16448}
{"type": "train", "epoch": 223, "loss": 0.99355, "obj": 0.99355, "sup": 0.0, "lr": 0.0005, "time": 1790980234.42526}
{"type": "train", "epoch": 224, "loss": 0.99322, "obj": 0.99322, "sup": 0.0, "lr": 0.0005, "time": 1790980234.68579}
{"type": "train", "epoch": 225, "loss": 0.9934, "obj": 0.9934, "sup": 0.0, "lr": 0.0005, "time": 1790980234.94973}
{"type": "train", "epoch": 226, "loss": 0.99326, "obj": 0.99326, "sup": 0.0, "lr": 0.0005, "time": 1790980235.21876}
{"type": "train", "epoch": 227, "loss": 0.99356, "obj": 0.99356, "sup": 0.0, "lr": 0.0005, "time": 1790980235.487}
{"type": "train", "epoch": 228, "loss": 0.99308, "obj": 0.99308, "sup": 0.0, "lr": 0.0005, "time": 1790980235.74543}
{"type": "train", "epoch": 229, "loss": 0.99355, "obj": 0.99355, "sup": 0.0, "lr": 0.0005, "time": 1790980236.01956}
{"type": "train", "epoch": 230, "loss": 0.99319, "obj": 0.99319, "sup": 0.0, "lr": 0.0005, "time": 1790980236.29901}
{"type": "train", "epoch": 231, "loss": 0.99328, "obj": 0.99328, "sup": 0.0, "lr": 0.0005, "time": 1790980236.5587}
{"type": "train", "epoch": 232, "loss": 0.99343, "obj": 0.99343, "sup": 0.0, "lr": 0.0005, "time": 1790980236.82456}
{"type": "train", "epoch": 233, "loss": 0.99308, "obj": 0.99308, "sup": 0.0, "lr": 0.0005, "time": 1790980237.08281}
{"type": "train", "epoch": 234, "loss": 0.99305, "obj": 0.99305, "sup": 0.0, "lr": 0.0005, "time": 1790980237.35163}
{"type": "train", "epoch": 235, "loss": 0.99319, "obj": 0.99319, "sup": 0.0, "lr": 0.0005, "time": 1790980237.62967}
{"type": "train", "epoch": 236, "loss": 0.9931, "obj": 0.9931, "sup": 0.0, "lr": 0.0005, "time": 1790980237.93191}
{"type": "train", "epoch": 237, "loss": 0.99302, "obj": 0.99302, "sup": 0.0, "lr": 0.0005, "time": 1790980238.27601}
{"type": "train", "epoch": 238, "loss": 0.99311, "obj": 0.99311, "sup": 0.0, "lr": 0.0005, "time": 1790980238.54673}
{"type": "train", "epoch": 239, "loss": 0.99301, "obj": 0.99301, "sup": 0.0, "lr": 0.0005, "time": 1790980238.816}
{"type": "train", "epoch": 240, "loss": 0.99294, "obj": 0.99294, "sup": 0.0, "lr": 0.0005, "time": 1790980239.1209}
{"type": "train", "epoch": 241, "loss": 0.993, "obj": 0.993, "sup": 0.0, "lr": 0.0005, "time": 1790980239.3901}
{"type": "train", "epoch": 242, "loss": 0.99306, "obj": 0.99306, "sup": 0.0, "lr": 0.0005, "time": 1790980239.65883}
{"type": "train", "epoch": 243, "loss": 0.99286, "obj": 0.99286, "sup": 0.0, "lr": 0.0005, "time": 1790980239.91824}
{"type": "train", "epoch": 244, "loss": 0.99296, "obj": 0.99296, "sup": 0.0, "lr": 0.0005, "time": 1790980240.20805}
{"type": "train", "epoch": 245, "loss": 0.99315, "obj": 0.99315, "sup": 0.0, "lr": 0.0005, "time": 1790980240.47446}
{"type": "train", "epoch": 246, "loss": 0.99312, "obj": 0.99312, "sup": 0.0, "lr": 0.0005, "time": 1790980240.77826}
{"type": "train", "epoch": 247, "loss": 0.9931, "obj": 0.9931, "sup": 0.0, "lr": 0.0005, "time": 1790980241.14262}
{"type": "train", "epoch": 248, "loss": 0.99308, "obj": 0.99308, "sup": 0.0, "lr": 0.0005, "time": 1790980241.46551}
{"type": "train", "epoch": 249, "loss": 0.99289, "obj": 0.99289, "sup": 0.0, "lr": 0.0005, "time": 1790980241.72583}
{"type": "train", "epoch": 250, "loss": 0.9933, "obj": 0.9933, "sup": 0.0, "lr": 0.0005, "time": 1790980242.90162, "train_resid_median": 0.99341, "train_resid_mean": 0.99401, "train_imag_median": 0.05341, "train_obj_median": 0.99213, "train_u_loss_to_label_median": 0.96432, "val_resid_median": 0.99631, "val_resid_mean": 0.99591, "val_imag_median": 0.05503, "val_obj_median": 0.99738, "val_u_loss_to_label_median": 0.9665}
{"type": "train", "epoch": 251, "loss": 0.99302, "obj": 0.99302, "sup": 0.0, "lr": 0.0005, "time": 1790980243.19341}
{"type": "train", "epoch": 252, "loss": 0.99299, "obj": 0.99299, "sup": 0.0, "lr": 0.0005, "time": 1790980243.50703}
{"type": "train", "epoch": 253, "loss": 0.99305, "obj": 0.99305, "sup": 0.0, "lr": 0.0005, "time": 1790980243.8031}
{"type": "train", "epoch": 254, "loss": 0.99292, "obj": 0.99292, "sup": 0.0, "lr": 0.0005, "time": 1790980244.09663}
{"type": "train", "epoch": 255, "loss": 0.99312, "obj": 0.99312, "sup": 0.0, "lr": 0.0005, "time": 1790980244.3562}
{"type": "train", "epoch": 256, "loss": 0.99331, "obj": 0.99331, "sup": 0.0, "lr": 0.0005, "time": 1790980244.61519}
{"type": "train", "epoch": 257, "loss": 0.99319, "obj": 0.99319, "sup": 0.0, "lr": 0.0005, "time": 1790980244.87399}
{"type": "train", "epoch": 258, "loss": 0.99338, "obj": 0.99338, "sup": 0.0, "lr": 0.0005, "time": 1790980245.13315}
{"type": "train", "epoch": 259, "loss": 0.99316, "obj": 0.99316, "sup": 0.0, "lr": 0.0005, "time": 1790980245.39287}
{"type": "train", "epoch": 260, "loss": 0.99396, "obj": 0.99396, "sup": 0.0, "lr": 0.0005, "time": 1790980245.65221}
{"type": "train", "epoch": 261, "loss": 0.99343, "obj": 0.99343, "sup": 0.0, "lr": 0.0005, "time": 1790980245.91187}
{"type": "train", "epoch": 262, "loss": 0.99365, "obj": 0.99365, "sup": 0.0, "lr": 0.0005, "time": 1790980246.17178}
{"type": "train", "epoch": 263, "loss": 0.99343, "obj": 0.99343, "sup": 0.0, "lr": 0.0005, "time": 1790980246.43073}
{"type": "train", "epoch": 264, "loss": 0.99294, "obj": 0.99294, "sup": 0.0, "lr": 0.0005, "time": 1790980246.69155}
{"type": "train", "epoch": 265, "loss": 0.99295, "obj": 0.99295, "sup": 0.0, "lr": 0.0005, "time": 1790980246.95152}
{"type": "train", "epoch": 266, "loss": 0.99302, "obj": 0.99302, "sup": 0.0, "lr": 0.0005, "time": 1790980247.21205}
{"type": "train", "epoch": 267, "loss": 0.99291, "obj": 0.99291, "sup": 0.0, "lr": 0.0005, "time": 1790980247.47125}
{"type": "train", "epoch": 268, "loss": 0.99274, "obj": 0.99274, "sup": 0.0, "lr": 0.0005, "time": 1790980247.73375}
{"type": "train", "epoch": 269, "loss": 0.99296, "obj": 0.99296, "sup": 0.0, "lr": 0.0005, "time": 1790980247.99471}
{"type": "train", "epoch": 270, "loss": 0.99283, "obj": 0.99283, "sup": 0.0, "lr": 0.0005, "time": 1790980248.25906}
{"type": "train", "epoch": 271, "loss": 0.99276, "obj": 0.99276, "sup": 0.0, "lr": 0.0005, "time": 1790980248.58241}
{"type": "train", "epoch": 272, "loss": 0.99258, "obj": 0.99258, "sup": 0.0, "lr": 0.0005, "time": 1790980248.87171}
{"type": "train", "epoch": 273, "loss": 0.99289, "obj": 0.99289, "sup": 0.0, "lr": 0.0005, "time": 1790980249.13191}
{"type": "train", "epoch": 274, "loss": 0.99271, "obj": 0.99271, "sup": 0.0, "lr": 0.0005, "time": 1790980249.39085}
{"type": "train", "epoch": 275, "loss": 0.99296, "obj": 0.99296, "sup": 0.0, "lr": 0.0005, "time": 1790980249.65201}
{"type": "train", "epoch": 276, "loss": 0.99258, "obj": 0.99258, "sup": 0.0, "lr": 0.0005, "time": 1790980249.91162}
{"type": "train", "epoch": 277, "loss": 0.99268, "obj": 0.99268, "sup": 0.0, "lr": 0.0005, "time": 1790980250.17216}
{"type": "train", "epoch": 278, "loss": 0.99257, "obj": 0.99257, "sup": 0.0, "lr": 0.0005, "time": 1790980250.43211}
{"type": "train", "epoch": 279, "loss": 0.99317, "obj": 0.99317, "sup": 0.0, "lr": 0.0005, "time": 1790980250.69893}
{"type": "train", "epoch": 280, "loss": 0.99255, "obj": 0.99255, "sup": 0.0, "lr": 0.0005, "time": 1790980250.98327}
{"type": "train", "epoch": 281, "loss": 0.99264, "obj": 0.99264, "sup": 0.0, "lr": 0.0005, "time": 1790980251.24206}
{"type": "train", "epoch": 282, "loss": 0.99266, "obj": 0.99266, "sup": 0.0, "lr": 0.0005, "time": 1790980251.5033}
{"type": "train", "epoch": 283, "loss": 0.99258, "obj": 0.99258, "sup": 0.0, "lr": 0.0005, "time": 1790980251.76412}
{"type": "train", "epoch": 284, "loss": 0.99278, "obj": 0.99278, "sup": 0.0, "lr": 0.0005, "time": 1790980252.03185}
{"type": "train", "epoch": 285, "loss": 0.99303, "obj": 0.99303, "sup": 0.0, "lr": 0.0005, "time": 1790980252.34301}
{"type": "train", "epoch": 286, "loss": 0.99259, "obj": 0.99259, "sup": 0.0, "lr": 0.0005, "time": 1790980252.62428}
{"type": "train", "epoch": 287, "loss": 0.99268, "obj": 0.99268, "sup": 0.0, "lr": 0.0005, "time": 1790980252.89155}
{"type": "train", "epoch": 288, "loss": 0.99263, "obj": 0.99263, "sup": 0.0, "lr": 0.0005, "time": 1790980253.18679}
{"type": "train", "epoch": 289, "loss": 0.99227, "obj": 0.99227, "sup": 0.0, "lr": 0.0005, "time": 1790980253.44616}
{"type": "train", "epoch": 290, "loss": 0.99248, "obj": 0.99248, "sup": 0.0, "lr": 0.0005, "time": 1790980253.72537}
{"type": "train", "epoch": 291, "loss": 0.99243, "obj": 0.99243, "sup": 0.0, "lr": 0.0005, "time": 1790980254.00086}
{"type": "train", "epoch": 292, "loss": 0.992, "obj": 0.992, "sup": 0.0, "lr": 0.0005, "time": 1790980254.26624}
{"type": "train", "epoch": 293, "loss": 0.99195, "obj": 0.99195, "sup": 0.0, "lr": 0.0005, "time": 1790980254.5296}
{"type": "train", "epoch": 294, "loss": 0.99217, "obj": 0.99217, "sup": 0.0, "lr": 0.0005, "time": 1790980254.7961}
{"type": "train", "epoch": 295, "loss": 0.99211, "obj": 0.99211, "sup": 0.0, "lr": 0.0005, "time": 1790980255.05644}
{"type": "train", "epoch": 296, "loss": 0.99227, "obj": 0.99227, "sup": 0.0, "lr": 0.0005, "time": 1790980255.32342}
{"type": "train", "epoch": 297, "loss": 0.99301, "obj": 0.99301, "sup": 0.0, "lr": 0.0005, "time": 1790980255.59209}
{"type": "train", "epoch": 298, "loss": 0.99239, "obj": 0.99239, "sup": 0.0, "lr": 0.0005, "time": 1790980255.85789}
{"type": "train", "epoch": 299, "loss": 0.99239, "obj": 0.99239, "sup": 0.0, "lr": 0.0005, "time": 1790980256.12449}
{"type": "train", "epoch": 300, "loss": 0.99231, "obj": 0.99231, "sup": 0.0, "lr": 0.0005, "time": 1790980257.2924, "train_resid_median": 0.99336, "train_resid_mean": 0.99406, "train_imag_median": 0.06715, "train_obj_median": 0.99355, "train_u_loss_to_label_median": 0.965, "val_resid_median": 0.99673, "val_resid_mean": 0.99613, "val_imag_median": 0.06879, "val_obj_median": 1.00036, "val_u_loss_to_label_median": 0.96648}
{"type": "train", "epoch": 301, "loss": 0.99357, "obj": 0.99357, "sup": 0.0, "lr": 0.0005, "time": 1790980257.5637}
{"type": "train", "epoch": 302, "loss": 0.99289, "obj": 0.99289, "sup": 0.0, "lr": 0.0005, "time": 1790980257.83594}
{"type": "train", "epoch": 303, "loss": 0.99217, "obj": 0.99217, "sup": 0.0, "lr": 0.0005, "time": 1790980258.10669}
{"type": "train", "epoch": 304, "loss": 0.99245, "obj": 0.99245, "sup": 0.0, "lr": 0.0005, "time": 1790980258.38045}
{"type": "train", "epoch": 305, "loss": 0.99203, "obj": 0.99203, "sup": 0.0, "lr": 0.0005, "time": 1790980258.64971}
{"type": "train", "epoch": 306, "loss": 0.99206, "obj": 0.99206, "sup": 0.0, "lr": 0.0005, "time": 1790980258.91099}
{"type": "train", "epoch": 307, "loss": 0.99187, "obj": 0.99187, "sup": 0.0, "lr": 0.0005, "time": 1790980259.23995}
{"type": "train", "epoch": 308, "loss": 0.99169, "obj": 0.99169, "sup": 0.0, "lr": 0.0005, "time": 1790980259.56578}
{"type": "train", "epoch": 309, "loss": 0.99173, "obj": 0.99173, "sup": 0.0, "lr": 0.0005, "time": 1790980259.87077}
{"type": "train", "epoch": 310, "loss": 0.99167, "obj": 0.99167, "sup": 0.0, "lr": 0.0005, "time": 1790980260.18598}
{"type": "train", "epoch": 311, "loss": 0.99162, "obj": 0.99162, "sup": 0.0, "lr": 0.0005, "time": 1790980260.48668}
{"type": "train", "epoch": 312, "loss": 0.99155, "obj": 0.99155, "sup": 0.0, "lr": 0.0005, "time": 1790980260.75699}
{"type": "train", "epoch": 313, "loss": 0.99164, "obj": 0.99164, "sup": 0.0, "lr": 0.0005, "time": 1790980261.0176}
{"type": "train", "epoch": 314, "loss": 0.99176, "obj": 0.99176, "sup": 0.0, "lr": 0.0005, "time": 1790980261.29363}
{"type": "train", "epoch": 315, "loss": 0.99155, "obj": 0.99155, "sup": 0.0, "lr": 0.0005, "time": 1790980261.59104}
{"type": "train", "epoch": 316, "loss": 0.99155, "obj": 0.99155, "sup": 0.0, "lr": 0.0005, "time": 1790980261.85949}
{"type": "train", "epoch": 317, "loss": 0.99156, "obj": 0.99156, "sup": 0.0, "lr": 0.0005, "time": 1790980262.16782}
{"type": "train", "epoch": 318, "loss": 0.99188, "obj": 0.99188, "sup": 0.0, "lr": 0.0005, "time": 1790980262.429}
{"type": "train", "epoch": 319, "loss": 0.99178, "obj": 0.99178, "sup": 0.0, "lr": 0.0005, "time": 1790980262.68977}
{"type": "train", "epoch": 320, "loss": 0.99148, "obj": 0.99148, "sup": 0.0, "lr": 0.0005, "time": 1790980262.95064}
{"type": "train", "epoch": 321, "loss": 0.99164, "obj": 0.99164, "sup": 0.0, "lr": 0.0005, "time": 1790980263.21108}
{"type": "train", "epoch": 322, "loss": 0.99164, "obj": 0.99164, "sup": 0.0, "lr": 0.0005, "time": 1790980263.47525}
{"type": "train", "epoch": 323, "loss": 0.99128, "obj": 0.99128, "sup": 0.0, "lr": 0.0005, "time": 1790980263.78458}
{"type": "train", "epoch": 324, "loss": 0.9917, "obj": 0.9917, "sup": 0.0, "lr": 0.0005, "time": 1790980264.05903}
{"type": "train", "epoch": 325, "loss": 0.99147, "obj": 0.99147, "sup": 0.0, "lr": 0.0005, "time": 1790980264.36156}
{"type": "train", "epoch": 326, "loss": 0.99144, "obj": 0.99144, "sup": 0.0, "lr": 0.0005, "time": 1790980264.67583}
{"type": "train", "epoch": 327, "loss": 0.99109, "obj": 0.99109, "sup": 0.0, "lr": 0.0005, "time": 1790980264.99398}
{"type": "train", "epoch": 328, "loss": 0.99153, "obj": 0.99153, "sup": 0.0, "lr": 0.0005, "time": 1790980265.37903}
{"type": "train", "epoch": 329, "loss": 0.99189, "obj": 0.99189, "sup": 0.0, "lr": 0.0005, "time": 1790980265.75913}
{"type": "train", "epoch": 330, "loss": 0.9915, "obj": 0.9915, "sup": 0.0, "lr": 0.0005, "time": 1790980266.10337}
{"type": "train", "epoch": 331, "loss": 0.99166, "obj": 0.99166, "sup": 0.0, "lr": 0.0005, "time": 1790980266.45498}
{"type": "train", "epoch": 332, "loss": 0.99141, "obj": 0.99141, "sup": 0.0, "lr": 0.0005, "time": 1790980266.77413}
{"type": "train", "epoch": 333, "loss": 0.99145, "obj": 0.99145, "sup": 0.0, "lr": 0.0005, "time": 1790980267.09906}
{"type": "train", "epoch": 334, "loss": 0.9913, "obj": 0.9913, "sup": 0.0, "lr": 0.0005, "time": 1790980267.40565}
{"type": "train", "epoch": 335, "loss": 0.99099, "obj": 0.99099, "sup": 0.0, "lr": 0.0005, "time": 1790980267.6952}
{"type": "train", "epoch": 336, "loss": 0.99112, "obj": 0.99112, "sup": 0.0, "lr": 0.0005, "time": 1790980268.00107}
{"type": "train", "epoch": 337, "loss": 0.99101, "obj": 0.99101, "sup": 0.0, "lr": 0.0005, "time": 1790980268.26617}
{"type": "train", "epoch": 338, "loss": 0.99111, "obj": 0.99111, "sup": 0.0, "lr": 0.0005, "time": 1790980268.58401}
{"type": "train", "epoch": 339, "loss": 0.9912, "obj": 0.9912, "sup": 0.0, "lr": 0.0005, "time": 1790980268.87108}
{"type": "train", "epoch": 340, "loss": 0.9918, "obj": 0.9918, "sup": 0.0, "lr": 0.0005, "time": 1790980269.18297}
{"type": "train", "epoch": 341, "loss": 0.99107, "obj": 0.99107, "sup": 0.0, "lr": 0.0005, "time": 1790980269.53233}
{"type": "train", "epoch": 342, "loss": 0.99065, "obj": 0.99065, "sup": 0.0, "lr": 0.0005, "time": 1790980269.81925}
{"type": "train", "epoch": 343, "loss": 0.99076, "obj": 0.99076, "sup": 0.0, "lr": 0.0005, "time": 1790980270.10068}
{"type": "train", "epoch": 344, "loss": 0.99055, "obj": 0.99055, "sup": 0.0, "lr": 0.0005, "time": 1790980270.40698}
{"type": "train", "epoch": 345, "loss": 0.99023, "obj": 0.99023, "sup": 0.0, "lr": 0.0005, "time": 1790980270.7018}
{"type": "train", "epoch": 346, "loss": 0.99038, "obj": 0.99038, "sup": 0.0, "lr": 0.0005, "time": 1790980270.98707}
{"type": "train", "epoch": 347, "loss": 0.9908, "obj": 0.9908, "sup": 0.0, "lr": 0.0005, "time": 1790980271.27897}
{"type": "train", "epoch": 348, "loss": 0.99022, "obj": 0.99022, "sup": 0.0, "lr": 0.0005, "time": 1790980271.55165}
{"type": "train", "epoch": 349, "loss": 0.98975, "obj": 0.98975, "sup": 0.0, "lr": 0.0005, "time": 1790980271.82903}
{"type": "train", "epoch": 350, "loss": 0.98994, "obj": 0.98994, "sup": 0.0, "lr": 0.0005, "time": 1790980273.17528, "train_resid_median": 0.99275, "train_resid_mean": 0.99258, "train_imag_median": 0.05407, "train_obj_median": 0.992, "train_u_loss_to_label_median": 0.96571, "val_resid_median": 0.99529, "val_resid_mean": 0.99473, "val_imag_median": 0.05568, "val_obj_median": 0.99612, "val_u_loss_to_label_median": 0.96661}
{"type": "train", "epoch": 351, "loss": 0.98994, "obj": 0.98994, "sup": 0.0, "lr": 0.0005, "time": 1790980273.56304}
{"type": "train", "epoch": 352, "loss": 0.98967, "obj": 0.98967, "sup": 0.0, "lr": 0.0005, "time": 1790980273.91457}
{"type": "train", "epoch": 353, "loss": 0.98941, "obj": 0.98941, "sup": 0.0, "lr": 0.0005, "time": 1790980274.23503}
{"type": "train", "epoch": 354, "loss": 0.98991, "obj": 0.98991, "sup": 0.0, "lr": 0.0005, "time": 1790980274.51407}
{"type": "train", "epoch": 355, "loss": 0.98994, "obj": 0.98994, "sup": 0.0, "lr": 0.0005, "time": 1790980274.77506}
{"type": "train", "epoch": 356, "loss": 0.98954, "obj": 0.98954, "sup": 0.0, "lr": 0.0005, "time": 1790980275.06779}
{"type": "train", "epoch": 357, "loss": 0.98875, "obj": 0.98875, "sup": 0.0, "lr": 0.0005, "time": 1790980275.35939}
{"type": "train", "epoch": 358, "loss": 0.98965, "obj": 0.98965, "sup": 0.0, "lr": 0.0005, "time": 1790980275.64047}
{"type": "train", "epoch": 359, "loss": 0.98903, "obj": 0.98903, "sup": 0.0, "lr": 0.0005, "time": 1790980275.89992}
{"type": "train", "epoch": 360, "loss": 0.98854, "obj": 0.98854, "sup": 0.0, "lr": 0.0005, "time": 1790980276.18934}
{"type": "train", "epoch": 361, "loss": 0.98817, "obj": 0.98817, "sup": 0.0, "lr": 0.0005, "time": 1790980276.45994}
{"type": "train", "epoch": 362, "loss": 0.98806, "obj": 0.98806, "sup": 0.0, "lr": 0.0005, "time": 1790980276.75356}
{"type": "train", "epoch": 363, "loss": 0.98786, "obj": 0.98786, "sup": 0.0, "lr": 0.0005, "time": 1790980277.06715}
{"type": "train", "epoch": 364, "loss": 0.98773, "obj": 0.98773, "sup": 0.0, "lr": 0.0005, "time": 1790980277.37101}
{"type": "train", "epoch": 365, "loss": 0.98724, "obj": 0.98724, "sup": 0.0, "lr": 0.0005, "time": 1790980277.63398}
{"type": "train", "epoch": 366, "loss": 0.98714, "obj": 0.98714, "sup": 0.0, "lr": 0.0005, "time": 1790980277.89612}
{"type": "train", "epoch": 367, "loss": 0.98664, "obj": 0.98664, "sup": 0.0, "lr": 0.0005, "time": 1790980278.16176}
{"type": "train", "epoch": 368, "loss": 0.9866, "obj": 0.9866, "sup": 0.0, "lr": 0.0005, "time": 1790980278.42574}
{"type": "train", "epoch": 369, "loss": 0.98657, "obj": 0.98657, "sup": 0.0, "lr": 0.0005, "time": 1790980278.70551}
{"type": "train", "epoch": 370, "loss": 0.98599, "obj": 0.98599, "sup": 0.0, "lr": 0.0005, "time": 1790980278.98315}
{"type": "train", "epoch": 371, "loss": 0.98598, "obj": 0.98598, "sup": 0.0, "lr": 0.0005, "time": 1790980279.26018}
{"type": "train", "epoch": 372, "loss": 0.98644, "obj": 0.98644, "sup": 0.0, "lr": 0.0005, "time": 1790980279.5367}
{"type": "train", "epoch": 373, "loss": 0.98542, "obj": 0.98542, "sup": 0.0, "lr": 0.0005, "time": 1790980279.86505}
{"type": "train", "epoch": 374, "loss": 0.9849, "obj": 0.9849, "sup": 0.0, "lr": 0.0005, "time": 1790980280.15714}
{"type": "train", "epoch": 375, "loss": 0.98444, "obj": 0.98444, "sup": 0.0, "lr": 0.0005, "time": 1790980280.48087}
{"type": "train", "epoch": 376, "loss": 0.98434, "obj": 0.98434, "sup": 0.0, "lr": 0.0005, "time": 1790980280.80249}
{"type": "train", "epoch": 377, "loss": 0.9834, "obj": 0.9834, "sup": 0.0, "lr": 0.0005, "time": 1790980281.13831}
{"type": "train", "epoch": 378, "loss": 0.98312, "obj": 0.98312, "sup": 0.0, "lr": 0.0005, "time": 1790980281.40008}
{"type": "train", "epoch": 379, "loss": 0.98387, "obj": 0.98387, "sup": 0.0, "lr": 0.0005, "time": 1790980281.69096}
{"type": "train", "epoch": 380, "loss": 0.98384, "obj": 0.98384, "sup": 0.0, "lr": 0.0005, "time": 1790980281.99562}
{"type": "train", "epoch": 381, "loss": 0.98508, "obj": 0.98508, "sup": 0.0, "lr": 0.0005, "time": 1790980282.27176}
{"type": "train", "epoch": 382, "loss": 0.98318, "obj": 0.98318, "sup": 0.0, "lr": 0.0005, "time": 1790980282.627}
{"type": "train", "epoch": 383, "loss": 0.98177, "obj": 0.98177, "sup": 0.0, "lr": 0.0005, "time": 1790980282.96303}
{"type": "train", "epoch": 384, "loss": 0.98216, "obj": 0.98216, "sup": 0.0, "lr": 0.0005, "time": 1790980283.27097}
{"type": "train", "epoch": 385, "loss": 0.98082, "obj": 0.98082, "sup": 0.0, "lr": 0.0005, "time": 1790980283.57183}
{"type": "train", "epoch": 386, "loss": 0.98065, "obj": 0.98065, "sup": 0.0, "lr": 0.0005, "time": 1790980283.88117}
{"type": "train", "epoch": 387, "loss": 0.97949, "obj": 0.97949, "sup": 0.0, "lr": 0.0005, "time": 1790980284.15808}
{"type": "train", "epoch": 388, "loss": 0.98006, "obj": 0.98006, "sup": 0.0, "lr": 0.0005, "time": 1790980284.48726}
{"type": "train", "epoch": 389, "loss": 0.97747, "obj": 0.97747, "sup": 0.0, "lr": 0.0005, "time": 1790980284.78493}
{"type": "train", "epoch": 390, "loss": 0.97827, "obj": 0.97827, "sup": 0.0, "lr": 0.0005, "time": 1790980285.04586}
{"type": "train", "epoch": 391, "loss": 0.97784, "obj": 0.97784, "sup": 0.0, "lr": 0.0005, "time": 1790980285.35188}
{"type": "train", "epoch": 392, "loss": 0.9768, "obj": 0.9768, "sup": 0.0, "lr": 0.0005, "time": 1790980285.61327}
{"type": "train", "epoch": 393, "loss": 0.976, "obj": 0.976, "sup": 0.0, "lr": 0.0005, "time": 1790980285.95498}
{"type": "train", "epoch": 394, "loss": 0.97563, "obj": 0.97563, "sup": 0.0, "lr": 0.0005, "time": 1790980286.251}
{"type": "train", "epoch": 395, "loss": 0.97487, "obj": 0.97487, "sup": 0.0, "lr": 0.0005, "time": 1790980286.51229}
{"type": "train", "epoch": 396, "loss": 0.97425, "obj": 0.97425, "sup": 0.0, "lr": 0.0005, "time": 1790980286.80115}
{"type": "train", "epoch": 397, "loss": 0.97556, "obj": 0.97556, "sup": 0.0, "lr": 0.0005, "time": 1790980287.09959}
{"type": "train", "epoch": 398, "loss": 0.97263, "obj": 0.97263, "sup": 0.0, "lr": 0.0005, "time": 1790980287.443}
{"type": "train", "epoch": 399, "loss": 0.97228, "obj": 0.97228, "sup": 0.0, "lr": 0.0005, "time": 1790980287.75526}
{"type": "train", "epoch": 400, "loss": 0.97299, "obj": 0.97299, "sup": 0.0, "lr": 0.0005, "time": 1790980289.11948, "train_resid_median": 0.98126, "train_resid_mean": 0.9827, "train_imag_median": 0.05501, "train_obj_median": 0.96798, "train_u_loss_to_label_median": 0.96536, "val_resid_median": 0.98667, "val_resid_mean": 0.98637, "val_imag_median": 0.05698, "val_obj_median": 0.98028, "val_u_loss_to_label_median": 0.96536}
{"type": "train", "epoch": 401, "loss": 0.97304, "obj": 0.97304, "sup": 0.0, "lr": 0.0005, "time": 1790980289.44305}
{"type": "train", "epoch": 402, "loss": 0.97016, "obj": 0.97016, "sup": 0.0, "lr": 0.0005, "time": 1790980289.71053}
{"type": "train", "epoch": 403, "loss": 0.97595, "obj": 0.97595, "sup": 0.0, "lr": 0.0005, "time": 1790980289.97028}
{"type": "train", "epoch": 404, "loss": 0.97762, "obj": 0.97762, "sup": 0.0, "lr": 0.0005, "time": 1790980290.25227}
{"type": "train", "epoch": 405, "loss": 0.97481, "obj": 0.97481, "sup": 0.0, "lr": 0.0005, "time": 1790980290.55439}
{"type": "train", "epoch": 406, "loss": 0.96885, "obj": 0.96885, "sup": 0.0, "lr": 0.0005, "time": 1790980290.9199}
{"type": "train", "epoch": 407, "loss": 0.97245, "obj": 0.97245, "sup": 0.0, "lr": 0.0005, "time": 1790980291.26932}
{"type": "train", "epoch": 408, "loss": 0.97066, "obj": 0.97066, "sup": 0.0, "lr": 0.0005, "time": 1790980291.56776}
{"type": "train", "epoch": 409, "loss": 0.97149, "obj": 0.97149, "sup": 0.0, "lr": 0.0005, "time": 1790980291.92173}
{"type": "train", "epoch": 410, "loss": 0.96959, "obj": 0.96959, "sup": 0.0, "lr": 0.0005, "time": 1790980292.25819}
{"type": "train", "epoch": 411, "loss": 0.96815, "obj": 0.96815, "sup": 0.0, "lr": 0.0005, "time": 1790980292.63525}
{"type": "train", "epoch": 412, "loss": 0.96997, "obj": 0.96997, "sup": 0.0, "lr": 0.0005, "time": 1790980293.02868}
{"type": "train", "epoch": 413, "loss": 0.96963, "obj": 0.96963, "sup": 0.0, "lr": 0.0005, "time": 1790980293.43105}
{"type": "train", "epoch": 414, "loss": 0.97317, "obj": 0.97317, "sup": 0.0, "lr": 0.0005, "time": 1790980293.72692}
{"type": "train", "epoch": 415, "loss": 0.96872, "obj": 0.96872, "sup": 0.0, "lr": 0.0005, "time": 1790980294.06302}
{"type": "train", "epoch": 416, "loss": 0.96809, "obj": 0.96809, "sup": 0.0, "lr": 0.0005, "time": 1790980294.38295}
{"type": "train", "epoch": 417, "loss": 0.96861, "obj": 0.96861, "sup": 0.0, "lr": 0.0005, "time": 1790980294.64169}
{"type": "train", "epoch": 418, "loss": 0.96848, "obj": 0.96848, "sup": 0.0, "lr": 0.0005, "time": 1790980294.90054}
{"type": "train", "epoch": 419, "loss": 0.96837, "obj": 0.96837, "sup": 0.0, "lr": 0.0005, "time": 1790980295.1595}
{"type": "train", "epoch": 420, "loss": 0.96909, "obj": 0.96909, "sup": 0.0, "lr": 0.0005, "time": 1790980295.41963}
{"type": "train", "epoch": 421, "loss": 0.96904, "obj": 0.96904, "sup": 0.0, "lr": 0.0005, "time": 1790980295.6796}
{"type": "train", "epoch": 422, "loss": 0.96816, "obj": 0.96816, "sup": 0.0, "lr": 0.0005, "time": 1790980295.94016}
{"type": "train", "epoch": 423, "loss": 0.96845, "obj": 0.96845, "sup": 0.0, "lr": 0.0005, "time": 1790980296.19946}
{"type": "train", "epoch": 424, "loss": 0.96807, "obj": 0.96807, "sup": 0.0, "lr": 0.0005, "time": 1790980296.5161}
{"type": "train", "epoch": 425, "loss": 0.96853, "obj": 0.96853, "sup": 0.0, "lr": 0.0005, "time": 1790980296.82133}
{"type": "train", "epoch": 426, "loss": 0.9679, "obj": 0.9679, "sup": 0.0, "lr": 0.0005, "time": 1790980297.11899}
{"type": "train", "epoch": 427, "loss": 0.96775, "obj": 0.96775, "sup": 0.0, "lr": 0.0005, "time": 1790980297.41875}
{"type": "train", "epoch": 428, "loss": 0.9665, "obj": 0.9665, "sup": 0.0, "lr": 0.0005, "time": 1790980297.74708}
{"type": "train", "epoch": 429, "loss": 0.96727, "obj": 0.96727, "sup": 0.0, "lr": 0.0005, "time": 1790980298.05098}
{"type": "train", "epoch": 430, "loss": 0.96667, "obj": 0.96667, "sup": 0.0, "lr": 0.0005, "time": 1790980298.37242}
{"type": "train", "epoch": 431, "loss": 0.96651, "obj": 0.96651, "sup": 0.0, "lr": 0.0005, "time": 1790980298.72949}
{"type": "train", "epoch": 432, "loss": 0.96657, "obj": 0.96657, "sup": 0.0, "lr": 0.0005, "time": 1790980299.05968}
{"type": "train", "epoch": 433, "loss": 0.96642, "obj": 0.96642, "sup": 0.0, "lr": 0.0005, "time": 1790980299.3885}
{"type": "train", "epoch": 434, "loss": 0.967, "obj": 0.967, "sup": 0.0, "lr": 0.0005, "time": 1790980299.72355}
{"type": "train", "epoch": 435, "loss": 0.96671, "obj": 0.96671, "sup": 0.0, "lr": 0.0005, "time": 1790980300.0101}
{"type": "train", "epoch": 436, "loss": 0.96637, "obj": 0.96637, "sup": 0.0, "lr": 0.0005, "time": 1790980300.30071}
{"type": "train", "epoch": 437, "loss": 0.96628, "obj": 0.96628, "sup": 0.0, "lr": 0.0005, "time": 1790980300.60298}
{"type": "train", "epoch": 438, "loss": 0.96652, "obj": 0.96652, "sup": 0.0, "lr": 0.0005, "time": 1790980300.93497}
{"type": "train", "epoch": 439, "loss": 0.96646, "obj": 0.96646, "sup": 0.0, "lr": 0.0005, "time": 1790980301.26476}
{"type": "train", "epoch": 440, "loss": 0.96632, "obj": 0.96632, "sup": 0.0, "lr": 0.0005, "time": 1790980301.55897}
{"type": "train", "epoch": 441, "loss": 0.96652, "obj": 0.96652, "sup": 0.0, "lr": 0.0005, "time": 1790980301.8645}
{"type": "train", "epoch": 442, "loss": 0.96591, "obj": 0.96591, "sup": 0.0, "lr": 0.0005, "time": 1790980302.15467}
{"type": "train", "epoch": 443, "loss": 0.96633, "obj": 0.96633, "sup": 0.0, "lr": 0.0005, "time": 1790980302.44842}
{"type": "train", "epoch": 444, "loss": 0.96604, "obj": 0.96604, "sup": 0.0, "lr": 0.0005, "time": 1790980302.72836}
{"type": "train", "epoch": 445, "loss": 0.96651, "obj": 0.96651, "sup": 0.0, "lr": 0.0005, "time": 1790980302.98745}
{"type": "train", "epoch": 446, "loss": 0.96683, "obj": 0.96683, "sup": 0.0, "lr": 0.0005, "time": 1790980303.24645}
{"type": "train", "epoch": 447, "loss": 0.96675, "obj": 0.96675, "sup": 0.0, "lr": 0.0005, "time": 1790980303.50615}
{"type": "train", "epoch": 448, "loss": 0.96621, "obj": 0.96621, "sup": 0.0, "lr": 0.0005, "time": 1790980303.76501}
{"type": "train", "epoch": 449, "loss": 0.96701, "obj": 0.96701, "sup": 0.0, "lr": 0.0005, "time": 1790980304.02428}
{"type": "train", "epoch": 450, "loss": 0.96602, "obj": 0.96602, "sup": 0.0, "lr": 0.0005, "time": 1790980305.30098, "train_resid_median": 0.97732, "train_resid_mean": 0.98081, "train_imag_median": 0.04635, "train_obj_median": 0.96058, "train_u_loss_to_label_median": 0.96633, "val_resid_median": 0.98571, "val_resid_mean": 0.98585, "val_imag_median": 0.04832, "val_obj_median": 0.9755, "val_u_loss_to_label_median": 0.96578}
{"type": "train", "epoch": 451, "loss": 0.96642, "obj": 0.96642, "sup": 0.0, "lr": 0.0005, "time": 1790980305.66697}
{"type": "train", "epoch": 452, "loss": 0.96647, "obj": 0.96647, "sup": 0.0, "lr": 0.0005, "time": 1790980305.99096}
{"type": "train", "epoch": 453, "loss": 0.96572, "obj": 0.96572, "sup": 0.0, "lr": 0.0005, "time": 1790980306.31676}
{"type": "train", "epoch": 454, "loss": 0.96663, "obj": 0.96663, "sup": 0.0, "lr": 0.0005, "time": 1790980306.61481}
{"type": "train", "epoch": 455, "loss": 0.96717, "obj": 0.96717, "sup": 0.0, "lr": 0.0005, "time": 1790980306.89326}
{"type": "train", "epoch": 456, "loss": 0.96606, "obj": 0.96606, "sup": 0.0, "lr": 0.0005, "time": 1790980307.17949}
{"type": "train", "epoch": 457, "loss": 0.96648, "obj": 0.96648, "sup": 0.0, "lr": 0.0005, "time": 1790980307.4951}
{"type": "train", "epoch": 458, "loss": 0.96567, "obj": 0.96567, "sup": 0.0, "lr": 0.0005, "time": 1790980307.7545}
{"type": "train", "epoch": 459, "loss": 0.96541, "obj": 0.96541, "sup": 0.0, "lr": 0.0005, "time": 1790980308.10295}
{"type": "train", "epoch": 460, "loss": 0.96636, "obj": 0.96636, "sup": 0.0, "lr": 0.0005, "time": 1790980308.42133}
{"type": "train", "epoch": 461, "loss": 0.96588, "obj": 0.96588, "sup": 0.0, "lr": 0.0005, "time": 1790980308.74296}
{"type": "train", "epoch": 462, "loss": 0.96566, "obj": 0.96566, "sup": 0.0, "lr": 0.0005, "time": 1790980309.03408}
{"type": "train", "epoch": 463, "loss": 0.9659, "obj": 0.9659, "sup": 0.0, "lr": 0.0005, "time": 1790980309.29341}
{"type": "train", "epoch": 464, "loss": 0.9657, "obj": 0.9657, "sup": 0.0, "lr": 0.0005, "time": 1790980309.61021}
{"type": "train", "epoch": 465, "loss": 0.96577, "obj": 0.96577, "sup": 0.0, "lr": 0.0005, "time": 1790980309.9328}
{"type": "train", "epoch": 466, "loss": 0.96647, "obj": 0.96647, "sup": 0.0, "lr": 0.0005, "time": 1790980310.29179}
{"type": "train", "epoch": 467, "loss": 0.96549, "obj": 0.96549, "sup": 0.0, "lr": 0.0005, "time": 1790980310.63097}
{"type": "train", "epoch": 468, "loss": 0.96542, "obj": 0.96542, "sup": 0.0, "lr": 0.0005, "time": 1790980310.9756}
{"type": "train", "epoch": 469, "loss": 0.96564, "obj": 0.96564, "sup": 0.0, "lr": 0.0005, "time": 1790980311.33119}
{"type": "train", "epoch": 470, "loss": 0.9659, "obj": 0.9659, "sup": 0.0, "lr": 0.0005, "time": 1790980311.70637}
{"type": "train", "epoch": 471, "loss": 0.96543, "obj": 0.96543, "sup": 0.0, "lr": 0.0005, "time": 1790980312.01895}
{"type": "train", "epoch": 472, "loss": 0.96566, "obj": 0.96566, "sup": 0.0, "lr": 0.0005, "time": 1790980312.29091}
{"type": "train", "epoch": 473, "loss": 0.96551, "obj": 0.96551, "sup": 0.0, "lr": 0.0005, "time": 1790980312.55218}
{"type": "train", "epoch": 474, "loss": 0.96559, "obj": 0.96559, "sup": 0.0, "lr": 0.0005, "time": 1790980312.81322}
{"type": "train", "epoch": 475, "loss": 0.96572, "obj": 0.96572, "sup": 0.0, "lr": 0.0005, "time": 1790980313.10705}
{"type": "train", "epoch": 476, "loss": 0.96585, "obj": 0.96585, "sup": 0.0, "lr": 0.0005, "time": 1790980313.38101}
{"type": "train", "epoch": 477, "loss": 0.96571, "obj": 0.96571, "sup": 0.0, "lr": 0.0005, "time": 1790980313.67898}
{"type": "train", "epoch": 478, "loss": 0.96579, "obj": 0.96579, "sup": 0.0, "lr": 0.0005, "time": 1790980313.9758}
{"type": "train", "epoch": 479, "loss": 0.96619, "obj": 0.96619, "sup": 0.0, "lr": 0.0005, "time": 1790980314.26307}
{"type": "train", "epoch": 480, "loss": 0.96583, "obj": 0.96583, "sup": 0.0, "lr": 0.0005, "time": 1790980314.61907}
{"type": "train", "epoch": 481, "loss": 0.96592, "obj": 0.96592, "sup": 0.0, "lr": 0.0005, "time": 1790980314.91033}
{"type": "train", "epoch": 482, "loss": 0.96562, "obj": 0.96562, "sup": 0.0, "lr": 0.0005, "time": 1790980315.24609}
{"type": "train", "epoch": 483, "loss": 0.96572, "obj": 0.96572, "sup": 0.0, "lr": 0.0005, "time": 1790980315.54325}
{"type": "train", "epoch": 484, "loss": 0.96586, "obj": 0.96586, "sup": 0.0, "lr": 0.0005, "time": 1790980315.89107}
{"type": "train", "epoch": 485, "loss": 0.96572, "obj": 0.96572, "sup": 0.0, "lr": 0.0005, "time": 1790980316.19802}
{"type": "train", "epoch": 486, "loss": 0.96619, "obj": 0.96619, "sup": 0.0, "lr": 0.0005, "time": 1790980316.4992}
{"type": "train", "epoch": 487, "loss": 0.9658, "obj": 0.9658, "sup": 0.0, "lr": 0.0005, "time": 1790980316.75901}
{"type": "train", "epoch": 488, "loss": 0.96591, "obj": 0.96591, "sup": 0.0, "lr": 0.0005, "time": 1790980317.01895}
{"type": "train", "epoch": 489, "loss": 0.96552, "obj": 0.96552, "sup": 0.0, "lr": 0.0005, "time": 1790980317.27978}
{"type": "train", "epoch": 490, "loss": 0.96575, "obj": 0.96575, "sup": 0.0, "lr": 0.0005, "time": 1790980317.55503}
{"type": "train", "epoch": 491, "loss": 0.96547, "obj": 0.96547, "sup": 0.0, "lr": 0.0005, "time": 1790980317.89503}
{"type": "train", "epoch": 492, "loss": 0.9662, "obj": 0.9662, "sup": 0.0, "lr": 0.0005, "time": 1790980318.19793}
{"type": "train", "epoch": 493, "loss": 0.96585, "obj": 0.96585, "sup": 0.0, "lr": 0.0005, "time": 1790980318.45847}
{"type": "train", "epoch": 494, "loss": 0.96536, "obj": 0.96536, "sup": 0.0, "lr": 0.0005, "time": 1790980318.71909}
{"type": "train", "epoch": 495, "loss": 0.96593, "obj": 0.96593, "sup": 0.0, "lr": 0.0005, "time": 1790980318.98397}
{"type": "train", "epoch": 496, "loss": 0.96579, "obj": 0.96579, "sup": 0.0, "lr": 0.0005, "time": 1790980319.24544}
{"type": "train", "epoch": 497, "loss": 0.96529, "obj": 0.96529, "sup": 0.0, "lr": 0.0005, "time": 1790980319.50838}
{"type": "train", "epoch": 498, "loss": 0.96573, "obj": 0.96573, "sup": 0.0, "lr": 0.0005, "time": 1790980319.76994}
{"type": "train", "epoch": 499, "loss": 0.9654, "obj": 0.9654, "sup": 0.0, "lr": 0.0005, "time": 1790980320.03707}
{"type": "train", "epoch": 500, "loss": 0.96574, "obj": 0.96574, "sup": 0.0, "lr": 0.0005, "time": 1790980321.28183, "train_resid_median": 0.97739, "train_resid_mean": 0.98048, "train_imag_median": 0.04097, "train_obj_median": 0.96005, "train_u_loss_to_label_median": 0.96653, "val_resid_median": 0.98562, "val_resid_mean": 0.98583, "val_imag_median": 0.0429, "val_obj_median": 0.97559, "val_u_loss_to_label_median": 0.96589}
{"type": "train", "epoch": 501, "loss": 0.96548, "obj": 0.96548, "sup": 0.0, "lr": 0.0005, "time": 1790980321.57507}
{"type": "train", "epoch": 502, "loss": 0.96552, "obj": 0.96552, "sup": 0.0, "lr": 0.0005, "time": 1790980321.83954}
{"type": "train", "epoch": 503, "loss": 0.9656, "obj": 0.9656, "sup": 0.0, "lr": 0.0005, "time": 1790980322.12844}
{"type": "train", "epoch": 504, "loss": 0.96559, "obj": 0.96559, "sup": 0.0, "lr": 0.0005, "time": 1790980322.3892}
{"type": "train", "epoch": 505, "loss": 0.96559, "obj": 0.96559, "sup": 0.0, "lr": 0.0005, "time": 1790980322.65001}
{"type": "train", "epoch": 506, "loss": 0.96631, "obj": 0.96631, "sup": 0.0, "lr": 0.0005, "time": 1790980322.92534}
{"type": "train", "epoch": 507, "loss": 0.96549, "obj": 0.96549, "sup": 0.0, "lr": 0.0005, "time": 1790980323.18668}
{"type": "train", "epoch": 508, "loss": 0.96595, "obj": 0.96595, "sup": 0.0, "lr": 0.0005, "time": 1790980323.44681}
{"type": "train", "epoch": 509, "loss": 0.96583, "obj": 0.96583, "sup": 0.0, "lr": 0.0005, "time": 1790980323.71767}
