{"type": "start", "n_params": 3442407, "n_train": 16, "n_val": 141, "steps": 3000, "time": 1790980161.48174}
{"type": "eval", "epoch": 0, "train_resid_median": 1.0, "train_resid_mean": 1.0, "train_imag_median": 0.0, "train_obj_median": 1.02, "train_u_loss_to_label_median": 0.96641, "val_resid_median": 1.0, "val_resid_mean": 1.0, "val_imag_median": 0.0, "val_obj_median": 1.02, "val_u_loss_to_label_median": 0.96663, "time": 1790980163.28666}
{"type": "train", "epoch": 1, "loss": 1.01999, "obj": 1.01999, "sup": 0.0, "lr": 2e-05, "time": 1790980163.81378}
{"type": "train", "epoch": 2, "loss": 1.0199, "obj": 1.0199, "sup": 0.0, "lr": 3e-05, "time": 1790980164.11609}
{"type": "train", "epoch": 3, "loss": 1.01973, "obj": 1.01973, "sup": 0.0, "lr": 4e-05, "time": 1790980164.37731}
{"type": "train", "epoch": 4, "loss": 1.01952, "obj": 1.01952, "sup": 0.0, "lr": 4e-05, "time": 1790980164.6482}
{"type": "train", "epoch": 5, "loss": 1.01934, "obj": 1.01934, "sup": 0.0, "lr": 6e-05, "time": 1790980164.97002}
{"type": "train", "epoch": 6, "loss": 1.01937, "obj": 1.01937, "sup": 0.0, "lr": 7e-05, "time": 1790980165.37901}
{"type": "train", "epoch": 7, "loss": 1.01921, "obj": 1.01921, "sup": 0.0, "lr": 7e-05, "time": 1790980165.69097}
{"type": "train", "epoch": 8, "loss": 1.01927, "obj": 1.01927, "sup": 0.0, "lr": 9e-05, "time": 1790980165.98528}
{"type": "train", "epoch": 9, "loss": 1.01925, "obj": 1.01925, "sup": 0.0, "lr": 0.0001, "time": 1790980166.27921}
{"type": "train", "epoch": 10, "loss": 1.019, "obj": 1.019, "sup": 0.0, "lr": 0.00011, "time": 1790980166.59642}
{"type": "train", "epoch": 11, "loss": 1.0192, "obj": 1.0192, "sup": 0.0, "lr": 0.00012, "time": 1790980166.89651}
{"type": "train", "epoch": 12, "loss": 1.01916, "obj": 1.01916, "sup": 0.0, "lr": 0.00013, "time": 1790980167.17869}
{"type": "train", "epoch": 13, "loss": 1.01912, "obj": 1.01912, "sup": 0.0, "lr": 0.00014, "time": 1790980167.44143}
{"type": "train", "epoch": 14, "loss": 1.01903, "obj": 1.01903, "sup": 0.0, "lr": 0.00015, "time": 1790980167.70791}
{"type": "train", "epoch": 15, "loss": 1.01906, "obj": 1.01906, "sup": 0.0, "lr": 0.00015, "time": 1790980167.97431}
{"type": "train", "epoch": 16, "loss": 1.01899, "obj": 1.01899, "sup": 0.0, "lr": 0.00016, "time": 1790980168.28053}
{"type": "train", "epoch": 17, "loss": 1.01918, "obj": 1.01918, "sup": 0.0, "lr": 0.00017, "time": 1790980168.59364}
{"type": "train", "epoch": 18, "loss": 1.01921, "obj": 1.01921, "sup": 0.0, "lr": 0.00018, "time": 1790980168.90012}
{"type": "train", "epoch": 19, "loss": 1.01918, "obj": 1.01918, "sup": 0.0, "lr": 0.0002, "time": 1790980169.16576}
{"type": "train", "epoch": 20, "loss": 1.01915, "obj": 1.01915, "sup": 0.0, "lr": 0.0002, "time": 1790980169.48659}
{"type": "train", "epoch": 21, "loss": 1.01908, "obj": 1.01908, "sup": 0.0, "lr": 0.00021, "time": 1790980169.81703}
{"type": "train", "epoch": 22, "loss": 1.01913, "obj": 1.01913, "sup": 0.0, "lr": 0.00023, "time": 1790980170.20467}
{"type": "train", "epoch": 23, "loss": 1.01918, "obj": 1.01918, "sup": 0.0, "lr": 0.00023, "time": 1790980170.507}
{"type": "train", "epoch": 24, "loss": 1.01919, "obj": 1.01919, "sup": 0.0, "lr": 0.00024, "time": 1790980170.82296}
{"type": "train", "epoch": 25, "loss": 1.01903, "obj": 1.01903, "sup": 0.0, "lr": 0.00026, "time": 1790980171.15995}
{"type": "train", "epoch": 26, "loss": 1.01918, "obj": 1.01918, "sup": 0.0, "lr": 0.00027, "time": 1790980171.47631}
{"type": "train", "epoch": 27, "loss": 1.01912, "obj": 1.01912, "sup": 0.0, "lr": 0.00028, "time": 1790980171.76705}
{"type": "train", "epoch": 28, "loss": 1.01909, "obj": 1.01909, "sup": 0.0, "lr": 0.00028, "time": 1790980172.15555}
{"type": "train", "epoch": 29, "loss": 1.01909, "obj": 1.01909, "sup": 0.0, "lr": 0.0003, "time": 1790980172.48537}
{"type": "train", "epoch": 30, "loss": 1.01899, "obj": 1.01899, "sup": 0.0, "lr": 0.0003, "time": 1790980172.77499}
{"type": "train", "epoch": 31, "loss": 1.019, "obj": 1.019, "sup": 0.0, "lr": 0.00032, "time": 1790980173.09269}
{"type": "train", "epoch": 32, "loss": 1.01899, "obj": 1.01899, "sup": 0.0, "lr": 0.00033, "time": 1790980173.43158}
{"type": "train", "epoch": 33, "loss": 1.01896, "obj": 1.01896, "sup": 0.0, "lr": 0.00034, "time": 1790980173.75503}
{"type": "train", "epoch": 34, "loss": 1.019, "obj": 1.019, "sup": 0.0, "lr": 0.00034, "time": 1790980174.13903}
{"type": "train", "epoch": 35, "loss": 1.01911, "obj": 1.01911, "sup": 0.0, "lr": 0.00036, "time": 1790980174.42169}
{"type": "train", "epoch": 36, "loss": 1.01905, "obj": 1.01905, "sup": 0.0, "lr": 0.00036, "time": 1790980174.72808}
{"type": "train", "epoch": 37, "loss": 1.01901, "obj": 1.01901, "sup": 0.0, "lr": 0.00038, "time": 1790980175.09501}
{"type": "train", "epoch": 38, "loss": 1.01899, "obj": 1.01899, "sup": 0.0, "lr": 0.00039, "time": 1790980175.43937}
{"type": "train", "epoch": 39, "loss": 1.01896, "obj": 1.01896, "sup": 0.0, "lr": 0.0004, "time": 1790980175.78701}
{"type": "train", "epoch": 40, "loss": 1.01893, "obj": 1.01893, "sup": 0.0, "lr": 0.00041, "time": 1790980176.10061}
{"type": "train", "epoch": 41, "loss": 1.01894, "obj": 1.01894, "sup": 0.0, "lr": 0.00042, "time": 1790980176.46515}
{"type": "train", "epoch": 42, "loss": 1.01883, "obj": 1.01883, "sup": 0.0, "lr": 0.00042, "time": 1790980176.73181}
{"type": "train", "epoch": 43, "loss": 1.01885, "obj": 1.01885, "sup": 0.0, "lr": 0.00044, "time": 1790980177.03521}
{"type": "train", "epoch": 44, "loss": 1.01874, "obj": 1.01874, "sup": 0.0, "lr": 0.00045, "time": 1790980177.32306}
{"type": "train", "epoch": 45, "loss": 1.01896, "obj": 1.01896, "sup": 0.0, "lr": 0.00046, "time": 1790980177.69593}
{"type": "train", "epoch": 46, "loss": 1.01856, "obj": 1.01856, "sup": 0.0, "lr": 0.00047, "time": 1790980177.97982}
{"type": "train", "epoch": 47, "loss": 1.01856, "obj": 1.01856, "sup": 0.0, "lr": 0.00047, "time": 1790980178.28982}
{"type": "train", "epoch": 48, "loss": 1.01868, "obj": 1.01868, "sup": 0.0, "lr": 0.00048, "time": 1790980178.65856}
{"type": "train", "epoch": 49, "loss": 1.01883, "obj": 1.01883, "sup": 0.0, "lr": 0.00049, "time": 1790980179.03168}
{"type": "train", "epoch": 50, "loss": 1.01848, "obj": 1.01848, "sup": 0.0, "lr": 0.0005, "time": 1790980180.4376, "train_resid_median": 0.99869, "train_resid_mean": 0.99881, "train_imag_median": 0.03317, "train_obj_median": 1.01807, "train_u_loss_to_label_median": 0.96725, "val_resid_median": 0.99938, "val_resid_mean": 0.99936, "val_imag_median": 0.03428, "val_obj_median": 1.01943, "val_u_loss_to_label_median": 0.96632}
{"type": "train", "epoch": 51, "loss": 1.01835, "obj": 1.01835, "sup": 0.0, "lr": 0.0005, "time": 1790980180.69696}
{"type": "train", "epoch": 52, "loss": 1.01823, "obj": 1.01823, "sup": 0.0, "lr": 0.0005, "time": 1790980181.04412}
{"type": "train", "epoch": 53, "loss": 1.01861, "obj": 1.01861, "sup": 0.0, "lr": 0.0005, "time": 1790980181.36699}
{"type": "train", "epoch": 54, "loss": 1.01815, "obj": 1.01815, "sup": 0.0, "lr": 0.0005, "time": 1790980181.69276}
{"type": "train", "epoch": 55, "loss": 1.01806, "obj": 1.01806, "sup": 0.0, "lr": 0.0005, "time": 1790980182.01896}
{"type": "train", "epoch": 56, "loss": 1.01842, "obj": 1.01842, "sup": 0.0, "lr": 0.0005, "time": 1790980182.33072}
{"type": "train", "epoch": 57, "loss": 1.0184, "obj": 1.0184, "sup": 0.0, "lr": 0.0005, "time": 1790980182.62272}
{"type": "train", "epoch": 58, "loss": 1.01838, "obj": 1.01838, "sup": 0.0, "lr": 0.0005, "time": 1790980182.9535}
{"type": "train", "epoch": 59, "loss": 1.01804, "obj": 1.01804, "sup": 0.0, "lr": 0.0005, "time": 1790980183.2231}
{"type": "train", "epoch": 60, "loss": 1.01791, "obj": 1.01791, "sup": 0.0, "lr": 0.0005, "time": 1790980183.49292}
{"type": "train", "epoch": 61, "loss": 1.01788, "obj": 1.01788, "sup": 0.0, "lr": 0.0005, "time": 1790980183.75548}
{"type": "train", "epoch": 62, "loss": 1.01782, "obj": 1.01782, "sup": 0.0, "lr": 0.0005, "time": 1790980184.01906}
{"type": "train", "epoch": 63, "loss": 1.01782, "obj": 1.01782, "sup": 0.0, "lr": 0.0005, "time": 1790980184.32203}
{"type": "train", "epoch": 64, "loss": 1.01783, "obj": 1.01783, "sup": 0.0, "lr": 0.0005, "time": 1790980184.62574}
{"type": "train", "epoch": 65, "loss": 1.01769, "obj": 1.01769, "sup": 0.0, "lr": 0.0005, "time": 1790980184.90164}
{"type": "train", "epoch": 66, "loss": 1.01772, "obj": 1.01772, "sup": 0.0, "lr": 0.0005, "time": 1790980185.21902}
{"type": "train", "epoch": 67, "loss": 1.01767, "obj": 1.01767, "sup": 0.0, "lr": 0.0005, "time": 1790980185.53498}
{"type": "train", "epoch": 68, "loss": 1.01775, "obj": 1.01775, "sup": 0.0, "lr": 0.0005, "time": 1790980185.82872}
{"type": "train", "epoch": 69, "loss": 1.01756, "obj": 1.01756, "sup": 0.0, "lr": 0.0005, "time": 1790980186.12639}
{"type": "train", "epoch": 70, "loss": 1.01756, "obj": 1.01756, "sup": 0.0, "lr": 0.0005, "time": 1790980186.40485}
{"type": "train", "epoch": 71, "loss": 1.0173, "obj": 1.0173, "sup": 0.0, "lr": 0.0005, "time": 1790980186.66039}
{"type": "train", "epoch": 72, "loss": 1.01727, "obj": 1.01727, "sup": 0.0, "lr": 0.0005, "time": 1790980186.9321}
{"type": "train", "epoch": 73, "loss": 1.01746, "obj": 1.01746, "sup": 0.0, "lr": 0.0005, "time": 1790980187.20632}
{"type": "train", "epoch": 74, "loss": 1.018, "obj": 1.018, "sup": 0.0, "lr": 0.0005, "time": 1790980187.46238}
{"type": "train", "epoch": 75, "loss": 1.01847, "obj": 1.01847, "sup": 0.0, "lr": 0.0005, "time": 1790980187.71889}
{"type": "train", "epoch": 76, "loss": 1.01802, "obj": 1.01802, "sup": 0.0, "lr": 0.0005, "time": 1790980187.97458}
{"type": "train", "epoch": 77, "loss": 1.01819, "obj": 1.01819, "sup": 0.0, "lr": 0.0005, "time": 1790980188.23013}
{"type": "train", "epoch": 78, "loss": 1.01786, "obj": 1.01786, "sup": 0.0, "lr": 0.0005, "time": 1790980188.48766}
{"type": "train", "epoch": 79, "loss": 1.01773, "obj": 1.01773, "sup": 0.0, "lr": 0.0005, "time": 1790980188.80199}
{"type": "train", "epoch": 80, "loss": 1.01752, "obj": 1.01752, "sup": 0.0, "lr": 0.0005, "time": 1790980189.10295}
{"type": "train", "epoch": 81, "loss": 1.01762, "obj": 1.01762, "sup": 0.0, "lr": 0.0005, "time": 1790980189.39884}
{"type": "train", "epoch": 82, "loss": 1.01745, "obj": 1.01745, "sup": 0.0, "lr": 0.0005, "time": 1790980189.68055}
{"type": "train", "epoch": 83, "loss": 1.01743, "obj": 1.01743, "sup": 0.0, "lr": 0.0005, "time": 1790980189.99521}
{"type": "train", "epoch": 84, "loss": 1.01772, "obj": 1.01772, "sup": 0.0, "lr": 0.0005, "time": 1790980190.32642}
{"type": "train", "epoch": 85, "loss": 1.01752, "obj": 1.01752, "sup": 0.0, "lr": 0.0005, "time": 1790980190.67123}
{"type": "train", "epoch": 86, "loss": 1.01731, "obj": 1.01731, "sup": 0.0, "lr": 0.0005, "time": 1790980191.05255}
{"type": "train", "epoch": 87, "loss": 1.01714, "obj": 1.01714, "sup": 0.0, "lr": 0.0005, "time": 1790980191.43465}
{"type": "train", "epoch": 88, "loss": 1.01708, "obj": 1.01708, "sup": 0.0, "lr": 0.0005, "time": 1790980191.75363}
{"type": "train", "epoch": 89, "loss": 1.01703, "obj": 1.01703, "sup": 0.0, "lr": 0.0005, "time": 1790980192.10394}
{"type": "train", "epoch": 90, "loss": 1.01693, "obj": 1.01693, "sup": 0.0, "lr": 0.0005, "time": 1790980192.41672}
{"type": "train", "epoch": 91, "loss": 1.01691, "obj": 1.01691, "sup": 0.0, "lr": 0.0005, "time": 1790980192.73902}
{"type": "train", "epoch": 92, "loss": 1.01702, "obj": 1.01702, "sup": 0.0, "lr": 0.0005, "time": 1790980193.10264}
{"type": "train", "epoch": 93, "loss": 1.01734, "obj": 1.01734, "sup": 0.0, "lr": 0.0005, "time": 1790980193.45508}
{"type": "train", "epoch": 94, "loss": 1.01717, "obj": 1.01717, "sup": 0.0, "lr": 0.0005, "time": 1790980193.82317}
{"type": "train", "epoch": 95, "loss": 1.01714, "obj": 1.01714, "sup": 0.0, "lr": 0.0005, "time": 1790980194.15901}
{"type": "train", "epoch": 96, "loss": 1.01708, "obj": 1.01708, "sup": 0.0, "lr": 0.0005, "time": 1790980194.48025}
{"type": "train", "epoch": 97, "loss": 1.01698, "obj": 1.01698, "sup": 0.0, "lr": 0.0005, "time": 1790980194.77348}
{"type": "train", "epoch": 98, "loss": 1.01685, "obj": 1.01685, "sup": 0.0, "lr": 0.0005, "time": 1790980195.12474}
{"type": "train", "epoch": 99, "loss": 1.01722, "obj": 1.01722, "sup": 0.0, "lr": 0.0005, "time": 1790980195.49095}
{"type": "train", "epoch": 100, "loss": 1.01658, "obj": 1.01658, "sup": 0.0, "lr": 0.0005, "time": 1790980196.94273, "train_resid_median": 0.99801, "train_resid_mean": 0.99771, "train_imag_median": 0.04106, "train_obj_median": 1.017, "train_u_loss_to_label_median": 0.96473, "val_resid_median": 0.99872, "val_resid_mean": 0.9987, "val_imag_median": 0.04258, "val_obj_median": 1.01858, "val_u_loss_to_label_median": 0.96596}
{"type": "train", "epoch": 101, "loss": 1.01636, "obj": 1.01636, "sup": 0.0, "lr": 0.0005, "time": 1790980197.32816}
{"type": "train", "epoch": 102, "loss": 1.01639, "obj": 1.01639, "sup": 0.0, "lr": 0.0005, "time": 1790980197.69482}
{"type": "train", "epoch": 103, "loss": 1.01659, "obj": 1.01659, "sup": 0.0, "lr": 0.0005, "time": 1790980198.02433}
{"type": "train", "epoch": 104, "loss": 1.01614, "obj": 1.01614, "sup": 0.0, "lr": 0.0005, "time": 1790980198.37175}
{"type": "train", "epoch": 105, "loss": 1.01581, "obj": 1.01581, "sup": 0.0, "lr": 0.0005, "time": 1790980198.67505}
{"type": "train", "epoch": 106, "loss": 1.01594, "obj": 1.01594, "sup": 0.0, "lr": 0.0005, "time": 1790980199.01346}
{"type": "train", "epoch": 107, "loss": 1.01738, "obj": 1.01738, "sup": 0.0, "lr": 0.0005, "time": 1790980199.28354}
{"type": "train", "epoch": 108, "loss": 1.01659, "obj": 1.01659, "sup": 0.0, "lr": 0.0005, "time": 1790980199.55162}
{"type": "train", "epoch": 109, "loss": 1.01609, "obj": 1.01609, "sup": 0.0, "lr": 0.0005, "time": 1790980199.82457}
{"type": "train", "epoch": 110, "loss": 1.01618, "obj": 1.01618, "sup": 0.0, "lr": 0.0005, "time": 1790980200.0823}
{"type": "train", "epoch": 111, "loss": 1.01564, "obj": 1.01564, "sup": 0.0, "lr": 0.0005, "time": 1790980200.34015}
{"type": "train", "epoch": 112, "loss": 1.01535, "obj": 1.01535, "sup": 0.0, "lr": 0.0005, "time": 1790980200.62208}
{"type": "train", "epoch": 113, "loss": 1.01528, "obj": 1.01528, "sup": 0.0, "lr": 0.0005, "time": 1790980200.95978}
{"type": "train", "epoch": 114, "loss": 1.01461, "obj": 1.01461, "sup": 0.0, "lr": 0.0005, "time": 1790980201.29809}
{"type": "train", "epoch": 115, "loss": 1.01444, "obj": 1.01444, "sup": 0.0, "lr": 0.0005, "time": 1790980201.62365}
{"type": "train", "epoch": 116, "loss": 1.01395, "obj": 1.01395, "sup": 0.0, "lr": 0.0005, "time": 1790980201.89288}
{"type": "train", "epoch": 117, "loss": 1.01472, "obj": 1.01472, "sup": 0.0, "lr": 0.0005, "time": 1790980202.19489}
{"type": "train", "epoch": 118, "loss": 1.0143, "obj": 1.0143, "sup": 0.0, "lr": 0.0005, "time": 1790980202.53105}
{"type": "train", "epoch": 119, "loss": 1.01402, "obj": 1.01402, "sup": 0.0, "lr": 0.0005, "time": 1790980202.82353}
{"type": "train", "epoch": 120, "loss": 1.01365, "obj": 1.01365, "sup": 0.0, "lr": 0.0005, "time": 1790980203.09171}
{"type": "train", "epoch": 121, "loss": 1.01381, "obj": 1.01381, "sup": 0.0, "lr": 0.0005, "time": 1790980203.39501}
{"type": "train", "epoch": 122, "loss": 1.01314, "obj": 1.01314, "sup": 0.0, "lr": 0.0005, "time": 1790980203.735}
{"type": "train", "epoch": 123, "loss": 1.01318, "obj": 1.01318, "sup": 0.0, "lr": 0.0005, "time": 1790980204.05907}
{"type": "train", "epoch": 124, "loss": 1.01308, "obj": 1.01308, "sup": 0.0, "lr": 0.0005, "time": 1790980204.35824}
{"type": "train", "epoch": 125, "loss": 1.01181, "obj": 1.01181, "sup": 0.0, "lr": 0.0005, "time": 1790980204.6309}
{"type": "train", "epoch": 126, "loss": 1.01133, "obj": 1.01133, "sup": 0.0, "lr": 0.0005, "time": 1790980204.90108}
{"type": "train", "epoch": 127, "loss": 1.01131, "obj": 1.01131, "sup": 0.0, "lr": 0.0005, "time": 1790980205.16541}
{"type": "train", "epoch": 128, "loss": 1.00924, "obj": 1.00924, "sup": 0.0, "lr": 0.0005, "time": 1790980205.49497}
{"type": "train", "epoch": 129, "loss": 1.00736, "obj": 1.00736, "sup": 0.0, "lr": 0.0005, "time": 1790980205.82296}
{"type": "train", "epoch": 130, "loss": 1.00575, "obj": 1.00575, "sup": 0.0, "lr": 0.0005, "time": 1790980206.13494}
{"type": "train", "epoch": 131, "loss": 1.0058, "obj": 1.0058, "sup": 0.0, "lr": 0.0005, "time": 1790980206.45212}
{"type": "train", "epoch": 132, "loss": 1.0068, "obj": 1.0068, "sup": 0.0, "lr": 0.0005, "time": 1790980206.75496}
{"type": "train", "epoch": 133, "loss": 1.00683, "obj": 1.00683, "sup": 0.0, "lr": 0.0005, "time": 1790980207.01291}
{"type": "train", "epoch": 134, "loss": 1.0105, "obj": 1.0105, "sup": 0.0, "lr": 0.0005, "time": 1790980207.34397}
{"type": "train", "epoch": 135, "loss": 1.00426, "obj": 1.00426, "sup": 0.0, "lr": 0.0005, "time": 1790980207.71312}
{"type": "train", "epoch": 136, "loss": 1.00415, "obj": 1.00415, "sup": 0.0, "lr": 0.0005, "time": 1790980208.0527}
{"type": "train", "epoch": 137, "loss": 0.99877, "obj": 0.99877, "sup": 0.0, "lr": 0.0005, "time": 1790980208.3567}
{"type": "train", "epoch": 138, "loss": 1.00231, "obj": 1.00231, "sup": 0.0, "lr": 0.0005, "time": 1790980208.62569}
{"type": "train", "epoch": 139, "loss": 1.00682, "obj": 1.00682, "sup": 0.0, "lr": 0.0005, "time": 1790980208.91098}
{"type": "train", "epoch": 140, "loss": 0.99816, "obj": 0.99816, "sup": 0.0, "lr": 0.0005, "time": 1790980209.22722}
{"type": "train", "epoch": 141, "loss": 0.99685, "obj": 0.99685, "sup": 0.0, "lr": 0.0005, "time": 1790980209.50919}
{"type": "train", "epoch": 142, "loss": 0.99244, "obj": 0.99244, "sup": 0.0, "lr": 0.0005, "time": 1790980209.76875}
{"type": "train", "epoch": 143, "loss": 0.99317, "obj": 0.99317, "sup": 0.0, "lr": 0.0005, "time": 1790980210.02876}
{"type": "train", "epoch": 144, "loss": 0.99061, "obj": 0.99061, "sup": 0.0, "lr": 0.0005, "time": 1790980210.343}
{"type": "train", "epoch": 145, "loss": 0.99771, "obj": 0.99771, "sup": 0.0, "lr": 0.0005, "time": 1790980210.64867}
{"type": "train", "epoch": 146, "loss": 0.99417, "obj": 0.99417, "sup": 0.0, "lr": 0.0005, "time": 1790980210.95393}
{"type": "train", "epoch": 147, "loss": 0.98799, "obj": 0.98799, "sup": 0.0, "lr": 0.0005, "time": 1790980211.28238}
{"type": "train", "epoch": 148, "loss": 0.9904, "obj": 0.9904, "sup": 0.0, "lr": 0.0005, "time": 1790980211.59968}
{"type": "train", "epoch": 149, "loss": 0.99071, "obj": 0.99071, "sup": 0.0, "lr": 0.0005, "time": 1790980211.89631}
{"type": "train", "epoch": 150, "loss": 0.98731, "obj": 0.98731, "sup": 0.0, "lr": 0.0005, "time": 1790980213.25338, "train_resid_median": 0.98605, "train_resid_mean": 0.98669, "train_imag_median": 0.04151, "train_obj_median": 0.99019, "train_u_loss_to_label_median": 0.96752, "val_resid_median": 0.98983, "val_resid_mean": 0.99022, "val_imag_median": 0.04292, "val_obj_median": 0.9973, "val_u_loss_to_label_median": 0.96677}
{"type": "train", "epoch": 151, "loss": 0.99136, "obj": 0.99136, "sup": 0.0, "lr": 0.0005, "time": 1790980213.55891}
{"type": "train", "epoch": 152, "loss": 0.99109, "obj": 0.99109, "sup": 0.0, "lr": 0.0005, "time": 1790980213.85935}
{"type": "train", "epoch": 153, "loss": 0.98802, "obj": 0.98802, "sup": 0.0, "lr": 0.0005, "time": 1790980214.21093}
{"type": "train", "epoch": 154, "loss": 0.9877, "obj": 0.9877, "sup": 0.0, "lr": 0.0005, "time": 1790980214.56298}
{"type": "train", "epoch": 155, "loss": 0.99094, "obj": 0.99094, "sup": 0.0, "lr": 0.0005, "time": 1790980214.86778}
{"type": "train", "epoch": 156, "loss": 0.98722, "obj": 0.98722, "sup": 0.0, "lr": 0.0005, "time": 1790980215.15415}
{"type": "train", "epoch": 157, "loss": 0.98655, "obj": 0.98655, "sup": 0.0, "lr": 0.0005, "time": 1790980215.47823}
{"type": "train", "epoch": 158, "loss": 0.98942, "obj": 0.98942, "sup": 0.0, "lr": 0.0005, "time": 1790980215.75855}
{"type": "train", "epoch": 159, "loss": 0.98498, "obj": 0.98498, "sup": 0.0, "lr": 0.0005, "time": 1790980216.02795}
{"type": "train", "epoch": 160, "loss": 0.99025, "obj": 0.99025, "sup": 0.0, "lr": 0.0005, "time": 1790980216.38167}
{"type": "train", "epoch": 161, "loss": 0.98501, "obj": 0.98501, "sup": 0.0, "lr": 0.0005, "time": 1790980216.67723}
{"type": "train", "epoch": 162, "loss": 0.98561, "obj": 0.98561, "sup": 0.0, "lr": 0.0005, "time": 1790980216.95959}
{"type": "train", "epoch": 163, "loss": 0.98104, "obj": 0.98104, "sup": 0.0, "lr": 0.0005, "time": 1790980217.27502}
{"type": "train", "epoch": 164, "loss": 0.98278, "obj": 0.98278, "sup": 0.0, "lr": 0.0005, "time": 1790980217.56481}
{"type": "train", "epoch": 165, "loss": 0.97942, "obj": 0.97942, "sup": 0.0, "lr": 0.0005, "time": 1790980217.87361}
{"type": "train", "epoch": 166, "loss": 0.9765, "obj": 0.9765, "sup": 0.0, "lr": 0.0005, "time": 1790980218.17731}
{"type": "train", "epoch": 167, "loss": 0.98417, "obj": 0.98417, "sup": 0.0, "lr": 0.0005, "time": 1790980218.47737}
{"type": "train", "epoch": 168, "loss": 0.98278, "obj": 0.98278, "sup": 0.0, "lr": 0.0005, "time": 1790980218.79707}
{"type": "train", "epoch": 169, "loss": 0.986, "obj": 0.986, "sup": 0.0, "lr": 0.0005, "time": 1790980219.05536}
{"type": "train", "epoch": 170, "loss": 0.97668, "obj": 0.97668, "sup": 0.0, "lr": 0.0005, "time": 1790980219.31569}
{"type": "train", "epoch": 171, "loss": 0.98052, "obj": 0.98052, "sup": 0.0, "lr": 0.0005, "time": 1790980219.59404}
{"type": "train", "epoch": 172, "loss": 0.97779, "obj": 0.97779, "sup": 0.0, "lr": 0.0005, "time": 1790980219.85387}
{"type": "train", "epoch": 173, "loss": 0.98144, "obj": 0.98144, "sup": 0.0, "lr": 0.0005, "time": 1790980220.11377}
{"type": "train", "epoch": 174, "loss": 0.98245, "obj": 0.98245, "sup": 0.0, "lr": 0.0005, "time": 1790980220.37251}
{"type": "train", "epoch": 175, "loss": 0.97933, "obj": 0.97933, "sup": 0.0, "lr": 0.0005, "time": 1790980220.6308}
{"type": "train", "epoch": 176, "loss": 0.98009, "obj": 0.98009, "sup": 0.0, "lr": 0.0005, "time": 1790980220.89051}
{"type": "train", "epoch": 177, "loss": 0.98101, "obj": 0.98101, "sup": 0.0, "lr": 0.0005, "time": 1790980221.15003}
{"type": "train", "epoch": 178, "loss": 0.97945, "obj": 0.97945, "sup": 0.0, "lr": 0.0005, "time": 1790980221.40968}
{"type": "train", "epoch": 179, "loss": 0.97794, "obj": 0.97794, "sup": 0.0, "lr": 0.0005, "time": 1790980221.67105}
{"type": "train", "epoch": 180, "loss": 0.97677, "obj": 0.97677, "sup": 0.0, "lr": 0.0005, "time": 1790980221.93596}
{"type": "train", "epoch": 181, "loss": 0.976, "obj": 0.976, "sup": 0.0, "lr": 0.0005, "time": 1790980222.20162}
{"type": "train", "epoch": 182, "loss": 0.97416, "obj": 0.97416, "sup": 0.0, "lr": 0.0005, "time": 1790980222.46997}
{"type": "train", "epoch": 183, "loss": 0.97683, "obj": 0.97683, "sup": 0.0, "lr": 0.0005, "time": 1790980222.80581}
{"type": "train", "epoch": 184, "loss": 0.97513, "obj": 0.97513, "sup": 0.0, "lr": 0.0005, "time": 1790980223.06842}
{"type": "train", "epoch": 185, "loss": 0.97852, "obj": 0.97852, "sup": 0.0, "lr": 0.0005, "time": 1790980223.33053}
{"type": "train", "epoch": 186, "loss": 0.97857, "obj": 0.97857, "sup": 0.0, "lr": 0.0005, "time": 1790980223.59032}
{"type": "train", "epoch": 187, "loss": 0.97673, "obj": 0.97673, "sup": 0.0, "lr": 0.0005, "time": 1790980223.86419}
{"type": "train", "epoch": 188, "loss": 0.97512, "obj": 0.97512, "sup": 0.0, "lr": 0.0005, "time": 1790980224.12592}
{"type": "train", "epoch": 189, "loss": 0.9731, "obj": 0.9731, "sup": 0.0, "lr": 0.0005, "time": 1790980224.42301}
{"type": "train", "epoch": 190, "loss": 0.97738, "obj": 0.97738, "sup": 0.0, "lr": 0.0005, "time": 1790980224.72233}
{"type": "train", "epoch": 191, "loss": 0.97743, "obj": 0.97743, "sup": 0.0, "lr": 0.0005, "time": 1790980224.9822}
{"type": "train", "epoch": 192, "loss": 0.97621, "obj": 0.97621, "sup": 0.0, "lr": 0.0005, "time": 1790980225.24611}
{"type": "train", "epoch": 193, "loss": 0.97539, "obj": 0.97539, "sup": 0.0, "lr": 0.0005, "time": 1790980225.53215}
{"type": "train", "epoch": 194, "loss": 0.97747, "obj": 0.97747, "sup": 0.0, "lr": 0.0005, "time": 1790980225.79823}
{"type": "train", "epoch": 195, "loss": 0.97691, "obj": 0.97691, "sup": 0.0, "lr": 0.0005, "time": 1790980226.088}
{"type": "train", "epoch": 196, "loss": 0.97599, "obj": 0.97599, "sup": 0.0, "lr": 0.0005, "time": 1790980226.35295}
{"type": "train", "epoch": 197, "loss": 0.97428, "obj": 0.97428, "sup": 0.0, "lr": 0.0005, "time": 1790980226.6136}
{"type": "train", "epoch": 198, "loss": 0.97471, "obj": 0.97471, "sup": 0.0, "lr": 0.0005, "time": 1790980226.87327}
{"type": "train", "epoch": 199, "loss": 0.97294, "obj": 0.97294, "sup": 0.0, "lr": 0.0005, "time": 1790980227.14516}
{"type": "train", "epoch": 200, "loss": 0.97406, "obj": 0.97406, "sup": 0.0, "lr": 0.0005, "time": 1790980228.55844, "train_resid_median": 0.9817, "train_resid_mean": 0.98437, "train_imag_median": 0.03117, "train_obj_median": 0.96871, "train_u_loss_to_label_median": 0.96831, "val_resid_median": 0.98955, "val_resid_mean": 0.98907, "val_imag_median": 0.03227, "val_obj_median": 0.98191, "val_u_loss_to_label_median": 0.96693}
{"type": "train", "epoch": 201, "loss": 0.97218, "obj": 0.97218, "sup": 0.0, "lr": 0.0005, "time": 1790980228.84517}
{"type": "train", "epoch": 202, "loss": 0.97306, "obj": 0.97306, "sup": 0.0, "lr": 0.0005, "time": 1790980229.16461}
{"type": "train", "epoch": 203, "loss": 0.97247, "obj": 0.97247, "sup": 0.0, "lr": 0.0005, "time": 1790980229.52297}
{"type": "train", "epoch": 204, "loss": 0.9742, "obj": 0.9742, "sup": 0.0, "lr": 0.0005, "time": 1790980229.89099}
{"type": "train", "epoch": 205, "loss": 0.97283, "obj": 0.97283, "sup": 0.0, "lr": 0.0005, "time": 1790980230.19098}
{"type": "train", "epoch": 206, "loss": 0.97447, "obj": 0.97447, "sup": 0.0, "lr": 0.0005, "time": 1790980230.57012}
{"type": "train", "epoch": 207, "loss": 0.9753, "obj": 0.9753, "sup": 0.0, "lr": 0.0005, "time": 1790980230.85496}
{"type": "train", "epoch": 208, "loss": 0.97903, "obj": 0.97903, "sup": 0.0, "lr": 0.0005, "time": 1790980231.24295}
{"type": "train", "epoch": 209, "loss": 0.97408, "obj": 0.97408, "sup": 0.0, "lr": 0.0005, "time": 1790980231.50894}
{"type": "train", "epoch": 210, "loss": 0.97652, "obj": 0.97652, "sup": 0.0, "lr": 0.0005, "time": 1790980231.78464}
{"type": "train", "epoch": 211, "loss": 0.97525, "obj": 0.97525, "sup": 0.0, "lr": 0.0005, "time": 1790980232.0436}
{"type": "train", "epoch": 212, "loss": 0.97373, "obj": 0.97373, "sup": 0.0, "lr": 0.0005, "time": 1790980232.33484}
{"type": "train", "epoch": 213, "loss": 0.97586, "obj": 0.97586, "sup": 0.0, "lr": 0.0005, "time": 1790980232.59693}
{"type": "train", "epoch": 214, "loss": 0.97754, "obj": 0.97754, "sup": 0.0, "lr": 0.0005, "time": 1790980232.8577}
{"type": "train", "epoch": 215, "loss": 0.97983, "obj": 0.97983, "sup": 0.0, "lr": 0.0005, "time": 1790980233.1189}
{"type": "train", "epoch": 216, "loss": 0.97632, "obj": 0.97632, "sup": 0.0, "lr": 0.0005, "time": 1790980233.39892}
{"type": "train", "epoch": 217, "loss": 0.97812, "obj": 0.97812, "sup": 0.0, "lr": 0.0005, "time": 1790980233.65717}
{"type": "train", "epoch": 218, "loss": 0.97636, "obj": 0.97636, "sup": 0.0, "lr": 0.0005, "time": 1790980233.98297}
{"type": "train", "epoch": 219, "loss": 0.97597, "obj": 0.97597, "sup": 0.0, "lr": 0.0005, "time": 1790980234.26896}
{"type": "train", "epoch": 220, "loss": 0.9781, "obj": 0.9781, "sup": 0.0, "lr": 0.0005, "time": 1790980234.56283}
{"type": "train", "epoch": 221, "loss": 0.98469, "obj": 0.98469, "sup": 0.0, "lr": 0.0005, "time": 1790980234.83311}
{"type": "train", "epoch": 222, "loss": 0.99354, "obj": 0.99354, "sup": 0.0, "lr": 0.0005, "time": 1790980235.10101}
{"type": "train", "epoch": 223, "loss": 0.98445, "obj": 0.98445, "sup": 0.0, "lr": 0.0005, "time": 1790980235.37471}
{"type": "train", "epoch": 224, "loss": 0.98978, "obj": 0.98978, "sup": 0.0, "lr": 0.0005, "time": 1790980235.66701}
{"type": "train", "epoch": 225, "loss": 0.97638, "obj": 0.97638, "sup": 0.0, "lr": 0.0005, "time": 1790980235.93541}
{"type": "train", "epoch": 226, "loss": 0.97608, "obj": 0.97608, "sup": 0.0, "lr": 0.0005, "time": 1790980236.20834}
{"type": "train", "epoch": 227, "loss": 0.97994, "obj": 0.97994, "sup": 0.0, "lr": 0.0005, "time": 1790980236.47662}
{"type": "train", "epoch": 228, "loss": 0.97697, "obj": 0.97697, "sup": 0.0, "lr": 0.0005, "time": 1790980236.75098}
{"type": "train", "epoch": 229, "loss": 0.9761, "obj": 0.9761, "sup": 0.0, "lr": 0.0005, "time": 1790980237.02405}
{"type": "train", "epoch": 230, "loss": 0.97495, "obj": 0.97495, "sup": 0.0, "lr": 0.0005, "time": 1790980237.29675}
{"type": "train", "epoch": 231, "loss": 0.9767, "obj": 0.9767, "sup": 0.0, "lr": 0.0005, "time": 1790980237.56028}
{"type": "train", "epoch": 232, "loss": 0.97956, "obj": 0.97956, "sup": 0.0, "lr": 0.0005, "time": 1790980237.82122}
{"type": "train", "epoch": 233, "loss": 0.97685, "obj": 0.97685, "sup": 0.0, "lr": 0.0005, "time": 1790980238.07989}
{"type": "train", "epoch": 234, "loss": 0.97354, "obj": 0.97354, "sup": 0.0, "lr": 0.0005, "time": 1790980238.33808}
{"type": "train", "epoch": 235, "loss": 0.9734, "obj": 0.9734, "sup": 0.0, "lr": 0.0005, "time": 1790980238.59698}
{"type": "train", "epoch": 236, "loss": 0.97629, "obj": 0.97629, "sup": 0.0, "lr": 0.0005, "time": 1790980238.87194}
{"type": "train", "epoch": 237, "loss": 0.97469, "obj": 0.97469, "sup": 0.0, "lr": 0.0005, "time": 1790980239.13318}
{"type": "train", "epoch": 238, "loss": 0.97336, "obj": 0.97336, "sup": 0.0, "lr": 0.0005, "time": 1790980239.39827}
{"type": "train", "epoch": 239, "loss": 0.97991, "obj": 0.97991, "sup": 0.0, "lr": 0.0005, "time": 1790980239.6739}
{"type": "train", "epoch": 240, "loss": 0.97868, "obj": 0.97868, "sup": 0.0, "lr": 0.0005, "time": 1790980239.93757}
{"type": "train", "epoch": 241, "loss": 0.97378, "obj": 0.97378, "sup": 0.0, "lr": 0.0005, "time": 1790980240.19898}
{"type": "train", "epoch": 242, "loss": 0.97575, "obj": 0.97575, "sup": 0.0, "lr": 0.0005, "time": 1790980240.45788}
{"type": "train", "epoch": 243, "loss": 0.97268, "obj": 0.97268, "sup": 0.0, "lr": 0.0005, "time": 1790980240.73535}
{"type": "train", "epoch": 244, "loss": 0.97326, "obj": 0.97326, "sup": 0.0, "lr": 0.0005, "time": 1790980241.05901}
{"type": "train", "epoch": 245, "loss": 0.97416, "obj": 0.97416, "sup": 0.0, "lr": 0.0005, "time": 1790980241.37656}
{"type": "train", "epoch": 246, "loss": 0.97388, "obj": 0.97388, "sup": 0.0, "lr": 0.0005, "time": 1790980241.64736}
{"type": "train", "epoch": 247, "loss": 0.97959, "obj": 0.97959, "sup": 0.0, "lr": 0.0005, "time": 1790980241.97311}
{"type": "train", "epoch": 248, "loss": 0.97539, "obj": 0.97539, "sup": 0.0, "lr": 0.0005, "time": 1790980242.26007}
{"type": "train", "epoch": 249, "loss": 0.975, "obj": 0.975, "sup": 0.0, "lr": 0.0005, "time": 1790980242.53373}
{"type": "train", "epoch": 250, "loss": 0.97301, "obj": 0.97301, "sup": 0.0, "lr": 0.0005, "time": 1790980243.77481, "train_resid_median": 0.98365, "train_resid_mean": 0.98446, "train_imag_median": 0.04548, "train_obj_median": 0.97294, "train_u_loss_to_label_median": 0.96794, "val_resid_median": 0.9889, "val_resid_mean": 0.98887, "val_imag_median": 0.04691, "val_obj_median": 0.98087, "val_u_loss_to_label_median": 0.96687}
{"type": "train", "epoch": 251, "loss": 0.97337, "obj": 0.97337, "sup": 0.0, "lr": 0.0005, "time": 1790980244.08839}
{"type": "train", "epoch": 252, "loss": 0.97182, "obj": 0.97182, "sup": 0.0, "lr": 0.0005, "time": 1790980244.39546}
{"type": "train", "epoch": 253, "loss": 0.97365, "obj": 0.97365, "sup": 0.0, "lr": 0.0005, "time": 1790980244.66382}
{"type": "train", "epoch": 254, "loss": 0.97263, "obj": 0.97263, "sup": 0.0, "lr": 0.0005, "time": 1790980245.01902}
{"type": "train", "epoch": 255, "loss": 0.97235, "obj": 0.97235, "sup": 0.0, "lr": 0.0005, "time": 1790980245.30209}
{"type": "train", "epoch": 256, "loss": 0.97177, "obj": 0.97177, "sup": 0.0, "lr": 0.0005, "time": 1790980245.56096}
{"type": "train", "epoch": 257, "loss": 0.97233, "obj": 0.97233, "sup": 0.0, "lr": 0.0005, "time": 1790980245.82144}
{"type": "train", "epoch": 258, "loss": 0.97126, "obj": 0.97126, "sup": 0.0, "lr": 0.0005, "time": 1790980246.08392}
{"type": "train", "epoch": 259, "loss": 0.97134, "obj": 0.97134, "sup": 0.0, "lr": 0.0005, "time": 1790980246.34216}
{"type": "train", "epoch": 260, "loss": 0.97217, "obj": 0.97217, "sup": 0.0, "lr": 0.0005, "time": 1790980246.603}
{"type": "train", "epoch": 261, "loss": 0.97308, "obj": 0.97308, "sup": 0.0, "lr": 0.0005, "time": 1790980246.87053}
{"type": "train", "epoch": 262, "loss": 0.97166, "obj": 0.97166, "sup": 0.0, "lr": 0.0005, "time": 1790980247.14877}
{"type": "train", "epoch": 263, "loss": 0.97509, "obj": 0.97509, "sup": 0.0, "lr": 0.0005, "time": 1790980247.43454}
{"type": "train", "epoch": 264, "loss": 0.97281, "obj": 0.97281, "sup": 0.0, "lr": 0.0005, "time": 1790980247.78768}
{"type": "train", "epoch": 265, "loss": 0.97318, "obj": 0.97318, "sup": 0.0, "lr": 0.0005, "time": 1790980248.13182}
{"type": "train", "epoch": 266, "loss": 0.97296, "obj": 0.97296, "sup": 0.0, "lr": 0.0005, "time": 1790980248.43018}
{"type": "train", "epoch": 267, "loss": 0.9727, "obj": 0.9727, "sup": 0.0, "lr": 0.0005, "time": 1790980248.73979}
{"type": "train", "epoch": 268, "loss": 0.97283, "obj": 0.97283, "sup": 0.0, "lr": 0.0005, "time": 1790980249.02802}
{"type": "train", "epoch": 269, "loss": 0.97372, "obj": 0.97372, "sup": 0.0, "lr": 0.0005, "time": 1790980249.29667}
{"type": "train", "epoch": 270, "loss": 0.97292, "obj": 0.97292, "sup": 0.0, "lr": 0.0005, "time": 1790980249.57626}
{"type": "train", "epoch": 271, "loss": 0.97459, "obj": 0.97459, "sup": 0.0, "lr": 0.0005, "time": 1790980249.87344}
{"type": "train", "epoch": 272, "loss": 0.97145, "obj": 0.97145, "sup": 0.0, "lr": 0.0005, "time": 1790980250.18667}
{"type": "train", "epoch": 273, "loss": 0.97307, "obj": 0.97307, "sup": 0.0, "lr": 0.0005, "time": 1790980250.51105}
{"type": "train", "epoch": 274, "loss": 0.9726, "obj": 0.9726, "sup": 0.0, "lr": 0.0005, "time": 1790980250.82061}
{"type": "train", "epoch": 275, "loss": 0.97241, "obj": 0.97241, "sup": 0.0, "lr": 0.0005, "time": 1790980251.13315}
{"type": "train", "epoch": 276, "loss": 0.9717, "obj": 0.9717, "sup": 0.0, "lr": 0.0005, "time": 1790980251.46653}
{"type": "train", "epoch": 277, "loss": 0.97113, "obj": 0.97113, "sup": 0.0, "lr": 0.0005, "time": 1790980251.72632}
{"type": "train", "epoch": 278, "loss": 0.97254, "obj": 0.97254, "sup": 0.0, "lr": 0.0005, "time": 1790980251.98511}
{"type": "train", "epoch": 279, "loss": 0.97122, "obj": 0.97122, "sup": 0.0, "lr": 0.0005, "time": 1790980252.24788}
{"type": "train", "epoch": 280, "loss": 0.97164, "obj": 0.97164, "sup": 0.0, "lr": 0.0005, "time": 1790980252.50784}
{"type": "train", "epoch": 281, "loss": 0.97193, "obj": 0.97193, "sup": 0.0, "lr": 0.0005, "time": 1790980252.76803}
{"type": "train", "epoch": 282, "loss": 0.971, "obj": 0.971, "sup": 0.0, "lr": 0.0005, "time": 1790980253.02759}
{"type": "train", "epoch": 283, "loss": 0.97296, "obj": 0.97296, "sup": 0.0, "lr": 0.0005, "time": 1790980253.28811}
{"type": "train", "epoch": 284, "loss": 0.97103, "obj": 0.97103, "sup": 0.0, "lr": 0.0005, "time": 1790980253.54858}
{"type": "train", "epoch": 285, "loss": 0.97264, "obj": 0.97264, "sup": 0.0, "lr": 0.0005, "time": 1790980253.8087}
{"type": "train", "epoch": 286, "loss": 0.97093, "obj": 0.97093, "sup": 0.0, "lr": 0.0005, "time": 1790980254.06792}
{"type": "train", "epoch": 287, "loss": 0.97237, "obj": 0.97237, "sup": 0.0, "lr": 0.0005, "time": 1790980254.32802}
{"type": "train", "epoch": 288, "loss": 0.97201, "obj": 0.97201, "sup": 0.0, "lr": 0.0005, "time": 1790980254.6103}
{"type": "train", "epoch": 289, "loss": 0.97139, "obj": 0.97139, "sup": 0.0, "lr": 0.0005, "time": 1790980254.87065}
{"type": "train", "epoch": 290, "loss": 0.97132, "obj": 0.97132, "sup": 0.0, "lr": 0.0005, "time": 1790980255.13093}
{"type": "train", "epoch": 291, "loss": 0.97148, "obj": 0.97148, "sup": 0.0, "lr": 0.0005, "time": 1790980255.39169}
{"type": "train", "epoch": 292, "loss": 0.97056, "obj": 0.97056, "sup": 0.0, "lr": 0.0005, "time": 1790980255.65168}
{"type": "train", "epoch": 293, "loss": 0.97154, "obj": 0.97154, "sup": 0.0, "lr": 0.0005, "time": 1790980255.91306}
{"type": "train", "epoch": 294, "loss": 0.97168, "obj": 0.97168, "sup": 0.0, "lr": 0.0005, "time": 1790980256.17669}
{"type": "train", "epoch": 295, "loss": 0.97291, "obj": 0.97291, "sup": 0.0, "lr": 0.0005, "time": 1790980256.45507}
{"type": "train", "epoch": 296, "loss": 0.97274, "obj": 0.97274, "sup": 0.0, "lr": 0.0005, "time": 1790980256.74059}
{"type": "train", "epoch": 297, "loss": 0.97159, "obj": 0.97159, "sup": 0.0, "lr": 0.0005, "time": 1790980257.0813}
{"type": "train", "epoch": 298, "loss": 0.97276, "obj": 0.97276, "sup": 0.0, "lr": 0.0005, "time": 1790980257.38578}
{"type": "train", "epoch": 299, "loss": 0.97073, "obj": 0.97073, "sup": 0.0, "lr": 0.0005, "time": 1790980257.64886}
{"type": "train", "epoch": 300, "loss": 0.97153, "obj": 0.97153, "sup": 0.0, "lr": 0.0005, "time": 1790980259.2848, "train_resid_median": 0.98203, "train_resid_mean": 0.98376, "train_imag_median": 0.03398, "train_obj_median": 0.96804, "train_u_loss_to_label_median": 0.96812, "val_resid_median": 0.98822, "val_resid_mean": 0.98802, "val_imag_median": 0.03478, "val_obj_median": 0.9811, "val_u_loss_to_label_median": 0.96702}
{"type": "train", "epoch": 301, "loss": 0.9711, "obj": 0.9711, "sup": 0.0, "lr": 0.0005, "time": 1790980259.55904}
{"type": "train", "epoch": 302, "loss": 0.97165, "obj": 0.97165, "sup": 0.0, "lr": 0.0005, "time": 1790980259.82304}
{"type": "train", "epoch": 303, "loss": 0.97118, "obj": 0.97118, "sup": 0.0, "lr": 0.0005, "time": 1790980260.13106}
{"type": "train", "epoch": 304, "loss": 0.97166, "obj": 0.97166, "sup": 0.0, "lr": 0.0005, "time": 1790980260.41905}
{"type": "train", "epoch": 305, "loss": 0.97274, "obj": 0.97274, "sup": 0.0, "lr": 0.0005, "time": 1790980260.68076}
{"type": "train", "epoch": 306, "loss": 0.97202, "obj": 0.97202, "sup": 0.0, "lr": 0.0005, "time": 1790980260.99444}
{"type": "train", "epoch": 307, "loss": 0.97164, "obj": 0.97164, "sup": 0.0, "lr": 0.0005, "time": 1790980261.26119}
{"type": "train", "epoch": 308, "loss": 0.97216, "obj": 0.97216, "sup": 0.0, "lr": 0.0005, "time": 1790980261.52464}
{"type": "train", "epoch": 309, "loss": 0.97106, "obj": 0.97106, "sup": 0.0, "lr": 0.0005, "time": 1790980261.79263}
{"type": "train", "epoch": 310, "loss": 0.97385, "obj": 0.97385, "sup": 0.0, "lr": 0.0005, "time": 1790980262.0726}
{"type": "train", "epoch": 311, "loss": 0.97288, "obj": 0.97288, "sup": 0.0, "lr": 0.0005, "time": 1790980262.40753}
{"type": "train", "epoch": 312, "loss": 0.97306, "obj": 0.97306, "sup": 0.0, "lr": 0.0005, "time": 1790980262.73338}
{"type": "train", "epoch": 313, "loss": 0.97233, "obj": 0.97233, "sup": 0.0, "lr": 0.0005, "time": 1790980263.03431}
{"type": "train", "epoch": 314, "loss": 0.97288, "obj": 0.97288, "sup": 0.0, "lr": 0.0005, "time": 1790980263.30929}
{"type": "train", "epoch": 315, "loss": 0.97176, "obj": 0.97176, "sup": 0.0, "lr": 0.0005, "time": 1790980263.61096}
{"type": "train", "epoch": 316, "loss": 0.97199, "obj": 0.97199, "sup": 0.0, "lr": 0.0005, "time": 1790980263.91975}
{"type": "train", "epoch": 317, "loss": 0.97266, "obj": 0.97266, "sup": 0.0, "lr": 0.0005, "time": 1790980264.25304}
{"type": "train", "epoch": 318, "loss": 0.97333, "obj": 0.97333, "sup": 0.0, "lr": 0.0005, "time": 1790980264.55896}
{"type": "train", "epoch": 319, "loss": 0.97455, "obj": 0.97455, "sup": 0.0, "lr": 0.0005, "time": 1790980264.87105}
{"type": "train", "epoch": 320, "loss": 0.9748, "obj": 0.9748, "sup": 0.0, "lr": 0.0005, "time": 1790980265.17498}
{"type": "train", "epoch": 321, "loss": 0.97135, "obj": 0.97135, "sup": 0.0, "lr": 0.0005, "time": 1790980265.46164}
{"type": "train", "epoch": 322, "loss": 0.97184, "obj": 0.97184, "sup": 0.0, "lr": 0.0005, "time": 1790980265.76568}
{"type": "train", "epoch": 323, "loss": 0.97229, "obj": 0.97229, "sup": 0.0, "lr": 0.0005, "time": 1790980266.05652}
{"type": "train", "epoch": 324, "loss": 0.97091, "obj": 0.97091, "sup": 0.0, "lr": 0.0005, "time": 1790980266.40061}
{"type": "train", "epoch": 325, "loss": 0.97125, "obj": 0.97125, "sup": 0.0, "lr": 0.0005, "time": 1790980266.72889}
{"type": "train", "epoch": 326, "loss": 0.97222, "obj": 0.97222, "sup": 0.0, "lr": 0.0005, "time": 1790980267.04374}
{"type": "train", "epoch": 327, "loss": 0.97152, "obj": 0.97152, "sup": 0.0, "lr": 0.0005, "time": 1790980267.36441}
{"type": "train", "epoch": 328, "loss": 0.97137, "obj": 0.97137, "sup": 0.0, "lr": 0.0005, "time": 1790980267.7057}
{"type": "train", "epoch": 329, "loss": 0.97182, "obj": 0.97182, "sup": 0.0, "lr": 0.0005, "time": 1790980267.995}
{"type": "train", "epoch": 330, "loss": 0.9716, "obj": 0.9716, "sup": 0.0, "lr": 0.0005, "time": 1790980268.31688}
{"type": "train", "epoch": 331, "loss": 0.9709, "obj": 0.9709, "sup": 0.0, "lr": 0.0005, "time": 1790980268.61589}
{"type": "train", "epoch": 332, "loss": 0.97092, "obj": 0.97092, "sup": 0.0, "lr": 0.0005, "time": 1790980268.91177}
{"type": "train", "epoch": 333, "loss": 0.97038, "obj": 0.97038, "sup": 0.0, "lr": 0.0005, "time": 1790980269.22304}
{"type": "train", "epoch": 334, "loss": 0.97117, "obj": 0.97117, "sup": 0.0, "lr": 0.0005, "time": 1790980269.5383}
{"type": "train", "epoch": 335, "loss": 0.97181, "obj": 0.97181, "sup": 0.0, "lr": 0.0005, "time": 1790980269.87497}
{"type": "train", "epoch": 336, "loss": 0.97286, "obj": 0.97286, "sup": 0.0, "lr": 0.0005, "time": 1790980270.18891}
{"type": "train", "epoch": 337, "loss": 0.97054, "obj": 0.97054, "sup": 0.0, "lr": 0.0005, "time": 1790980270.52022}
{"type": "train", "epoch": 338, "loss": 0.97126, "obj": 0.97126, "sup": 0.0, "lr": 0.0005, "time": 1790980270.84014}
{"type": "train", "epoch": 339, "loss": 0.97125, "obj": 0.97125, "sup": 0.0, "lr": 0.0005, "time": 1790980271.11294}
{"type": "train", "epoch": 340, "loss": 0.97045, "obj": 0.97045, "sup": 0.0, "lr": 0.0005, "time": 1790980271.39505}
{"type": "train", "epoch": 341, "loss": 0.97183, "obj": 0.97183, "sup": 0.0, "lr": 0.0005, "time": 1790980271.6882}
{"type": "train", "epoch": 342, "loss": 0.97206, "obj": 0.97206, "sup": 0.0, "lr": 0.0005, "time": 1790980271.96816}
{"type": "train", "epoch": 343, "loss": 0.97267, "obj": 0.97267, "sup": 0.0, "lr": 0.0005, "time": 1790980272.26959}
{"type": "train", "epoch": 344, "loss": 0.97054, "obj": 0.97054, "sup": 0.0, "lr": 0.0005, "time": 1790980272.57238}
{"type": "train", "epoch": 345, "loss": 0.97194, "obj": 0.97194, "sup": 0.0, "lr": 0.0005, "time": 1790980272.87106}
{"type": "train", "epoch": 346, "loss": 0.97025, "obj": 0.97025, "sup": 0.0, "lr": 0.0005, "time": 1790980273.13237}
{"type": "train", "epoch": 347, "loss": 0.97192, "obj": 0.97192, "sup": 0.0, "lr": 0.0005, "time": 1790980273.41962}
{"type": "train", "epoch": 348, "loss": 0.97071, "obj": 0.97071, "sup": 0.0, "lr": 0.0005, "time": 1790980273.73952}
{"type": "train", "epoch": 349, "loss": 0.97077, "obj": 0.97077, "sup": 0.0, "lr": 0.0005, "time": 1790980274.07379}
{"type": "train", "epoch": 350, "loss": 0.97081, "obj": 0.97081, "sup": 0.0, "lr": 0.0005, "time": 1790980275.33693, "train_resid_median": 0.98279, "train_resid_mean": 0.98351, "train_imag_median": 0.02783, "train_obj_median": 0.96798, "train_u_loss_to_label_median": 0.96847, "val_resid_median": 0.98775, "val_resid_mean": 0.98766, "val_imag_median": 0.02865, "val_obj_median": 0.97847, "val_u_loss_to_label_median": 0.96701}
{"type": "train", "epoch": 351, "loss": 0.97301, "obj": 0.97301, "sup": 0.0, "lr": 0.0005, "time": 1790980275.66296}
{"type": "train", "epoch": 352, "loss": 0.97223, "obj": 0.97223, "sup": 0.0, "lr": 0.0005, "time": 1790980275.92141}
{"type": "train", "epoch": 353, "loss": 0.97317, "obj": 0.97317, "sup": 0.0, "lr": 0.0005, "time": 1790980276.18138}
{"type": "train", "epoch": 354, "loss": 0.9761, "obj": 0.9761, "sup": 0.0, "lr": 0.0005, "time": 1790980276.44318}
{"type": "train", "epoch": 355, "loss": 0.97397, "obj": 0.97397, "sup": 0.0, "lr": 0.0005, "time": 1790980276.72619}
{"type": "train", "epoch": 356, "loss": 0.97179, "obj": 0.97179, "sup": 0.0, "lr": 0.0005, "time": 1790980276.98507}
{"type": "train", "epoch": 357, "loss": 0.97187, "obj": 0.97187, "sup": 0.0, "lr": 0.0005, "time": 1790980277.25256}
{"type": "train", "epoch": 358, "loss": 0.97354, "obj": 0.97354, "sup": 0.0, "lr": 0.0005, "time": 1790980277.53197}
{"type": "train", "epoch": 359, "loss": 0.97164, "obj": 0.97164, "sup": 0.0, "lr": 0.0005, "time": 1790980277.827}
{"type": "train", "epoch": 360, "loss": 0.97329, "obj": 0.97329, "sup": 0.0, "lr": 0.0005, "time": 1790980278.12251}
{"type": "train", "epoch": 361, "loss": 0.97085, "obj": 0.97085, "sup": 0.0, "lr": 0.0005, "time": 1790980278.43185}
{"type": "train", "epoch": 362, "loss": 0.97129, "obj": 0.97129, "sup": 0.0, "lr": 0.0005, "time": 1790980278.73992}
{"type": "train", "epoch": 363, "loss": 0.97055, "obj": 0.97055, "sup": 0.0, "lr": 0.0005, "time": 1790980278.99986}
{"type": "train", "epoch": 364, "loss": 0.9725, "obj": 0.9725, "sup": 0.0, "lr": 0.0005, "time": 1790980279.25925}
{"type": "train", "epoch": 365, "loss": 0.97204, "obj": 0.97204, "sup": 0.0, "lr": 0.0005, "time": 1790980279.52705}
{"type": "train", "epoch": 366, "loss": 0.97217, "obj": 0.97217, "sup": 0.0, "lr": 0.0005, "time": 1790980279.83667}
{"type": "train", "epoch": 367, "loss": 0.97159, "obj": 0.97159, "sup": 0.0, "lr": 0.0005, "time": 1790980280.1233}
{"type": "train", "epoch": 368, "loss": 0.97093, "obj": 0.97093, "sup": 0.0, "lr": 0.0005, "time": 1790980280.39984}
{"type": "train", "epoch": 369, "loss": 0.97255, "obj": 0.97255, "sup": 0.0, "lr": 0.0005, "time": 1790980280.7334}
{"type": "train", "epoch": 370, "loss": 0.97157, "obj": 0.97157, "sup": 0.0, "lr": 0.0005, "time": 1790980281.05872}
{"type": "train", "epoch": 371, "loss": 0.97182, "obj": 0.97182, "sup": 0.0, "lr": 0.0005, "time": 1790980281.36699}
{"type": "train", "epoch": 372, "loss": 0.97149, "obj": 0.97149, "sup": 0.0, "lr": 0.0005, "time": 1790980281.68515}
{"type": "train", "epoch": 373, "loss": 0.97169, "obj": 0.97169, "sup": 0.0, "lr": 0.0005, "time": 1790980281.94608}
{"type": "train", "epoch": 374, "loss": 0.9711, "obj": 0.9711, "sup": 0.0, "lr": 0.0005, "time": 1790980282.20891}
{"type": "train", "epoch": 375, "loss": 0.97136, "obj": 0.97136, "sup": 0.0, "lr": 0.0005, "time": 1790980282.48048}
{"type": "train", "epoch": 376, "loss": 0.97268, "obj": 0.97268, "sup": 0.0, "lr": 0.0005, "time": 1790980282.75927}
{"type": "train", "epoch": 377, "loss": 0.97139, "obj": 0.97139, "sup": 0.0, "lr": 0.0005, "time": 1790980283.03295}
{"type": "train", "epoch": 378, "loss": 0.97253, "obj": 0.97253, "sup": 0.0, "lr": 0.0005, "time": 1790980283.37105}
{"type": "train", "epoch": 379, "loss": 0.97024, "obj": 0.97024, "sup": 0.0, "lr": 0.0005, "time": 1790980283.65873}
{"type": "train", "epoch": 380, "loss": 0.9714, "obj": 0.9714, "sup": 0.0, "lr": 0.0005, "time": 1790980283.92708}
{"type": "train", "epoch": 381, "loss": 0.97499, "obj": 0.97499, "sup": 0.0, "lr": 0.0005, "time": 1790980284.26307}
{"type": "train", "epoch": 382, "loss": 0.97056, "obj": 0.97056, "sup": 0.0, "lr": 0.0005, "time": 1790980284.58652}
{"type": "train", "epoch": 383, "loss": 0.97364, "obj": 0.97364, "sup": 0.0, "lr": 0.0005, "time": 1790980284.87498}
{"type": "train", "epoch": 384, "loss": 0.97191, "obj": 0.97191, "sup": 0.0, "lr": 0.0005, "time": 1790980285.17147}
{"type": "train", "epoch": 385, "loss": 0.97093, "obj": 0.97093, "sup": 0.0, "lr": 0.0005, "time": 1790980285.43144}
{"type": "train", "epoch": 386, "loss": 0.97267, "obj": 0.97267, "sup": 0.0, "lr": 0.0005, "time": 1790980285.71945}
{"type": "train", "epoch": 387, "loss": 0.97036, "obj": 0.97036, "sup": 0.0, "lr": 0.0005, "time": 1790980286.07503}
{"type": "train", "epoch": 388, "loss": 0.97232, "obj": 0.97232, "sup": 0.0, "lr": 0.0005, "time": 1790980286.37497}
{"type": "train", "epoch": 389, "loss": 0.97166, "obj": 0.97166, "sup": 0.0, "lr": 0.0005, "time": 1790980286.64213}
{"type": "train", "epoch": 390, "loss": 0.97255, "obj": 0.97255, "sup": 0.0, "lr": 0.0005, "time": 1790980286.90238}
{"type": "train", "epoch": 391, "loss": 0.97254, "obj": 0.97254, "sup": 0.0, "lr": 0.0005, "time": 1790980287.16309}
{"type": "train", "epoch": 392, "loss": 0.97181, "obj": 0.97181, "sup": 0.0, "lr": 0.0005, "time": 1790980287.4527}
{"type": "train", "epoch": 393, "loss": 0.97222, "obj": 0.97222, "sup": 0.0, "lr": 0.0005, "time": 1790980287.71257}
{"type": "train", "epoch": 394, "loss": 0.97179, "obj": 0.97179, "sup": 0.0, "lr": 0.0005, "time": 1790980288.00358}
{"type": "train", "epoch": 395, "loss": 0.97175, "obj": 0.97175, "sup": 0.0, "lr": 0.0005, "time": 1790980288.26501}
{"type": "train", "epoch": 396, "loss": 0.97279, "obj": 0.97279, "sup": 0.0, "lr": 0.0005, "time": 1790980288.57503}
{"type": "train", "epoch": 397, "loss": 0.97216, "obj": 0.97216, "sup": 0.0, "lr": 0.0005, "time": 1790980288.9366}
{"type": "train", "epoch": 398, "loss": 0.97293, "obj": 0.97293, "sup": 0.0, "lr": 0.0005, "time": 1790980289.2157}
{"type": "train", "epoch": 399, "loss": 0.973, "obj": 0.973, "sup": 0.0, "lr": 0.0005, "time": 1790980289.51208}
{"type": "train", "epoch": 400, "loss": 0.97339, "obj": 0.97339, "sup": 0.0, "lr": 0.0005, "time": 1790980290.89279, "train_resid_median": 0.98353, "train_resid_mean": 0.98582, "train_imag_median": 0.04569, "train_obj_median": 0.97101, "train_u_loss_to_label_median": 0.96766, "val_resid_median": 0.98665, "val_resid_mean": 0.98802, "val_imag_median": 0.04706, "val_obj_median": 0.9778, "val_u_loss_to_label_median": 0.96673}
{"type": "train", "epoch": 401, "loss": 0.97357, "obj": 0.97357, "sup": 0.0, "lr": 0.0005, "time": 1790980291.26289}
{"type": "train", "epoch": 402, "loss": 0.97505, "obj": 0.97505, "sup": 0.0, "lr": 0.0005, "time": 1790980291.58828}
{"type": "train", "epoch": 403, "loss": 0.97382, "obj": 0.97382, "sup": 0.0, "lr": 0.0005, "time": 1790980291.96503}
{"type": "train", "epoch": 404, "loss": 0.97323, "obj": 0.97323, "sup": 0.0, "lr": 0.0005, "time": 1790980292.33816}
{"type": "train", "epoch": 405, "loss": 0.97141, "obj": 0.97141, "sup": 0.0, "lr": 0.0005, "time": 1790980292.67413}
{"type": "train", "epoch": 406, "loss": 0.97087, "obj": 0.97087, "sup": 0.0, "lr": 0.0005, "time": 1790980293.1264}
{"type": "train", "epoch": 407, "loss": 0.97204, "obj": 0.97204, "sup": 0.0, "lr": 0.0005, "time": 1790980293.48484}
{"type": "train", "epoch": 408, "loss": 0.97074, "obj": 0.97074, "sup": 0.0, "lr": 0.0005, "time": 1790980293.76224}
{"type": "train", "epoch": 409, "loss": 0.9716, "obj": 0.9716, "sup": 0.0, "lr": 0.0005, "time": 1790980294.10702}
{"type": "train", "epoch": 410, "loss": 0.97343, "obj": 0.97343, "sup": 0.0, "lr": 0.0005, "time": 1790980294.49107}
{"type": "train", "epoch": 411, "loss": 0.97324, "obj": 0.97324, "sup": 0.0, "lr": 0.0005, "time": 1790980294.875}
{"type": "train", "epoch": 412, "loss": 0.97097, "obj": 0.97097, "sup": 0.0, "lr": 0.0005, "time": 1790980295.19097}
{"type": "train", "epoch": 413, "loss": 0.97292, "obj": 0.97292, "sup": 0.0, "lr": 0.0005, "time": 1790980295.49974}
{"type": "train", "epoch": 414, "loss": 0.97136, "obj": 0.97136, "sup": 0.0, "lr": 0.0005, "time": 1790980295.79107}
{"type": "train", "epoch": 415, "loss": 0.97213, "obj": 0.97213, "sup": 0.0, "lr": 0.0005, "time": 1790980296.10701}
{"type": "train", "epoch": 416, "loss": 0.9707, "obj": 0.9707, "sup": 0.0, "lr": 0.0005, "time": 1790980296.48295}
{"type": "train", "epoch": 417, "loss": 0.97175, "obj": 0.97175, "sup": 0.0, "lr": 0.0005, "time": 1790980296.83897}
{"type": "train", "epoch": 418, "loss": 0.97187, "obj": 0.97187, "sup": 0.0, "lr": 0.0005, "time": 1790980297.18977}
{"type": "train", "epoch": 419, "loss": 0.97212, "obj": 0.97212, "sup": 0.0, "lr": 0.0005, "time": 1790980297.50552}
{"type": "train", "epoch": 420, "loss": 0.97044, "obj": 0.97044, "sup": 0.0, "lr": 0.0005, "time": 1790980297.86125}
{"type": "train", "epoch": 421, "loss": 0.97048, "obj": 0.97048, "sup": 0.0, "lr": 0.0005, "time": 1790980298.12055}
{"type": "train", "epoch": 422, "loss": 0.97136, "obj": 0.97136, "sup": 0.0, "lr": 0.0005, "time": 1790980298.38662}
{"type": "train", "epoch": 423, "loss": 0.9709, "obj": 0.9709, "sup": 0.0, "lr": 0.0005, "time": 1790980298.6681}
{"type": "train", "epoch": 424, "loss": 0.97096, "obj": 0.97096, "sup": 0.0, "lr": 0.0005, "time": 1790980298.95107}
{"type": "train", "epoch": 425, "loss": 0.97065, "obj": 0.97065, "sup": 0.0, "lr": 0.0005, "time": 1790980299.36309}
{"type": "train", "epoch": 426, "loss": 0.97036, "obj": 0.97036, "sup": 0.0, "lr": 0.0005, "time": 1790980299.73797}
{"type": "train", "epoch": 427, "loss": 0.97077, "obj": 0.97077, "sup": 0.0, "lr": 0.0005, "time": 1790980300.0138}
{"type": "train", "epoch": 428, "loss": 0.97008, "obj": 0.97008, "sup": 0.0, "lr": 0.0005, "time": 1790980300.29939}
{"type": "train", "epoch": 429, "loss": 0.97068, "obj": 0.97068, "sup": 0.0, "lr": 0.0005, "time": 1790980300.56074}
{"type": "train", "epoch": 430, "loss": 0.96998, "obj": 0.96998, "sup": 0.0, "lr": 0.0005, "time": 1790980300.82585}
{"type": "train", "epoch": 431, "loss": 0.97055, "obj": 0.97055, "sup": 0.0, "lr": 0.0005, "time": 1790980301.0872}
{"type": "train", "epoch": 432, "loss": 0.97004, "obj": 0.97004, "sup": 0.0, "lr": 0.0005, "time": 1790980301.35109}
{"type": "train", "epoch": 433, "loss": 0.96997, "obj": 0.96997, "sup": 0.0, "lr": 0.0005, "time": 1790980301.65589}
{"type": "train", "epoch": 434, "loss": 0.96993, "obj": 0.96993, "sup": 0.0, "lr": 0.0005, "time": 1790980301.94079}
{"type": "train", "epoch": 435, "loss": 0.97023, "obj": 0.97023, "sup": 0.0, "lr": 0.0005, "time": 1790980302.20376}
{"type": "train", "epoch": 436, "loss": 0.96993, "obj": 0.96993, "sup": 0.0, "lr": 0.0005, "time": 1790980302.46558}
{"type": "train", "epoch": 437, "loss": 0.97049, "obj": 0.97049, "sup": 0.0, "lr": 0.0005, "time": 1790980302.72748}
{"type": "train", "epoch": 438, "loss": 0.96984, "obj": 0.96984, "sup": 0.0, "lr": 0.0005, "time": 1790980302.99898}
{"type": "train", "epoch": 439, "loss": 0.97032, "obj": 0.97032, "sup": 0.0, "lr": 0.0005, "time": 1790980303.33957}
{"type": "train", "epoch": 440, "loss": 0.96982, "obj": 0.96982, "sup": 0.0, "lr": 0.0005, "time": 1790980303.64296}
{"type": "train", "epoch": 441, "loss": 0.96996, "obj": 0.96996, "sup": 0.0, "lr": 0.0005, "time": 1790980303.97505}
{"type": "train", "epoch": 442, "loss": 0.96994, "obj": 0.96994, "sup": 0.0, "lr": 0.0005, "time": 1790980304.29508}
{"type": "train", "epoch": 443, "loss": 0.9705, "obj": 0.9705, "sup": 0.0, "lr": 0.0005, "time": 1790980304.63109}
{"type": "train", "epoch": 444, "loss": 0.97175, "obj": 0.97175, "sup": 0.0, "lr": 0.0005, "time": 1790980304.90056}
{"type": "train", "epoch": 445, "loss": 0.96995, "obj": 0.96995, "sup": 0.0, "lr": 0.0005, "time": 1790980305.183}
{"type": "train", "epoch": 446, "loss": 0.97076, "obj": 0.97076, "sup": 0.0, "lr": 0.0005, "time": 1790980305.54699}
{"type": "train", "epoch": 447, "loss": 0.97178, "obj": 0.97178, "sup": 0.0, "lr": 0.0005, "time": 1790980305.84695}
{"type": "train", "epoch": 448, "loss": 0.97071, "obj": 0.97071, "sup": 0.0, "lr": 0.0005, "time": 1790980306.1636}
{"type": "train", "epoch": 449, "loss": 0.97228, "obj": 0.97228, "sup": 0.0, "lr": 0.0005, "time": 1790980306.51598}
{"type": "train", "epoch": 450, "loss": 0.97141, "obj": 0.97141, "sup": 0.0, "lr": 0.0005, "time": 1790980307.71463, "train_resid_median": 0.98326, "train_resid_mean": 0.98455, "train_imag_median": 0.03593, "train_obj_median": 0.96949, "train_u_loss_to_label_median": 0.96838, "val_resid_median": 0.98978, "val_resid_mean": 0.98964, "val_imag_median": 0.0364, "val_obj_median": 0.98226, "val_u_loss_to_label_median": 0.96676}
{"type": "train", "epoch": 451, "loss": 0.97251, "obj": 0.97251, "sup": 0.0, "lr": 0.0005, "time": 1790980308.04786}
{"type": "train", "epoch": 452, "loss": 0.97098, "obj": 0.97098, "sup": 0.0, "lr": 0.0005, "time": 1790980308.40703}
{"type": "train", "epoch": 453, "loss": 0.97144, "obj": 0.97144, "sup": 0.0, "lr": 0.0005, "time": 1790980308.80119}
{"type": "train", "epoch": 454, "loss": 0.9706, "obj": 0.9706, "sup": 0.0, "lr": 0.0005, "time": 1790980309.17896}
{"type": "train", "epoch": 455, "loss": 0.97059, "obj": 0.97059, "sup": 0.0, "lr": 0.0005, "time": 1790980309.48007}
{"type": "train", "epoch": 456, "loss": 0.97112, "obj": 0.97112, "sup": 0.0, "lr": 0.0005, "time": 1790980309.78301}
{"type": "train", "epoch": 457, "loss": 0.97097, "obj": 0.97097, "sup": 0.0, "lr": 0.0005, "time": 1790980310.12343}
{"type": "train", "epoch": 458, "loss": 0.97066, "obj": 0.97066, "sup": 0.0, "lr": 0.0005, "time": 1790980310.45014}
{"type": "train", "epoch": 459, "loss": 0.971, "obj": 0.971, "sup": 0.0, "lr": 0.0005, "time": 1790980310.7789}
{"type": "train", "epoch": 460, "loss": 0.97088, "obj": 0.97088, "sup": 0.0, "lr": 0.0005, "time": 1790980311.11458}
{"type": "train", "epoch": 461, "loss": 0.97044, "obj": 0.97044, "sup": 0.0, "lr": 0.0005, "time": 1790980311.40561}
{"type": "train", "epoch": 462, "loss": 0.97091, "obj": 0.97091, "sup": 0.0, "lr": 0.0005, "time": 1790980311.70437}
{"type": "train", "epoch": 463, "loss": 0.97011, "obj": 0.97011, "sup": 0.0, "lr": 0.0005, "time": 1790980312.02115}
{"type": "train", "epoch": 464, "loss": 0.97067, "obj": 0.97067, "sup": 0.0, "lr": 0.0005, "time": 1790980312.30389}
{"type": "train", "epoch": 465, "loss": 0.97024, "obj": 0.97024, "sup": 0.0, "lr": 0.0005, "time": 1790980312.60759}
{"type": "train", "epoch": 466, "loss": 0.97077, "obj": 0.97077, "sup": 0.0, "lr": 0.0005, "time": 1790980312.90699}
{"type": "train", "epoch": 467, "loss": 0.97038, "obj": 0.97038, "sup": 0.0, "lr": 0.0005, "time": 1790980313.22871}
{"type": "train", "epoch": 468, "loss": 0.97103, "obj": 0.97103, "sup": 0.0, "lr": 0.0005, "time": 1790980313.5124}
{"type": "train", "epoch": 469, "loss": 0.9714, "obj": 0.9714, "sup": 0.0, "lr": 0.0005, "time": 1790980313.77823}
{"type": "train", "epoch": 470, "loss": 0.97081, "obj": 0.97081, "sup": 0.0, "lr": 0.0005, "time": 1790980314.04095}
{"type": "train", "epoch": 471, "loss": 0.97064, "obj": 0.97064, "sup": 0.0, "lr": 0.0005, "time": 1790980314.38126}
{"type": "train", "epoch": 472, "loss": 0.97026, "obj": 0.97026, "sup": 0.0, "lr": 0.0005, "time": 1790980314.65403}
{"type": "train", "epoch": 473, "loss": 0.97018, "obj": 0.97018, "sup": 0.0, "lr": 0.0005, "time": 1790980314.95869}
{"type": "train", "epoch": 474, "loss": 0.97023, "obj": 0.97023, "sup": 0.0, "lr": 0.0005, "time": 1790980315.27693}
{"type": "train", "epoch": 475, "loss": 0.97012, "obj": 0.97012, "sup": 0.0, "lr": 0.0005, "time": 1790980315.59223}
{"type": "train", "epoch": 476, "loss": 0.97019, "obj": 0.97019, "sup": 0.0, "lr": 0.0005, "time": 1790980315.90367}
{"type": "train", "epoch": 477, "loss": 0.97012, "obj": 0.97012, "sup": 0.0, "lr": 0.0005, "time": 1790980316.16382}
{"type": "train", "epoch": 478, "loss": 0.97027, "obj": 0.97027, "sup": 0.0, "lr": 0.0005, "time": 1790980316.42886}
{"type": "train", "epoch": 479, "loss": 0.97066, "obj": 0.97066, "sup": 0.0, "lr": 0.0005, "time": 1790980316.71053}
{"type": "train", "epoch": 480, "loss": 0.97019, "obj": 0.97019, "sup": 0.0, "lr": 0.0005, "time": 1790980317.04213}
{"type": "train", "epoch": 481, "loss": 0.97033, "obj": 0.97033, "sup": 0.0, "lr": 0.0005, "time": 1790980317.40617}
{"type": "train", "epoch": 482, "loss": 0.96997, "obj": 0.96997, "sup": 0.0, "lr": 0.0005, "time": 1790980317.66698}
{"type": "train", "epoch": 483, "loss": 0.97028, "obj": 0.97028, "sup": 0.0, "lr": 0.0005, "time": 1790980317.92877}
{"type": "train", "epoch": 484, "loss": 0.96978, "obj": 0.96978, "sup": 0.0, "lr": 0.0005, "time": 1790980318.20091}
{"type": "train", "epoch": 485, "loss": 0.97054, "obj": 0.97054, "sup": 0.0, "lr": 0.0005, "time": 1790980318.46485}
{"type": "train", "epoch": 486, "loss": 0.97043, "obj": 0.97043, "sup": 0.0, "lr": 0.0005, "time": 1790980318.72495}
{"type": "train", "epoch": 487, "loss": 0.97043, "obj": 0.97043, "sup": 0.0, "lr": 0.0005, "time": 1790980318.98436}
{"type": "train", "epoch": 488, "loss": 0.97006, "obj": 0.97006, "sup": 0.0, "lr": 0.0005, "time": 1790980319.24418}
{"type": "train", "epoch": 489, "loss": 0.97048, "obj": 0.97048, "sup": 0.0, "lr": 0.0005, "time": 1790980319.50477}
{"type": "train", "epoch": 490, "loss": 0.9708, "obj": 0.9708, "sup": 0.0, "lr": 0.0005, "time": 1790980319.79909}
{"type": "train", "epoch": 491, "loss": 0.97006, "obj": 0.97006, "sup": 0.0, "lr": 0.0005, "time": 1790980320.08704}
{"type": "train", "epoch": 492, "loss": 0.97023, "obj": 0.97023, "sup": 0.0, "lr": 0.0005, "time": 1790980320.35693}
{"type": "train", "epoch": 493, "loss": 0.97029, "obj": 0.97029, "sup": 0.0, "lr": 0.0005, "time": 1790980320.72298}
{"type": "train", "epoch": 494, "loss": 0.97109, "obj": 0.97109, "sup": 0.0, "lr": 0.0005, "time": 1790980321.01028}
{"type": "train", "epoch": 495, "loss": 0.97098, "obj": 0.97098, "sup": 0.0, "lr": 0.0005, "time": 1790980321.31042}
{"type": "train", "epoch": 496, "loss": 0.97006, "obj": 0.97006, "sup": 0.0, "lr": 0.0005, "time": 1790980321.5787}
{"type": "train", "epoch": 497, "loss": 0.97152, "obj": 0.97152, "sup": 0.0, "lr": 0.0005, "time": 1790980321.84666}
{"type": "train", "epoch": 498, "loss": 0.97002, "obj": 0.97002, "sup": 0.0, "lr": 0.0005, "time": 1790980322.1156}
{"type": "train", "epoch": 499, "loss": 0.97045, "obj": 0.97045, "sup": 0.0, "lr": 0.0005, "time": 1790980322.40502}
{"type": "train", "epoch": 500, "loss": 0.97035, "obj": 0.97035, "sup": 0.0, "lr": 0.0005, "time": 1790980323.57441, "train_resid_median": 0.98154, "train_resid_mean": 0.98347, "train_imag_median": 0.02982, "train_obj_median": 0.96709, "train_u_loss_to_label_median": 0.96813, "val_resid_median": 0.988, "val_resid_mean": 0.98814, "val_imag_median": 0.03025, "val_obj_median": 0.97945, "val_u_loss_to_label_median": 0.96675}
