{"type": "start", "n_params": 3248757, "n_train": 64, "n_val": 141, "steps": 4000, "time": 1790986481.39347}
{"type": "eval", "epoch": 0, "train_resid_median": 0.91245, "train_resid_mean": 0.9112, "train_imag_median": 0.0, "train_obj_median": 0.85051, "train_u_loss_to_label_median": 0.65459, "val_resid_median": 0.91945, "val_resid_mean": 0.91359, "val_imag_median": 0.0, "val_obj_median": 0.8634, "val_u_loss_to_label_median": 0.66176, "time": 1790986482.80241}
{"type": "train", "epoch": 1, "loss": 1.49456, "obj": 0.0, "sup": 1.49456, "lr": 2e-05, "time": 1790986483.89996}
{"type": "train", "epoch": 2, "loss": 1.41351, "obj": 0.0, "sup": 1.41351, "lr": 4e-05, "time": 1790986484.91834}
{"type": "train", "epoch": 3, "loss": 1.24861, "obj": 0.0, "sup": 1.24861, "lr": 6e-05, "time": 1790986485.94148}
{"type": "train", "epoch": 4, "loss": 1.11848, "obj": 0.0, "sup": 1.11848, "lr": 8e-05, "time": 1790986486.96344}
{"type": "train", "epoch": 5, "loss": 1.07088, "obj": 0.0, "sup": 1.07088, "lr": 0.0001, "time": 1790986487.98597}
{"type": "train", "epoch": 6, "loss": 1.05994, "obj": 0.0, "sup": 1.05994, "lr": 0.00012, "time": 1790986489.00853}
{"type": "train", "epoch": 7, "loss": 1.04825, "obj": 0.0, "sup": 1.04825, "lr": 0.00014, "time": 1790986490.03487}
{"type": "train", "epoch": 8, "loss": 1.02735, "obj": 0.0, "sup": 1.02735, "lr": 0.00016, "time": 1790986491.06125}
{"type": "train", "epoch": 9, "loss": 0.98612, "obj": 0.0, "sup": 0.98612, "lr": 0.00018, "time": 1790986492.08829}
{"type": "train", "epoch": 10, "loss": 0.96387, "obj": 0.0, "sup": 0.96387, "lr": 0.0002, "time": 1790986493.11314}
{"type": "train", "epoch": 11, "loss": 0.94998, "obj": 0.0, "sup": 0.94998, "lr": 0.00022, "time": 1790986494.13984}
{"type": "train", "epoch": 12, "loss": 0.94886, "obj": 0.0, "sup": 0.94886, "lr": 0.00024, "time": 1790986495.16439}
{"type": "train", "epoch": 13, "loss": 0.94338, "obj": 0.0, "sup": 0.94338, "lr": 0.00026, "time": 1790986496.18986}
{"type": "train", "epoch": 14, "loss": 0.93101, "obj": 0.0, "sup": 0.93101, "lr": 0.00028, "time": 1790986497.21559}
{"type": "train", "epoch": 15, "loss": 0.92818, "obj": 0.0, "sup": 0.92818, "lr": 0.0003, "time": 1790986498.24184}
{"type": "train", "epoch": 16, "loss": 0.9273, "obj": 0.0, "sup": 0.9273, "lr": 0.00032, "time": 1790986499.27233}
{"type": "train", "epoch": 17, "loss": 0.92443, "obj": 0.0, "sup": 0.92443, "lr": 0.00034, "time": 1790986500.2982}
{"type": "train", "epoch": 18, "loss": 0.92245, "obj": 0.0, "sup": 0.92245, "lr": 0.00036, "time": 1790986501.32627}
{"type": "train", "epoch": 19, "loss": 0.92048, "obj": 0.0, "sup": 0.92048, "lr": 0.00038, "time": 1790986502.35418}
{"type": "train", "epoch": 20, "loss": 0.91971, "obj": 0.0, "sup": 0.91971, "lr": 0.0004, "time": 1790986503.38375}
{"type": "train", "epoch": 21, "loss": 0.91691, "obj": 0.0, "sup": 0.91691, "lr": 0.00042, "time": 1790986504.41161}
{"type": "train", "epoch": 22, "loss": 0.91821, "obj": 0.0, "sup": 0.91821, "lr": 0.00044, "time": 1790986505.44039}
{"type": "train", "epoch": 23, "loss": 0.91697, "obj": 0.0, "sup": 0.91697, "lr": 0.00046, "time": 1790986506.46866}
{"type": "train", "epoch": 24, "loss": 0.91532, "obj": 0.0, "sup": 0.91532, "lr": 0.00048, "time": 1790986507.49763}
{"type": "train", "epoch": 25, "loss": 0.91543, "obj": 0.0, "sup": 0.91543, "lr": 0.0005, "time": 1790986509.70329, "train_resid_median": 1.00059, "train_resid_mean": 1.00196, "train_imag_median": 0.01069, "train_obj_median": 1.03189, "train_u_loss_to_label_median": 0.65461, "val_resid_median": 1.04694, "val_resid_mean": 1.02331, "val_imag_median": 0.01096, "val_obj_median": 1.1292, "val_u_loss_to_label_median": 0.66136}
{"type": "train", "epoch": 26, "loss": 0.91289, "obj": 0.0, "sup": 0.91289, "lr": 0.0005, "time": 1790986510.73578}
{"type": "train", "epoch": 27, "loss": 0.91192, "obj": 0.0, "sup": 0.91192, "lr": 0.0005, "time": 1790986511.76554}
{"type": "train", "epoch": 28, "loss": 0.91173, "obj": 0.0, "sup": 0.91173, "lr": 0.0005, "time": 1790986512.79446}
{"type": "train", "epoch": 29, "loss": 0.91146, "obj": 0.0, "sup": 0.91146, "lr": 0.0005, "time": 1790986513.82566}
{"type": "train", "epoch": 30, "loss": 0.9125, "obj": 0.0, "sup": 0.9125, "lr": 0.0005, "time": 1790986514.85365}
{"type": "train", "epoch": 31, "loss": 0.91249, "obj": 0.0, "sup": 0.91249, "lr": 0.0005, "time": 1790986515.88355}
{"type": "train", "epoch": 32, "loss": 0.9148, "obj": 0.0, "sup": 0.9148, "lr": 0.0005, "time": 1790986516.91263}
{"type": "train", "epoch": 33, "loss": 0.91406, "obj": 0.0, "sup": 0.91406, "lr": 0.0005, "time": 1790986517.94699}
{"type": "train", "epoch": 34, "loss": 0.90988, "obj": 0.0, "sup": 0.90988, "lr": 0.0005, "time": 1790986518.98163}
{"type": "train", "epoch": 35, "loss": 0.90991, "obj": 0.0, "sup": 0.90991, "lr": 0.0005, "time": 1790986520.01626}
{"type": "train", "epoch": 36, "loss": 0.91109, "obj": 0.0, "sup": 0.91109, "lr": 0.0005, "time": 1790986521.05112}
{"type": "train", "epoch": 37, "loss": 0.91019, "obj": 0.0, "sup": 0.91019, "lr": 0.0005, "time": 1790986522.0876}
{"type": "train", "epoch": 38, "loss": 0.90984, "obj": 0.0, "sup": 0.90984, "lr": 0.0005, "time": 1790986523.12647}
{"type": "train", "epoch": 39, "loss": 0.90962, "obj": 0.0, "sup": 0.90962, "lr": 0.0005, "time": 1790986524.16648}
{"type": "train", "epoch": 40, "loss": 0.90712, "obj": 0.0, "sup": 0.90712, "lr": 0.0005, "time": 1790986525.20676}
{"type": "train", "epoch": 41, "loss": 0.90721, "obj": 0.0, "sup": 0.90721, "lr": 0.0005, "time": 1790986526.23233}
{"type": "train", "epoch": 42, "loss": 0.91035, "obj": 0.0, "sup": 0.91035, "lr": 0.0005, "time": 1790986527.25877}
{"type": "train", "epoch": 43, "loss": 0.90921, "obj": 0.0, "sup": 0.90921, "lr": 0.0005, "time": 1790986528.27421}
{"type": "train", "epoch": 44, "loss": 0.90851, "obj": 0.0, "sup": 0.90851, "lr": 0.0005, "time": 1790986529.29281}
{"type": "train", "epoch": 45, "loss": 0.90988, "obj": 0.0, "sup": 0.90988, "lr": 0.0005, "time": 1790986530.31353}
{"type": "train", "epoch": 46, "loss": 0.90704, "obj": 0.0, "sup": 0.90704, "lr": 0.0005, "time": 1790986531.33399}
{"type": "train", "epoch": 47, "loss": 0.90474, "obj": 0.0, "sup": 0.90474, "lr": 0.0005, "time": 1790986532.36064}
{"type": "train", "epoch": 48, "loss": 0.90669, "obj": 0.0, "sup": 0.90669, "lr": 0.0005, "time": 1790986533.39041}
{"type": "train", "epoch": 49, "loss": 0.90826, "obj": 0.0, "sup": 0.90826, "lr": 0.0005, "time": 1790986534.40951}
{"type": "train", "epoch": 50, "loss": 0.90784, "obj": 0.0, "sup": 0.90784, "lr": 0.0005, "time": 1790986536.51628, "train_resid_median": 1.01504, "train_resid_mean": 1.01307, "train_imag_median": 0.02885, "train_obj_median": 1.06426, "train_u_loss_to_label_median": 0.65362, "val_resid_median": 1.06254, "val_resid_mean": 1.03803, "val_imag_median": 0.03003, "val_obj_median": 1.16473, "val_u_loss_to_label_median": 0.66332}
{"type": "train", "epoch": 51, "loss": 0.90694, "obj": 0.0, "sup": 0.90694, "lr": 0.0005, "time": 1790986537.55276}
{"type": "train", "epoch": 52, "loss": 0.90559, "obj": 0.0, "sup": 0.90559, "lr": 0.0005, "time": 1790986538.59381}
{"type": "train", "epoch": 53, "loss": 0.90096, "obj": 0.0, "sup": 0.90096, "lr": 0.0005, "time": 1790986539.63563}
{"type": "train", "epoch": 54, "loss": 0.90071, "obj": 0.0, "sup": 0.90071, "lr": 0.0005, "time": 1790986540.66408}
{"type": "train", "epoch": 55, "loss": 0.90028, "obj": 0.0, "sup": 0.90028, "lr": 0.0005, "time": 1790986541.68458}
{"type": "train", "epoch": 56, "loss": 0.90131, "obj": 0.0, "sup": 0.90131, "lr": 0.0005, "time": 1790986542.69924}
{"type": "train", "epoch": 57, "loss": 0.89971, "obj": 0.0, "sup": 0.89971, "lr": 0.0005, "time": 1790986543.72326}
{"type": "train", "epoch": 58, "loss": 0.89686, "obj": 0.0, "sup": 0.89686, "lr": 0.0005, "time": 1790986544.74316}
{"type": "train", "epoch": 59, "loss": 0.89456, "obj": 0.0, "sup": 0.89456, "lr": 0.0005, "time": 1790986545.76986}
{"type": "train", "epoch": 60, "loss": 0.90018, "obj": 0.0, "sup": 0.90018, "lr": 0.0005, "time": 1790986546.78735}
{"type": "train", "epoch": 61, "loss": 0.89721, "obj": 0.0, "sup": 0.89721, "lr": 0.0005, "time": 1790986547.82209}
{"type": "train", "epoch": 62, "loss": 0.89747, "obj": 0.0, "sup": 0.89747, "lr": 0.0005, "time": 1790986548.85343}
{"type": "train", "epoch": 63, "loss": 0.89941, "obj": 0.0, "sup": 0.89941, "lr": 0.0005, "time": 1790986549.87618}
{"type": "train", "epoch": 64, "loss": 0.8943, "obj": 0.0, "sup": 0.8943, "lr": 0.0005, "time": 1790986550.89318}
{"type": "train", "epoch": 65, "loss": 0.8942, "obj": 0.0, "sup": 0.8942, "lr": 0.0005, "time": 1790986551.91697}
{"type": "train", "epoch": 66, "loss": 0.89153, "obj": 0.0, "sup": 0.89153, "lr": 0.0005, "time": 1790986552.93679}
{"type": "train", "epoch": 67, "loss": 0.89412, "obj": 0.0, "sup": 0.89412, "lr": 0.0005, "time": 1790986553.96911}
{"type": "train", "epoch": 68, "loss": 0.90294, "obj": 0.0, "sup": 0.90294, "lr": 0.0005, "time": 1790986554.99551}
{"type": "train", "epoch": 69, "loss": 0.89646, "obj": 0.0, "sup": 0.89646, "lr": 0.0005, "time": 1790986556.03082}
{"type": "train", "epoch": 70, "loss": 0.89356, "obj": 0.0, "sup": 0.89356, "lr": 0.0005, "time": 1790986557.07223}
{"type": "train", "epoch": 71, "loss": 0.88842, "obj": 0.0, "sup": 0.88842, "lr": 0.0005, "time": 1790986558.09463}
{"type": "train", "epoch": 72, "loss": 0.88278, "obj": 0.0, "sup": 0.88278, "lr": 0.0005, "time": 1790986559.13161}
{"type": "train", "epoch": 73, "loss": 0.88299, "obj": 0.0, "sup": 0.88299, "lr": 0.0005, "time": 1790986560.17046}
{"type": "train", "epoch": 74, "loss": 0.87929, "obj": 0.0, "sup": 0.87929, "lr": 0.0005, "time": 1790986561.2077}
{"type": "train", "epoch": 75, "loss": 0.87578, "obj": 0.0, "sup": 0.87578, "lr": 0.0005, "time": 1790986563.41103, "train_resid_median": 0.95613, "train_resid_mean": 0.95597, "train_imag_median": 0.02732, "train_obj_median": 0.93579, "train_u_loss_to_label_median": 0.65161, "val_resid_median": 0.99783, "val_resid_mean": 0.98249, "val_imag_median": 0.02729, "val_obj_median": 1.0211, "val_u_loss_to_label_median": 0.66369}
{"type": "train", "epoch": 76, "loss": 0.87017, "obj": 0.0, "sup": 0.87017, "lr": 0.0005, "time": 1790986564.45182}
{"type": "train", "epoch": 77, "loss": 0.87278, "obj": 0.0, "sup": 0.87278, "lr": 0.0005, "time": 1790986565.49048}
{"type": "train", "epoch": 78, "loss": 0.87245, "obj": 0.0, "sup": 0.87245, "lr": 0.0005, "time": 1790986566.52844}
{"type": "train", "epoch": 79, "loss": 0.87097, "obj": 0.0, "sup": 0.87097, "lr": 0.0005, "time": 1790986567.56838}
{"type": "train", "epoch": 80, "loss": 0.86361, "obj": 0.0, "sup": 0.86361, "lr": 0.0005, "time": 1790986568.60999}
{"type": "train", "epoch": 81, "loss": 0.85479, "obj": 0.0, "sup": 0.85479, "lr": 0.0005, "time": 1790986569.65282}
{"type": "train", "epoch": 82, "loss": 0.853, "obj": 0.0, "sup": 0.853, "lr": 0.0005, "time": 1790986570.69773}
{"type": "train", "epoch": 83, "loss": 0.85641, "obj": 0.0, "sup": 0.85641, "lr": 0.0005, "time": 1790986571.74132}
{"type": "train", "epoch": 84, "loss": 0.84616, "obj": 0.0, "sup": 0.84616, "lr": 0.0005, "time": 1790986572.78663}
{"type": "train", "epoch": 85, "loss": 0.83768, "obj": 0.0, "sup": 0.83768, "lr": 0.0005, "time": 1790986573.83121}
{"type": "train", "epoch": 86, "loss": 0.83413, "obj": 0.0, "sup": 0.83413, "lr": 0.0005, "time": 1790986574.87745}
{"type": "train", "epoch": 87, "loss": 0.83474, "obj": 0.0, "sup": 0.83474, "lr": 0.0005, "time": 1790986575.92395}
{"type": "train", "epoch": 88, "loss": 0.82561, "obj": 0.0, "sup": 0.82561, "lr": 0.0005, "time": 1790986576.96981}
{"type": "train", "epoch": 89, "loss": 0.81781, "obj": 0.0, "sup": 0.81781, "lr": 0.0005, "time": 1790986578.01617}
{"type": "train", "epoch": 90, "loss": 0.81424, "obj": 0.0, "sup": 0.81424, "lr": 0.0005, "time": 1790986579.06271}
{"type": "train", "epoch": 91, "loss": 0.80178, "obj": 0.0, "sup": 0.80178, "lr": 0.0005, "time": 1790986580.11018}
{"type": "train", "epoch": 92, "loss": 0.79676, "obj": 0.0, "sup": 0.79676, "lr": 0.0005, "time": 1790986581.15667}
{"type": "train", "epoch": 93, "loss": 0.78612, "obj": 0.0, "sup": 0.78612, "lr": 0.0005, "time": 1790986582.20634}
{"type": "train", "epoch": 94, "loss": 0.78128, "obj": 0.0, "sup": 0.78128, "lr": 0.0005, "time": 1790986583.25323}
{"type": "train", "epoch": 95, "loss": 0.77162, "obj": 0.0, "sup": 0.77162, "lr": 0.0005, "time": 1790986584.29991}
{"type": "train", "epoch": 96, "loss": 0.76839, "obj": 0.0, "sup": 0.76839, "lr": 0.0005, "time": 1790986585.34705}
{"type": "train", "epoch": 97, "loss": 0.76685, "obj": 0.0, "sup": 0.76685, "lr": 0.0005, "time": 1790986586.40178}
{"type": "train", "epoch": 98, "loss": 0.76012, "obj": 0.0, "sup": 0.76012, "lr": 0.0005, "time": 1790986587.45243}
{"type": "train", "epoch": 99, "loss": 0.74158, "obj": 0.0, "sup": 0.74158, "lr": 0.0005, "time": 1790986588.50955}
{"type": "train", "epoch": 100, "loss": 0.73011, "obj": 0.0, "sup": 0.73011, "lr": 0.0005, "time": 1790986590.77286, "train_resid_median": 0.92069, "train_resid_mean": 0.91377, "train_imag_median": 0.08773, "train_obj_median": 0.90196, "train_u_loss_to_label_median": 0.61419, "val_resid_median": 0.97155, "val_resid_mean": 0.97069, "val_imag_median": 0.08537, "val_obj_median": 0.98918, "val_u_loss_to_label_median": 0.68332}
{"type": "train", "epoch": 101, "loss": 0.7275, "obj": 0.0, "sup": 0.7275, "lr": 0.0005, "time": 1790986591.81468}
{"type": "train", "epoch": 102, "loss": 0.71556, "obj": 0.0, "sup": 0.71556, "lr": 0.0005, "time": 1790986592.86674}
{"type": "train", "epoch": 103, "loss": 0.70633, "obj": 0.0, "sup": 0.70633, "lr": 0.0005, "time": 1790986593.91852}
{"type": "train", "epoch": 104, "loss": 0.69523, "obj": 0.0, "sup": 0.69523, "lr": 0.0005, "time": 1790986594.96729}
{"type": "train", "epoch": 105, "loss": 0.68931, "obj": 0.0, "sup": 0.68931, "lr": 0.0005, "time": 1790986596.01614}
{"type": "train", "epoch": 106, "loss": 0.67847, "obj": 0.0, "sup": 0.67847, "lr": 0.0005, "time": 1790986597.06441}
{"type": "train", "epoch": 107, "loss": 0.67009, "obj": 0.0, "sup": 0.67009, "lr": 0.0005, "time": 1790986598.11337}
{"type": "train", "epoch": 108, "loss": 0.67842, "obj": 0.0, "sup": 0.67842, "lr": 0.0005, "time": 1790986599.16133}
{"type": "train", "epoch": 109, "loss": 0.65517, "obj": 0.0, "sup": 0.65517, "lr": 0.0005, "time": 1790986600.20913}
{"type": "train", "epoch": 110, "loss": 0.63961, "obj": 0.0, "sup": 0.63961, "lr": 0.0005, "time": 1790986601.25884}
{"type": "train", "epoch": 111, "loss": 0.62806, "obj": 0.0, "sup": 0.62806, "lr": 0.0005, "time": 1790986602.30876}
{"type": "train", "epoch": 112, "loss": 0.63856, "obj": 0.0, "sup": 0.63856, "lr": 0.0005, "time": 1790986603.35823}
{"type": "train", "epoch": 113, "loss": 0.61107, "obj": 0.0, "sup": 0.61107, "lr": 0.0005, "time": 1790986604.40717}
{"type": "train", "epoch": 114, "loss": 0.59407, "obj": 0.0, "sup": 0.59407, "lr": 0.0005, "time": 1790986605.4587}
{"type": "train", "epoch": 115, "loss": 0.5981, "obj": 0.0, "sup": 0.5981, "lr": 0.0005, "time": 1790986606.51}
{"type": "train", "epoch": 116, "loss": 0.58836, "obj": 0.0, "sup": 0.58836, "lr": 0.0005, "time": 1790986607.56176}
{"type": "train", "epoch": 117, "loss": 0.57293, "obj": 0.0, "sup": 0.57293, "lr": 0.0005, "time": 1790986608.61201}
{"type": "train", "epoch": 118, "loss": 0.56269, "obj": 0.0, "sup": 0.56269, "lr": 0.0005, "time": 1790986609.66306}
{"type": "train", "epoch": 119, "loss": 0.55475, "obj": 0.0, "sup": 0.55475, "lr": 0.0005, "time": 1790986610.71826}
{"type": "train", "epoch": 120, "loss": 0.54573, "obj": 0.0, "sup": 0.54573, "lr": 0.0005, "time": 1790986611.81867}
{"type": "train", "epoch": 121, "loss": 0.54235, "obj": 0.0, "sup": 0.54235, "lr": 0.0005, "time": 1790986612.89262}
{"type": "train", "epoch": 122, "loss": 0.52247, "obj": 0.0, "sup": 0.52247, "lr": 0.0005, "time": 1790986613.9378}
{"type": "train", "epoch": 123, "loss": 0.5266, "obj": 0.0, "sup": 0.5266, "lr": 0.0005, "time": 1790986615.0244}
{"type": "train", "epoch": 124, "loss": 0.51179, "obj": 0.0, "sup": 0.51179, "lr": 0.0005, "time": 1790986616.10182}
{"type": "train", "epoch": 125, "loss": 0.50796, "obj": 0.0, "sup": 0.50796, "lr": 0.0005, "time": 1790986618.33747, "train_resid_median": 0.75721, "train_resid_mean": 0.75541, "train_imag_median": 0.14682, "train_obj_median": 0.63503, "train_u_loss_to_label_median": 0.45295, "val_resid_median": 0.92566, "val_resid_mean": 0.9117, "val_imag_median": 0.15175, "val_obj_median": 0.90294, "val_u_loss_to_label_median": 0.72978}
{"type": "train", "epoch": 126, "loss": 0.48414, "obj": 0.0, "sup": 0.48414, "lr": 0.0005, "time": 1790986619.38301}
{"type": "train", "epoch": 127, "loss": 0.48025, "obj": 0.0, "sup": 0.48025, "lr": 0.0005, "time": 1790986620.45638}
{"type": "train", "epoch": 128, "loss": 0.47111, "obj": 0.0, "sup": 0.47111, "lr": 0.0005, "time": 1790986621.50265}
{"type": "train", "epoch": 129, "loss": 0.49409, "obj": 0.0, "sup": 0.49409, "lr": 0.0005, "time": 1790986622.54982}
{"type": "train", "epoch": 130, "loss": 0.49949, "obj": 0.0, "sup": 0.49949, "lr": 0.0005, "time": 1790986623.59772}
{"type": "train", "epoch": 131, "loss": 0.46311, "obj": 0.0, "sup": 0.46311, "lr": 0.0005, "time": 1790986624.64268}
{"type": "train", "epoch": 132, "loss": 0.44144, "obj": 0.0, "sup": 0.44144, "lr": 0.0005, "time": 1790986625.72648}
{"type": "train", "epoch": 133, "loss": 0.42448, "obj": 0.0, "sup": 0.42448, "lr": 0.0005, "time": 1790986626.77807}
{"type": "train", "epoch": 134, "loss": 0.41106, "obj": 0.0, "sup": 0.41106, "lr": 0.0005, "time": 1790986627.82865}
{"type": "train", "epoch": 135, "loss": 0.39849, "obj": 0.0, "sup": 0.39849, "lr": 0.0005, "time": 1790986628.84794}
{"type": "train", "epoch": 136, "loss": 0.38982, "obj": 0.0, "sup": 0.38982, "lr": 0.0005, "time": 1790986629.86388}
{"type": "train", "epoch": 137, "loss": 0.38446, "obj": 0.0, "sup": 0.38446, "lr": 0.0005, "time": 1790986630.87585}
{"type": "train", "epoch": 138, "loss": 0.37602, "obj": 0.0, "sup": 0.37602, "lr": 0.0005, "time": 1790986631.88621}
{"type": "train", "epoch": 139, "loss": 0.36388, "obj": 0.0, "sup": 0.36388, "lr": 0.0005, "time": 1790986632.89991}
{"type": "train", "epoch": 140, "loss": 0.36001, "obj": 0.0, "sup": 0.36001, "lr": 0.0005, "time": 1790986633.91156}
{"type": "train", "epoch": 141, "loss": 0.36029, "obj": 0.0, "sup": 0.36029, "lr": 0.0005, "time": 1790986634.92466}
{"type": "train", "epoch": 142, "loss": 0.35786, "obj": 0.0, "sup": 0.35786, "lr": 0.0005, "time": 1790986635.9526}
{"type": "train", "epoch": 143, "loss": 0.35566, "obj": 0.0, "sup": 0.35566, "lr": 0.0005, "time": 1790986636.99319}
{"type": "train", "epoch": 144, "loss": 0.35939, "obj": 0.0, "sup": 0.35939, "lr": 0.0005, "time": 1790986638.05644}
{"type": "train", "epoch": 145, "loss": 0.35587, "obj": 0.0, "sup": 0.35587, "lr": 0.0005, "time": 1790986639.09329}
{"type": "train", "epoch": 146, "loss": 0.3635, "obj": 0.0, "sup": 0.3635, "lr": 0.0005, "time": 1790986640.11137}
{"type": "train", "epoch": 147, "loss": 0.38659, "obj": 0.0, "sup": 0.38659, "lr": 0.0005, "time": 1790986641.12278}
{"type": "train", "epoch": 148, "loss": 0.3627, "obj": 0.0, "sup": 0.3627, "lr": 0.0005, "time": 1790986642.14366}
{"type": "train", "epoch": 149, "loss": 0.33909, "obj": 0.0, "sup": 0.33909, "lr": 0.0005, "time": 1790986643.15464}
{"type": "train", "epoch": 150, "loss": 0.32099, "obj": 0.0, "sup": 0.32099, "lr": 0.0005, "time": 1790986645.37401, "train_resid_median": 0.64294, "train_resid_mean": 0.63618, "train_imag_median": 0.16362, "train_obj_median": 0.48443, "train_u_loss_to_label_median": 0.28361, "val_resid_median": 0.92126, "val_resid_mean": 0.89192, "val_imag_median": 0.22027, "val_obj_median": 0.93778, "val_u_loss_to_label_median": 0.75836}
{"type": "train", "epoch": 151, "loss": 0.30155, "obj": 0.0, "sup": 0.30155, "lr": 0.0005, "time": 1790986646.38578}
{"type": "train", "epoch": 152, "loss": 0.28253, "obj": 0.0, "sup": 0.28253, "lr": 0.0005, "time": 1790986647.40532}
{"type": "train", "epoch": 153, "loss": 0.29161, "obj": 0.0, "sup": 0.29161, "lr": 0.0005, "time": 1790986648.4359}
{"type": "train", "epoch": 154, "loss": 0.29432, "obj": 0.0, "sup": 0.29432, "lr": 0.0005, "time": 1790986649.46679}
{"type": "train", "epoch": 155, "loss": 0.28578, "obj": 0.0, "sup": 0.28578, "lr": 0.0005, "time": 1790986650.49942}
{"type": "train", "epoch": 156, "loss": 0.29068, "obj": 0.0, "sup": 0.29068, "lr": 0.0005, "time": 1790986651.52585}
{"type": "train", "epoch": 157, "loss": 0.27967, "obj": 0.0, "sup": 0.27967, "lr": 0.0005, "time": 1790986652.54145}
{"type": "train", "epoch": 158, "loss": 0.25711, "obj": 0.0, "sup": 0.25711, "lr": 0.0005, "time": 1790986653.56815}
{"type": "train", "epoch": 159, "loss": 0.25112, "obj": 0.0, "sup": 0.25112, "lr": 0.0005, "time": 1790986654.59792}
{"type": "train", "epoch": 160, "loss": 0.24741, "obj": 0.0, "sup": 0.24741, "lr": 0.0005, "time": 1790986655.64995}
{"type": "train", "epoch": 161, "loss": 0.27285, "obj": 0.0, "sup": 0.27285, "lr": 0.0005, "time": 1790986656.75182}
{"type": "train", "epoch": 162, "loss": 0.27364, "obj": 0.0, "sup": 0.27364, "lr": 0.0005, "time": 1790986657.92998}
{"type": "train", "epoch": 163, "loss": 0.2555, "obj": 0.0, "sup": 0.2555, "lr": 0.0005, "time": 1790986659.0648}
{"type": "train", "epoch": 164, "loss": 0.24036, "obj": 0.0, "sup": 0.24036, "lr": 0.0005, "time": 1790986660.15639}
{"type": "train", "epoch": 165, "loss": 0.22215, "obj": 0.0, "sup": 0.22215, "lr": 0.0005, "time": 1790986661.26388}
{"type": "train", "epoch": 166, "loss": 0.2073, "obj": 0.0, "sup": 0.2073, "lr": 0.0005, "time": 1790986662.34539}
{"type": "train", "epoch": 167, "loss": 0.19327, "obj": 0.0, "sup": 0.19327, "lr": 0.0005, "time": 1790986663.39705}
{"type": "train", "epoch": 168, "loss": 0.20199, "obj": 0.0, "sup": 0.20199, "lr": 0.0005, "time": 1790986664.45385}
{"type": "train", "epoch": 169, "loss": 0.19236, "obj": 0.0, "sup": 0.19236, "lr": 0.0005, "time": 1790986665.52153}
{"type": "train", "epoch": 170, "loss": 0.18301, "obj": 0.0, "sup": 0.18301, "lr": 0.0005, "time": 1790986666.55893}
{"type": "train", "epoch": 171, "loss": 0.17686, "obj": 0.0, "sup": 0.17686, "lr": 0.0005, "time": 1790986667.61684}
{"type": "train", "epoch": 172, "loss": 0.17439, "obj": 0.0, "sup": 0.17439, "lr": 0.0005, "time": 1790986668.68092}
{"type": "train", "epoch": 173, "loss": 0.16615, "obj": 0.0, "sup": 0.16615, "lr": 0.0005, "time": 1790986669.75842}
{"type": "train", "epoch": 174, "loss": 0.1662, "obj": 0.0, "sup": 0.1662, "lr": 0.0005, "time": 1790986670.79345}
{"type": "train", "epoch": 175, "loss": 0.1617, "obj": 0.0, "sup": 0.1617, "lr": 0.0005, "time": 1790986673.00956, "train_resid_median": 0.50395, "train_resid_mean": 0.50855, "train_imag_median": 0.14535, "train_obj_median": 0.31672, "train_u_loss_to_label_median": 0.13488, "val_resid_median": 0.91047, "val_resid_mean": 0.87319, "val_imag_median": 0.2436, "val_obj_median": 0.93629, "val_u_loss_to_label_median": 0.77543}
{"type": "train", "epoch": 176, "loss": 0.15319, "obj": 0.0, "sup": 0.15319, "lr": 0.0005, "time": 1790986674.02748}
{"type": "train", "epoch": 177, "loss": 0.15097, "obj": 0.0, "sup": 0.15097, "lr": 0.0005, "time": 1790986675.0404}
{"type": "train", "epoch": 178, "loss": 0.14525, "obj": 0.0, "sup": 0.14525, "lr": 0.0005, "time": 1790986676.06012}
{"type": "train", "epoch": 179, "loss": 0.14217, "obj": 0.0, "sup": 0.14217, "lr": 0.0005, "time": 1790986677.10878}
{"type": "train", "epoch": 180, "loss": 0.14374, "obj": 0.0, "sup": 0.14374, "lr": 0.0005, "time": 1790986678.17633}
{"type": "train", "epoch": 181, "loss": 0.13942, "obj": 0.0, "sup": 0.13942, "lr": 0.0005, "time": 1790986679.25008}
{"type": "train", "epoch": 182, "loss": 0.13691, "obj": 0.0, "sup": 0.13691, "lr": 0.0005, "time": 1790986680.3117}
{"type": "train", "epoch": 183, "loss": 0.13697, "obj": 0.0, "sup": 0.13697, "lr": 0.0005, "time": 1790986681.33697}
{"type": "train", "epoch": 184, "loss": 0.13024, "obj": 0.0, "sup": 0.13024, "lr": 0.0005, "time": 1790986682.39481}
{"type": "train", "epoch": 185, "loss": 0.15132, "obj": 0.0, "sup": 0.15132, "lr": 0.0005, "time": 1790986683.46499}
{"type": "train", "epoch": 186, "loss": 0.18083, "obj": 0.0, "sup": 0.18083, "lr": 0.0005, "time": 1790986684.5105}
{"type": "train", "epoch": 187, "loss": 0.19637, "obj": 0.0, "sup": 0.19637, "lr": 0.0005, "time": 1790986685.54306}
{"type": "train", "epoch": 188, "loss": 0.19774, "obj": 0.0, "sup": 0.19774, "lr": 0.0005, "time": 1790986686.5686}
{"type": "train", "epoch": 189, "loss": 0.20202, "obj": 0.0, "sup": 0.20202, "lr": 0.0005, "time": 1790986687.6076}
{"type": "train", "epoch": 190, "loss": 0.18374, "obj": 0.0, "sup": 0.18374, "lr": 0.0005, "time": 1790986688.63289}
{"type": "train", "epoch": 191, "loss": 0.18465, "obj": 0.0, "sup": 0.18465, "lr": 0.0005, "time": 1790986689.64559}
{"type": "train", "epoch": 192, "loss": 0.16962, "obj": 0.0, "sup": 0.16962, "lr": 0.0005, "time": 1790986690.66209}
{"type": "train", "epoch": 193, "loss": 0.16747, "obj": 0.0, "sup": 0.16747, "lr": 0.0005, "time": 1790986691.67364}
{"type": "train", "epoch": 194, "loss": 0.1745, "obj": 0.0, "sup": 0.1745, "lr": 0.0005, "time": 1790986692.685}
{"type": "train", "epoch": 195, "loss": 0.15387, "obj": 0.0, "sup": 0.15387, "lr": 0.0005, "time": 1790986693.71941}
{"type": "train", "epoch": 196, "loss": 0.13766, "obj": 0.0, "sup": 0.13766, "lr": 0.0005, "time": 1790986694.79974}
{"type": "train", "epoch": 197, "loss": 0.12662, "obj": 0.0, "sup": 0.12662, "lr": 0.0005, "time": 1790986695.89996}
{"type": "train", "epoch": 198, "loss": 0.13008, "obj": 0.0, "sup": 0.13008, "lr": 0.0005, "time": 1790986697.03048}
{"type": "train", "epoch": 199, "loss": 0.12944, "obj": 0.0, "sup": 0.12944, "lr": 0.0005, "time": 1790986698.11906}
{"type": "train", "epoch": 200, "loss": 0.1252, "obj": 0.0, "sup": 0.1252, "lr": 0.0005, "time": 1790986700.32495, "train_resid_median": 0.51125, "train_resid_mean": 0.5134, "train_imag_median": 0.15739, "train_obj_median": 0.33327, "train_u_loss_to_label_median": 0.12339, "val_resid_median": 0.91412, "val_resid_mean": 0.87899, "val_imag_median": 0.26023, "val_obj_median": 0.95776, "val_u_loss_to_label_median": 0.77238}
{"type": "train", "epoch": 201, "loss": 0.13669, "obj": 0.0, "sup": 0.13669, "lr": 0.0005, "time": 1790986701.35123}
{"type": "train", "epoch": 202, "loss": 0.15081, "obj": 0.0, "sup": 0.15081, "lr": 0.0005, "time": 1790986702.39402}
{"type": "train", "epoch": 203, "loss": 0.13727, "obj": 0.0, "sup": 0.13727, "lr": 0.0005, "time": 1790986703.44823}
{"type": "train", "epoch": 204, "loss": 0.1307, "obj": 0.0, "sup": 0.1307, "lr": 0.0005, "time": 1790986704.50747}
{"type": "train", "epoch": 205, "loss": 0.1355, "obj": 0.0, "sup": 0.1355, "lr": 0.0005, "time": 1790986705.63177}
{"type": "train", "epoch": 206, "loss": 0.14286, "obj": 0.0, "sup": 0.14286, "lr": 0.0005, "time": 1790986706.69673}
{"type": "train", "epoch": 207, "loss": 0.14547, "obj": 0.0, "sup": 0.14547, "lr": 0.0005, "time": 1790986707.78015}
{"type": "train", "epoch": 208, "loss": 0.19093, "obj": 0.0, "sup": 0.19093, "lr": 0.0005, "time": 1790986708.82703}
{"type": "train", "epoch": 209, "loss": 0.13851, "obj": 0.0, "sup": 0.13851, "lr": 0.0005, "time": 1790986709.89894}
{"type": "train", "epoch": 210, "loss": 0.1166, "obj": 0.0, "sup": 0.1166, "lr": 0.0005, "time": 1790986710.97023}
{"type": "train", "epoch": 211, "loss": 0.10367, "obj": 0.0, "sup": 0.10367, "lr": 0.0005, "time": 1790986711.99989}
{"type": "train", "epoch": 212, "loss": 0.09648, "obj": 0.0, "sup": 0.09648, "lr": 0.0005, "time": 1790986713.01421}
{"type": "train", "epoch": 213, "loss": 0.09547, "obj": 0.0, "sup": 0.09547, "lr": 0.0005, "time": 1790986714.04846}
{"type": "train", "epoch": 214, "loss": 0.10596, "obj": 0.0, "sup": 0.10596, "lr": 0.0005, "time": 1790986715.09955}
{"type": "train", "epoch": 215, "loss": 0.09861, "obj": 0.0, "sup": 0.09861, "lr": 0.0005, "time": 1790986716.20171}
{"type": "train", "epoch": 216, "loss": 0.08495, "obj": 0.0, "sup": 0.08495, "lr": 0.0005, "time": 1790986717.39415}
{"type": "train", "epoch": 217, "loss": 0.08862, "obj": 0.0, "sup": 0.08862, "lr": 0.0005, "time": 1790986719.01455}
{"type": "train", "epoch": 218, "loss": 0.08605, "obj": 0.0, "sup": 0.08605, "lr": 0.0005, "time": 1790986720.13747}
{"type": "train", "epoch": 219, "loss": 0.07843, "obj": 0.0, "sup": 0.07843, "lr": 0.0005, "time": 1790986721.2726}
{"type": "train", "epoch": 220, "loss": 0.07518, "obj": 0.0, "sup": 0.07518, "lr": 0.0005, "time": 1790986722.47064}
{"type": "train", "epoch": 221, "loss": 0.06988, "obj": 0.0, "sup": 0.06988, "lr": 0.0005, "time": 1790986723.59627}
{"type": "train", "epoch": 222, "loss": 0.06582, "obj": 0.0, "sup": 0.06582, "lr": 0.0005, "time": 1790986724.96266}
{"type": "train", "epoch": 223, "loss": 0.06273, "obj": 0.0, "sup": 0.06273, "lr": 0.0005, "time": 1790986726.20126}
{"type": "train", "epoch": 224, "loss": 0.05944, "obj": 0.0, "sup": 0.05944, "lr": 0.0005, "time": 1790986727.37539}
{"type": "train", "epoch": 225, "loss": 0.06058, "obj": 0.0, "sup": 0.06058, "lr": 0.0005, "time": 1790986729.66677, "train_resid_median": 0.38141, "train_resid_mean": 0.39352, "train_imag_median": 0.13562, "train_obj_median": 0.2088, "train_u_loss_to_label_median": 0.03903, "val_resid_median": 0.91273, "val_resid_mean": 0.8646, "val_imag_median": 0.2432, "val_obj_median": 0.93354, "val_u_loss_to_label_median": 0.76383}
{"type": "train", "epoch": 226, "loss": 0.06057, "obj": 0.0, "sup": 0.06057, "lr": 0.0005, "time": 1790986730.7351}
{"type": "train", "epoch": 227, "loss": 0.05924, "obj": 0.0, "sup": 0.05924, "lr": 0.0005, "time": 1790986731.7912}
{"type": "train", "epoch": 228, "loss": 0.05823, "obj": 0.0, "sup": 0.05823, "lr": 0.0005, "time": 1790986732.85005}
{"type": "train", "epoch": 229, "loss": 0.05953, "obj": 0.0, "sup": 0.05953, "lr": 0.0005, "time": 1790986733.95276}
{"type": "train", "epoch": 230, "loss": 0.05747, "obj": 0.0, "sup": 0.05747, "lr": 0.0005, "time": 1790986735.14503}
{"type": "train", "epoch": 231, "loss": 0.05858, "obj": 0.0, "sup": 0.05858, "lr": 0.0005, "time": 1790986736.27878}
{"type": "train", "epoch": 232, "loss": 0.05669, "obj": 0.0, "sup": 0.05669, "lr": 0.0005, "time": 1790986737.41296}
{"type": "train", "epoch": 233, "loss": 0.06801, "obj": 0.0, "sup": 0.06801, "lr": 0.0005, "time": 1790986738.52974}
{"type": "train", "epoch": 234, "loss": 0.05927, "obj": 0.0, "sup": 0.05927, "lr": 0.0005, "time": 1790986739.67351}
{"type": "train", "epoch": 235, "loss": 0.06981, "obj": 0.0, "sup": 0.06981, "lr": 0.0005, "time": 1790986740.79014}
{"type": "train", "epoch": 236, "loss": 0.06709, "obj": 0.0, "sup": 0.06709, "lr": 0.0005, "time": 1790986741.87014}
{"type": "train", "epoch": 237, "loss": 0.06721, "obj": 0.0, "sup": 0.06721, "lr": 0.0005, "time": 1790986742.95454}
{"type": "train", "epoch": 238, "loss": 0.06934, "obj": 0.0, "sup": 0.06934, "lr": 0.0005, "time": 1790986744.07348}
{"type": "train", "epoch": 239, "loss": 0.06573, "obj": 0.0, "sup": 0.06573, "lr": 0.0005, "time": 1790986745.14573}
{"type": "train", "epoch": 240, "loss": 0.06394, "obj": 0.0, "sup": 0.06394, "lr": 0.0005, "time": 1790986746.22988}
{"type": "train", "epoch": 241, "loss": 0.06201, "obj": 0.0, "sup": 0.06201, "lr": 0.0005, "time": 1790986747.42179}
{"type": "train", "epoch": 242, "loss": 0.06631, "obj": 0.0, "sup": 0.06631, "lr": 0.0005, "time": 1790986748.57595}
{"type": "train", "epoch": 243, "loss": 0.06844, "obj": 0.0, "sup": 0.06844, "lr": 0.0005, "time": 1790986749.65335}
{"type": "train", "epoch": 244, "loss": 0.09027, "obj": 0.0, "sup": 0.09027, "lr": 0.0005, "time": 1790986750.7145}
{"type": "train", "epoch": 245, "loss": 0.08807, "obj": 0.0, "sup": 0.08807, "lr": 0.0005, "time": 1790986751.78387}
{"type": "train", "epoch": 246, "loss": 0.07476, "obj": 0.0, "sup": 0.07476, "lr": 0.0005, "time": 1790986752.84008}
{"type": "train", "epoch": 247, "loss": 0.06495, "obj": 0.0, "sup": 0.06495, "lr": 0.0005, "time": 1790986753.88941}
{"type": "train", "epoch": 248, "loss": 0.08338, "obj": 0.0, "sup": 0.08338, "lr": 0.0005, "time": 1790986754.95564}
{"type": "train", "epoch": 249, "loss": 0.08991, "obj": 0.0, "sup": 0.08991, "lr": 0.0005, "time": 1790986756.01588}
{"type": "train", "epoch": 250, "loss": 0.07587, "obj": 0.0, "sup": 0.07587, "lr": 0.0005, "time": 1790986758.19344, "train_resid_median": 0.41502, "train_resid_mean": 0.4228, "train_imag_median": 0.13217, "train_obj_median": 0.23359, "train_u_loss_to_label_median": 0.05315, "val_resid_median": 0.91441, "val_resid_mean": 0.86701, "val_imag_median": 0.23839, "val_obj_median": 0.93063, "val_u_loss_to_label_median": 0.76356}
{"type": "train", "epoch": 251, "loss": 0.08379, "obj": 0.0, "sup": 0.08379, "lr": 0.0005, "time": 1790986759.28703}
{"type": "train", "epoch": 252, "loss": 0.07482, "obj": 0.0, "sup": 0.07482, "lr": 0.0005, "time": 1790986760.37711}
{"type": "train", "epoch": 253, "loss": 0.07327, "obj": 0.0, "sup": 0.07327, "lr": 0.0005, "time": 1790986761.47891}
{"type": "train", "epoch": 254, "loss": 0.06929, "obj": 0.0, "sup": 0.06929, "lr": 0.0005, "time": 1790986762.54574}
{"type": "train", "epoch": 255, "loss": 0.06863, "obj": 0.0, "sup": 0.06863, "lr": 0.0005, "time": 1790986763.63939}
{"type": "train", "epoch": 256, "loss": 0.0885, "obj": 0.0, "sup": 0.0885, "lr": 0.0005, "time": 1790986764.8311}
{"type": "train", "epoch": 257, "loss": 0.06618, "obj": 0.0, "sup": 0.06618, "lr": 0.0005, "time": 1790986765.99674}
{"type": "train", "epoch": 258, "loss": 0.06153, "obj": 0.0, "sup": 0.06153, "lr": 0.0005, "time": 1790986767.15115}
{"type": "train", "epoch": 259, "loss": 0.06163, "obj": 0.0, "sup": 0.06163, "lr": 0.0005, "time": 1790986768.2881}
{"type": "train", "epoch": 260, "loss": 0.07472, "obj": 0.0, "sup": 0.07472, "lr": 0.0005, "time": 1790986769.39621}
{"type": "train", "epoch": 261, "loss": 0.06863, "obj": 0.0, "sup": 0.06863, "lr": 0.0005, "time": 1790986770.48863}
{"type": "train", "epoch": 262, "loss": 0.0644, "obj": 0.0, "sup": 0.0644, "lr": 0.0005, "time": 1790986771.56923}
{"type": "train", "epoch": 263, "loss": 0.06096, "obj": 0.0, "sup": 0.06096, "lr": 0.0005, "time": 1790986772.63913}
{"type": "train", "epoch": 264, "loss": 0.05785, "obj": 0.0, "sup": 0.05785, "lr": 0.0005, "time": 1790986773.69494}
{"type": "train", "epoch": 265, "loss": 0.06005, "obj": 0.0, "sup": 0.06005, "lr": 0.0005, "time": 1790986774.75009}
{"type": "train", "epoch": 266, "loss": 0.05925, "obj": 0.0, "sup": 0.05925, "lr": 0.0005, "time": 1790986775.80124}
{"type": "train", "epoch": 267, "loss": 0.06447, "obj": 0.0, "sup": 0.06447, "lr": 0.0005, "time": 1790986776.86821}
{"type": "train", "epoch": 268, "loss": 0.07581, "obj": 0.0, "sup": 0.07581, "lr": 0.0005, "time": 1790986777.9424}
{"type": "train", "epoch": 269, "loss": 0.08694, "obj": 0.0, "sup": 0.08694, "lr": 0.0005, "time": 1790986778.99346}
{"type": "train", "epoch": 270, "loss": 0.09954, "obj": 0.0, "sup": 0.09954, "lr": 0.0005, "time": 1790986780.04874}
{"type": "train", "epoch": 271, "loss": 0.08453, "obj": 0.0, "sup": 0.08453, "lr": 0.0005, "time": 1790986781.12473}
{"type": "train", "epoch": 272, "loss": 0.07084, "obj": 0.0, "sup": 0.07084, "lr": 0.0005, "time": 1790986782.23838}
{"type": "train", "epoch": 273, "loss": 0.05823, "obj": 0.0, "sup": 0.05823, "lr": 0.0005, "time": 1790986783.37506}
{"type": "train", "epoch": 274, "loss": 0.05197, "obj": 0.0, "sup": 0.05197, "lr": 0.0005, "time": 1790986784.48654}
{"type": "train", "epoch": 275, "loss": 0.04833, "obj": 0.0, "sup": 0.04833, "lr": 0.0005, "time": 1790986786.6675, "train_resid_median": 0.35725, "train_resid_mean": 0.36898, "train_imag_median": 0.1194, "train_obj_median": 0.18935, "train_u_loss_to_label_median": 0.02389, "val_resid_median": 0.91337, "val_resid_mean": 0.86319, "val_imag_median": 0.24194, "val_obj_median": 0.9359, "val_u_loss_to_label_median": 0.75551}
{"type": "train", "epoch": 276, "loss": 0.04539, "obj": 0.0, "sup": 0.04539, "lr": 0.0005, "time": 1790986787.75501}
{"type": "train", "epoch": 277, "loss": 0.04361, "obj": 0.0, "sup": 0.04361, "lr": 0.0005, "time": 1790986788.95671}
{"type": "train", "epoch": 278, "loss": 0.04379, "obj": 0.0, "sup": 0.04379, "lr": 0.0005, "time": 1790986790.13349}
{"type": "train", "epoch": 279, "loss": 0.04133, "obj": 0.0, "sup": 0.04133, "lr": 0.0005, "time": 1790986791.25721}
{"type": "train", "epoch": 280, "loss": 0.04183, "obj": 0.0, "sup": 0.04183, "lr": 0.0005, "time": 1790986792.3168}
{"type": "train", "epoch": 281, "loss": 0.04334, "obj": 0.0, "sup": 0.04334, "lr": 0.0005, "time": 1790986793.36431}
{"type": "train", "epoch": 282, "loss": 0.04775, "obj": 0.0, "sup": 0.04775, "lr": 0.0005, "time": 1790986794.40613}
{"type": "train", "epoch": 283, "loss": 0.05863, "obj": 0.0, "sup": 0.05863, "lr": 0.0005, "time": 1790986795.46027}
{"type": "train", "epoch": 284, "loss": 0.04571, "obj": 0.0, "sup": 0.04571, "lr": 0.0005, "time": 1790986796.50113}
{"type": "train", "epoch": 285, "loss": 0.04319, "obj": 0.0, "sup": 0.04319, "lr": 0.0005, "time": 1790986797.57525}
{"type": "train", "epoch": 286, "loss": 0.04636, "obj": 0.0, "sup": 0.04636, "lr": 0.0005, "time": 1790986798.65269}
{"type": "train", "epoch": 287, "loss": 0.04796, "obj": 0.0, "sup": 0.04796, "lr": 0.0005, "time": 1790986799.72605}
{"type": "train", "epoch": 288, "loss": 0.04676, "obj": 0.0, "sup": 0.04676, "lr": 0.0005, "time": 1790986800.76805}
{"type": "train", "epoch": 289, "loss": 0.04864, "obj": 0.0, "sup": 0.04864, "lr": 0.0005, "time": 1790986801.81378}
{"type": "train", "epoch": 290, "loss": 0.05117, "obj": 0.0, "sup": 0.05117, "lr": 0.0005, "time": 1790986802.8845}
{"type": "train", "epoch": 291, "loss": 0.05163, "obj": 0.0, "sup": 0.05163, "lr": 0.0005, "time": 1790986803.98009}
{"type": "train", "epoch": 292, "loss": 0.05044, "obj": 0.0, "sup": 0.05044, "lr": 0.0005, "time": 1790986805.17139}
{"type": "train", "epoch": 293, "loss": 0.04933, "obj": 0.0, "sup": 0.04933, "lr": 0.0005, "time": 1790986806.38733}
{"type": "train", "epoch": 294, "loss": 0.04667, "obj": 0.0, "sup": 0.04667, "lr": 0.0005, "time": 1790986807.59506}
{"type": "train", "epoch": 295, "loss": 0.0471, "obj": 0.0, "sup": 0.0471, "lr": 0.0005, "time": 1790986808.75872}
{"type": "train", "epoch": 296, "loss": 0.05478, "obj": 0.0, "sup": 0.05478, "lr": 0.0005, "time": 1790986809.89492}
{"type": "train", "epoch": 297, "loss": 0.06029, "obj": 0.0, "sup": 0.06029, "lr": 0.0005, "time": 1790986810.97346}
{"type": "train", "epoch": 298, "loss": 0.06416, "obj": 0.0, "sup": 0.06416, "lr": 0.0005, "time": 1790986812.01614}
{"type": "train", "epoch": 299, "loss": 0.07357, "obj": 0.0, "sup": 0.07357, "lr": 0.0005, "time": 1790986813.06652}
{"type": "train", "epoch": 300, "loss": 0.062, "obj": 0.0, "sup": 0.062, "lr": 0.0005, "time": 1790986815.23524, "train_resid_median": 0.37437, "train_resid_mean": 0.38445, "train_imag_median": 0.11914, "train_obj_median": 0.19939, "train_u_loss_to_label_median": 0.02916, "val_resid_median": 0.91209, "val_resid_mean": 0.86224, "val_imag_median": 0.24029, "val_obj_median": 0.93698, "val_u_loss_to_label_median": 0.75669}
{"type": "train", "epoch": 301, "loss": 0.05539, "obj": 0.0, "sup": 0.05539, "lr": 0.0005, "time": 1790986816.28003}
{"type": "train", "epoch": 302, "loss": 0.05115, "obj": 0.0, "sup": 0.05115, "lr": 0.0005, "time": 1790986817.33125}
{"type": "train", "epoch": 303, "loss": 0.04618, "obj": 0.0, "sup": 0.04618, "lr": 0.0005, "time": 1790986818.38551}
{"type": "train", "epoch": 304, "loss": 0.04289, "obj": 0.0, "sup": 0.04289, "lr": 0.0005, "time": 1790986819.45058}
{"type": "train", "epoch": 305, "loss": 0.04566, "obj": 0.0, "sup": 0.04566, "lr": 0.0005, "time": 1790986820.49599}
{"type": "train", "epoch": 306, "loss": 0.04529, "obj": 0.0, "sup": 0.04529, "lr": 0.0005, "time": 1790986821.54474}
{"type": "train", "epoch": 307, "loss": 0.0495, "obj": 0.0, "sup": 0.0495, "lr": 0.0005, "time": 1790986822.5847}
{"type": "train", "epoch": 308, "loss": 0.04493, "obj": 0.0, "sup": 0.04493, "lr": 0.0005, "time": 1790986823.641}
{"type": "train", "epoch": 309, "loss": 0.04786, "obj": 0.0, "sup": 0.04786, "lr": 0.0005, "time": 1790986824.71549}
{"type": "train", "epoch": 310, "loss": 0.04546, "obj": 0.0, "sup": 0.04546, "lr": 0.0005, "time": 1790986825.75236}
{"type": "train", "epoch": 311, "loss": 0.05124, "obj": 0.0, "sup": 0.05124, "lr": 0.0005, "time": 1790986826.8004}
{"type": "train", "epoch": 312, "loss": 0.05942, "obj": 0.0, "sup": 0.05942, "lr": 0.0005, "time": 1790986827.90798}
{"type": "train", "epoch": 313, "loss": 0.05151, "obj": 0.0, "sup": 0.05151, "lr": 0.0005, "time": 1790986828.97363}
{"type": "train", "epoch": 314, "loss": 0.05426, "obj": 0.0, "sup": 0.05426, "lr": 0.0005, "time": 1790986830.05333}
{"type": "train", "epoch": 315, "loss": 0.05129, "obj": 0.0, "sup": 0.05129, "lr": 0.0005, "time": 1790986831.16278}
{"type": "train", "epoch": 316, "loss": 0.06454, "obj": 0.0, "sup": 0.06454, "lr": 0.0005, "time": 1790986832.34827}
{"type": "train", "epoch": 317, "loss": 0.06808, "obj": 0.0, "sup": 0.06808, "lr": 0.0005, "time": 1790986833.5699}
{"type": "train", "epoch": 318, "loss": 0.07445, "obj": 0.0, "sup": 0.07445, "lr": 0.0005, "time": 1790986834.79577}
{"type": "train", "epoch": 319, "loss": 0.06709, "obj": 0.0, "sup": 0.06709, "lr": 0.0005, "time": 1790986836.02208}
{"type": "train", "epoch": 320, "loss": 0.06258, "obj": 0.0, "sup": 0.06258, "lr": 0.0005, "time": 1790986837.24982}
{"type": "train", "epoch": 321, "loss": 0.07102, "obj": 0.0, "sup": 0.07102, "lr": 0.0005, "time": 1790986838.45384}
{"type": "train", "epoch": 322, "loss": 0.05752, "obj": 0.0, "sup": 0.05752, "lr": 0.0005, "time": 1790986839.62061}
{"type": "train", "epoch": 323, "loss": 0.05121, "obj": 0.0, "sup": 0.05121, "lr": 0.0005, "time": 1790986840.74776}
{"type": "train", "epoch": 324, "loss": 0.05389, "obj": 0.0, "sup": 0.05389, "lr": 0.0005, "time": 1790986841.84171}
{"type": "train", "epoch": 325, "loss": 0.05266, "obj": 0.0, "sup": 0.05266, "lr": 0.0005, "time": 1790986844.10569, "train_resid_median": 0.38251, "train_resid_mean": 0.39398, "train_imag_median": 0.11433, "train_obj_median": 0.2038, "train_u_loss_to_label_median": 0.03, "val_resid_median": 0.89789, "val_resid_mean": 0.85069, "val_imag_median": 0.22988, "val_obj_median": 0.89737, "val_u_loss_to_label_median": 0.75189}
{"type": "train", "epoch": 326, "loss": 0.05439, "obj": 0.0, "sup": 0.05439, "lr": 0.0005, "time": 1790986845.18817}
{"type": "train", "epoch": 327, "loss": 0.04968, "obj": 0.0, "sup": 0.04968, "lr": 0.0005, "time": 1790986846.24079}
{"type": "train", "epoch": 328, "loss": 0.05912, "obj": 0.0, "sup": 0.05912, "lr": 0.0005, "time": 1790986847.33593}
{"type": "train", "epoch": 329, "loss": 0.04695, "obj": 0.0, "sup": 0.04695, "lr": 0.0005, "time": 1790986848.47791}
{"type": "train", "epoch": 330, "loss": 0.04461, "obj": 0.0, "sup": 0.04461, "lr": 0.0005, "time": 1790986849.57586}
{"type": "train", "epoch": 331, "loss": 0.0442, "obj": 0.0, "sup": 0.0442, "lr": 0.0005, "time": 1790986850.62794}
{"type": "train", "epoch": 332, "loss": 0.04251, "obj": 0.0, "sup": 0.04251, "lr": 0.0005, "time": 1790986851.6906}
{"type": "train", "epoch": 333, "loss": 0.04197, "obj": 0.0, "sup": 0.04197, "lr": 0.0005, "time": 1790986852.76969}
{"type": "train", "epoch": 334, "loss": 0.04857, "obj": 0.0, "sup": 0.04857, "lr": 0.0005, "time": 1790986853.84318}
{"type": "train", "epoch": 335, "loss": 0.06067, "obj": 0.0, "sup": 0.06067, "lr": 0.0005, "time": 1790986854.90842}
{"type": "train", "epoch": 336, "loss": 0.05476, "obj": 0.0, "sup": 0.05476, "lr": 0.0005, "time": 1790986855.98451}
{"type": "train", "epoch": 337, "loss": 0.05182, "obj": 0.0, "sup": 0.05182, "lr": 0.0005, "time": 1790986857.05297}
{"type": "train", "epoch": 338, "loss": 0.06003, "obj": 0.0, "sup": 0.06003, "lr": 0.0005, "time": 1790986858.11197}
{"type": "train", "epoch": 339, "loss": 0.06066, "obj": 0.0, "sup": 0.06066, "lr": 0.0005, "time": 1790986859.17481}
{"type": "train", "epoch": 340, "loss": 0.06328, "obj": 0.0, "sup": 0.06328, "lr": 0.0005, "time": 1790986860.24971}
{"type": "train", "epoch": 341, "loss": 0.06158, "obj": 0.0, "sup": 0.06158, "lr": 0.0005, "time": 1790986861.31969}
{"type": "train", "epoch": 342, "loss": 0.06369, "obj": 0.0, "sup": 0.06369, "lr": 0.0005, "time": 1790986862.40105}
{"type": "train", "epoch": 343, "loss": 0.04895, "obj": 0.0, "sup": 0.04895, "lr": 0.0005, "time": 1790986863.47169}
{"type": "train", "epoch": 344, "loss": 0.04864, "obj": 0.0, "sup": 0.04864, "lr": 0.0005, "time": 1790986864.53354}
{"type": "train", "epoch": 345, "loss": 0.04866, "obj": 0.0, "sup": 0.04866, "lr": 0.0005, "time": 1790986865.62928}
{"type": "train", "epoch": 346, "loss": 0.04827, "obj": 0.0, "sup": 0.04827, "lr": 0.0005, "time": 1790986866.80759}
{"type": "train", "epoch": 347, "loss": 0.04949, "obj": 0.0, "sup": 0.04949, "lr": 0.0005, "time": 1790986868.03569}
{"type": "train", "epoch": 348, "loss": 0.05035, "obj": 0.0, "sup": 0.05035, "lr": 0.0005, "time": 1790986869.26228}
{"type": "train", "epoch": 349, "loss": 0.04666, "obj": 0.0, "sup": 0.04666, "lr": 0.0005, "time": 1790986870.47707}
{"type": "train", "epoch": 350, "loss": 0.04245, "obj": 0.0, "sup": 0.04245, "lr": 0.0005, "time": 1790986872.95083, "train_resid_median": 0.35488, "train_resid_mean": 0.36428, "train_imag_median": 0.09653, "train_obj_median": 0.17948, "train_u_loss_to_label_median": 0.01768, "val_resid_median": 0.9086, "val_resid_mean": 0.86026, "val_imag_median": 0.23116, "val_obj_median": 0.92533, "val_u_loss_to_label_median": 0.73915}
{"type": "train", "epoch": 351, "loss": 0.04225, "obj": 0.0, "sup": 0.04225, "lr": 0.0005, "time": 1790986874.07723}
{"type": "train", "epoch": 352, "loss": 0.04594, "obj": 0.0, "sup": 0.04594, "lr": 0.0005, "time": 1790986875.13915}
{"type": "train", "epoch": 353, "loss": 0.04136, "obj": 0.0, "sup": 0.04136, "lr": 0.0005, "time": 1790986876.21092}
{"type": "train", "epoch": 354, "loss": 0.04097, "obj": 0.0, "sup": 0.04097, "lr": 0.0005, "time": 1790986877.34005}
{"type": "train", "epoch": 355, "loss": 0.04578, "obj": 0.0, "sup": 0.04578, "lr": 0.0005, "time": 1790986878.40616}
{"type": "train", "epoch": 356, "loss": 0.04295, "obj": 0.0, "sup": 0.04295, "lr": 0.0005, "time": 1790986879.48843}
{"type": "train", "epoch": 357, "loss": 0.04034, "obj": 0.0, "sup": 0.04034, "lr": 0.0005, "time": 1790986880.67085}
{"type": "train", "epoch": 358, "loss": 0.04219, "obj": 0.0, "sup": 0.04219, "lr": 0.0005, "time": 1790986881.88948}
{"type": "train", "epoch": 359, "loss": 0.04395, "obj": 0.0, "sup": 0.04395, "lr": 0.0005, "time": 1790986883.0998}
{"type": "train", "epoch": 360, "loss": 0.0391, "obj": 0.0, "sup": 0.0391, "lr": 0.0005, "time": 1790986884.30604}
{"type": "train", "epoch": 361, "loss": 0.04466, "obj": 0.0, "sup": 0.04466, "lr": 0.0005, "time": 1790986885.48904}
{"type": "train", "epoch": 362, "loss": 0.04705, "obj": 0.0, "sup": 0.04705, "lr": 0.0005, "time": 1790986886.64335}
{"type": "train", "epoch": 363, "loss": 0.05145, "obj": 0.0, "sup": 0.05145, "lr": 0.0005, "time": 1790986887.77989}
{"type": "train", "epoch": 364, "loss": 0.05085, "obj": 0.0, "sup": 0.05085, "lr": 0.0005, "time": 1790986888.85245}
{"type": "train", "epoch": 365, "loss": 0.0491, "obj": 0.0, "sup": 0.0491, "lr": 0.0005, "time": 1790986889.95027}
{"type": "train", "epoch": 366, "loss": 0.05275, "obj": 0.0, "sup": 0.05275, "lr": 0.0005, "time": 1790986891.05357}
{"type": "train", "epoch": 367, "loss": 0.04656, "obj": 0.0, "sup": 0.04656, "lr": 0.0005, "time": 1790986892.1297}
{"type": "train", "epoch": 368, "loss": 0.04466, "obj": 0.0, "sup": 0.04466, "lr": 0.0005, "time": 1790986893.20032}
{"type": "train", "epoch": 369, "loss": 0.04377, "obj": 0.0, "sup": 0.04377, "lr": 0.0005, "time": 1790986894.25028}
{"type": "train", "epoch": 370, "loss": 0.04147, "obj": 0.0, "sup": 0.04147, "lr": 0.0005, "time": 1790986895.30353}
{"type": "train", "epoch": 371, "loss": 0.04241, "obj": 0.0, "sup": 0.04241, "lr": 0.0005, "time": 1790986896.35444}
{"type": "train", "epoch": 372, "loss": 0.04346, "obj": 0.0, "sup": 0.04346, "lr": 0.0005, "time": 1790986897.44266}
{"type": "train", "epoch": 373, "loss": 0.03891, "obj": 0.0, "sup": 0.03891, "lr": 0.0005, "time": 1790986898.57016}
{"type": "train", "epoch": 374, "loss": 0.03761, "obj": 0.0, "sup": 0.03761, "lr": 0.0005, "time": 1790986899.75132}
{"type": "train", "epoch": 375, "loss": 0.0355, "obj": 0.0, "sup": 0.0355, "lr": 0.0005, "time": 1790986902.09094, "train_resid_median": 0.33775, "train_resid_mean": 0.35146, "train_imag_median": 0.08399, "train_obj_median": 0.16687, "train_u_loss_to_label_median": 0.0114, "val_resid_median": 0.91324, "val_resid_mean": 0.86425, "val_imag_median": 0.23212, "val_obj_median": 0.93377, "val_u_loss_to_label_median": 0.7361}
{"type": "train", "epoch": 376, "loss": 0.03442, "obj": 0.0, "sup": 0.03442, "lr": 0.0005, "time": 1790986903.27051}
{"type": "train", "epoch": 377, "loss": 0.03437, "obj": 0.0, "sup": 0.03437, "lr": 0.0005, "time": 1790986904.36874}
{"type": "train", "epoch": 378, "loss": 0.0346, "obj": 0.0, "sup": 0.0346, "lr": 0.0005, "time": 1790986905.42056}
{"type": "train", "epoch": 379, "loss": 0.0338, "obj": 0.0, "sup": 0.0338, "lr": 0.0005, "time": 1790986906.47335}
{"type": "train", "epoch": 380, "loss": 0.03616, "obj": 0.0, "sup": 0.03616, "lr": 0.0005, "time": 1790986907.53101}
{"type": "train", "epoch": 381, "loss": 0.03964, "obj": 0.0, "sup": 0.03964, "lr": 0.0005, "time": 1790986908.58313}
{"type": "train", "epoch": 382, "loss": 0.03842, "obj": 0.0, "sup": 0.03842, "lr": 0.0005, "time": 1790986909.64047}
{"type": "train", "epoch": 383, "loss": 0.03519, "obj": 0.0, "sup": 0.03519, "lr": 0.0005, "time": 1790986910.69653}
{"type": "train", "epoch": 384, "loss": 0.0339, "obj": 0.0, "sup": 0.0339, "lr": 0.0005, "time": 1790986911.77807}
{"type": "train", "epoch": 385, "loss": 0.03538, "obj": 0.0, "sup": 0.03538, "lr": 0.0005, "time": 1790986912.8724}
{"type": "train", "epoch": 386, "loss": 0.05276, "obj": 0.0, "sup": 0.05276, "lr": 0.0005, "time": 1790986914.02476}
{"type": "train", "epoch": 387, "loss": 0.03967, "obj": 0.0, "sup": 0.03967, "lr": 0.0005, "time": 1790986915.24186}
{"type": "train", "epoch": 388, "loss": 0.03693, "obj": 0.0, "sup": 0.03693, "lr": 0.0005, "time": 1790986916.44492}
{"type": "train", "epoch": 389, "loss": 0.03845, "obj": 0.0, "sup": 0.03845, "lr": 0.0005, "time": 1790986917.55644}
{"type": "train", "epoch": 390, "loss": 0.04128, "obj": 0.0, "sup": 0.04128, "lr": 0.0005, "time": 1790986918.59573}
{"type": "train", "epoch": 391, "loss": 0.04048, "obj": 0.0, "sup": 0.04048, "lr": 0.0005, "time": 1790986919.63495}
{"type": "train", "epoch": 392, "loss": 0.03739, "obj": 0.0, "sup": 0.03739, "lr": 0.0005, "time": 1790986920.68252}
{"type": "train", "epoch": 393, "loss": 0.04537, "obj": 0.0, "sup": 0.04537, "lr": 0.0005, "time": 1790986921.71962}
{"type": "train", "epoch": 394, "loss": 0.04329, "obj": 0.0, "sup": 0.04329, "lr": 0.0005, "time": 1790986922.76445}
{"type": "train", "epoch": 395, "loss": 0.03905, "obj": 0.0, "sup": 0.03905, "lr": 0.0005, "time": 1790986923.8112}
{"type": "train", "epoch": 396, "loss": 0.036, "obj": 0.0, "sup": 0.036, "lr": 0.0005, "time": 1790986924.8756}
{"type": "train", "epoch": 397, "loss": 0.03627, "obj": 0.0, "sup": 0.03627, "lr": 0.0005, "time": 1790986926.004}
{"type": "train", "epoch": 398, "loss": 0.03432, "obj": 0.0, "sup": 0.03432, "lr": 0.0005, "time": 1790986927.21447}
{"type": "train", "epoch": 399, "loss": 0.03494, "obj": 0.0, "sup": 0.03494, "lr": 0.0005, "time": 1790986928.43228}
{"type": "train", "epoch": 400, "loss": 0.0322, "obj": 0.0, "sup": 0.0322, "lr": 0.0005, "time": 1790986930.86322, "train_resid_median": 0.33503, "train_resid_mean": 0.34608, "train_imag_median": 0.07538, "train_obj_median": 0.163, "train_u_loss_to_label_median": 0.00823, "val_resid_median": 0.91185, "val_resid_mean": 0.86282, "val_imag_median": 0.23144, "val_obj_median": 0.9304, "val_u_loss_to_label_median": 0.73161}
{"type": "train", "epoch": 401, "loss": 0.03119, "obj": 0.0, "sup": 0.03119, "lr": 0.0005, "time": 1790986931.97112}
{"type": "train", "epoch": 402, "loss": 0.03111, "obj": 0.0, "sup": 0.03111, "lr": 0.0005, "time": 1790986933.02805}
{"type": "train", "epoch": 403, "loss": 0.03247, "obj": 0.0, "sup": 0.03247, "lr": 0.0005, "time": 1790986934.10346}
{"type": "train", "epoch": 404, "loss": 0.03595, "obj": 0.0, "sup": 0.03595, "lr": 0.0005, "time": 1790986935.18297}
{"type": "train", "epoch": 405, "loss": 0.03908, "obj": 0.0, "sup": 0.03908, "lr": 0.0005, "time": 1790986936.24025}
{"type": "train", "epoch": 406, "loss": 0.03969, "obj": 0.0, "sup": 0.03969, "lr": 0.0005, "time": 1790986937.28963}
{"type": "train", "epoch": 407, "loss": 0.04253, "obj": 0.0, "sup": 0.04253, "lr": 0.0005, "time": 1790986938.34581}
{"type": "train", "epoch": 408, "loss": 0.04291, "obj": 0.0, "sup": 0.04291, "lr": 0.0005, "time": 1790986939.39711}
{"type": "train", "epoch": 409, "loss": 0.04776, "obj": 0.0, "sup": 0.04776, "lr": 0.0005, "time": 1790986940.44833}
{"type": "train", "epoch": 410, "loss": 0.04531, "obj": 0.0, "sup": 0.04531, "lr": 0.0005, "time": 1790986941.4969}
{"type": "train", "epoch": 411, "loss": 0.0407, "obj": 0.0, "sup": 0.0407, "lr": 0.0005, "time": 1790986942.58846}
{"type": "train", "epoch": 412, "loss": 0.0397, "obj": 0.0, "sup": 0.0397, "lr": 0.0005, "time": 1790986943.73299}
{"type": "train", "epoch": 413, "loss": 0.03528, "obj": 0.0, "sup": 0.03528, "lr": 0.0005, "time": 1790986944.93408}
{"type": "train", "epoch": 414, "loss": 0.03549, "obj": 0.0, "sup": 0.03549, "lr": 0.0005, "time": 1790986946.11374}
{"type": "train", "epoch": 415, "loss": 0.03273, "obj": 0.0, "sup": 0.03273, "lr": 0.0005, "time": 1790986947.21202}
{"type": "train", "epoch": 416, "loss": 0.03135, "obj": 0.0, "sup": 0.03135, "lr": 0.0005, "time": 1790986948.32314}
{"type": "train", "epoch": 417, "loss": 0.03271, "obj": 0.0, "sup": 0.03271, "lr": 0.0005, "time": 1790986949.39807}
{"type": "train", "epoch": 418, "loss": 0.03284, "obj": 0.0, "sup": 0.03284, "lr": 0.0005, "time": 1790986950.49009}
{"type": "train", "epoch": 419, "loss": 0.03711, "obj": 0.0, "sup": 0.03711, "lr": 0.0005, "time": 1790986951.5983}
{"type": "train", "epoch": 420, "loss": 0.03872, "obj": 0.0, "sup": 0.03872, "lr": 0.0005, "time": 1790986952.69537}
{"type": "train", "epoch": 421, "loss": 0.03724, "obj": 0.0, "sup": 0.03724, "lr": 0.0005, "time": 1790986953.84253}
{"type": "train", "epoch": 422, "loss": 0.03592, "obj": 0.0, "sup": 0.03592, "lr": 0.0005, "time": 1790986954.92557}
{"type": "train", "epoch": 423, "loss": 0.03709, "obj": 0.0, "sup": 0.03709, "lr": 0.0005, "time": 1790986955.9933}
{"type": "train", "epoch": 424, "loss": 0.03612, "obj": 0.0, "sup": 0.03612, "lr": 0.0005, "time": 1790986957.04304}
{"type": "train", "epoch": 425, "loss": 0.04138, "obj": 0.0, "sup": 0.04138, "lr": 0.0005, "time": 1790986959.25103, "train_resid_median": 0.35974, "train_resid_mean": 0.37177, "train_imag_median": 0.09141, "train_obj_median": 0.18513, "train_u_loss_to_label_median": 0.02108, "val_resid_median": 0.91766, "val_resid_mean": 0.86582, "val_imag_median": 0.23546, "val_obj_median": 0.93816, "val_u_loss_to_label_median": 0.73533}
{"type": "train", "epoch": 426, "loss": 0.04577, "obj": 0.0, "sup": 0.04577, "lr": 0.0005, "time": 1790986960.31838}
{"type": "train", "epoch": 427, "loss": 0.03913, "obj": 0.0, "sup": 0.03913, "lr": 0.0005, "time": 1790986961.40997}
{"type": "train", "epoch": 428, "loss": 0.04085, "obj": 0.0, "sup": 0.04085, "lr": 0.0005, "time": 1790986962.50248}
{"type": "train", "epoch": 429, "loss": 0.0414, "obj": 0.0, "sup": 0.0414, "lr": 0.0005, "time": 1790986963.57003}
{"type": "train", "epoch": 430, "loss": 0.03993, "obj": 0.0, "sup": 0.03993, "lr": 0.0005, "time": 1790986964.61767}
{"type": "train", "epoch": 431, "loss": 0.04536, "obj": 0.0, "sup": 0.04536, "lr": 0.0005, "time": 1790986965.66217}
{"type": "train", "epoch": 432, "loss": 0.03946, "obj": 0.0, "sup": 0.03946, "lr": 0.0005, "time": 1790986966.71692}
{"type": "train", "epoch": 433, "loss": 0.0348, "obj": 0.0, "sup": 0.0348, "lr": 0.0005, "time": 1790986967.76859}
{"type": "train", "epoch": 434, "loss": 0.03442, "obj": 0.0, "sup": 0.03442, "lr": 0.0005, "time": 1790986968.8479}
{"type": "train", "epoch": 435, "loss": 0.03502, "obj": 0.0, "sup": 0.03502, "lr": 0.0005, "time": 1790986970.01021}
{"type": "train", "epoch": 436, "loss": 0.03799, "obj": 0.0, "sup": 0.03799, "lr": 0.0005, "time": 1790986971.15297}
{"type": "train", "epoch": 437, "loss": 0.03936, "obj": 0.0, "sup": 0.03936, "lr": 0.0005, "time": 1790986972.22876}
{"type": "train", "epoch": 438, "loss": 0.0436, "obj": 0.0, "sup": 0.0436, "lr": 0.0005, "time": 1790986973.27844}
{"type": "train", "epoch": 439, "loss": 0.03783, "obj": 0.0, "sup": 0.03783, "lr": 0.0005, "time": 1790986974.32504}
{"type": "train", "epoch": 440, "loss": 0.03527, "obj": 0.0, "sup": 0.03527, "lr": 0.0005, "time": 1790986975.3776}
{"type": "train", "epoch": 441, "loss": 0.03422, "obj": 0.0, "sup": 0.03422, "lr": 0.0005, "time": 1790986976.42678}
{"type": "train", "epoch": 442, "loss": 0.03657, "obj": 0.0, "sup": 0.03657, "lr": 0.0005, "time": 1790986977.4812}
{"type": "train", "epoch": 443, "loss": 0.043, "obj": 0.0, "sup": 0.043, "lr": 0.0005, "time": 1790986978.53918}
{"type": "train", "epoch": 444, "loss": 0.0425, "obj": 0.0, "sup": 0.0425, "lr": 0.0005, "time": 1790986979.58952}
{"type": "train", "epoch": 445, "loss": 0.04268, "obj": 0.0, "sup": 0.04268, "lr": 0.0005, "time": 1790986980.65234}
{"type": "train", "epoch": 446, "loss": 0.04522, "obj": 0.0, "sup": 0.04522, "lr": 0.0005, "time": 1790986981.74672}
{"type": "train", "epoch": 447, "loss": 0.04347, "obj": 0.0, "sup": 0.04347, "lr": 0.0005, "time": 1790986982.89297}
{"type": "train", "epoch": 448, "loss": 0.04146, "obj": 0.0, "sup": 0.04146, "lr": 0.0005, "time": 1790986984.05998}
{"type": "train", "epoch": 449, "loss": 0.04033, "obj": 0.0, "sup": 0.04033, "lr": 0.0005, "time": 1790986985.1845}
{"type": "train", "epoch": 450, "loss": 0.0376, "obj": 0.0, "sup": 0.0376, "lr": 0.0005, "time": 1790986987.40836, "train_resid_median": 0.34463, "train_resid_mean": 0.35497, "train_imag_median": 0.08017, "train_obj_median": 0.17084, "train_u_loss_to_label_median": 0.01267, "val_resid_median": 0.91754, "val_resid_mean": 0.86302, "val_imag_median": 0.2301, "val_obj_median": 0.93151, "val_u_loss_to_label_median": 0.73003}
{"type": "train", "epoch": 451, "loss": 0.03751, "obj": 0.0, "sup": 0.03751, "lr": 0.0005, "time": 1790986988.45689}
{"type": "train", "epoch": 452, "loss": 0.04115, "obj": 0.0, "sup": 0.04115, "lr": 0.0005, "time": 1790986989.5416}
{"type": "train", "epoch": 453, "loss": 0.04037, "obj": 0.0, "sup": 0.04037, "lr": 0.0005, "time": 1790986990.62123}
{"type": "train", "epoch": 454, "loss": 0.03525, "obj": 0.0, "sup": 0.03525, "lr": 0.0005, "time": 1790986991.77149}
{"type": "train", "epoch": 455, "loss": 0.03177, "obj": 0.0, "sup": 0.03177, "lr": 0.0005, "time": 1790986992.94316}
{"type": "train", "epoch": 456, "loss": 0.03581, "obj": 0.0, "sup": 0.03581, "lr": 0.0005, "time": 1790986994.03631}
{"type": "train", "epoch": 457, "loss": 0.03831, "obj": 0.0, "sup": 0.03831, "lr": 0.0005, "time": 1790986995.08517}
{"type": "train", "epoch": 458, "loss": 0.03657, "obj": 0.0, "sup": 0.03657, "lr": 0.0005, "time": 1790986996.14517}
{"type": "train", "epoch": 459, "loss": 0.03479, "obj": 0.0, "sup": 0.03479, "lr": 0.0005, "time": 1790986997.2121}
{"type": "train", "epoch": 460, "loss": 0.03312, "obj": 0.0, "sup": 0.03312, "lr": 0.0005, "time": 1790986998.26469}
{"type": "train", "epoch": 461, "loss": 0.03301, "obj": 0.0, "sup": 0.03301, "lr": 0.0005, "time": 1790986999.31969}
{"type": "train", "epoch": 462, "loss": 0.03766, "obj": 0.0, "sup": 0.03766, "lr": 0.0005, "time": 1790987000.39171}
{"type": "train", "epoch": 463, "loss": 0.03883, "obj": 0.0, "sup": 0.03883, "lr": 0.0005, "time": 1790987001.4394}
{"type": "train", "epoch": 464, "loss": 0.03887, "obj": 0.0, "sup": 0.03887, "lr": 0.0005, "time": 1790987002.49561}
{"type": "train", "epoch": 465, "loss": 0.03743, "obj": 0.0, "sup": 0.03743, "lr": 0.0005, "time": 1790987003.54813}
{"type": "train", "epoch": 466, "loss": 0.03726, "obj": 0.0, "sup": 0.03726, "lr": 0.0005, "time": 1790987004.60854}
{"type": "train", "epoch": 467, "loss": 0.04053, "obj": 0.0, "sup": 0.04053, "lr": 0.0005, "time": 1790987005.6606}
{"type": "train", "epoch": 468, "loss": 0.03754, "obj": 0.0, "sup": 0.03754, "lr": 0.0005, "time": 1790987006.71858}
{"type": "train", "epoch": 469, "loss": 0.03689, "obj": 0.0, "sup": 0.03689, "lr": 0.0005, "time": 1790987007.77261}
{"type": "train", "epoch": 470, "loss": 0.03549, "obj": 0.0, "sup": 0.03549, "lr": 0.0005, "time": 1790987008.85231}
{"type": "train", "epoch": 471, "loss": 0.03175, "obj": 0.0, "sup": 0.03175, "lr": 0.0005, "time": 1790987010.00621}
{"type": "train", "epoch": 472, "loss": 0.03125, "obj": 0.0, "sup": 0.03125, "lr": 0.0005, "time": 1790987011.2234}
{"type": "train", "epoch": 473, "loss": 0.03238, "obj": 0.0, "sup": 0.03238, "lr": 0.0005, "time": 1790987012.36118}
{"type": "train", "epoch": 474, "loss": 0.03395, "obj": 0.0, "sup": 0.03395, "lr": 0.0005, "time": 1790987013.46965}
{"type": "train", "epoch": 475, "loss": 0.03215, "obj": 0.0, "sup": 0.03215, "lr": 0.0005, "time": 1790987015.6406, "train_resid_median": 0.34185, "train_resid_mean": 0.35233, "train_imag_median": 0.07069, "train_obj_median": 0.16586, "train_u_loss_to_label_median": 0.00937, "val_resid_median": 0.90962, "val_resid_mean": 0.8629, "val_imag_median": 0.2224, "val_obj_median": 0.91998, "val_u_loss_to_label_median": 0.72705}
{"type": "train", "epoch": 476, "loss": 0.03267, "obj": 0.0, "sup": 0.03267, "lr": 0.0005, "time": 1790987016.7062}
{"type": "train", "epoch": 477, "loss": 0.0322, "obj": 0.0, "sup": 0.0322, "lr": 0.0005, "time": 1790987017.75107}
{"type": "train", "epoch": 478, "loss": 0.02947, "obj": 0.0, "sup": 0.02947, "lr": 0.0005, "time": 1790987018.80466}
{"type": "train", "epoch": 479, "loss": 0.02744, "obj": 0.0, "sup": 0.02744, "lr": 0.0005, "time": 1790987019.85834}
{"type": "train", "epoch": 480, "loss": 0.02783, "obj": 0.0, "sup": 0.02783, "lr": 0.0005, "time": 1790987020.90954}
{"type": "train", "epoch": 481, "loss": 0.02694, "obj": 0.0, "sup": 0.02694, "lr": 0.0005, "time": 1790987021.95988}
{"type": "train", "epoch": 482, "loss": 0.02797, "obj": 0.0, "sup": 0.02797, "lr": 0.0005, "time": 1790987023.01685}
{"type": "train", "epoch": 483, "loss": 0.0288, "obj": 0.0, "sup": 0.0288, "lr": 0.0005, "time": 1790987024.07354}
{"type": "train", "epoch": 484, "loss": 0.02894, "obj": 0.0, "sup": 0.02894, "lr": 0.0005, "time": 1790987025.13815}
{"type": "train", "epoch": 485, "loss": 0.02827, "obj": 0.0, "sup": 0.02827, "lr": 0.0005, "time": 1790987026.18315}
{"type": "train", "epoch": 486, "loss": 0.02812, "obj": 0.0, "sup": 0.02812, "lr": 0.0005, "time": 1790987027.25106}
{"type": "train", "epoch": 487, "loss": 0.031, "obj": 0.0, "sup": 0.031, "lr": 0.0005, "time": 1790987028.31576}
{"type": "train", "epoch": 488, "loss": 0.02991, "obj": 0.0, "sup": 0.02991, "lr": 0.0005, "time": 1790987029.41721}
{"type": "train", "epoch": 489, "loss": 0.0306, "obj": 0.0, "sup": 0.0306, "lr": 0.0005, "time": 1790987030.53887}
{"type": "train", "epoch": 490, "loss": 0.0402, "obj": 0.0, "sup": 0.0402, "lr": 0.0005, "time": 1790987031.60526}
{"type": "train", "epoch": 491, "loss": 0.03434, "obj": 0.0, "sup": 0.03434, "lr": 0.0005, "time": 1790987032.67729}
{"type": "train", "epoch": 492, "loss": 0.0337, "obj": 0.0, "sup": 0.0337, "lr": 0.0005, "time": 1790987033.77939}
{"type": "train", "epoch": 493, "loss": 0.03222, "obj": 0.0, "sup": 0.03222, "lr": 0.0005, "time": 1790987034.96723}
{"type": "train", "epoch": 494, "loss": 0.03551, "obj": 0.0, "sup": 0.03551, "lr": 0.0005, "time": 1790987036.12271}
{"type": "train", "epoch": 495, "loss": 0.03484, "obj": 0.0, "sup": 0.03484, "lr": 0.0005, "time": 1790987037.22919}
{"type": "train", "epoch": 496, "loss": 0.04176, "obj": 0.0, "sup": 0.04176, "lr": 0.0005, "time": 1790987038.28973}
{"type": "train", "epoch": 497, "loss": 0.04042, "obj": 0.0, "sup": 0.04042, "lr": 0.0005, "time": 1790987039.34229}
{"type": "train", "epoch": 498, "loss": 0.03637, "obj": 0.0, "sup": 0.03637, "lr": 0.0005, "time": 1790987040.39374}
{"type": "train", "epoch": 499, "loss": 0.03714, "obj": 0.0, "sup": 0.03714, "lr": 0.0005, "time": 1790987041.44306}
{"type": "train", "epoch": 500, "loss": 0.04164, "obj": 0.0, "sup": 0.04164, "lr": 0.0005, "time": 1790987043.60846, "train_resid_median": 0.34712, "train_resid_mean": 0.35903, "train_imag_median": 0.07494, "train_obj_median": 0.175, "train_u_loss_to_label_median": 0.01356, "val_resid_median": 0.92896, "val_resid_mean": 0.87194, "val_imag_median": 0.22924, "val_obj_median": 0.96062, "val_u_loss_to_label_median": 0.72568}
{"type": "done", "best_val_resid_median": 0.89789, "time": 1790987043.67085}
