{"type": "start", "n_params": 3248757, "n_train": 256, "n_val": 141, "steps": 4000, "time": 1790986481.58999}
{"type": "eval", "epoch": 0, "train_resid_median": 0.91052, "train_resid_mean": 0.90884, "train_imag_median": 0.0, "train_obj_median": 0.84684, "train_u_loss_to_label_median": 0.65212, "val_resid_median": 0.91945, "val_resid_mean": 0.91359, "val_imag_median": 0.0, "val_obj_median": 0.8634, "val_u_loss_to_label_median": 0.66176, "time": 1790986483.42123}
{"type": "train", "epoch": 1, "loss": 1.45429, "obj": 0.0, "sup": 1.45429, "lr": 4e-05, "time": 1790986486.97226}
{"type": "train", "epoch": 2, "loss": 1.18262, "obj": 0.0, "sup": 1.18262, "lr": 8e-05, "time": 1790986490.453}
{"type": "train", "epoch": 3, "loss": 1.06671, "obj": 0.0, "sup": 1.06671, "lr": 0.00012, "time": 1790986493.93293}
{"type": "train", "epoch": 4, "loss": 1.03943, "obj": 0.0, "sup": 1.03943, "lr": 0.00016, "time": 1790986497.42426}
{"type": "train", "epoch": 5, "loss": 0.9685, "obj": 0.0, "sup": 0.9685, "lr": 0.0002, "time": 1790986500.91454}
{"type": "train", "epoch": 6, "loss": 0.93976, "obj": 0.0, "sup": 0.93976, "lr": 0.00024, "time": 1790986504.40238}
{"type": "train", "epoch": 7, "loss": 0.938, "obj": 0.0, "sup": 0.938, "lr": 0.00028, "time": 1790986507.90766}
{"type": "train", "epoch": 8, "loss": 0.93348, "obj": 0.0, "sup": 0.93348, "lr": 0.00032, "time": 1790986511.41979}
{"type": "train", "epoch": 9, "loss": 0.92967, "obj": 0.0, "sup": 0.92967, "lr": 0.00036, "time": 1790986514.91916}
{"type": "train", "epoch": 10, "loss": 0.92697, "obj": 0.0, "sup": 0.92697, "lr": 0.0004, "time": 1790986519.99622, "train_resid_median": 1.03942, "train_resid_mean": 1.03201, "train_imag_median": 0.01103, "train_obj_median": 1.11046, "train_u_loss_to_label_median": 0.65203, "val_resid_median": 1.07499, "val_resid_mean": 1.05115, "val_imag_median": 0.01114, "val_obj_median": 1.19444, "val_u_loss_to_label_median": 0.66193}
{"type": "train", "epoch": 11, "loss": 0.92625, "obj": 0.0, "sup": 0.92625, "lr": 0.00044, "time": 1790986523.50791}
{"type": "train", "epoch": 12, "loss": 0.92896, "obj": 0.0, "sup": 0.92896, "lr": 0.00048, "time": 1790986527.02839}
{"type": "train", "epoch": 13, "loss": 0.92439, "obj": 0.0, "sup": 0.92439, "lr": 0.0005, "time": 1790986530.54526}
{"type": "train", "epoch": 14, "loss": 0.92489, "obj": 0.0, "sup": 0.92489, "lr": 0.0005, "time": 1790986534.06578}
{"type": "train", "epoch": 15, "loss": 0.92282, "obj": 0.0, "sup": 0.92282, "lr": 0.0005, "time": 1790986537.58975}
{"type": "train", "epoch": 16, "loss": 0.92395, "obj": 0.0, "sup": 0.92395, "lr": 0.0005, "time": 1790986541.12366}
{"type": "train", "epoch": 17, "loss": 0.92161, "obj": 0.0, "sup": 0.92161, "lr": 0.0005, "time": 1790986544.65239}
{"type": "train", "epoch": 18, "loss": 0.92223, "obj": 0.0, "sup": 0.92223, "lr": 0.0005, "time": 1790986548.18822}
{"type": "train", "epoch": 19, "loss": 0.92123, "obj": 0.0, "sup": 0.92123, "lr": 0.0005, "time": 1790986551.71885}
{"type": "train", "epoch": 20, "loss": 0.92099, "obj": 0.0, "sup": 0.92099, "lr": 0.0005, "time": 1790986556.85032, "train_resid_median": 0.98138, "train_resid_mean": 0.97689, "train_imag_median": 0.03083, "train_obj_median": 0.9909, "train_u_loss_to_label_median": 0.65212, "val_resid_median": 1.00967, "val_resid_mean": 0.99284, "val_imag_median": 0.03107, "val_obj_median": 1.04886, "val_u_loss_to_label_median": 0.66209}
{"type": "train", "epoch": 21, "loss": 0.921, "obj": 0.0, "sup": 0.921, "lr": 0.0005, "time": 1790986560.40517}
{"type": "train", "epoch": 22, "loss": 0.9248, "obj": 0.0, "sup": 0.9248, "lr": 0.0005, "time": 1790986563.96457}
{"type": "train", "epoch": 23, "loss": 0.92272, "obj": 0.0, "sup": 0.92272, "lr": 0.0005, "time": 1790986567.52012}
{"type": "train", "epoch": 24, "loss": 0.92029, "obj": 0.0, "sup": 0.92029, "lr": 0.0005, "time": 1790986571.09259}
{"type": "train", "epoch": 25, "loss": 0.92113, "obj": 0.0, "sup": 0.92113, "lr": 0.0005, "time": 1790986574.64485}
{"type": "train", "epoch": 26, "loss": 0.92097, "obj": 0.0, "sup": 0.92097, "lr": 0.0005, "time": 1790986578.20766}
{"type": "train", "epoch": 27, "loss": 0.91945, "obj": 0.0, "sup": 0.91945, "lr": 0.0005, "time": 1790986581.76652}
{"type": "train", "epoch": 28, "loss": 0.92107, "obj": 0.0, "sup": 0.92107, "lr": 0.0005, "time": 1790986585.3208}
{"type": "train", "epoch": 29, "loss": 0.92153, "obj": 0.0, "sup": 0.92153, "lr": 0.0005, "time": 1790986588.8847}
{"type": "train", "epoch": 30, "loss": 0.92045, "obj": 0.0, "sup": 0.92045, "lr": 0.0005, "time": 1790986593.94168, "train_resid_median": 1.0135, "train_resid_mean": 1.00846, "train_imag_median": 0.01264, "train_obj_median": 1.05933, "train_u_loss_to_label_median": 0.65258, "val_resid_median": 1.04829, "val_resid_mean": 1.0255, "val_imag_median": 0.01286, "val_obj_median": 1.13412, "val_u_loss_to_label_median": 0.66295}
{"type": "train", "epoch": 31, "loss": 0.91939, "obj": 0.0, "sup": 0.91939, "lr": 0.0005, "time": 1790986597.50135}
{"type": "train", "epoch": 32, "loss": 0.92026, "obj": 0.0, "sup": 0.92026, "lr": 0.0005, "time": 1790986601.05986}
{"type": "train", "epoch": 33, "loss": 0.91955, "obj": 0.0, "sup": 0.91955, "lr": 0.0005, "time": 1790986604.62663}
{"type": "train", "epoch": 34, "loss": 0.91878, "obj": 0.0, "sup": 0.91878, "lr": 0.0005, "time": 1790986608.18896}
{"type": "train", "epoch": 35, "loss": 0.91826, "obj": 0.0, "sup": 0.91826, "lr": 0.0005, "time": 1790986611.75652}
{"type": "train", "epoch": 36, "loss": 0.9205, "obj": 0.0, "sup": 0.9205, "lr": 0.0005, "time": 1790986615.30614}
{"type": "train", "epoch": 37, "loss": 0.92042, "obj": 0.0, "sup": 0.92042, "lr": 0.0005, "time": 1790986618.8735}
{"type": "train", "epoch": 38, "loss": 0.91811, "obj": 0.0, "sup": 0.91811, "lr": 0.0005, "time": 1790986622.44067}
{"type": "train", "epoch": 39, "loss": 0.92022, "obj": 0.0, "sup": 0.92022, "lr": 0.0005, "time": 1790986625.99654}
{"type": "train", "epoch": 40, "loss": 0.91884, "obj": 0.0, "sup": 0.91884, "lr": 0.0005, "time": 1790986631.06416, "train_resid_median": 1.00284, "train_resid_mean": 0.99989, "train_imag_median": 0.0212, "train_obj_median": 1.03559, "train_u_loss_to_label_median": 0.65274, "val_resid_median": 1.03645, "val_resid_mean": 1.0175, "val_imag_median": 0.02148, "val_obj_median": 1.10524, "val_u_loss_to_label_median": 0.66261}
{"type": "train", "epoch": 41, "loss": 0.91921, "obj": 0.0, "sup": 0.91921, "lr": 0.0005, "time": 1790986634.62999}
{"type": "train", "epoch": 42, "loss": 0.91847, "obj": 0.0, "sup": 0.91847, "lr": 0.0005, "time": 1790986638.1957}
{"type": "train", "epoch": 43, "loss": 0.9195, "obj": 0.0, "sup": 0.9195, "lr": 0.0005, "time": 1790986641.765}
{"type": "train", "epoch": 44, "loss": 0.91846, "obj": 0.0, "sup": 0.91846, "lr": 0.0005, "time": 1790986645.33334}
{"type": "train", "epoch": 45, "loss": 0.9179, "obj": 0.0, "sup": 0.9179, "lr": 0.0005, "time": 1790986648.89977}
{"type": "train", "epoch": 46, "loss": 0.91866, "obj": 0.0, "sup": 0.91866, "lr": 0.0005, "time": 1790986652.46546}
{"type": "train", "epoch": 47, "loss": 0.9178, "obj": 0.0, "sup": 0.9178, "lr": 0.0005, "time": 1790986656.03471}
{"type": "train", "epoch": 48, "loss": 0.91756, "obj": 0.0, "sup": 0.91756, "lr": 0.0005, "time": 1790986659.60248}
{"type": "train", "epoch": 49, "loss": 0.91853, "obj": 0.0, "sup": 0.91853, "lr": 0.0005, "time": 1790986663.17048}
{"type": "train", "epoch": 50, "loss": 0.9176, "obj": 0.0, "sup": 0.9176, "lr": 0.0005, "time": 1790986668.25171, "train_resid_median": 1.00067, "train_resid_mean": 0.9963, "train_imag_median": 0.0269, "train_obj_median": 1.02898, "train_u_loss_to_label_median": 0.65337, "val_resid_median": 1.03335, "val_resid_mean": 1.01289, "val_imag_median": 0.02714, "val_obj_median": 1.10261, "val_u_loss_to_label_median": 0.66305}
{"type": "train", "epoch": 51, "loss": 0.91766, "obj": 0.0, "sup": 0.91766, "lr": 0.0005, "time": 1790986671.82827}
{"type": "train", "epoch": 52, "loss": 0.91743, "obj": 0.0, "sup": 0.91743, "lr": 0.0005, "time": 1790986675.39802}
{"type": "train", "epoch": 53, "loss": 0.91661, "obj": 0.0, "sup": 0.91661, "lr": 0.0005, "time": 1790986678.97336}
{"type": "train", "epoch": 54, "loss": 0.91717, "obj": 0.0, "sup": 0.91717, "lr": 0.0005, "time": 1790986682.54867}
{"type": "train", "epoch": 55, "loss": 0.91617, "obj": 0.0, "sup": 0.91617, "lr": 0.0005, "time": 1790986686.12344}
{"type": "train", "epoch": 56, "loss": 0.91598, "obj": 0.0, "sup": 0.91598, "lr": 0.0005, "time": 1790986689.69687}
{"type": "train", "epoch": 57, "loss": 0.91648, "obj": 0.0, "sup": 0.91648, "lr": 0.0005, "time": 1790986693.27112}
{"type": "train", "epoch": 58, "loss": 0.91752, "obj": 0.0, "sup": 0.91752, "lr": 0.0005, "time": 1790986696.84554}
{"type": "train", "epoch": 59, "loss": 0.91451, "obj": 0.0, "sup": 0.91451, "lr": 0.0005, "time": 1790986700.42411}
{"type": "train", "epoch": 60, "loss": 0.91468, "obj": 0.0, "sup": 0.91468, "lr": 0.0005, "time": 1790986705.51083, "train_resid_median": 1.01399, "train_resid_mean": 1.01173, "train_imag_median": 0.02647, "train_obj_median": 1.06228, "train_u_loss_to_label_median": 0.65151, "val_resid_median": 1.05075, "val_resid_mean": 1.02827, "val_imag_median": 0.02706, "val_obj_median": 1.1358, "val_u_loss_to_label_median": 0.66326}
{"type": "train", "epoch": 61, "loss": 0.91581, "obj": 0.0, "sup": 0.91581, "lr": 0.0005, "time": 1790986709.08857}
{"type": "train", "epoch": 62, "loss": 0.91497, "obj": 0.0, "sup": 0.91497, "lr": 0.0005, "time": 1790986712.66704}
{"type": "train", "epoch": 63, "loss": 0.91352, "obj": 0.0, "sup": 0.91352, "lr": 0.0005, "time": 1790986716.26352}
{"type": "train", "epoch": 64, "loss": 0.91321, "obj": 0.0, "sup": 0.91321, "lr": 0.0005, "time": 1790986720.12445}
{"type": "train", "epoch": 65, "loss": 0.9117, "obj": 0.0, "sup": 0.9117, "lr": 0.0005, "time": 1790986723.75291}
{"type": "train", "epoch": 66, "loss": 0.91143, "obj": 0.0, "sup": 0.91143, "lr": 0.0005, "time": 1790986727.60634}
{"type": "train", "epoch": 67, "loss": 0.91205, "obj": 0.0, "sup": 0.91205, "lr": 0.0005, "time": 1790986731.26139}
{"type": "train", "epoch": 68, "loss": 0.91382, "obj": 0.0, "sup": 0.91382, "lr": 0.0005, "time": 1790986734.82775}
{"type": "train", "epoch": 69, "loss": 0.91129, "obj": 0.0, "sup": 0.91129, "lr": 0.0005, "time": 1790986738.39821}
{"type": "train", "epoch": 70, "loss": 0.90998, "obj": 0.0, "sup": 0.90998, "lr": 0.0005, "time": 1790986743.47345, "train_resid_median": 1.00412, "train_resid_mean": 1.00104, "train_imag_median": 0.01752, "train_obj_median": 1.03942, "train_u_loss_to_label_median": 0.6504, "val_resid_median": 1.03991, "val_resid_mean": 1.0214, "val_imag_median": 0.01792, "val_obj_median": 1.11426, "val_u_loss_to_label_median": 0.66301}
{"type": "train", "epoch": 71, "loss": 0.91083, "obj": 0.0, "sup": 0.91083, "lr": 0.0005, "time": 1790986747.0466}
{"type": "train", "epoch": 72, "loss": 0.90715, "obj": 0.0, "sup": 0.90715, "lr": 0.0005, "time": 1790986750.61802}
{"type": "train", "epoch": 73, "loss": 0.90645, "obj": 0.0, "sup": 0.90645, "lr": 0.0005, "time": 1790986754.18515}
{"type": "train", "epoch": 74, "loss": 0.90483, "obj": 0.0, "sup": 0.90483, "lr": 0.0005, "time": 1790986757.75919}
{"type": "train", "epoch": 75, "loss": 0.90205, "obj": 0.0, "sup": 0.90205, "lr": 0.0005, "time": 1790986761.33176}
{"type": "train", "epoch": 76, "loss": 0.89882, "obj": 0.0, "sup": 0.89882, "lr": 0.0005, "time": 1790986764.90334}
{"type": "train", "epoch": 77, "loss": 0.90071, "obj": 0.0, "sup": 0.90071, "lr": 0.0005, "time": 1790986768.47514}
{"type": "train", "epoch": 78, "loss": 0.8984, "obj": 0.0, "sup": 0.8984, "lr": 0.0005, "time": 1790986772.04518}
{"type": "train", "epoch": 79, "loss": 0.89689, "obj": 0.0, "sup": 0.89689, "lr": 0.0005, "time": 1790986775.61744}
{"type": "train", "epoch": 80, "loss": 0.90028, "obj": 0.0, "sup": 0.90028, "lr": 0.0005, "time": 1790986780.69722, "train_resid_median": 1.03164, "train_resid_mean": 1.02759, "train_imag_median": 0.02737, "train_obj_median": 1.09817, "train_u_loss_to_label_median": 0.64881, "val_resid_median": 1.06428, "val_resid_mean": 1.0448, "val_imag_median": 0.02862, "val_obj_median": 1.16602, "val_u_loss_to_label_median": 0.66416}
{"type": "train", "epoch": 81, "loss": 0.89606, "obj": 0.0, "sup": 0.89606, "lr": 0.0005, "time": 1790986784.27298}
{"type": "train", "epoch": 82, "loss": 0.90024, "obj": 0.0, "sup": 0.90024, "lr": 0.0005, "time": 1790986787.84109}
{"type": "train", "epoch": 83, "loss": 0.89382, "obj": 0.0, "sup": 0.89382, "lr": 0.0005, "time": 1790986791.4196}
{"type": "train", "epoch": 84, "loss": 0.88895, "obj": 0.0, "sup": 0.88895, "lr": 0.0005, "time": 1790986794.99057}
{"type": "train", "epoch": 85, "loss": 0.88635, "obj": 0.0, "sup": 0.88635, "lr": 0.0005, "time": 1790986798.56702}
{"type": "train", "epoch": 86, "loss": 0.87933, "obj": 0.0, "sup": 0.87933, "lr": 0.0005, "time": 1790986802.14353}
{"type": "train", "epoch": 87, "loss": 0.87817, "obj": 0.0, "sup": 0.87817, "lr": 0.0005, "time": 1790986805.71893}
{"type": "train", "epoch": 88, "loss": 0.88022, "obj": 0.0, "sup": 0.88022, "lr": 0.0005, "time": 1790986809.29749}
{"type": "train", "epoch": 89, "loss": 0.87011, "obj": 0.0, "sup": 0.87011, "lr": 0.0005, "time": 1790986812.87235}
{"type": "train", "epoch": 90, "loss": 0.86555, "obj": 0.0, "sup": 0.86555, "lr": 0.0005, "time": 1790986818.03262, "train_resid_median": 0.95447, "train_resid_mean": 0.95054, "train_imag_median": 0.03791, "train_obj_median": 0.94418, "train_u_loss_to_label_median": 0.64322, "val_resid_median": 0.98424, "val_resid_mean": 0.97325, "val_imag_median": 0.03922, "val_obj_median": 0.99805, "val_u_loss_to_label_median": 0.66386}
{"type": "train", "epoch": 91, "loss": 0.85712, "obj": 0.0, "sup": 0.85712, "lr": 0.0005, "time": 1790986821.6106}
{"type": "train", "epoch": 92, "loss": 0.85239, "obj": 0.0, "sup": 0.85239, "lr": 0.0005, "time": 1790986825.18856}
{"type": "train", "epoch": 93, "loss": 0.85191, "obj": 0.0, "sup": 0.85191, "lr": 0.0005, "time": 1790986828.76457}
{"type": "train", "epoch": 94, "loss": 0.83821, "obj": 0.0, "sup": 0.83821, "lr": 0.0005, "time": 1790986832.34189}
{"type": "train", "epoch": 95, "loss": 0.84076, "obj": 0.0, "sup": 0.84076, "lr": 0.0005, "time": 1790986835.91462}
{"type": "train", "epoch": 96, "loss": 0.83331, "obj": 0.0, "sup": 0.83331, "lr": 0.0005, "time": 1790986839.49245}
{"type": "train", "epoch": 97, "loss": 0.82793, "obj": 0.0, "sup": 0.82793, "lr": 0.0005, "time": 1790986843.06924}
{"type": "train", "epoch": 98, "loss": 0.8151, "obj": 0.0, "sup": 0.8151, "lr": 0.0005, "time": 1790986846.64748}
{"type": "train", "epoch": 99, "loss": 0.80215, "obj": 0.0, "sup": 0.80215, "lr": 0.0005, "time": 1790986850.22291}
{"type": "train", "epoch": 100, "loss": 0.79722, "obj": 0.0, "sup": 0.79722, "lr": 0.0005, "time": 1790986855.30426, "train_resid_median": 0.98466, "train_resid_mean": 0.97761, "train_imag_median": 0.0599, "train_obj_median": 1.0064, "train_u_loss_to_label_median": 0.62991, "val_resid_median": 1.02046, "val_resid_mean": 1.00622, "val_imag_median": 0.05962, "val_obj_median": 1.08017, "val_u_loss_to_label_median": 0.66013}
{"type": "train", "epoch": 101, "loss": 0.78571, "obj": 0.0, "sup": 0.78571, "lr": 0.0005, "time": 1790986858.88031}
{"type": "train", "epoch": 102, "loss": 0.77316, "obj": 0.0, "sup": 0.77316, "lr": 0.0005, "time": 1790986862.45843}
{"type": "train", "epoch": 103, "loss": 0.77501, "obj": 0.0, "sup": 0.77501, "lr": 0.0005, "time": 1790986866.03067}
{"type": "train", "epoch": 104, "loss": 0.75739, "obj": 0.0, "sup": 0.75739, "lr": 0.0005, "time": 1790986869.61805}
{"type": "train", "epoch": 105, "loss": 0.74238, "obj": 0.0, "sup": 0.74238, "lr": 0.0005, "time": 1790986873.18872}
{"type": "train", "epoch": 106, "loss": 0.73667, "obj": 0.0, "sup": 0.73667, "lr": 0.0005, "time": 1790986876.75846}
{"type": "train", "epoch": 107, "loss": 0.72286, "obj": 0.0, "sup": 0.72286, "lr": 0.0005, "time": 1790986880.32997}
{"type": "train", "epoch": 108, "loss": 0.71832, "obj": 0.0, "sup": 0.71832, "lr": 0.0005, "time": 1790986883.90058}
{"type": "train", "epoch": 109, "loss": 0.70816, "obj": 0.0, "sup": 0.70816, "lr": 0.0005, "time": 1790986887.46888}
{"type": "train", "epoch": 110, "loss": 0.69355, "obj": 0.0, "sup": 0.69355, "lr": 0.0005, "time": 1790986892.62193, "train_resid_median": 0.90874, "train_resid_mean": 0.90184, "train_imag_median": 0.1016, "train_obj_median": 0.86758, "train_u_loss_to_label_median": 0.59781, "val_resid_median": 0.9543, "val_resid_mean": 0.94263, "val_imag_median": 0.10732, "val_obj_median": 0.9605, "val_u_loss_to_label_median": 0.66699}
{"type": "train", "epoch": 111, "loss": 0.68219, "obj": 0.0, "sup": 0.68219, "lr": 0.0005, "time": 1790986896.19769}
{"type": "train", "epoch": 112, "loss": 0.67845, "obj": 0.0, "sup": 0.67845, "lr": 0.0005, "time": 1790986899.78472}
{"type": "train", "epoch": 113, "loss": 0.6698, "obj": 0.0, "sup": 0.6698, "lr": 0.0005, "time": 1790986903.37032}
{"type": "train", "epoch": 114, "loss": 0.64845, "obj": 0.0, "sup": 0.64845, "lr": 0.0005, "time": 1790986906.95523}
{"type": "train", "epoch": 115, "loss": 0.63069, "obj": 0.0, "sup": 0.63069, "lr": 0.0005, "time": 1790986910.53105}
{"type": "train", "epoch": 116, "loss": 0.62136, "obj": 0.0, "sup": 0.62136, "lr": 0.0005, "time": 1790986914.10344}
{"type": "train", "epoch": 117, "loss": 0.61953, "obj": 0.0, "sup": 0.61953, "lr": 0.0005, "time": 1790986917.67382}
{"type": "train", "epoch": 118, "loss": 0.60772, "obj": 0.0, "sup": 0.60772, "lr": 0.0005, "time": 1790986921.25047}
{"type": "train", "epoch": 119, "loss": 0.58707, "obj": 0.0, "sup": 0.58707, "lr": 0.0005, "time": 1790986924.82658}
{"type": "train", "epoch": 120, "loss": 0.57763, "obj": 0.0, "sup": 0.57763, "lr": 0.0005, "time": 1790986929.96874, "train_resid_median": 0.8342, "train_resid_mean": 0.82597, "train_imag_median": 0.12682, "train_obj_median": 0.74898, "train_u_loss_to_label_median": 0.53012, "val_resid_median": 0.9318, "val_resid_mean": 0.90153, "val_imag_median": 0.12798, "val_obj_median": 0.92129, "val_u_loss_to_label_median": 0.68413}
{"type": "train", "epoch": 121, "loss": 0.57749, "obj": 0.0, "sup": 0.57749, "lr": 0.0005, "time": 1790986933.5437}
{"type": "train", "epoch": 122, "loss": 0.57377, "obj": 0.0, "sup": 0.57377, "lr": 0.0005, "time": 1790986937.12018}
{"type": "train", "epoch": 123, "loss": 0.57806, "obj": 0.0, "sup": 0.57806, "lr": 0.0005, "time": 1790986940.69857}
{"type": "train", "epoch": 124, "loss": 0.54342, "obj": 0.0, "sup": 0.54342, "lr": 0.0005, "time": 1790986944.26971}
{"type": "train", "epoch": 125, "loss": 0.5288, "obj": 0.0, "sup": 0.5288, "lr": 0.0005, "time": 1790986947.84451}
{"type": "train", "epoch": 126, "loss": 0.52204, "obj": 0.0, "sup": 0.52204, "lr": 0.0005, "time": 1790986951.4186}
{"type": "train", "epoch": 127, "loss": 0.50835, "obj": 0.0, "sup": 0.50835, "lr": 0.0005, "time": 1790986954.99319}
{"type": "train", "epoch": 128, "loss": 0.4989, "obj": 0.0, "sup": 0.4989, "lr": 0.0005, "time": 1790986958.57026}
{"type": "train", "epoch": 129, "loss": 0.49274, "obj": 0.0, "sup": 0.49274, "lr": 0.0005, "time": 1790986962.13774}
{"type": "train", "epoch": 130, "loss": 0.48052, "obj": 0.0, "sup": 0.48052, "lr": 0.0005, "time": 1790986967.28066, "train_resid_median": 0.75668, "train_resid_mean": 0.75033, "train_imag_median": 0.13633, "train_obj_median": 0.62844, "train_u_loss_to_label_median": 0.44429, "val_resid_median": 0.90851, "val_resid_mean": 0.86575, "val_imag_median": 0.14613, "val_obj_median": 0.88395, "val_u_loss_to_label_median": 0.6924}
{"type": "train", "epoch": 131, "loss": 0.49858, "obj": 0.0, "sup": 0.49858, "lr": 0.0005, "time": 1790986970.85852}
{"type": "train", "epoch": 132, "loss": 0.47466, "obj": 0.0, "sup": 0.47466, "lr": 0.0005, "time": 1790986974.43787}
{"type": "train", "epoch": 133, "loss": 0.45913, "obj": 0.0, "sup": 0.45913, "lr": 0.0005, "time": 1790986978.01309}
{"type": "train", "epoch": 134, "loss": 0.43315, "obj": 0.0, "sup": 0.43315, "lr": 0.0005, "time": 1790986981.59068}
{"type": "train", "epoch": 135, "loss": 0.42383, "obj": 0.0, "sup": 0.42383, "lr": 0.0005, "time": 1790986985.16268}
{"type": "train", "epoch": 136, "loss": 0.41388, "obj": 0.0, "sup": 0.41388, "lr": 0.0005, "time": 1790986988.73352}
{"type": "train", "epoch": 137, "loss": 0.41635, "obj": 0.0, "sup": 0.41635, "lr": 0.0005, "time": 1790986992.305}
{"type": "train", "epoch": 138, "loss": 0.41632, "obj": 0.0, "sup": 0.41632, "lr": 0.0005, "time": 1790986995.88293}
{"type": "train", "epoch": 139, "loss": 0.40336, "obj": 0.0, "sup": 0.40336, "lr": 0.0005, "time": 1790986999.45515}
{"type": "train", "epoch": 140, "loss": 0.38663, "obj": 0.0, "sup": 0.38663, "lr": 0.0005, "time": 1790987004.59141, "train_resid_median": 0.67928, "train_resid_mean": 0.67518, "train_imag_median": 0.14417, "train_obj_median": 0.52628, "train_u_loss_to_label_median": 0.35958, "val_resid_median": 0.89837, "val_resid_mean": 0.83707, "val_imag_median": 0.17379, "val_obj_median": 0.8814, "val_u_loss_to_label_median": 0.72237}
{"type": "train", "epoch": 141, "loss": 0.3739, "obj": 0.0, "sup": 0.3739, "lr": 0.0005, "time": 1790987008.16999}
{"type": "train", "epoch": 142, "loss": 0.36124, "obj": 0.0, "sup": 0.36124, "lr": 0.0005, "time": 1790987011.74542}
{"type": "train", "epoch": 143, "loss": 0.35048, "obj": 0.0, "sup": 0.35048, "lr": 0.0005, "time": 1790987015.3188}
{"type": "train", "epoch": 144, "loss": 0.34112, "obj": 0.0, "sup": 0.34112, "lr": 0.0005, "time": 1790987018.89737}
{"type": "train", "epoch": 145, "loss": 0.33639, "obj": 0.0, "sup": 0.33639, "lr": 0.0005, "time": 1790987022.47332}
{"type": "train", "epoch": 146, "loss": 0.35079, "obj": 0.0, "sup": 0.35079, "lr": 0.0005, "time": 1790987026.05206}
{"type": "train", "epoch": 147, "loss": 0.37444, "obj": 0.0, "sup": 0.37444, "lr": 0.0005, "time": 1790987029.62627}
{"type": "train", "epoch": 148, "loss": 0.33729, "obj": 0.0, "sup": 0.33729, "lr": 0.0005, "time": 1790987033.19951}
{"type": "train", "epoch": 149, "loss": 0.33121, "obj": 0.0, "sup": 0.33121, "lr": 0.0005, "time": 1790987036.77314}
{"type": "train", "epoch": 150, "loss": 0.32466, "obj": 0.0, "sup": 0.32466, "lr": 0.0005, "time": 1790987041.93399, "train_resid_median": 0.65473, "train_resid_mean": 0.65363, "train_imag_median": 0.15002, "train_obj_median": 0.49009, "train_u_loss_to_label_median": 0.31582, "val_resid_median": 0.87954, "val_resid_mean": 0.82692, "val_imag_median": 0.19436, "val_obj_median": 0.85372, "val_u_loss_to_label_median": 0.73708}
{"type": "train", "epoch": 151, "loss": 0.32883, "obj": 0.0, "sup": 0.32883, "lr": 0.0005, "time": 1790987045.50854}
{"type": "train", "epoch": 152, "loss": 0.32558, "obj": 0.0, "sup": 0.32558, "lr": 0.0005, "time": 1790987049.08948}
{"type": "train", "epoch": 153, "loss": 0.31232, "obj": 0.0, "sup": 0.31232, "lr": 0.0005, "time": 1790987052.66087}
{"type": "train", "epoch": 154, "loss": 0.30282, "obj": 0.0, "sup": 0.30282, "lr": 0.0005, "time": 1790987056.24309}
{"type": "train", "epoch": 155, "loss": 0.2798, "obj": 0.0, "sup": 0.2798, "lr": 0.0005, "time": 1790987059.82005}
{"type": "train", "epoch": 156, "loss": 0.26693, "obj": 0.0, "sup": 0.26693, "lr": 0.0005, "time": 1790987063.40803}
{"type": "train", "epoch": 157, "loss": 0.25767, "obj": 0.0, "sup": 0.25767, "lr": 0.0005, "time": 1790987066.99541}
{"type": "train", "epoch": 158, "loss": 0.2498, "obj": 0.0, "sup": 0.2498, "lr": 0.0005, "time": 1790987070.58367}
{"type": "train", "epoch": 159, "loss": 0.24332, "obj": 0.0, "sup": 0.24332, "lr": 0.0005, "time": 1790987074.16835}
{"type": "train", "epoch": 160, "loss": 0.23838, "obj": 0.0, "sup": 0.23838, "lr": 0.0005, "time": 1790987079.25902, "train_resid_median": 0.56537, "train_resid_mean": 0.56615, "train_imag_median": 0.13103, "train_obj_median": 0.37674, "train_u_loss_to_label_median": 0.22218, "val_resid_median": 0.8909, "val_resid_mean": 0.8073, "val_imag_median": 0.20594, "val_obj_median": 0.87974, "val_u_loss_to_label_median": 0.73659}
{"type": "train", "epoch": 161, "loss": 0.23471, "obj": 0.0, "sup": 0.23471, "lr": 0.0005, "time": 1790987082.84312}
{"type": "train", "epoch": 162, "loss": 0.23103, "obj": 0.0, "sup": 0.23103, "lr": 0.0005, "time": 1790987086.43341}
{"type": "train", "epoch": 163, "loss": 0.22928, "obj": 0.0, "sup": 0.22928, "lr": 0.0005, "time": 1790987090.01417}
{"type": "train", "epoch": 164, "loss": 0.24839, "obj": 0.0, "sup": 0.24839, "lr": 0.0005, "time": 1790987093.58934}
{"type": "train", "epoch": 165, "loss": 0.26605, "obj": 0.0, "sup": 0.26605, "lr": 0.0005, "time": 1790987097.15856}
{"type": "train", "epoch": 166, "loss": 0.24921, "obj": 0.0, "sup": 0.24921, "lr": 0.0005, "time": 1790987100.73056}
{"type": "train", "epoch": 167, "loss": 0.24204, "obj": 0.0, "sup": 0.24204, "lr": 0.0005, "time": 1790987104.29566}
{"type": "train", "epoch": 168, "loss": 0.22884, "obj": 0.0, "sup": 0.22884, "lr": 0.0005, "time": 1790987107.86872}
{"type": "train", "epoch": 169, "loss": 0.22389, "obj": 0.0, "sup": 0.22389, "lr": 0.0005, "time": 1790987111.4414}
{"type": "train", "epoch": 170, "loss": 0.2327, "obj": 0.0, "sup": 0.2327, "lr": 0.0005, "time": 1790987116.51678, "train_resid_median": 0.57198, "train_resid_mean": 0.57486, "train_imag_median": 0.14835, "train_obj_median": 0.39336, "train_u_loss_to_label_median": 0.20897, "val_resid_median": 0.89214, "val_resid_mean": 0.81171, "val_imag_median": 0.2193, "val_obj_median": 0.8853, "val_u_loss_to_label_median": 0.74718}
{"type": "train", "epoch": 171, "loss": 0.25186, "obj": 0.0, "sup": 0.25186, "lr": 0.0005, "time": 1790987120.09643}
{"type": "train", "epoch": 172, "loss": 0.24051, "obj": 0.0, "sup": 0.24051, "lr": 0.0005, "time": 1790987123.67413}
{"type": "train", "epoch": 173, "loss": 0.22898, "obj": 0.0, "sup": 0.22898, "lr": 0.0005, "time": 1790987127.47846}
{"type": "train", "epoch": 174, "loss": 0.2262, "obj": 0.0, "sup": 0.2262, "lr": 0.0005, "time": 1790987146.30734}
{"type": "train", "epoch": 175, "loss": 0.23351, "obj": 0.0, "sup": 0.23351, "lr": 0.0005, "time": 1790987151.57008}
{"type": "train", "epoch": 176, "loss": 0.22485, "obj": 0.0, "sup": 0.22485, "lr": 0.0005, "time": 1790987167.16159}
{"type": "train", "epoch": 177, "loss": 0.21937, "obj": 0.0, "sup": 0.21937, "lr": 0.0005, "time": 1790987182.6926}
{"type": "train", "epoch": 178, "loss": 0.19891, "obj": 0.0, "sup": 0.19891, "lr": 0.0005, "time": 1790987198.93542}
{"type": "train", "epoch": 179, "loss": 0.19558, "obj": 0.0, "sup": 0.19558, "lr": 0.0005, "time": 1790987208.47817}
{"type": "train", "epoch": 180, "loss": 0.19528, "obj": 0.0, "sup": 0.19528, "lr": 0.0005, "time": 1790987227.94813, "train_resid_median": 0.52308, "train_resid_mean": 0.53094, "train_imag_median": 0.13767, "train_obj_median": 0.33824, "train_u_loss_to_label_median": 0.16048, "val_resid_median": 0.8829, "val_resid_mean": 0.79844, "val_imag_median": 0.20738, "val_obj_median": 0.87354, "val_u_loss_to_label_median": 0.74443}
{"type": "train", "epoch": 181, "loss": 0.17968, "obj": 0.0, "sup": 0.17968, "lr": 0.0005, "time": 1790987236.94285}
{"type": "train", "epoch": 182, "loss": 0.16736, "obj": 0.0, "sup": 0.16736, "lr": 0.0005, "time": 1790987241.13002}
{"type": "train", "epoch": 183, "loss": 0.16126, "obj": 0.0, "sup": 0.16126, "lr": 0.0005, "time": 1790987244.67284}
{"type": "train", "epoch": 184, "loss": 0.16941, "obj": 0.0, "sup": 0.16941, "lr": 0.0005, "time": 1790987248.23117}
{"type": "train", "epoch": 185, "loss": 0.16491, "obj": 0.0, "sup": 0.16491, "lr": 0.0005, "time": 1790987251.80963}
{"type": "train", "epoch": 186, "loss": 0.17803, "obj": 0.0, "sup": 0.17803, "lr": 0.0005, "time": 1790987255.39461}
{"type": "train", "epoch": 187, "loss": 0.21921, "obj": 0.0, "sup": 0.21921, "lr": 0.0005, "time": 1790987258.97217}
{"type": "train", "epoch": 188, "loss": 0.19291, "obj": 0.0, "sup": 0.19291, "lr": 0.0005, "time": 1790987262.57159}
{"type": "train", "epoch": 189, "loss": 0.17129, "obj": 0.0, "sup": 0.17129, "lr": 0.0005, "time": 1790987266.16542}
{"type": "train", "epoch": 190, "loss": 0.16396, "obj": 0.0, "sup": 0.16396, "lr": 0.0005, "time": 1790987271.28212, "train_resid_median": 0.49582, "train_resid_mean": 0.50244, "train_imag_median": 0.14014, "train_obj_median": 0.30993, "train_u_loss_to_label_median": 0.12483, "val_resid_median": 0.88741, "val_resid_mean": 0.79085, "val_imag_median": 0.21125, "val_obj_median": 0.87362, "val_u_loss_to_label_median": 0.74242}
{"type": "train", "epoch": 191, "loss": 0.15883, "obj": 0.0, "sup": 0.15883, "lr": 0.0005, "time": 1790987274.87751}
{"type": "train", "epoch": 192, "loss": 0.16026, "obj": 0.0, "sup": 0.16026, "lr": 0.0005, "time": 1790987278.48563}
{"type": "train", "epoch": 193, "loss": 0.15716, "obj": 0.0, "sup": 0.15716, "lr": 0.0005, "time": 1790987282.07655}
{"type": "train", "epoch": 194, "loss": 0.14399, "obj": 0.0, "sup": 0.14399, "lr": 0.0005, "time": 1790987285.6681}
{"type": "train", "epoch": 195, "loss": 0.14304, "obj": 0.0, "sup": 0.14304, "lr": 0.0005, "time": 1790987289.27554}
{"type": "train", "epoch": 196, "loss": 0.1532, "obj": 0.0, "sup": 0.1532, "lr": 0.0005, "time": 1790987292.87034}
{"type": "train", "epoch": 197, "loss": 0.14707, "obj": 0.0, "sup": 0.14707, "lr": 0.0005, "time": 1790987296.46625}
{"type": "train", "epoch": 198, "loss": 0.1437, "obj": 0.0, "sup": 0.1437, "lr": 0.0005, "time": 1790987300.06904}
{"type": "train", "epoch": 199, "loss": 0.14434, "obj": 0.0, "sup": 0.14434, "lr": 0.0005, "time": 1790987303.6768}
{"type": "train", "epoch": 200, "loss": 0.13517, "obj": 0.0, "sup": 0.13517, "lr": 0.0005, "time": 1790987308.79331, "train_resid_median": 0.47056, "train_resid_mean": 0.47352, "train_imag_median": 0.13123, "train_obj_median": 0.28307, "train_u_loss_to_label_median": 0.0984, "val_resid_median": 0.88326, "val_resid_mean": 0.78869, "val_imag_median": 0.20921, "val_obj_median": 0.86738, "val_u_loss_to_label_median": 0.73796}
{"type": "train", "epoch": 201, "loss": 0.12412, "obj": 0.0, "sup": 0.12412, "lr": 0.0005, "time": 1790987312.39537}
{"type": "train", "epoch": 202, "loss": 0.11673, "obj": 0.0, "sup": 0.11673, "lr": 0.0005, "time": 1790987315.99961}
{"type": "train", "epoch": 203, "loss": 0.11311, "obj": 0.0, "sup": 0.11311, "lr": 0.0005, "time": 1790987319.61029}
{"type": "train", "epoch": 204, "loss": 0.1084, "obj": 0.0, "sup": 0.1084, "lr": 0.0005, "time": 1790987323.22142}
{"type": "train", "epoch": 205, "loss": 0.11644, "obj": 0.0, "sup": 0.11644, "lr": 0.0005, "time": 1790987326.83141}
{"type": "train", "epoch": 206, "loss": 0.14775, "obj": 0.0, "sup": 0.14775, "lr": 0.0005, "time": 1790987330.44006}
{"type": "train", "epoch": 207, "loss": 0.13136, "obj": 0.0, "sup": 0.13136, "lr": 0.0005, "time": 1790987334.04589}
{"type": "train", "epoch": 208, "loss": 0.12363, "obj": 0.0, "sup": 0.12363, "lr": 0.0005, "time": 1790987337.65361}
{"type": "train", "epoch": 209, "loss": 0.12336, "obj": 0.0, "sup": 0.12336, "lr": 0.0005, "time": 1790987341.26346}
{"type": "train", "epoch": 210, "loss": 0.12494, "obj": 0.0, "sup": 0.12494, "lr": 0.0005, "time": 1790987346.38714, "train_resid_median": 0.47555, "train_resid_mean": 0.47573, "train_imag_median": 0.14403, "train_obj_median": 0.29297, "train_u_loss_to_label_median": 0.09812, "val_resid_median": 0.88815, "val_resid_mean": 0.79097, "val_imag_median": 0.22357, "val_obj_median": 0.88842, "val_u_loss_to_label_median": 0.74578}
{"type": "train", "epoch": 211, "loss": 0.1461, "obj": 0.0, "sup": 0.1461, "lr": 0.0005, "time": 1790987349.99909}
{"type": "train", "epoch": 212, "loss": 0.13786, "obj": 0.0, "sup": 0.13786, "lr": 0.0005, "time": 1790987353.60548}
{"type": "train", "epoch": 213, "loss": 0.1251, "obj": 0.0, "sup": 0.1251, "lr": 0.0005, "time": 1790987357.21021}
{"type": "train", "epoch": 214, "loss": 0.13174, "obj": 0.0, "sup": 0.13174, "lr": 0.0005, "time": 1790987360.83303}
{"type": "train", "epoch": 215, "loss": 0.1578, "obj": 0.0, "sup": 0.1578, "lr": 0.0005, "time": 1790987364.41269}
{"type": "train", "epoch": 216, "loss": 0.13304, "obj": 0.0, "sup": 0.13304, "lr": 0.0005, "time": 1790987368.02125}
{"type": "train", "epoch": 217, "loss": 0.13526, "obj": 0.0, "sup": 0.13526, "lr": 0.0005, "time": 1790987371.60522}
{"type": "train", "epoch": 218, "loss": 0.12396, "obj": 0.0, "sup": 0.12396, "lr": 0.0005, "time": 1790987375.19307}
{"type": "train", "epoch": 219, "loss": 0.10567, "obj": 0.0, "sup": 0.10567, "lr": 0.0005, "time": 1790987378.79642}
{"type": "train", "epoch": 220, "loss": 0.09561, "obj": 0.0, "sup": 0.09561, "lr": 0.0005, "time": 1790987384.14118, "train_resid_median": 0.41798, "train_resid_mean": 0.42234, "train_imag_median": 0.13482, "train_obj_median": 0.23485, "train_u_loss_to_label_median": 0.05795, "val_resid_median": 0.88562, "val_resid_mean": 0.77862, "val_imag_median": 0.21299, "val_obj_median": 0.87178, "val_u_loss_to_label_median": 0.74019}
{"type": "train", "epoch": 221, "loss": 0.09017, "obj": 0.0, "sup": 0.09017, "lr": 0.0005, "time": 1790987387.73982}
{"type": "train", "epoch": 222, "loss": 0.08566, "obj": 0.0, "sup": 0.08566, "lr": 0.0005, "time": 1790987391.33377}
{"type": "train", "epoch": 223, "loss": 0.08256, "obj": 0.0, "sup": 0.08256, "lr": 0.0005, "time": 1790987394.92031}
{"type": "train", "epoch": 224, "loss": 0.08144, "obj": 0.0, "sup": 0.08144, "lr": 0.0005, "time": 1790987398.51484}
{"type": "train", "epoch": 225, "loss": 0.07968, "obj": 0.0, "sup": 0.07968, "lr": 0.0005, "time": 1790987402.10211}
{"type": "train", "epoch": 226, "loss": 0.07947, "obj": 0.0, "sup": 0.07947, "lr": 0.0005, "time": 1790987406.20085}
{"type": "train", "epoch": 227, "loss": 0.07831, "obj": 0.0, "sup": 0.07831, "lr": 0.0005, "time": 1790987414.05211}
{"type": "train", "epoch": 228, "loss": 0.08177, "obj": 0.0, "sup": 0.08177, "lr": 0.0005, "time": 1790987421.45736}
{"type": "train", "epoch": 229, "loss": 0.08911, "obj": 0.0, "sup": 0.08911, "lr": 0.0005, "time": 1790987426.35213}
{"type": "train", "epoch": 230, "loss": 0.08618, "obj": 0.0, "sup": 0.08618, "lr": 0.0005, "time": 1790987440.90272, "train_resid_median": 0.40572, "train_resid_mean": 0.41005, "train_imag_median": 0.13337, "train_obj_median": 0.22658, "train_u_loss_to_label_median": 0.05039, "val_resid_median": 0.88718, "val_resid_mean": 0.77692, "val_imag_median": 0.21453, "val_obj_median": 0.87883, "val_u_loss_to_label_median": 0.74209}
{"type": "train", "epoch": 231, "loss": 0.08112, "obj": 0.0, "sup": 0.08112, "lr": 0.0005, "time": 1790987446.2569}
{"type": "train", "epoch": 232, "loss": 0.07852, "obj": 0.0, "sup": 0.07852, "lr": 0.0005, "time": 1790987454.99018}
{"type": "train", "epoch": 233, "loss": 0.0777, "obj": 0.0, "sup": 0.0777, "lr": 0.0005, "time": 1790987459.76789}
{"type": "train", "epoch": 234, "loss": 0.0753, "obj": 0.0, "sup": 0.0753, "lr": 0.0005, "time": 1790987466.83401}
{"type": "train", "epoch": 235, "loss": 0.07434, "obj": 0.0, "sup": 0.07434, "lr": 0.0005, "time": 1790987471.90389}
{"type": "train", "epoch": 236, "loss": 0.07606, "obj": 0.0, "sup": 0.07606, "lr": 0.0005, "time": 1790987478.9302}
{"type": "train", "epoch": 237, "loss": 0.07679, "obj": 0.0, "sup": 0.07679, "lr": 0.0005, "time": 1790987484.04091}
{"type": "train", "epoch": 238, "loss": 0.07677, "obj": 0.0, "sup": 0.07677, "lr": 0.0005, "time": 1790987490.82188}
{"type": "train", "epoch": 239, "loss": 0.08399, "obj": 0.0, "sup": 0.08399, "lr": 0.0005, "time": 1790987495.16923}
{"type": "train", "epoch": 240, "loss": 0.09527, "obj": 0.0, "sup": 0.09527, "lr": 0.0005, "time": 1790987501.21505, "train_resid_median": 0.41502, "train_resid_mean": 0.42019, "train_imag_median": 0.14469, "train_obj_median": 0.24362, "train_u_loss_to_label_median": 0.05836, "val_resid_median": 0.88825, "val_resid_mean": 0.77848, "val_imag_median": 0.22515, "val_obj_median": 0.88421, "val_u_loss_to_label_median": 0.74941}
{"type": "train", "epoch": 241, "loss": 0.08778, "obj": 0.0, "sup": 0.08778, "lr": 0.0005, "time": 1790987505.81556}
{"type": "train", "epoch": 242, "loss": 0.09563, "obj": 0.0, "sup": 0.09563, "lr": 0.0005, "time": 1790987509.54577}
{"type": "train", "epoch": 243, "loss": 0.09615, "obj": 0.0, "sup": 0.09615, "lr": 0.0005, "time": 1790987513.25571}
{"type": "train", "epoch": 244, "loss": 0.08937, "obj": 0.0, "sup": 0.08937, "lr": 0.0005, "time": 1790987516.90811}
{"type": "train", "epoch": 245, "loss": 0.08496, "obj": 0.0, "sup": 0.08496, "lr": 0.0005, "time": 1790987520.57605}
{"type": "train", "epoch": 246, "loss": 0.08623, "obj": 0.0, "sup": 0.08623, "lr": 0.0005, "time": 1790987524.17532}
{"type": "train", "epoch": 247, "loss": 0.09032, "obj": 0.0, "sup": 0.09032, "lr": 0.0005, "time": 1790987527.77343}
{"type": "train", "epoch": 248, "loss": 0.08164, "obj": 0.0, "sup": 0.08164, "lr": 0.0005, "time": 1790987531.38367}
{"type": "train", "epoch": 249, "loss": 0.07586, "obj": 0.0, "sup": 0.07586, "lr": 0.0005, "time": 1790987534.992}
{"type": "train", "epoch": 250, "loss": 0.07314, "obj": 0.0, "sup": 0.07314, "lr": 0.0005, "time": 1790987540.14394, "train_resid_median": 0.38796, "train_resid_mean": 0.39107, "train_imag_median": 0.1368, "train_obj_median": 0.21517, "train_u_loss_to_label_median": 0.03978, "val_resid_median": 0.8908, "val_resid_mean": 0.77524, "val_imag_median": 0.22609, "val_obj_median": 0.88358, "val_u_loss_to_label_median": 0.74535}
{"type": "done", "best_val_resid_median": 0.87954, "time": 1790987540.30809}
