{"type": "start", "n_params": 923272, "n_train": 1269, "steps": 3200, "time": 1790984925.767}
{"type": "eval", "epoch": 0, "val_t0": 0.5007, "val_imag_t0": 0.0, "val_obj_t0": 0.2843, "train_t0": 0.4957, "val_t1": 0.5007, "val_imag_t1": 0.0, "val_obj_t1": 0.2843, "train_t1": 0.4957, "val_t2": 0.5007, "val_imag_t2": 0.0, "val_obj_t2": 0.2843, "train_t2": 0.4957, "val_t4": 0.5007, "val_imag_t4": 0.0, "val_obj_t4": 0.2843, "train_t4": 0.4957, "val_t8": 0.5007, "val_imag_t8": 0.0, "val_obj_t8": 0.2843, "train_t8": 0.4957, "time": 1790984932.0109}
{"type": "train", "epoch": 1, "last_obj": 0.2469, "time": 1790984954.2495, "lr": 0.0002}
{"type": "eval", "epoch": 2, "last_obj": 0.2128, "time": 1790984983.2845, "lr": 0.0003, "val_t0": 0.5007, "val_imag_t0": 0.0, "val_obj_t0": 0.2843, "train_t0": 0.4957, "val_t1": 0.4473, "val_imag_t1": 0.0, "val_obj_t1": 0.2344, "train_t1": 0.4353, "val_t2": 0.4211, "val_imag_t2": 0.0, "val_obj_t2": 0.2151, "train_t2": 0.4092, "val_t4": 0.3913, "val_imag_t4": 0.0, "val_obj_t4": 0.1928, "train_t4": 0.3804, "val_t8": 0.3666, "val_imag_t8": 0.0, "val_obj_t8": 0.1737, "train_t8": 0.3509}
{"type": "train", "epoch": 3, "last_obj": 0.1961, "time": 1790985006.3755, "lr": 0.0003}
{"type": "eval", "epoch": 4, "last_obj": 0.1887, "time": 1790985034.9887, "lr": 0.0003, "val_t0": 0.5007, "val_imag_t0": 0.0, "val_obj_t0": 0.2843, "train_t0": 0.4957, "val_t1": 0.4309, "val_imag_t1": 0.0, "val_obj_t1": 0.2228, "train_t1": 0.4186, "val_t2": 0.3966, "val_imag_t2": 0.0, "val_obj_t2": 0.1951, "train_t2": 0.3824, "val_t4": 0.3651, "val_imag_t4": 0.0, "val_obj_t4": 0.1735, "train_t4": 0.3469, "val_t8": 0.3447, "val_imag_t8": 0.0, "val_obj_t8": 0.1582, "train_t8": 0.3248}
{"type": "train", "epoch": 5, "last_obj": 0.1791, "time": 1790985058.9801, "lr": 0.0003}
{"type": "eval", "epoch": 6, "last_obj": 0.1807, "time": 1790985086.9857, "lr": 0.0003, "val_t0": 0.5007, "val_imag_t0": 0.0, "val_obj_t0": 0.2843, "train_t0": 0.4957, "val_t1": 0.4205, "val_imag_t1": 0.0, "val_obj_t1": 0.213, "train_t1": 0.4095, "val_t2": 0.386, "val_imag_t2": 0.0, "val_obj_t2": 0.1877, "train_t2": 0.3736, "val_t4": 0.355, "val_imag_t4": 0.0, "val_obj_t4": 0.1664, "train_t4": 0.3383, "val_t8": 0.3438, "val_imag_t8": 0.0, "val_obj_t8": 0.1577, "train_t8": 0.3263}
{"type": "train", "epoch": 7, "last_obj": 0.1752, "time": 1790985110.483, "lr": 0.0003}
{"type": "eval", "epoch": 8, "last_obj": 0.1721, "time": 1790985140.2901, "lr": 0.0003, "val_t0": 0.5007, "val_imag_t0": 0.0, "val_obj_t0": 0.2843, "train_t0": 0.4957, "val_t1": 0.4157, "val_imag_t1": 0.0, "val_obj_t1": 0.2105, "train_t1": 0.4058, "val_t2": 0.3827, "val_imag_t2": 0.0, "val_obj_t2": 0.1841, "train_t2": 0.3662, "val_t4": 0.3493, "val_imag_t4": 0.0, "val_obj_t4": 0.163, "train_t4": 0.3317, "val_t8": 0.3573, "val_imag_t8": 0.0, "val_obj_t8": 0.1667, "train_t8": 0.3492}
{"type": "train", "epoch": 9, "last_obj": 0.1735, "time": 1790985161.7078, "lr": 0.0003}
{"type": "eval", "epoch": 10, "last_obj": 0.1693, "time": 1790985191.4419, "lr": 0.0003, "val_t0": 0.5007, "val_imag_t0": 0.0, "val_obj_t0": 0.2843, "train_t0": 0.4957, "val_t1": 0.4007, "val_imag_t1": 0.0, "val_obj_t1": 0.1992, "train_t1": 0.3921, "val_t2": 0.3744, "val_imag_t2": 0.0, "val_obj_t2": 0.1775, "train_t2": 0.3606, "val_t4": 0.3435, "val_imag_t4": 0.0, "val_obj_t4": 0.1591, "train_t4": 0.3289, "val_t8": 0.3645, "val_imag_t8": 0.0, "val_obj_t8": 0.1742, "train_t8": 0.3539}
{"type": "train", "epoch": 11, "last_obj": 0.166, "time": 1790985214.71, "lr": 0.0002}
{"type": "eval", "epoch": 12, "last_obj": 0.1676, "time": 1790985242.7618, "lr": 0.0002, "val_t0": 0.5007, "val_imag_t0": 0.0, "val_obj_t0": 0.2843, "train_t0": 0.4957, "val_t1": 0.3932, "val_imag_t1": 0.0, "val_obj_t1": 0.1925, "train_t1": 0.3862, "val_t2": 0.3693, "val_imag_t2": 0.0, "val_obj_t2": 0.1749, "train_t2": 0.3543, "val_t4": 0.3442, "val_imag_t4": 0.0, "val_obj_t4": 0.1593, "train_t4": 0.3264, "val_t8": 0.3759, "val_imag_t8": 0.0, "val_obj_t8": 0.1811, "train_t8": 0.3648}
{"type": "train", "epoch": 13, "last_obj": 0.1638, "time": 1790985264.2347, "lr": 0.0002}
{"type": "eval", "epoch": 14, "last_obj": 0.165, "time": 1790985290.9341, "lr": 0.0002, "val_t0": 0.5007, "val_imag_t0": 0.0, "val_obj_t0": 0.2843, "train_t0": 0.4957, "val_t1": 0.391, "val_imag_t1": 0.0, "val_obj_t1": 0.1903, "train_t1": 0.3843, "val_t2": 0.3646, "val_imag_t2": 0.0, "val_obj_t2": 0.173, "train_t2": 0.3519, "val_t4": 0.3416, "val_imag_t4": 0.0, "val_obj_t4": 0.1559, "train_t4": 0.3243, "val_t8": 0.3776, "val_imag_t8": 0.0, "val_obj_t8": 0.1843, "train_t8": 0.3692}
{"type": "train", "epoch": 15, "last_obj": 0.1625, "time": 1790985312.619, "lr": 0.0002}
{"type": "eval", "epoch": 16, "last_obj": 0.1633, "time": 1790985339.0676, "lr": 0.0002, "val_t0": 0.5007, "val_imag_t0": 0.0, "val_obj_t0": 0.2843, "train_t0": 0.4957, "val_t1": 0.3905, "val_imag_t1": 0.0, "val_obj_t1": 0.1902, "train_t1": 0.3819, "val_t2": 0.3636, "val_imag_t2": 0.0, "val_obj_t2": 0.1722, "train_t2": 0.3515, "val_t4": 0.3413, "val_imag_t4": 0.0, "val_obj_t4": 0.1559, "train_t4": 0.322, "val_t8": 0.4046, "val_imag_t8": 0.0, "val_obj_t8": 0.2044, "train_t8": 0.3908}
{"type": "train", "epoch": 17, "last_obj": 0.1611, "time": 1790985360.5736, "lr": 0.0002}
{"type": "eval", "epoch": 18, "last_obj": 0.1589, "time": 1790985389.0701, "lr": 0.0002, "val_t0": 0.5007, "val_imag_t0": 0.0, "val_obj_t0": 0.2843, "train_t0": 0.4957, "val_t1": 0.3841, "val_imag_t1": 0.0, "val_obj_t1": 0.1865, "train_t1": 0.3751, "val_t2": 0.3609, "val_imag_t2": 0.0, "val_obj_t2": 0.1695, "train_t2": 0.3443, "val_t4": 0.3402, "val_imag_t4": 0.0, "val_obj_t4": 0.1559, "train_t4": 0.3206, "val_t8": 0.379, "val_imag_t8": 0.0, "val_obj_t8": 0.1837, "train_t8": 0.3693}
{"type": "train", "epoch": 19, "last_obj": 0.1582, "time": 1790985411.5651, "lr": 0.0002}
{"type": "eval", "epoch": 20, "last_obj": 0.1607, "time": 1790985437.8207, "lr": 0.0001, "val_t0": 0.5007, "val_imag_t0": 0.0, "val_obj_t0": 0.2843, "train_t0": 0.4957, "val_t1": 0.3823, "val_imag_t1": 0.0, "val_obj_t1": 0.1867, "train_t1": 0.3728, "val_t2": 0.3583, "val_imag_t2": 0.0, "val_obj_t2": 0.1678, "train_t2": 0.3433, "val_t4": 0.3381, "val_imag_t4": 0.0, "val_obj_t4": 0.1545, "train_t4": 0.3175, "val_t8": 0.3978, "val_imag_t8": 0.0, "val_obj_t8": 0.1961, "train_t8": 0.3886}
{"type": "train", "epoch": 21, "last_obj": 0.1617, "time": 1790985457.1599, "lr": 0.0001}
{"type": "eval", "epoch": 22, "last_obj": 0.1553, "time": 1790985486.304, "lr": 0.0001, "val_t0": 0.5007, "val_imag_t0": 0.0, "val_obj_t0": 0.2843, "train_t0": 0.4957, "val_t1": 0.3809, "val_imag_t1": 0.0, "val_obj_t1": 0.1843, "train_t1": 0.3688, "val_t2": 0.3571, "val_imag_t2": 0.0, "val_obj_t2": 0.1673, "train_t2": 0.3406, "val_t4": 0.3372, "val_imag_t4": 0.0, "val_obj_t4": 0.1544, "train_t4": 0.3186, "val_t8": 0.3935, "val_imag_t8": 0.0, "val_obj_t8": 0.1922, "train_t8": 0.3885}
{"type": "train", "epoch": 23, "last_obj": 0.1537, "time": 1790985511.152, "lr": 0.0001}
{"type": "eval", "epoch": 24, "last_obj": 0.1563, "time": 1790985540.3108, "lr": 0.0001, "val_t0": 0.5007, "val_imag_t0": 0.0, "val_obj_t0": 0.2843, "train_t0": 0.4957, "val_t1": 0.38, "val_imag_t1": 0.0, "val_obj_t1": 0.1833, "train_t1": 0.3682, "val_t2": 0.3577, "val_imag_t2": 0.0, "val_obj_t2": 0.1678, "train_t2": 0.3396, "val_t4": 0.3367, "val_imag_t4": 0.0, "val_obj_t4": 0.154, "train_t4": 0.3168, "val_t8": 0.3947, "val_imag_t8": 0.0, "val_obj_t8": 0.1962, "train_t8": 0.3864}
{"type": "train", "epoch": 25, "last_obj": 0.1565, "time": 1790985561.3133, "lr": 0.0001}
{"type": "eval", "epoch": 26, "last_obj": 0.156, "time": 1790985587.9811, "lr": 0.0001, "val_t0": 0.5007, "val_imag_t0": 0.0, "val_obj_t0": 0.2843, "train_t0": 0.4957, "val_t1": 0.3787, "val_imag_t1": 0.0, "val_obj_t1": 0.1832, "train_t1": 0.3636, "val_t2": 0.3562, "val_imag_t2": 0.0, "val_obj_t2": 0.1668, "train_t2": 0.3372, "val_t4": 0.3364, "val_imag_t4": 0.0, "val_obj_t4": 0.1542, "train_t4": 0.3172, "val_t8": 0.3978, "val_imag_t8": 0.0, "val_obj_t8": 0.1983, "train_t8": 0.397}
{"type": "train", "epoch": 27, "last_obj": 0.1551, "time": 1790985609.373, "lr": 0.0001}
{"type": "eval", "epoch": 28, "last_obj": 0.1573, "time": 1790985635.9965, "lr": 0.0001, "val_t0": 0.5007, "val_imag_t0": 0.0, "val_obj_t0": 0.2843, "train_t0": 0.4957, "val_t1": 0.3766, "val_imag_t1": 0.0, "val_obj_t1": 0.1832, "train_t1": 0.3627, "val_t2": 0.3549, "val_imag_t2": 0.0, "val_obj_t2": 0.1662, "train_t2": 0.3368, "val_t4": 0.3363, "val_imag_t4": 0.0, "val_obj_t4": 0.1539, "train_t4": 0.316, "val_t8": 0.3991, "val_imag_t8": 0.0, "val_obj_t8": 0.1985, "train_t8": 0.3945}
{"type": "train", "epoch": 29, "last_obj": 0.1532, "time": 1790985659.1784, "lr": 0.0001}
{"type": "eval", "epoch": 30, "last_obj": 0.1529, "time": 1790985689.0343, "lr": 0.0, "val_t0": 0.5007, "val_imag_t0": 0.0, "val_obj_t0": 0.2843, "train_t0": 0.4957, "val_t1": 0.3761, "val_imag_t1": 0.0, "val_obj_t1": 0.1822, "train_t1": 0.3625, "val_t2": 0.3556, "val_imag_t2": 0.0, "val_obj_t2": 0.1667, "train_t2": 0.3352, "val_t4": 0.3354, "val_imag_t4": 0.0, "val_obj_t4": 0.1539, "train_t4": 0.3145, "val_t8": 0.3996, "val_imag_t8": 0.0, "val_obj_t8": 0.1987, "train_t8": 0.3936}
{"type": "train", "epoch": 31, "last_obj": 0.1533, "time": 1790985710.3991, "lr": 0.0}
{"type": "eval", "epoch": 32, "last_obj": 0.1536, "time": 1790985738.6777, "lr": 0.0, "val_t0": 0.5007, "val_imag_t0": 0.0, "val_obj_t0": 0.2843, "train_t0": 0.4957, "val_t1": 0.3758, "val_imag_t1": 0.0, "val_obj_t1": 0.1827, "train_t1": 0.3604, "val_t2": 0.3548, "val_imag_t2": 0.0, "val_obj_t2": 0.1658, "train_t2": 0.3342, "val_t4": 0.3361, "val_imag_t4": 0.0, "val_obj_t4": 0.1546, "train_t4": 0.3142, "val_t8": 0.4007, "val_imag_t8": 0.0, "val_obj_t8": 0.1979, "train_t8": 0.3975}
{"type": "train", "epoch": 33, "last_obj": 0.1532, "time": 1790985760.7018, "lr": 0.0}
{"type": "eval", "epoch": 34, "last_obj": 0.1567, "time": 1790985786.4153, "lr": 0.0, "val_t0": 0.5007, "val_imag_t0": 0.0, "val_obj_t0": 0.2843, "train_t0": 0.4957, "val_t1": 0.3755, "val_imag_t1": 0.0, "val_obj_t1": 0.182, "train_t1": 0.3603, "val_t2": 0.3543, "val_imag_t2": 0.0, "val_obj_t2": 0.1666, "train_t2": 0.3338, "val_t4": 0.3356, "val_imag_t4": 0.0, "val_obj_t4": 0.1542, "train_t4": 0.314, "val_t8": 0.3974, "val_imag_t8": 0.0, "val_obj_t8": 0.1986, "train_t8": 0.3973}
{"type": "train", "epoch": 35, "last_obj": 0.1527, "time": 1790985809.8335, "lr": 0.0}
{"type": "eval", "epoch": 36, "last_obj": 0.1525, "time": 1790985838.8061, "lr": 0.0, "val_t0": 0.5007, "val_imag_t0": 0.0, "val_obj_t0": 0.2843, "train_t0": 0.4957, "val_t1": 0.3748, "val_imag_t1": 0.0, "val_obj_t1": 0.1821, "train_t1": 0.3596, "val_t2": 0.3543, "val_imag_t2": 0.0, "val_obj_t2": 0.1665, "train_t2": 0.3336, "val_t4": 0.336, "val_imag_t4": 0.0, "val_obj_t4": 0.1538, "train_t4": 0.3139, "val_t8": 0.3979, "val_imag_t8": 0.0, "val_obj_t8": 0.1979, "train_t8": 0.3971}
{"type": "train", "epoch": 37, "last_obj": 0.1532, "time": 1790985860.2993, "lr": 0.0}
{"type": "eval", "epoch": 38, "last_obj": 0.153, "time": 1790985888.2139, "lr": 0.0, "val_t0": 0.5007, "val_imag_t0": 0.0, "val_obj_t0": 0.2843, "train_t0": 0.4957, "val_t1": 0.3744, "val_imag_t1": 0.0, "val_obj_t1": 0.182, "train_t1": 0.3592, "val_t2": 0.3552, "val_imag_t2": 0.0, "val_obj_t2": 0.1665, "train_t2": 0.3334, "val_t4": 0.3359, "val_imag_t4": 0.0, "val_obj_t4": 0.1543, "train_t4": 0.314, "val_t8": 0.3967, "val_imag_t8": 0.0, "val_obj_t8": 0.1969, "train_t8": 0.3953}
{"type": "train", "epoch": 39, "last_obj": 0.1544, "time": 1790985909.8043, "lr": 0.0}
{"type": "eval", "epoch": 40, "last_obj": 0.1525, "time": 1790985938.565, "lr": 0.0, "val_t0": 0.5007, "val_imag_t0": 0.0, "val_obj_t0": 0.2843, "train_t0": 0.4957, "val_t1": 0.3744, "val_imag_t1": 0.0, "val_obj_t1": 0.1819, "train_t1": 0.3591, "val_t2": 0.3549, "val_imag_t2": 0.0, "val_obj_t2": 0.1665, "train_t2": 0.3334, "val_t4": 0.3359, "val_imag_t4": 0.0, "val_obj_t4": 0.1542, "train_t4": 0.314, "val_t8": 0.3972, "val_imag_t8": 0.0, "val_obj_t8": 0.1974, "train_t8": 0.3962}
{"type": "done", "best_val": 0.3354, "time": 1790985938.5912}
