{"type": "start", "n_params": 3022858, "n_train": 1269, "steps": 4800, "time": 1790989495.0394}
{"type": "eval", "epoch": 0, "val_t0": 0.5006, "val_imag_t0": 0.0, "val_obj_t0": 0.2804, "train_t0": 0.4926, "val_t1": 0.5006, "val_imag_t1": 0.0, "val_obj_t1": 0.2804, "train_t1": 0.4926, "val_t2": 0.5006, "val_imag_t2": 0.0, "val_obj_t2": 0.2804, "train_t2": 0.4926, "val_t4": 0.5006, "val_imag_t4": 0.0, "val_obj_t4": 0.2804, "train_t4": 0.4926, "val_t8": 0.5006, "val_imag_t8": 0.0, "val_obj_t8": 0.2804, "train_t8": 0.4926, "val_t16": 0.5006, "val_imag_t16": 0.0, "val_obj_t16": 0.2804, "train_t16": 0.4926, "time": 1790989505.5076}
{"type": "train", "epoch": 1, "last_obj": 0.2382, "time": 1790989542.0071, "lr": 0.0001}
{"type": "train", "epoch": 2, "last_obj": 0.2003, "time": 1790989575.4165, "lr": 0.0002}
{"type": "train", "epoch": 3, "last_obj": 0.1854, "time": 1790989609.6231, "lr": 0.0003}
{"type": "eval", "epoch": 4, "last_obj": 0.1768, "time": 1790989650.9164, "lr": 0.0003, "val_t0": 0.5006, "val_imag_t0": 0.0, "val_obj_t0": 0.2804, "train_t0": 0.4926, "val_t1": 0.4307, "val_imag_t1": 0.0, "val_obj_t1": 0.2211, "train_t1": 0.4208, "val_t2": 0.3948, "val_imag_t2": 0.0, "val_obj_t2": 0.1939, "train_t2": 0.3902, "val_t4": 0.3634, "val_imag_t4": 0.0, "val_obj_t4": 0.1707, "train_t4": 0.3553, "val_t8": 0.334, "val_imag_t8": 0.0, "val_obj_t8": 0.1554, "train_t8": 0.3239, "val_t16": 0.3448, "val_imag_t16": 0.0, "val_obj_t16": 0.1599, "train_t16": 0.3245}
{"type": "train", "epoch": 5, "last_obj": 0.165, "time": 1790989686.1498, "lr": 0.0003}
{"type": "train", "epoch": 6, "last_obj": 0.1667, "time": 1790989717.8285, "lr": 0.0003}
{"type": "train", "epoch": 7, "last_obj": 0.1632, "time": 1790989751.0259, "lr": 0.0003}
{"type": "eval", "epoch": 8, "last_obj": 0.16, "time": 1790989793.8862, "lr": 0.0003, "val_t0": 0.5006, "val_imag_t0": 0.0, "val_obj_t0": 0.2804, "train_t0": 0.4926, "val_t1": 0.4072, "val_imag_t1": 0.0, "val_obj_t1": 0.2027, "train_t1": 0.4048, "val_t2": 0.3787, "val_imag_t2": 0.0, "val_obj_t2": 0.1797, "train_t2": 0.3684, "val_t4": 0.3524, "val_imag_t4": 0.0, "val_obj_t4": 0.1621, "train_t4": 0.3385, "val_t8": 0.3304, "val_imag_t8": 0.0, "val_obj_t8": 0.1508, "train_t8": 0.3104, "val_t16": 0.3657, "val_imag_t16": 0.0, "val_obj_t16": 0.1735, "train_t16": 0.3486}
{"type": "train", "epoch": 9, "last_obj": 0.1606, "time": 1790989827.6674, "lr": 0.0003}
{"type": "train", "epoch": 10, "last_obj": 0.1588, "time": 1790989871.5286, "lr": 0.0003}
{"type": "train", "epoch": 11, "last_obj": 0.1555, "time": 1790989909.6886, "lr": 0.0003}
{"type": "eval", "epoch": 12, "last_obj": 0.1578, "time": 1790989951.0162, "lr": 0.0003, "val_t0": 0.5006, "val_imag_t0": 0.0, "val_obj_t0": 0.2804, "train_t0": 0.4926, "val_t1": 0.3952, "val_imag_t1": 0.0, "val_obj_t1": 0.1946, "train_t1": 0.3896, "val_t2": 0.3669, "val_imag_t2": 0.0, "val_obj_t2": 0.1731, "train_t2": 0.359, "val_t4": 0.34, "val_imag_t4": 0.0, "val_obj_t4": 0.1573, "train_t4": 0.3275, "val_t8": 0.3244, "val_imag_t8": 0.0, "val_obj_t8": 0.1459, "train_t8": 0.3065, "val_t16": 0.3659, "val_imag_t16": 0.0, "val_obj_t16": 0.1725, "train_t16": 0.3481}
{"type": "train", "epoch": 13, "last_obj": 0.1535, "time": 1790989984.6783, "lr": 0.0003}
{"type": "train", "epoch": 14, "last_obj": 0.1546, "time": 1790990015.4049, "lr": 0.0003}
{"type": "train", "epoch": 15, "last_obj": 0.1521, "time": 1790990048.7889, "lr": 0.0003}
{"type": "eval", "epoch": 16, "last_obj": 0.1522, "time": 1790990090.6517, "lr": 0.0003, "val_t0": 0.5006, "val_imag_t0": 0.0, "val_obj_t0": 0.2804, "train_t0": 0.4926, "val_t1": 0.3873, "val_imag_t1": 0.0, "val_obj_t1": 0.1875, "train_t1": 0.3788, "val_t2": 0.3626, "val_imag_t2": 0.0, "val_obj_t2": 0.17, "train_t2": 0.3492, "val_t4": 0.3371, "val_imag_t4": 0.0, "val_obj_t4": 0.1548, "train_t4": 0.3204, "val_t8": 0.3203, "val_imag_t8": 0.0, "val_obj_t8": 0.1475, "train_t8": 0.3049, "val_t16": 0.335, "val_imag_t16": 0.0, "val_obj_t16": 0.1541, "train_t16": 0.3197}
{"type": "train", "epoch": 17, "last_obj": 0.1509, "time": 1790990123.452, "lr": 0.0002}
{"type": "train", "epoch": 18, "last_obj": 0.149, "time": 1790990158.1439, "lr": 0.0002}
{"type": "train", "epoch": 19, "last_obj": 0.1489, "time": 1790990192.9448, "lr": 0.0002}
{"type": "eval", "epoch": 20, "last_obj": 0.1507, "time": 1790990233.1498, "lr": 0.0002, "val_t0": 0.5006, "val_imag_t0": 0.0, "val_obj_t0": 0.2804, "train_t0": 0.4926, "val_t1": 0.3813, "val_imag_t1": 0.0, "val_obj_t1": 0.1856, "train_t1": 0.3719, "val_t2": 0.3566, "val_imag_t2": 0.0, "val_obj_t2": 0.1659, "train_t2": 0.3416, "val_t4": 0.3341, "val_imag_t4": 0.0, "val_obj_t4": 0.1517, "train_t4": 0.3173, "val_t8": 0.3235, "val_imag_t8": 0.0, "val_obj_t8": 0.1435, "train_t8": 0.3056, "val_t16": 0.3314, "val_imag_t16": 0.0, "val_obj_t16": 0.1496, "train_t16": 0.3124}
{"type": "train", "epoch": 21, "last_obj": 0.1514, "time": 1790990262.6316, "lr": 0.0002}
{"type": "train", "epoch": 22, "last_obj": 0.1469, "time": 1790990297.6456, "lr": 0.0002}
{"type": "train", "epoch": 23, "last_obj": 0.1451, "time": 1790990334.8141, "lr": 0.0002}
{"type": "eval", "epoch": 24, "last_obj": 0.1493, "time": 1790990390.0185, "lr": 0.0002, "val_t0": 0.5006, "val_imag_t0": 0.0, "val_obj_t0": 0.2804, "train_t0": 0.4926, "val_t1": 0.3785, "val_imag_t1": 0.0, "val_obj_t1": 0.1812, "train_t1": 0.37, "val_t2": 0.3558, "val_imag_t2": 0.0, "val_obj_t2": 0.1647, "train_t2": 0.3413, "val_t4": 0.3347, "val_imag_t4": 0.0, "val_obj_t4": 0.1513, "train_t4": 0.3151, "val_t8": 0.3209, "val_imag_t8": 0.0, "val_obj_t8": 0.1444, "train_t8": 0.3028, "val_t16": 0.3235, "val_imag_t16": 0.0, "val_obj_t16": 0.1469, "train_t16": 0.3127}
{"type": "train", "epoch": 25, "last_obj": 0.1483, "time": 1790990427.2801, "lr": 0.0002}
{"type": "train", "epoch": 26, "last_obj": 0.1479, "time": 1790990459.9546, "lr": 0.0002}
{"type": "train", "epoch": 27, "last_obj": 0.1457, "time": 1790990493.6527, "lr": 0.0002}
{"type": "eval", "epoch": 28, "last_obj": 0.1475, "time": 1790990532.6507, "lr": 0.0002, "val_t0": 0.5006, "val_imag_t0": 0.0, "val_obj_t0": 0.2804, "train_t0": 0.4926, "val_t1": 0.3707, "val_imag_t1": 0.0, "val_obj_t1": 0.1771, "train_t1": 0.3578, "val_t2": 0.3515, "val_imag_t2": 0.0, "val_obj_t2": 0.164, "train_t2": 0.3316, "val_t4": 0.3322, "val_imag_t4": 0.0, "val_obj_t4": 0.1507, "train_t4": 0.3111, "val_t8": 0.3203, "val_imag_t8": 0.0, "val_obj_t8": 0.1421, "train_t8": 0.3007, "val_t16": 0.3281, "val_imag_t16": 0.0, "val_obj_t16": 0.1484, "train_t16": 0.3123}
{"type": "train", "epoch": 29, "last_obj": 0.1455, "time": 1790990566.7639, "lr": 0.0002}
{"type": "train", "epoch": 30, "last_obj": 0.1448, "time": 1790990602.5026, "lr": 0.0001}
{"type": "train", "epoch": 31, "last_obj": 0.1441, "time": 1790990633.6636, "lr": 0.0001}
{"type": "eval", "epoch": 32, "last_obj": 0.1453, "time": 1790990675.7077, "lr": 0.0001, "val_t0": 0.5006, "val_imag_t0": 0.0, "val_obj_t0": 0.2804, "train_t0": 0.4926, "val_t1": 0.3705, "val_imag_t1": 0.0, "val_obj_t1": 0.1768, "train_t1": 0.3559, "val_t2": 0.352, "val_imag_t2": 0.0, "val_obj_t2": 0.1639, "train_t2": 0.3282, "val_t4": 0.3312, "val_imag_t4": 0.0, "val_obj_t4": 0.1503, "train_t4": 0.3085, "val_t8": 0.3198, "val_imag_t8": 0.0, "val_obj_t8": 0.1447, "train_t8": 0.2992, "val_t16": 0.3232, "val_imag_t16": 0.0, "val_obj_t16": 0.1452, "train_t16": 0.305}
{"type": "train", "epoch": 33, "last_obj": 0.1443, "time": 1790990708.709, "lr": 0.0001}
{"type": "train", "epoch": 34, "last_obj": 0.1473, "time": 1790990737.0588, "lr": 0.0001}
{"type": "train", "epoch": 35, "last_obj": 0.1438, "time": 1790990771.7695, "lr": 0.0001}
{"type": "eval", "epoch": 36, "last_obj": 0.1431, "time": 1790990823.3223, "lr": 0.0001, "val_t0": 0.5006, "val_imag_t0": 0.0, "val_obj_t0": 0.2804, "train_t0": 0.4926, "val_t1": 0.3677, "val_imag_t1": 0.0, "val_obj_t1": 0.1742, "train_t1": 0.3494, "val_t2": 0.3502, "val_imag_t2": 0.0, "val_obj_t2": 0.1633, "train_t2": 0.3237, "val_t4": 0.3298, "val_imag_t4": 0.0, "val_obj_t4": 0.1501, "train_t4": 0.3072, "val_t8": 0.3234, "val_imag_t8": 0.0, "val_obj_t8": 0.1439, "train_t8": 0.2983, "val_t16": 0.3263, "val_imag_t16": 0.0, "val_obj_t16": 0.1474, "train_t16": 0.3079}
{"type": "train", "epoch": 37, "last_obj": 0.1437, "time": 1790990861.9659, "lr": 0.0001}
{"type": "train", "epoch": 38, "last_obj": 0.1432, "time": 1790990895.7606, "lr": 0.0001}
{"type": "train", "epoch": 39, "last_obj": 0.1434, "time": 1790990928.6506, "lr": 0.0001}
{"type": "eval", "epoch": 40, "last_obj": 0.1419, "time": 1790990970.9335, "lr": 0.0001, "val_t0": 0.5006, "val_imag_t0": 0.0, "val_obj_t0": 0.2804, "train_t0": 0.4926, "val_t1": 0.3706, "val_imag_t1": 0.0, "val_obj_t1": 0.1728, "train_t1": 0.3439, "val_t2": 0.3488, "val_imag_t2": 0.0, "val_obj_t2": 0.1635, "train_t2": 0.319, "val_t4": 0.3312, "val_imag_t4": 0.0, "val_obj_t4": 0.1497, "train_t4": 0.3056, "val_t8": 0.3225, "val_imag_t8": 0.0, "val_obj_t8": 0.1435, "train_t8": 0.2975, "val_t16": 0.3213, "val_imag_t16": 0.0, "val_obj_t16": 0.1442, "train_t16": 0.3053}
{"type": "train", "epoch": 41, "last_obj": 0.1429, "time": 1790991001.4551, "lr": 0.0001}
{"type": "train", "epoch": 42, "last_obj": 0.143, "time": 1790991033.139, "lr": 0.0001}
{"type": "train", "epoch": 43, "last_obj": 0.1427, "time": 1790991064.6302, "lr": 0.0001}
{"type": "eval", "epoch": 44, "last_obj": 0.141, "time": 1790991108.918, "lr": 0.0, "val_t0": 0.5006, "val_imag_t0": 0.0, "val_obj_t0": 0.2804, "train_t0": 0.4926, "val_t1": 0.3714, "val_imag_t1": 0.0, "val_obj_t1": 0.1721, "train_t1": 0.3395, "val_t2": 0.3483, "val_imag_t2": 0.0, "val_obj_t2": 0.1636, "train_t2": 0.3166, "val_t4": 0.3308, "val_imag_t4": 0.0, "val_obj_t4": 0.1495, "train_t4": 0.3037, "val_t8": 0.3224, "val_imag_t8": 0.0, "val_obj_t8": 0.1438, "train_t8": 0.2972, "val_t16": 0.3227, "val_imag_t16": 0.0, "val_obj_t16": 0.1442, "train_t16": 0.3051}
{"type": "train", "epoch": 45, "last_obj": 0.1414, "time": 1790991141.4313, "lr": 0.0}
{"type": "train", "epoch": 46, "last_obj": 0.1433, "time": 1790991169.128, "lr": 0.0}
{"type": "train", "epoch": 47, "last_obj": 0.1413, "time": 1790991200.8801, "lr": 0.0}
{"type": "eval", "epoch": 48, "last_obj": 0.1421, "time": 1790991241.3804, "lr": 0.0, "val_t0": 0.5006, "val_imag_t0": 0.0, "val_obj_t0": 0.2804, "train_t0": 0.4926, "val_t1": 0.3724, "val_imag_t1": 0.0, "val_obj_t1": 0.1738, "train_t1": 0.3368, "val_t2": 0.3483, "val_imag_t2": 0.0, "val_obj_t2": 0.1634, "train_t2": 0.3149, "val_t4": 0.3314, "val_imag_t4": 0.0, "val_obj_t4": 0.1492, "train_t4": 0.3032, "val_t8": 0.3233, "val_imag_t8": 0.0, "val_obj_t8": 0.1436, "train_t8": 0.2971, "val_t16": 0.3258, "val_imag_t16": 0.0, "val_obj_t16": 0.1475, "train_t16": 0.3053}
{"type": "train", "epoch": 49, "last_obj": 0.1418, "time": 1790991279.7135, "lr": 0.0}
{"type": "train", "epoch": 50, "last_obj": 0.1418, "time": 1790991313.9041, "lr": 0.0}
{"type": "train", "epoch": 51, "last_obj": 0.1413, "time": 1790991348.3249, "lr": 0.0}
{"type": "eval", "epoch": 52, "last_obj": 0.1411, "time": 1790991387.8236, "lr": 0.0, "val_t0": 0.5006, "val_imag_t0": 0.0, "val_obj_t0": 0.2804, "train_t0": 0.4926, "val_t1": 0.3733, "val_imag_t1": 0.0, "val_obj_t1": 0.1745, "train_t1": 0.3358, "val_t2": 0.3477, "val_imag_t2": 0.0, "val_obj_t2": 0.1632, "train_t2": 0.3144, "val_t4": 0.3324, "val_imag_t4": 0.0, "val_obj_t4": 0.1499, "train_t4": 0.3027, "val_t8": 0.3229, "val_imag_t8": 0.0, "val_obj_t8": 0.1434, "train_t8": 0.2972, "val_t16": 0.3246, "val_imag_t16": 0.0, "val_obj_t16": 0.1467, "train_t16": 0.306}
{"type": "train", "epoch": 53, "last_obj": 0.1414, "time": 1790991418.5751, "lr": 0.0}
{"type": "train", "epoch": 54, "last_obj": 0.1413, "time": 1790991450.5701, "lr": 0.0}
{"type": "train", "epoch": 55, "last_obj": 0.142, "time": 1790991480.7531, "lr": 0.0}
{"type": "eval", "epoch": 56, "last_obj": 0.1413, "time": 1790991520.1757, "lr": 0.0, "val_t0": 0.5006, "val_imag_t0": 0.0, "val_obj_t0": 0.2804, "train_t0": 0.4926, "val_t1": 0.3739, "val_imag_t1": 0.0, "val_obj_t1": 0.1747, "train_t1": 0.335, "val_t2": 0.3476, "val_imag_t2": 0.0, "val_obj_t2": 0.1631, "train_t2": 0.3143, "val_t4": 0.3327, "val_imag_t4": 0.0, "val_obj_t4": 0.1498, "train_t4": 0.3025, "val_t8": 0.3231, "val_imag_t8": 0.0, "val_obj_t8": 0.1437, "train_t8": 0.2971, "val_t16": 0.3257, "val_imag_t16": 0.0, "val_obj_t16": 0.1477, "train_t16": 0.3056}
{"type": "train", "epoch": 57, "last_obj": 0.1414, "time": 1790991551.4002, "lr": 0.0}
{"type": "train", "epoch": 58, "last_obj": 0.1402, "time": 1790991584.8435, "lr": 0.0}
{"type": "train", "epoch": 59, "last_obj": 0.1415, "time": 1790991615.5314, "lr": 0.0}
{"type": "eval", "epoch": 60, "last_obj": 0.1405, "time": 1790991658.7194, "lr": 0.0, "val_t0": 0.5006, "val_imag_t0": 0.0, "val_obj_t0": 0.2804, "train_t0": 0.4926, "val_t1": 0.374, "val_imag_t1": 0.0, "val_obj_t1": 0.1752, "train_t1": 0.335, "val_t2": 0.3475, "val_imag_t2": 0.0, "val_obj_t2": 0.1631, "train_t2": 0.3142, "val_t4": 0.3335, "val_imag_t4": 0.0, "val_obj_t4": 0.15, "train_t4": 0.3025, "val_t8": 0.3233, "val_imag_t8": 0.0, "val_obj_t8": 0.1435, "train_t8": 0.2969, "val_t16": 0.3257, "val_imag_t16": 0.0, "val_obj_t16": 0.1475, "train_t16": 0.3057}
{"type": "done", "best_val": 0.3198, "time": 1790991658.8784}
