{"type": "start", "n_params": 923272, "n_train": 1269, "steps": 3200, "time": 1790984925.767}
{"type": "eval", "epoch": 0, "val_t0": 0.5007, "val_imag_t0": 0.0, "val_obj_t0": 0.2843, "train_t0": 0.4957, "val_t1": 0.5007, "val_imag_t1": 0.0, "val_obj_t1": 0.2843, "train_t1": 0.4957, "time": 1790984927.0439}
{"type": "train", "epoch": 1, "last_obj": 0.2531, "time": 1790984937.2203, "lr": 0.0002}
{"type": "eval", "epoch": 2, "last_obj": 0.222, "time": 1790984948.3609, "lr": 0.0003, "val_t0": 0.5007, "val_imag_t0": 0.0, "val_obj_t0": 0.2843, "train_t0": 0.4957, "val_t1": 0.4308, "val_imag_t1": 0.0, "val_obj_t1": 0.2228, "train_t1": 0.4184}
{"type": "train", "epoch": 3, "last_obj": 0.2132, "time": 1790984958.4812, "lr": 0.0003}
{"type": "eval", "epoch": 4, "last_obj": 0.2074, "time": 1790984969.207, "lr": 0.0003, "val_t0": 0.5007, "val_imag_t0": 0.0, "val_obj_t0": 0.2843, "train_t0": 0.4957, "val_t1": 0.4191, "val_imag_t1": 0.0, "val_obj_t1": 0.2128, "train_t1": 0.4115}
{"type": "train", "epoch": 5, "last_obj": 0.2038, "time": 1790984978.9929, "lr": 0.0003}
{"type": "eval", "epoch": 6, "last_obj": 0.2005, "time": 1790984989.7941, "lr": 0.0003, "val_t0": 0.5007, "val_imag_t0": 0.0, "val_obj_t0": 0.2843, "train_t0": 0.4957, "val_t1": 0.4079, "val_imag_t1": 0.0, "val_obj_t1": 0.2053, "train_t1": 0.401}
{"type": "train", "epoch": 7, "last_obj": 0.1981, "time": 1790984999.5403, "lr": 0.0003}
{"type": "eval", "epoch": 8, "last_obj": 0.1955, "time": 1790985010.2708, "lr": 0.0003, "val_t0": 0.5007, "val_imag_t0": 0.0, "val_obj_t0": 0.2843, "train_t0": 0.4957, "val_t1": 0.3998, "val_imag_t1": 0.0, "val_obj_t1": 0.1997, "train_t1": 0.392}
{"type": "train", "epoch": 9, "last_obj": 0.1928, "time": 1790985020.1404, "lr": 0.0003}
{"type": "eval", "epoch": 10, "last_obj": 0.1904, "time": 1790985030.8997, "lr": 0.0003, "val_t0": 0.5007, "val_imag_t0": 0.0, "val_obj_t0": 0.2843, "train_t0": 0.4957, "val_t1": 0.3944, "val_imag_t1": 0.0, "val_obj_t1": 0.1958, "train_t1": 0.3874}
{"type": "train", "epoch": 11, "last_obj": 0.1887, "time": 1790985040.7182, "lr": 0.0002}
{"type": "eval", "epoch": 12, "last_obj": 0.1873, "time": 1790985051.4753, "lr": 0.0002, "val_t0": 0.5007, "val_imag_t0": 0.0, "val_obj_t0": 0.2843, "train_t0": 0.4957, "val_t1": 0.3928, "val_imag_t1": 0.0, "val_obj_t1": 0.1942, "train_t1": 0.3847}
{"type": "train", "epoch": 13, "last_obj": 0.1853, "time": 1790985061.2156, "lr": 0.0002}
{"type": "eval", "epoch": 14, "last_obj": 0.1839, "time": 1790985071.9668, "lr": 0.0002, "val_t0": 0.5007, "val_imag_t0": 0.0, "val_obj_t0": 0.2843, "train_t0": 0.4957, "val_t1": 0.3889, "val_imag_t1": 0.0, "val_obj_t1": 0.1916, "train_t1": 0.3782}
{"type": "train", "epoch": 15, "last_obj": 0.1827, "time": 1790985081.7053, "lr": 0.0002}
{"type": "eval", "epoch": 16, "last_obj": 0.1813, "time": 1790985092.4794, "lr": 0.0002, "val_t0": 0.5007, "val_imag_t0": 0.0, "val_obj_t0": 0.2843, "train_t0": 0.4957, "val_t1": 0.3869, "val_imag_t1": 0.0, "val_obj_t1": 0.1888, "train_t1": 0.374}
{"type": "train", "epoch": 17, "last_obj": 0.1803, "time": 1790985102.2267, "lr": 0.0002}
{"type": "eval", "epoch": 18, "last_obj": 0.179, "time": 1790985113.0696, "lr": 0.0002, "val_t0": 0.5007, "val_imag_t0": 0.0, "val_obj_t0": 0.2843, "train_t0": 0.4957, "val_t1": 0.3836, "val_imag_t1": 0.0, "val_obj_t1": 0.1876, "train_t1": 0.373}
{"type": "train", "epoch": 19, "last_obj": 0.1777, "time": 1790985122.8941, "lr": 0.0002}
{"type": "eval", "epoch": 20, "last_obj": 0.1764, "time": 1790985133.7239, "lr": 0.0001, "val_t0": 0.5007, "val_imag_t0": 0.0, "val_obj_t0": 0.2843, "train_t0": 0.4957, "val_t1": 0.3824, "val_imag_t1": 0.0, "val_obj_t1": 0.1875, "train_t1": 0.3707}
{"type": "train", "epoch": 21, "last_obj": 0.1755, "time": 1790985143.5501, "lr": 0.0001}
{"type": "eval", "epoch": 22, "last_obj": 0.1746, "time": 1790985154.3901, "lr": 0.0001, "val_t0": 0.5007, "val_imag_t0": 0.0, "val_obj_t0": 0.2843, "train_t0": 0.4957, "val_t1": 0.3824, "val_imag_t1": 0.0, "val_obj_t1": 0.1857, "train_t1": 0.3672}
{"type": "train", "epoch": 23, "last_obj": 0.1738, "time": 1790985164.2536, "lr": 0.0001}
{"type": "eval", "epoch": 24, "last_obj": 0.1729, "time": 1790985175.1519, "lr": 0.0001, "val_t0": 0.5007, "val_imag_t0": 0.0, "val_obj_t0": 0.2843, "train_t0": 0.4957, "val_t1": 0.38, "val_imag_t1": 0.0, "val_obj_t1": 0.1842, "train_t1": 0.3646}
{"type": "train", "epoch": 25, "last_obj": 0.1721, "time": 1790985184.977, "lr": 0.0001}
{"type": "eval", "epoch": 26, "last_obj": 0.1714, "time": 1790985195.8762, "lr": 0.0001, "val_t0": 0.5007, "val_imag_t0": 0.0, "val_obj_t0": 0.2843, "train_t0": 0.4957, "val_t1": 0.378, "val_imag_t1": 0.0, "val_obj_t1": 0.1837, "train_t1": 0.3622}
{"type": "train", "epoch": 27, "last_obj": 0.1707, "time": 1790985205.8408, "lr": 0.0001}
{"type": "eval", "epoch": 28, "last_obj": 0.1702, "time": 1790985216.9253, "lr": 0.0001, "val_t0": 0.5007, "val_imag_t0": 0.0, "val_obj_t0": 0.2843, "train_t0": 0.4957, "val_t1": 0.3764, "val_imag_t1": 0.0, "val_obj_t1": 0.1835, "train_t1": 0.361}
{"type": "train", "epoch": 29, "last_obj": 0.1696, "time": 1790985226.8274, "lr": 0.0001}
{"type": "eval", "epoch": 30, "last_obj": 0.1692, "time": 1790985238.0019, "lr": 0.0, "val_t0": 0.5007, "val_imag_t0": 0.0, "val_obj_t0": 0.2843, "train_t0": 0.4957, "val_t1": 0.3768, "val_imag_t1": 0.0, "val_obj_t1": 0.1837, "train_t1": 0.3598}
{"type": "train", "epoch": 31, "last_obj": 0.1688, "time": 1790985248.0141, "lr": 0.0}
{"type": "eval", "epoch": 32, "last_obj": 0.1685, "time": 1790985259.0149, "lr": 0.0, "val_t0": 0.5007, "val_imag_t0": 0.0, "val_obj_t0": 0.2843, "train_t0": 0.4957, "val_t1": 0.377, "val_imag_t1": 0.0, "val_obj_t1": 0.1834, "train_t1": 0.3585}
{"type": "train", "epoch": 33, "last_obj": 0.1682, "time": 1790985269.0474, "lr": 0.0}
{"type": "eval", "epoch": 34, "last_obj": 0.168, "time": 1790985279.9041, "lr": 0.0, "val_t0": 0.5007, "val_imag_t0": 0.0, "val_obj_t0": 0.2843, "train_t0": 0.4957, "val_t1": 0.3777, "val_imag_t1": 0.0, "val_obj_t1": 0.1831, "train_t1": 0.3578}
{"type": "train", "epoch": 35, "last_obj": 0.1678, "time": 1790985289.7337, "lr": 0.0}
{"type": "eval", "epoch": 36, "last_obj": 0.1677, "time": 1790985300.3896, "lr": 0.0, "val_t0": 0.5007, "val_imag_t0": 0.0, "val_obj_t0": 0.2843, "train_t0": 0.4957, "val_t1": 0.3777, "val_imag_t1": 0.0, "val_obj_t1": 0.1829, "train_t1": 0.3574}
{"type": "train", "epoch": 37, "last_obj": 0.1676, "time": 1790985309.5815, "lr": 0.0}
{"type": "eval", "epoch": 38, "last_obj": 0.1675, "time": 1790985319.9454, "lr": 0.0, "val_t0": 0.5007, "val_imag_t0": 0.0, "val_obj_t0": 0.2843, "train_t0": 0.4957, "val_t1": 0.3776, "val_imag_t1": 0.0, "val_obj_t1": 0.1828, "train_t1": 0.3572}
{"type": "train", "epoch": 39, "last_obj": 0.1674, "time": 1790985329.8829, "lr": 0.0}
{"type": "eval", "epoch": 40, "last_obj": 0.1674, "time": 1790985340.7079, "lr": 0.0, "val_t0": 0.5007, "val_imag_t0": 0.0, "val_obj_t0": 0.2843, "train_t0": 0.4957, "val_t1": 0.3777, "val_imag_t1": 0.0, "val_obj_t1": 0.1828, "train_t1": 0.3572}
{"type": "done", "best_val": 0.3764, "time": 1790985340.7372}
