node exp-4-36 job 54608122 Fri Oct  2 20:12:12 PDT 2026
  C2HNO_rxn4439_TS       label                    corr%    57.3  resid 0.276  (1658s)
  C2HNO_rxn4439_P        label                    corr%    54.7  resid 0.266  (1658s)
  C2HNO_rxn4439_R        label                    corr%    61.6  resid 0.244  (1664s)
  C2HNO_rxn4439_R        all1_t1                  corr%    54.7  resid 0.306  (1683s)
  C2HNO_rxn4439_P        all1_t1                  corr%    54.8  resid 0.346  (1691s)
  C2HNO_rxn4440_P        label                    corr%    71.9  resid 0.185  (1629s)
  C2HNO_rxn4439_TS       all1_t1                  corr%    53.7  resid 0.359  (1630s)
  C2HNO_rxn4440_P        all1_t1                  corr%    61.8  resid 0.346  (1635s)
  C2HNO_rxn4440_R        all1_t1                  corr%    54.7  resid 0.306  (1633s)
  C2HNO_rxn4440_R        label                    corr%    61.6  resid 0.244  (1658s)
  C2HNO_rxn4440_TS       all1_t1                  corr%    33.2  resid 0.412  (1633s)
  C2HNO_rxn4441_P        label                    corr%    65.8  resid 0.242  (1625s)
  C2HNO_rxn4440_TS       label                    corr%    67.1  resid 0.245  (1655s)
  C2HNO_rxn4441_P        all1_t1                  corr%    46.6  resid 0.345  (1633s)
  C2HNO_rxn4441_R        label                    corr%    61.6  resid 0.244  (1631s)
  C2HNO_rxn4441_TS       all1_t1                  corr%    38.3  resid 0.381  (1621s)
  C2HNO_rxn4441_TS       label                    corr%    46.0  resid 0.295  (1640s)
  C2HNO_rxn4441_R        all1_t1                  corr%    54.7  resid 0.306  (1652s)
  C2HNO_rxn4442_P        label                    corr%    70.0  resid 0.246  (1659s)
  C2HNO_rxn4442_P        all1_t1                  corr%    47.2  resid 0.329  (1653s)
  C2HNO_rxn4442_TS       label                    corr%    54.0  resid 0.265  (1669s)
  C2HNO_rxn4442_R        label                    corr%    61.6  resid 0.244  (1667s)
  C2HNO_rxn4442_TS       all1_t1                  corr%    29.4  resid 0.414  (1680s)
  C2HNO_rxn4442_R        all1_t1                  corr%    54.7  resid 0.306  (1723s)
  C3HN_rxn2586_P         label                    corr%    44.5  resid 0.317  (2656s)
slurmstepd: error: *** JOB 54608122 ON exp-4-36 CANCELLED AT 2026-10-02T22:51:47 ***
