/xuanwu-tank/east/fts/projects/transition-1x-analysis/ccsd_amplitudes/pretrain/.train_venv/lib/python3.11/site-packages/numba/cuda/dispatcher.py:537: NumbaPerformanceWarning: Grid size 120 will likely result in GPU under-utilization due to low occupancy.
  warn(NumbaPerformanceWarning(msg))
/xuanwu-tank/east/fts/projects/transition-1x-analysis/ccsd_amplitudes/pretrain/.train_venv/lib/python3.11/site-packages/numba/cuda/dispatcher.py:537: NumbaPerformanceWarning: Grid size 100 will likely result in GPU under-utilization due to low occupancy.
  warn(NumbaPerformanceWarning(msg))
/xuanwu-tank/east/fts/projects/transition-1x-analysis/ccsd_amplitudes/pretrain/.train_venv/lib/python3.11/site-packages/numba/cuda/dispatcher.py:537: NumbaPerformanceWarning: Grid size 120 will likely result in GPU under-utilization due to low occupancy.
  warn(NumbaPerformanceWarning(msg))
/xuanwu-tank/east/fts/projects/transition-1x-analysis/ccsd_amplitudes/pretrain/.train_venv/lib/python3.11/site-packages/numba/cuda/dispatcher.py:537: NumbaPerformanceWarning: Grid size 100 will likely result in GPU under-utilization due to low occupancy.
  warn(NumbaPerformanceWarning(msg))
/xuanwu-tank/east/fts/projects/transition-1x-analysis/ccsd_amplitudes/pretrain/.train_venv/lib/python3.11/site-packages/numba/cuda/dispatcher.py:537: NumbaPerformanceWarning: Grid size 120 will likely result in GPU under-utilization due to low occupancy.
  warn(NumbaPerformanceWarning(msg))
/xuanwu-tank/east/fts/projects/transition-1x-analysis/ccsd_amplitudes/pretrain/.train_venv/lib/python3.11/site-packages/numba/cuda/dispatcher.py:537: NumbaPerformanceWarning: Grid size 100 will likely result in GPU under-utilization due to low occupancy.
  warn(NumbaPerformanceWarning(msg))
/xuanwu-tank/east/fts/projects/transition-1x-analysis/ccsd_amplitudes/pretrain/.train_venv/lib/python3.11/site-packages/numba/cuda/dispatcher.py:537: NumbaPerformanceWarning: Grid size 120 will likely result in GPU under-utilization due to low occupancy.
  warn(NumbaPerformanceWarning(msg))
/xuanwu-tank/east/fts/projects/transition-1x-analysis/ccsd_amplitudes/pretrain/.train_venv/lib/python3.11/site-packages/numba/cuda/dispatcher.py:537: NumbaPerformanceWarning: Grid size 100 will likely result in GPU under-utilization due to low occupancy.
  warn(NumbaPerformanceWarning(msg))
/xuanwu-tank/east/fts/projects/transition-1x-analysis/ccsd_amplitudes/pretrain/.train_venv/lib/python3.11/site-packages/numba/cuda/dispatcher.py:537: NumbaPerformanceWarning: Grid size 120 will likely result in GPU under-utilization due to low occupancy.
  warn(NumbaPerformanceWarning(msg))
/xuanwu-tank/east/fts/projects/transition-1x-analysis/ccsd_amplitudes/pretrain/.train_venv/lib/python3.11/site-packages/numba/cuda/dispatcher.py:537: NumbaPerformanceWarning: Grid size 100 will likely result in GPU under-utilization due to low occupancy.
  warn(NumbaPerformanceWarning(msg))
/xuanwu-tank/east/fts/projects/transition-1x-analysis/ccsd_amplitudes/pretrain/.train_venv/lib/python3.11/site-packages/numba/cuda/dispatcher.py:537: NumbaPerformanceWarning: Grid size 120 will likely result in GPU under-utilization due to low occupancy.
  warn(NumbaPerformanceWarning(msg))
/xuanwu-tank/east/fts/projects/transition-1x-analysis/ccsd_amplitudes/pretrain/.train_venv/lib/python3.11/site-packages/numba/cuda/dispatcher.py:537: NumbaPerformanceWarning: Grid size 100 will likely result in GPU under-utilization due to low occupancy.
  warn(NumbaPerformanceWarning(msg))
/xuanwu-tank/east/fts/projects/transition-1x-analysis/ccsd_amplitudes/pretrain/.train_venv/lib/python3.11/site-packages/numba/cuda/dispatcher.py:537: NumbaPerformanceWarning: Grid size 120 will likely result in GPU under-utilization due to low occupancy.
  warn(NumbaPerformanceWarning(msg))
/xuanwu-tank/east/fts/projects/transition-1x-analysis/ccsd_amplitudes/pretrain/.train_venv/lib/python3.11/site-packages/numba/cuda/dispatcher.py:537: NumbaPerformanceWarning: Grid size 100 will likely result in GPU under-utilization due to low occupancy.
  warn(NumbaPerformanceWarning(msg))
Traceback (most recent call last):
  File "<frozen runpy>", line 198, in _run_module_as_main
  File "<frozen runpy>", line 88, in _run_code
  File "/xuanwu-tank/east/fts/projects/transition-1x-analysis/ccsd_amplitudes/pretrain/followups/task2_worker.py", line 199, in <module>
    main()
  File "/xuanwu-tank/east/fts/projects/transition-1x-analysis/ccsd_amplitudes/pretrain/followups/task2_worker.py", line 119, in main
    _write(proto_out, {"ready": True, "norb": norb, "nelec": ham["nelec"], "e_hf": ham["e_hf"],
  File "/xuanwu-tank/east/fts/projects/transition-1x-analysis/ccsd_amplitudes/pretrain/followups/task2_worker.py", line 47, in _write
    f.flush()
BrokenPipeError: [Errno 32] Broken pipe
/xuanwu-tank/east/fts/projects/transition-1x-analysis/ccsd_amplitudes/pretrain/.train_venv/lib/python3.11/site-packages/numba/cuda/dispatcher.py:537: NumbaPerformanceWarning: Grid size 120 will likely result in GPU under-utilization due to low occupancy.
  warn(NumbaPerformanceWarning(msg))
/xuanwu-tank/east/fts/projects/transition-1x-analysis/ccsd_amplitudes/pretrain/.train_venv/lib/python3.11/site-packages/numba/cuda/dispatcher.py:537: NumbaPerformanceWarning: Grid size 100 will likely result in GPU under-utilization due to low occupancy.
  warn(NumbaPerformanceWarning(msg))
