[C2H3N_rxn2858_P] mo       batch 0: E -130.40023954  dim 446x446=198916  S^2 3.25e-03  t 30.3s
[C2H3N_rxn2858_P] mo       batch 1: E -130.40023954  dim 446x446=198916  S^2 3.25e-03  t 30.3s (reused)
[C2H3N_rxn2858_P] mo       batch 2: E -130.40023954  dim 446x446=198916  S^2 3.25e-03  t 30.3s (reused)
[C2H3N_rxn2858_P] mo       batch 3: E -130.40023954  dim 446x446=198916  S^2 3.25e-03  t 30.3s (reused)
[C2H3N_rxn2858_P] mo       batch 4: E -130.40023954  dim 446x446=198916  S^2 3.25e-03  t 30.3s (reused)
[C2H3N_rxn2858_P] mo       batch 5: E -130.40023954  dim 446x446=198916  S^2 3.25e-03  t 30.3s (reused)
[C2H3N_rxn2858_P] mo       batch 6: E -130.40023954  dim 446x446=198916  S^2 3.25e-03  t 30.3s (reused)
[C2H3N_rxn2858_P] mo       batch 7: E -130.40023954  dim 446x446=198916  S^2 3.25e-03  t 30.3s (reused)
[C2H3N_rxn2858_P] mo       batch 8: E -130.40023954  dim 446x446=198916  S^2 3.25e-03  t 30.3s (reused)
[C2H3N_rxn2858_P] mo       batch 9: E -130.40023954  dim 446x446=198916  S^2 3.25e-03  t 30.3s (reused)
[C2H3N_rxn2858_P] exact1   batch 0: E -130.39915831  dim 356x356=126736  S^2 4.00e-03  t 29.0s
[C2H3N_rxn2858_P] exact1   batch 1: E -130.39915831  dim 356x356=126736  S^2 4.00e-03  t 29.0s (reused)
[C2H3N_rxn2858_P] exact1   batch 2: E -130.39915831  dim 356x356=126736  S^2 4.00e-03  t 29.0s (reused)
[C2H3N_rxn2858_P] exact1   batch 3: E -130.39915831  dim 356x356=126736  S^2 4.00e-03  t 29.0s (reused)
[C2H3N_rxn2858_P] exact1   batch 4: E -130.39915831  dim 356x356=126736  S^2 4.00e-03  t 29.0s (reused)
[C2H3N_rxn2858_P] exact1   batch 5: E -130.39915831  dim 356x356=126736  S^2 4.00e-03  t 29.0s (reused)
[C2H3N_rxn2858_P] exact1   batch 6: E -130.39915831  dim 356x356=126736  S^2 4.00e-03  t 29.0s (reused)
[C2H3N_rxn2858_P] exact1   batch 7: E -130.39915831  dim 356x356=126736  S^2 4.00e-03  t 29.0s (reused)
[C2H3N_rxn2858_P] exact1   batch 8: E -130.39915831  dim 356x356=126736  S^2 4.00e-03  t 29.0s (reused)
[C2H3N_rxn2858_P] exact1   batch 9: E -130.39915831  dim 356x356=126736  S^2 4.00e-03  t 29.0s (reused)
[C2H3N_rxn2858_P] exact2   batch 0: E -130.39894942  dim 370x370=136900  S^2 4.20e-03  t 30.8s
[C2H3N_rxn2858_P] exact2   batch 1: E -130.39894942  dim 370x370=136900  S^2 4.20e-03  t 30.8s (reused)
[C2H3N_rxn2858_P] exact2   batch 2: E -130.39894942  dim 370x370=136900  S^2 4.20e-03  t 30.8s (reused)
[C2H3N_rxn2858_P] exact2   batch 3: E -130.39894942  dim 370x370=136900  S^2 4.20e-03  t 30.8s (reused)
[C2H3N_rxn2858_P] exact2   batch 4: E -130.39894942  dim 370x370=136900  S^2 4.20e-03  t 30.8s (reused)
[C2H3N_rxn2858_P] exact2   batch 5: E -130.39894942  dim 370x370=136900  S^2 4.20e-03  t 30.8s (reused)
[C2H3N_rxn2858_P] exact2   batch 6: E -130.39894942  dim 370x370=136900  S^2 4.20e-03  t 30.8s (reused)
[C2H3N_rxn2858_P] exact2   batch 7: E -130.39894942  dim 370x370=136900  S^2 4.20e-03  t 30.8s (reused)
[C2H3N_rxn2858_P] exact2   batch 8: E -130.39894942  dim 370x370=136900  S^2 4.20e-03  t 30.8s (reused)
[C2H3N_rxn2858_P] exact2   batch 9: E -130.39894942  dim 370x370=136900  S^2 4.20e-03  t 30.8s (reused)
[C2H3N_rxn2858_P] mps64    batch 0: E -130.39761274  dim 294x294=86436  S^2 4.75e-03  t 20.1s
[C2H3N_rxn2858_P] mps64    batch 1: E -130.39761274  dim 294x294=86436  S^2 4.75e-03  t 20.1s (reused)
[C2H3N_rxn2858_P] mps64    batch 2: E -130.39761274  dim 294x294=86436  S^2 4.75e-03  t 20.1s (reused)
[C2H3N_rxn2858_P] mps64    batch 3: E -130.39761274  dim 294x294=86436  S^2 4.75e-03  t 20.1s (reused)
[C2H3N_rxn2858_P] mps64    batch 4: E -130.39761274  dim 294x294=86436  S^2 4.75e-03  t 20.1s (reused)
[C2H3N_rxn2858_P] mps64    batch 5: E -130.39761274  dim 294x294=86436  S^2 4.75e-03  t 20.1s (reused)
[C2H3N_rxn2858_P] mps64    batch 6: E -130.39761274  dim 294x294=86436  S^2 4.75e-03  t 20.1s (reused)
[C2H3N_rxn2858_P] mps64    batch 7: E -130.39761274  dim 294x294=86436  S^2 4.75e-03  t 20.1s (reused)
[C2H3N_rxn2858_P] mps64    batch 8: E -130.39761274  dim 294x294=86436  S^2 4.75e-03  t 20.1s (reused)
[C2H3N_rxn2858_P] mps64    batch 9: E -130.39761274  dim 294x294=86436  S^2 4.75e-03  t 20.1s (reused)
[C2H3N_rxn2858_P] mps128   batch 0: E -130.39907369  dim 347x347=120409  S^2 4.10e-03  t 28.9s
[C2H3N_rxn2858_P] mps128   batch 1: E -130.39907369  dim 347x347=120409  S^2 4.10e-03  t 28.9s (reused)
[C2H3N_rxn2858_P] mps128   batch 2: E -130.39907369  dim 347x347=120409  S^2 4.10e-03  t 28.9s (reused)
[C2H3N_rxn2858_P] mps128   batch 3: E -130.39907369  dim 347x347=120409  S^2 4.10e-03  t 28.9s (reused)
[C2H3N_rxn2858_P] mps128   batch 4: E -130.39907369  dim 347x347=120409  S^2 4.10e-03  t 28.9s (reused)
[C2H3N_rxn2858_P] mps128   batch 5: E -130.39907369  dim 347x347=120409  S^2 4.10e-03  t 28.9s (reused)
[C2H3N_rxn2858_P] mps128   batch 6: E -130.39907369  dim 347x347=120409  S^2 4.10e-03  t 28.9s (reused)
[C2H3N_rxn2858_P] mps128   batch 7: E -130.39907369  dim 347x347=120409  S^2 4.10e-03  t 28.9s (reused)
[C2H3N_rxn2858_P] mps128   batch 8: E -130.39907369  dim 347x347=120409  S^2 4.10e-03  t 28.9s (reused)
[C2H3N_rxn2858_P] mps128   batch 9: E -130.39907369  dim 347x347=120409  S^2 4.10e-03  t 28.9s (reused)
[C2H3N_rxn2858_P] mps256   batch 0: E -130.39919286  dim 361x361=130321  S^2 3.87e-03  t 27.8s
[C2H3N_rxn2858_P] mps256   batch 1: E -130.39919286  dim 361x361=130321  S^2 3.87e-03  t 27.8s (reused)
[C2H3N_rxn2858_P] mps256   batch 2: E -130.39919286  dim 361x361=130321  S^2 3.87e-03  t 27.8s (reused)
[C2H3N_rxn2858_P] mps256   batch 3: E -130.39919286  dim 361x361=130321  S^2 3.87e-03  t 27.8s (reused)
[C2H3N_rxn2858_P] mps256   batch 4: E -130.39919286  dim 361x361=130321  S^2 3.87e-03  t 27.8s (reused)
[C2H3N_rxn2858_P] mps256   batch 5: E -130.39919286  dim 361x361=130321  S^2 3.87e-03  t 27.8s (reused)
[C2H3N_rxn2858_P] mps256   batch 6: E -130.39919286  dim 361x361=130321  S^2 3.87e-03  t 27.8s (reused)
[C2H3N_rxn2858_P] mps256   batch 7: E -130.39919286  dim 361x361=130321  S^2 3.87e-03  t 27.8s (reused)
[C2H3N_rxn2858_P] mps256   batch 8: E -130.39919286  dim 361x361=130321  S^2 3.87e-03  t 27.8s (reused)
[C2H3N_rxn2858_P] mps256   batch 9: E -130.39919286  dim 361x361=130321  S^2 3.87e-03  t 27.8s (reused)
[C2H3N_rxn2858_P] mps512   batch 0: E -130.39935242  dim 364x364=132496  S^2 4.08e-03  t 25.4s
[C2H3N_rxn2858_P] mps512   batch 1: E -130.39935242  dim 364x364=132496  S^2 4.08e-03  t 25.4s (reused)
[C2H3N_rxn2858_P] mps512   batch 2: E -130.39935242  dim 364x364=132496  S^2 4.08e-03  t 25.4s (reused)
[C2H3N_rxn2858_P] mps512   batch 3: E -130.39935242  dim 364x364=132496  S^2 4.08e-03  t 25.4s (reused)
[C2H3N_rxn2858_P] mps512   batch 4: E -130.39935242  dim 364x364=132496  S^2 4.08e-03  t 25.4s (reused)
[C2H3N_rxn2858_P] mps512   batch 5: E -130.39935242  dim 364x364=132496  S^2 4.08e-03  t 25.4s (reused)
[C2H3N_rxn2858_P] mps512   batch 6: E -130.39935242  dim 364x364=132496  S^2 4.08e-03  t 25.4s (reused)
[C2H3N_rxn2858_P] mps512   batch 7: E -130.39935242  dim 364x364=132496  S^2 4.08e-03  t 25.4s (reused)
[C2H3N_rxn2858_P] mps512   batch 8: E -130.39935242  dim 364x364=132496  S^2 4.08e-03  t 25.4s (reused)
[C2H3N_rxn2858_P] mps512   batch 9: E -130.39935242  dim 364x364=132496  S^2 4.08e-03  t 25.4s (reused)
[C2H3N_rxn2858_TS] mo       batch 0: E -130.25038990  dim 492x492=242064  S^2 3.98e-03  t 46.6s
[C2H3N_rxn2858_TS] mo       batch 1: E -130.25038990  dim 492x492=242064  S^2 3.98e-03  t 46.6s (reused)
[C2H3N_rxn2858_TS] mo       batch 2: E -130.25038990  dim 492x492=242064  S^2 3.98e-03  t 46.6s (reused)
[C2H3N_rxn2858_TS] mo       batch 3: E -130.25038990  dim 492x492=242064  S^2 3.98e-03  t 46.6s (reused)
[C2H3N_rxn2858_TS] mo       batch 4: E -130.25038990  dim 492x492=242064  S^2 3.98e-03  t 46.6s (reused)
[C2H3N_rxn2858_TS] mo       batch 5: E -130.25038990  dim 492x492=242064  S^2 3.98e-03  t 46.6s (reused)
[C2H3N_rxn2858_TS] mo       batch 6: E -130.25038990  dim 492x492=242064  S^2 3.98e-03  t 46.6s (reused)
[C2H3N_rxn2858_TS] mo       batch 7: E -130.25038990  dim 492x492=242064  S^2 3.98e-03  t 46.6s (reused)
[C2H3N_rxn2858_TS] mo       batch 8: E -130.25038990  dim 492x492=242064  S^2 3.98e-03  t 46.6s (reused)
[C2H3N_rxn2858_TS] mo       batch 9: E -130.25038990  dim 492x492=242064  S^2 3.98e-03  t 46.6s (reused)
[C2H3N_rxn2858_TS] exact1   batch 0: E -130.24864471  dim 438x438=191844  S^2 4.16e-03  t 47.0s
[C2H3N_rxn2858_TS] exact1   batch 1: E -130.24864471  dim 438x438=191844  S^2 4.16e-03  t 47.0s (reused)
[C2H3N_rxn2858_TS] exact1   batch 2: E -130.24864471  dim 438x438=191844  S^2 4.16e-03  t 47.0s (reused)
[C2H3N_rxn2858_TS] exact1   batch 3: E -130.24864471  dim 438x438=191844  S^2 4.16e-03  t 47.0s (reused)
[C2H3N_rxn2858_TS] exact1   batch 4: E -130.24864471  dim 438x438=191844  S^2 4.16e-03  t 47.0s (reused)
[C2H3N_rxn2858_TS] exact1   batch 5: E -130.24864471  dim 438x438=191844  S^2 4.16e-03  t 47.0s (reused)
[C2H3N_rxn2858_TS] exact1   batch 6: E -130.24864471  dim 438x438=191844  S^2 4.16e-03  t 47.0s (reused)
[C2H3N_rxn2858_TS] exact1   batch 7: E -130.24864471  dim 438x438=191844  S^2 4.16e-03  t 47.0s (reused)
[C2H3N_rxn2858_TS] exact1   batch 8: E -130.24864471  dim 438x438=191844  S^2 4.16e-03  t 47.0s (reused)
[C2H3N_rxn2858_TS] exact1   batch 9: E -130.24864471  dim 438x438=191844  S^2 4.16e-03  t 47.0s (reused)
[C2H3N_rxn2858_TS] exact2   batch 0: E -130.24927935  dim 439x439=192721  S^2 3.86e-03  t 40.7s
[C2H3N_rxn2858_TS] exact2   batch 1: E -130.24927935  dim 439x439=192721  S^2 3.86e-03  t 40.7s (reused)
[C2H3N_rxn2858_TS] exact2   batch 2: E -130.24927935  dim 439x439=192721  S^2 3.86e-03  t 40.7s (reused)
[C2H3N_rxn2858_TS] exact2   batch 3: E -130.24927935  dim 439x439=192721  S^2 3.86e-03  t 40.7s (reused)
[C2H3N_rxn2858_TS] exact2   batch 4: E -130.24927935  dim 439x439=192721  S^2 3.86e-03  t 40.7s (reused)
[C2H3N_rxn2858_TS] exact2   batch 5: E -130.24927935  dim 439x439=192721  S^2 3.86e-03  t 40.7s (reused)
[C2H3N_rxn2858_TS] exact2   batch 6: E -130.24927935  dim 439x439=192721  S^2 3.86e-03  t 40.7s (reused)
[C2H3N_rxn2858_TS] exact2   batch 7: E -130.24927935  dim 439x439=192721  S^2 3.86e-03  t 40.7s (reused)
[C2H3N_rxn2858_TS] exact2   batch 8: E -130.24927935  dim 439x439=192721  S^2 3.86e-03  t 40.7s (reused)
[C2H3N_rxn2858_TS] exact2   batch 9: E -130.24927935  dim 439x439=192721  S^2 3.86e-03  t 40.7s (reused)
[C2H3N_rxn2858_TS] mps64    batch 0: E -130.24616004  dim 360x360=129600  S^2 5.21e-03  t 27.0s
[C2H3N_rxn2858_TS] mps64    batch 1: E -130.24616004  dim 360x360=129600  S^2 5.21e-03  t 27.0s (reused)
[C2H3N_rxn2858_TS] mps64    batch 2: E -130.24616004  dim 360x360=129600  S^2 5.21e-03  t 27.0s (reused)
[C2H3N_rxn2858_TS] mps64    batch 3: E -130.24616004  dim 360x360=129600  S^2 5.21e-03  t 27.0s (reused)
[C2H3N_rxn2858_TS] mps64    batch 4: E -130.24616004  dim 360x360=129600  S^2 5.21e-03  t 27.0s (reused)
[C2H3N_rxn2858_TS] mps64    batch 5: E -130.24616004  dim 360x360=129600  S^2 5.21e-03  t 27.0s (reused)
[C2H3N_rxn2858_TS] mps64    batch 6: E -130.24616004  dim 360x360=129600  S^2 5.21e-03  t 27.0s (reused)
[C2H3N_rxn2858_TS] mps64    batch 7: E -130.24616004  dim 360x360=129600  S^2 5.21e-03  t 27.0s (reused)
[C2H3N_rxn2858_TS] mps64    batch 8: E -130.24616004  dim 360x360=129600  S^2 5.21e-03  t 27.0s (reused)
[C2H3N_rxn2858_TS] mps64    batch 9: E -130.24616004  dim 360x360=129600  S^2 5.21e-03  t 27.0s (reused)
[C2H3N_rxn2858_TS] mps128   batch 0: E -130.24811408  dim 423x423=178929  S^2 4.56e-03  t 48.4s
[C2H3N_rxn2858_TS] mps128   batch 1: E -130.24811408  dim 423x423=178929  S^2 4.56e-03  t 48.4s (reused)
[C2H3N_rxn2858_TS] mps128   batch 2: E -130.24811408  dim 423x423=178929  S^2 4.56e-03  t 48.4s (reused)
[C2H3N_rxn2858_TS] mps128   batch 3: E -130.24811408  dim 423x423=178929  S^2 4.56e-03  t 48.4s (reused)
[C2H3N_rxn2858_TS] mps128   batch 4: E -130.24811408  dim 423x423=178929  S^2 4.56e-03  t 48.4s (reused)
[C2H3N_rxn2858_TS] mps128   batch 5: E -130.24811408  dim 423x423=178929  S^2 4.56e-03  t 48.4s (reused)
[C2H3N_rxn2858_TS] mps128   batch 6: E -130.24811408  dim 423x423=178929  S^2 4.56e-03  t 48.4s (reused)
[C2H3N_rxn2858_TS] mps128   batch 7: E -130.24811408  dim 423x423=178929  S^2 4.56e-03  t 48.4s (reused)
[C2H3N_rxn2858_TS] mps128   batch 8: E -130.24811408  dim 423x423=178929  S^2 4.56e-03  t 48.4s (reused)
[C2H3N_rxn2858_TS] mps128   batch 9: E -130.24811408  dim 423x423=178929  S^2 4.56e-03  t 48.4s (reused)
[C2H3N_rxn2858_TS] mps256   batch 0: E -130.24817811  dim 431x431=185761  S^2 4.42e-03  t 47.8s
[C2H3N_rxn2858_TS] mps256   batch 1: E -130.24817811  dim 431x431=185761  S^2 4.42e-03  t 47.8s (reused)
[C2H3N_rxn2858_TS] mps256   batch 2: E -130.24817811  dim 431x431=185761  S^2 4.42e-03  t 47.8s (reused)
[C2H3N_rxn2858_TS] mps256   batch 3: E -130.24817811  dim 431x431=185761  S^2 4.42e-03  t 47.8s (reused)
[C2H3N_rxn2858_TS] mps256   batch 4: E -130.24817811  dim 431x431=185761  S^2 4.42e-03  t 47.8s (reused)
[C2H3N_rxn2858_TS] mps256   batch 5: E -130.24817811  dim 431x431=185761  S^2 4.42e-03  t 47.8s (reused)
[C2H3N_rxn2858_TS] mps256   batch 6: E -130.24817811  dim 431x431=185761  S^2 4.42e-03  t 47.8s (reused)
[C2H3N_rxn2858_TS] mps256   batch 7: E -130.24817811  dim 431x431=185761  S^2 4.42e-03  t 47.8s (reused)
[C2H3N_rxn2858_TS] mps256   batch 8: E -130.24817811  dim 431x431=185761  S^2 4.42e-03  t 47.8s (reused)
[C2H3N_rxn2858_TS] mps256   batch 9: E -130.24817811  dim 431x431=185761  S^2 4.42e-03  t 47.8s (reused)
[C2H3N_rxn2858_TS] mps512   batch 0: E -130.24874356  dim 447x447=199809  S^2 4.59e-03  t 54.7s
[C2H3N_rxn2858_TS] mps512   batch 1: E -130.24874356  dim 447x447=199809  S^2 4.59e-03  t 54.7s (reused)
[C2H3N_rxn2858_TS] mps512   batch 2: E -130.24874356  dim 447x447=199809  S^2 4.59e-03  t 54.7s (reused)
[C2H3N_rxn2858_TS] mps512   batch 3: E -130.24874356  dim 447x447=199809  S^2 4.59e-03  t 54.7s (reused)
[C2H3N_rxn2858_TS] mps512   batch 4: E -130.24874356  dim 447x447=199809  S^2 4.59e-03  t 54.7s (reused)
[C2H3N_rxn2858_TS] mps512   batch 5: E -130.24874356  dim 447x447=199809  S^2 4.59e-03  t 54.7s (reused)
[C2H3N_rxn2858_TS] mps512   batch 6: E -130.24874356  dim 447x447=199809  S^2 4.59e-03  t 54.7s (reused)
[C2H3N_rxn2858_TS] mps512   batch 7: E -130.24874356  dim 447x447=199809  S^2 4.59e-03  t 54.7s (reused)
[C2H3N_rxn2858_TS] mps512   batch 8: E -130.24874356  dim 447x447=199809  S^2 4.59e-03  t 54.7s (reused)
[C2H3N_rxn2858_TS] mps512   batch 9: E -130.24874356  dim 447x447=199809  S^2 4.59e-03  t 54.7s (reused)
[C2H4O_rxn0724_P] mo       batch 0: E -151.00014849  dim 442x442=195364  S^2 3.93e-03  t 55.4s
[C2H4O_rxn0724_P] mo       batch 1: E -151.00014849  dim 442x442=195364  S^2 3.93e-03  t 55.4s (reused)
[C2H4O_rxn0724_P] mo       batch 2: E -151.00014849  dim 442x442=195364  S^2 3.93e-03  t 55.4s (reused)
[C2H4O_rxn0724_P] mo       batch 3: E -151.00014849  dim 442x442=195364  S^2 3.93e-03  t 55.4s (reused)
[C2H4O_rxn0724_P] mo       batch 4: E -151.00014849  dim 442x442=195364  S^2 3.93e-03  t 55.4s (reused)
[C2H4O_rxn0724_P] mo       batch 5: E -151.00014849  dim 442x442=195364  S^2 3.93e-03  t 55.4s (reused)
[C2H4O_rxn0724_P] mo       batch 6: E -151.00014849  dim 442x442=195364  S^2 3.93e-03  t 55.4s (reused)
[C2H4O_rxn0724_P] mo       batch 7: E -151.00014849  dim 442x442=195364  S^2 3.93e-03  t 55.4s (reused)
[C2H4O_rxn0724_P] mo       batch 8: E -151.00014849  dim 442x442=195364  S^2 3.93e-03  t 55.4s (reused)
[C2H4O_rxn0724_P] mo       batch 9: E -151.00014849  dim 442x442=195364  S^2 3.93e-03  t 55.4s (reused)
[C2H4O_rxn0724_P] exact1   batch 0: E -150.99914392  dim 250x250=62500  S^2 4.88e-03  t 24.9s
[C2H4O_rxn0724_P] exact1   batch 1: E -150.99914392  dim 250x250=62500  S^2 4.88e-03  t 24.9s (reused)
[C2H4O_rxn0724_P] exact1   batch 2: E -150.99914392  dim 250x250=62500  S^2 4.88e-03  t 24.9s (reused)
[C2H4O_rxn0724_P] exact1   batch 3: E -150.99914392  dim 250x250=62500  S^2 4.88e-03  t 24.9s (reused)
[C2H4O_rxn0724_P] exact1   batch 4: E -150.99914392  dim 250x250=62500  S^2 4.88e-03  t 24.9s (reused)
[C2H4O_rxn0724_P] exact1   batch 5: E -150.99914392  dim 250x250=62500  S^2 4.88e-03  t 24.9s (reused)
[C2H4O_rxn0724_P] exact1   batch 6: E -150.99914392  dim 250x250=62500  S^2 4.88e-03  t 24.9s (reused)
[C2H4O_rxn0724_P] exact1   batch 7: E -150.99914392  dim 250x250=62500  S^2 4.88e-03  t 24.9s (reused)
[C2H4O_rxn0724_P] exact1   batch 8: E -150.99914392  dim 250x250=62500  S^2 4.88e-03  t 24.9s (reused)
[C2H4O_rxn0724_P] exact1   batch 9: E -150.99914392  dim 250x250=62500  S^2 4.88e-03  t 24.9s (reused)
[C2H4O_rxn0724_P] exact2   batch 0: E -151.00170562  dim 279x279=77841  S^2 3.78e-03  t 36.6s
[C2H4O_rxn0724_P] exact2   batch 1: E -151.00170562  dim 279x279=77841  S^2 3.78e-03  t 36.6s (reused)
[C2H4O_rxn0724_P] exact2   batch 2: E -151.00170562  dim 279x279=77841  S^2 3.78e-03  t 36.6s (reused)
[C2H4O_rxn0724_P] exact2   batch 3: E -151.00170562  dim 279x279=77841  S^2 3.78e-03  t 36.6s (reused)
[C2H4O_rxn0724_P] exact2   batch 4: E -151.00170562  dim 279x279=77841  S^2 3.78e-03  t 36.6s (reused)
[C2H4O_rxn0724_P] exact2   batch 5: E -151.00170562  dim 279x279=77841  S^2 3.78e-03  t 36.6s (reused)
[C2H4O_rxn0724_P] exact2   batch 6: E -151.00170562  dim 279x279=77841  S^2 3.78e-03  t 36.6s (reused)
[C2H4O_rxn0724_P] exact2   batch 7: E -151.00170562  dim 279x279=77841  S^2 3.78e-03  t 36.6s (reused)
[C2H4O_rxn0724_P] exact2   batch 8: E -151.00170562  dim 279x279=77841  S^2 3.78e-03  t 36.6s (reused)
[C2H4O_rxn0724_P] exact2   batch 9: E -151.00170562  dim 279x279=77841  S^2 3.78e-03  t 36.6s (reused)
[C2H4O_rxn0724_P] mps64    batch 0: E -150.99953509  dim 243x243=59049  S^2 5.00e-03  t 21.5s
[C2H4O_rxn0724_P] mps64    batch 1: E -150.99953509  dim 243x243=59049  S^2 5.00e-03  t 21.5s (reused)
[C2H4O_rxn0724_P] mps64    batch 2: E -150.99953509  dim 243x243=59049  S^2 5.00e-03  t 21.5s (reused)
[C2H4O_rxn0724_P] mps64    batch 3: E -150.99953509  dim 243x243=59049  S^2 5.00e-03  t 21.5s (reused)
[C2H4O_rxn0724_P] mps64    batch 4: E -150.99953509  dim 243x243=59049  S^2 5.00e-03  t 21.5s (reused)
[C2H4O_rxn0724_P] mps64    batch 5: E -150.99953509  dim 243x243=59049  S^2 5.00e-03  t 21.5s (reused)
[C2H4O_rxn0724_P] mps64    batch 6: E -150.99953509  dim 243x243=59049  S^2 5.00e-03  t 21.5s (reused)
[C2H4O_rxn0724_P] mps64    batch 7: E -150.99953509  dim 243x243=59049  S^2 5.00e-03  t 21.5s (reused)
[C2H4O_rxn0724_P] mps64    batch 8: E -150.99953509  dim 243x243=59049  S^2 5.00e-03  t 21.5s (reused)
[C2H4O_rxn0724_P] mps64    batch 9: E -150.99953509  dim 243x243=59049  S^2 5.00e-03  t 21.5s (reused)
[C2H4O_rxn0724_P] mps128   batch 0: E -150.99988829  dim 260x260=67600  S^2 4.85e-03  t 24.2s
[C2H4O_rxn0724_P] mps128   batch 1: E -150.99988829  dim 260x260=67600  S^2 4.85e-03  t 24.2s (reused)
[C2H4O_rxn0724_P] mps128   batch 2: E -150.99988829  dim 260x260=67600  S^2 4.85e-03  t 24.2s (reused)
[C2H4O_rxn0724_P] mps128   batch 3: E -150.99988829  dim 260x260=67600  S^2 4.85e-03  t 24.2s (reused)
[C2H4O_rxn0724_P] mps128   batch 4: E -150.99988829  dim 260x260=67600  S^2 4.85e-03  t 24.2s (reused)
[C2H4O_rxn0724_P] mps128   batch 5: E -150.99988829  dim 260x260=67600  S^2 4.85e-03  t 24.2s (reused)
[C2H4O_rxn0724_P] mps128   batch 6: E -150.99988829  dim 260x260=67600  S^2 4.85e-03  t 24.2s (reused)
[C2H4O_rxn0724_P] mps128   batch 7: E -150.99988829  dim 260x260=67600  S^2 4.85e-03  t 24.2s (reused)
[C2H4O_rxn0724_P] mps128   batch 8: E -150.99988829  dim 260x260=67600  S^2 4.85e-03  t 24.2s (reused)
[C2H4O_rxn0724_P] mps128   batch 9: E -150.99988829  dim 260x260=67600  S^2 4.85e-03  t 24.2s (reused)
[C2H4O_rxn0724_P] mps256   batch 0: E -151.00116098  dim 262x262=68644  S^2 3.85e-03  t 27.0s
[C2H4O_rxn0724_P] mps256   batch 1: E -151.00116098  dim 262x262=68644  S^2 3.85e-03  t 27.0s (reused)
[C2H4O_rxn0724_P] mps256   batch 2: E -151.00116098  dim 262x262=68644  S^2 3.85e-03  t 27.0s (reused)
[C2H4O_rxn0724_P] mps256   batch 3: E -151.00116098  dim 262x262=68644  S^2 3.85e-03  t 27.0s (reused)
[C2H4O_rxn0724_P] mps256   batch 4: E -151.00116098  dim 262x262=68644  S^2 3.85e-03  t 27.0s (reused)
[C2H4O_rxn0724_P] mps256   batch 5: E -151.00116098  dim 262x262=68644  S^2 3.85e-03  t 27.0s (reused)
[C2H4O_rxn0724_P] mps256   batch 6: E -151.00116098  dim 262x262=68644  S^2 3.85e-03  t 27.0s (reused)
[C2H4O_rxn0724_P] mps256   batch 7: E -151.00116098  dim 262x262=68644  S^2 3.85e-03  t 27.0s (reused)
[C2H4O_rxn0724_P] mps256   batch 8: E -151.00116098  dim 262x262=68644  S^2 3.85e-03  t 27.0s (reused)
[C2H4O_rxn0724_P] mps256   batch 9: E -151.00116098  dim 262x262=68644  S^2 3.85e-03  t 27.0s (reused)
[C2H4O_rxn0724_P] mps512   batch 0: E -151.00076370  dim 272x272=73984  S^2 4.12e-03  t 26.6s
[C2H4O_rxn0724_P] mps512   batch 1: E -151.00076370  dim 272x272=73984  S^2 4.12e-03  t 26.6s (reused)
[C2H4O_rxn0724_P] mps512   batch 2: E -151.00076370  dim 272x272=73984  S^2 4.12e-03  t 26.6s (reused)
[C2H4O_rxn0724_P] mps512   batch 3: E -151.00076370  dim 272x272=73984  S^2 4.12e-03  t 26.6s (reused)
[C2H4O_rxn0724_P] mps512   batch 4: E -151.00076370  dim 272x272=73984  S^2 4.12e-03  t 26.6s (reused)
[C2H4O_rxn0724_P] mps512   batch 5: E -151.00076370  dim 272x272=73984  S^2 4.12e-03  t 26.6s (reused)
[C2H4O_rxn0724_P] mps512   batch 6: E -151.00076370  dim 272x272=73984  S^2 4.12e-03  t 26.6s (reused)
[C2H4O_rxn0724_P] mps512   batch 7: E -151.00076370  dim 272x272=73984  S^2 4.12e-03  t 26.6s (reused)
[C2H4O_rxn0724_P] mps512   batch 8: E -151.00076370  dim 272x272=73984  S^2 4.12e-03  t 26.6s (reused)
[C2H4O_rxn0724_P] mps512   batch 9: E -151.00076370  dim 272x272=73984  S^2 4.12e-03  t 26.6s (reused)
[C3H4_rxn2391_TS] mo       batch 0: E -114.46089256  dim 826x826=682276  S^2 4.62e-03  t 151.5s
[C3H4_rxn2391_TS] mo       batch 1: E -114.46089256  dim 826x826=682276  S^2 4.62e-03  t 151.5s (reused)
[C3H4_rxn2391_TS] mo       batch 2: E -114.46089256  dim 826x826=682276  S^2 4.62e-03  t 151.5s (reused)
[C3H4_rxn2391_TS] mo       batch 3: E -114.46089256  dim 826x826=682276  S^2 4.62e-03  t 151.5s (reused)
[C3H4_rxn2391_TS] mo       batch 4: E -114.46089256  dim 826x826=682276  S^2 4.62e-03  t 151.5s (reused)
[C3H4_rxn2391_TS] mo       batch 5: E -114.46089256  dim 826x826=682276  S^2 4.62e-03  t 151.5s (reused)
[C3H4_rxn2391_TS] mo       batch 6: E -114.46089256  dim 826x826=682276  S^2 4.62e-03  t 151.5s (reused)
[C3H4_rxn2391_TS] mo       batch 7: E -114.46089256  dim 826x826=682276  S^2 4.62e-03  t 151.5s (reused)
[C3H4_rxn2391_TS] mo       batch 8: E -114.46089256  dim 826x826=682276  S^2 4.62e-03  t 151.5s (reused)
[C3H4_rxn2391_TS] mo       batch 9: E -114.46089256  dim 826x826=682276  S^2 4.62e-03  t 151.5s (reused)
[C3H4_rxn2391_TS] exact1   batch 0: E -114.46168753  dim 571x571=326041  S^2 4.12e-03  t 106.3s
[C3H4_rxn2391_TS] exact1   batch 1: E -114.46168753  dim 571x571=326041  S^2 4.12e-03  t 106.3s (reused)
[C3H4_rxn2391_TS] exact1   batch 2: E -114.46168753  dim 571x571=326041  S^2 4.12e-03  t 106.3s (reused)
[C3H4_rxn2391_TS] exact1   batch 3: E -114.46168753  dim 571x571=326041  S^2 4.12e-03  t 106.3s (reused)
[C3H4_rxn2391_TS] exact1   batch 4: E -114.46168753  dim 571x571=326041  S^2 4.12e-03  t 106.3s (reused)
[C3H4_rxn2391_TS] exact1   batch 5: E -114.46168753  dim 571x571=326041  S^2 4.12e-03  t 106.3s (reused)
[C3H4_rxn2391_TS] exact1   batch 6: E -114.46168753  dim 571x571=326041  S^2 4.12e-03  t 106.3s (reused)
[C3H4_rxn2391_TS] exact1   batch 7: E -114.46168753  dim 571x571=326041  S^2 4.12e-03  t 106.3s (reused)
[C3H4_rxn2391_TS] exact1   batch 8: E -114.46168753  dim 571x571=326041  S^2 4.12e-03  t 106.3s (reused)
[C3H4_rxn2391_TS] exact1   batch 9: E -114.46168753  dim 571x571=326041  S^2 4.12e-03  t 106.3s (reused)
[C3H4_rxn2391_TS] exact2   batch 0: E -114.46154121  dim 587x587=344569  S^2 4.16e-03  t 107.0s
[C3H4_rxn2391_TS] exact2   batch 1: E -114.46154121  dim 587x587=344569  S^2 4.16e-03  t 107.0s (reused)
[C3H4_rxn2391_TS] exact2   batch 2: E -114.46154121  dim 587x587=344569  S^2 4.16e-03  t 107.0s (reused)
[C3H4_rxn2391_TS] exact2   batch 3: E -114.46154121  dim 587x587=344569  S^2 4.16e-03  t 107.0s (reused)
[C3H4_rxn2391_TS] exact2   batch 4: E -114.46154121  dim 587x587=344569  S^2 4.16e-03  t 107.0s (reused)
[C3H4_rxn2391_TS] exact2   batch 5: E -114.46154121  dim 587x587=344569  S^2 4.16e-03  t 107.0s (reused)
[C3H4_rxn2391_TS] exact2   batch 6: E -114.46154121  dim 587x587=344569  S^2 4.16e-03  t 107.0s (reused)
[C3H4_rxn2391_TS] exact2   batch 7: E -114.46154121  dim 587x587=344569  S^2 4.16e-03  t 107.0s (reused)
[C3H4_rxn2391_TS] exact2   batch 8: E -114.46154121  dim 587x587=344569  S^2 4.16e-03  t 107.0s (reused)
[C3H4_rxn2391_TS] exact2   batch 9: E -114.46154121  dim 587x587=344569  S^2 4.16e-03  t 107.0s (reused)
[C3H4_rxn2391_TS] mps64    batch 0: E -114.45930499  dim 494x494=244036  S^2 5.05e-03  t 84.6s
[C3H4_rxn2391_TS] mps64    batch 1: E -114.45930499  dim 494x494=244036  S^2 5.05e-03  t 84.6s (reused)
[C3H4_rxn2391_TS] mps64    batch 2: E -114.45930499  dim 494x494=244036  S^2 5.05e-03  t 84.6s (reused)
[C3H4_rxn2391_TS] mps64    batch 3: E -114.45930499  dim 494x494=244036  S^2 5.05e-03  t 84.6s (reused)
[C3H4_rxn2391_TS] mps64    batch 4: E -114.45930499  dim 494x494=244036  S^2 5.05e-03  t 84.6s (reused)
[C3H4_rxn2391_TS] mps64    batch 5: E -114.45930499  dim 494x494=244036  S^2 5.05e-03  t 84.6s (reused)
[C3H4_rxn2391_TS] mps64    batch 6: E -114.45930499  dim 494x494=244036  S^2 5.05e-03  t 84.6s (reused)
[C3H4_rxn2391_TS] mps64    batch 7: E -114.45930499  dim 494x494=244036  S^2 5.05e-03  t 84.6s (reused)
[C3H4_rxn2391_TS] mps64    batch 8: E -114.45930499  dim 494x494=244036  S^2 5.05e-03  t 84.6s (reused)
[C3H4_rxn2391_TS] mps64    batch 9: E -114.45930499  dim 494x494=244036  S^2 5.05e-03  t 84.6s (reused)
[C3H4_rxn2391_TS] mps128   batch 0: E -114.46109242  dim 556x556=309136  S^2 4.33e-03  t 102.4s
[C3H4_rxn2391_TS] mps128   batch 1: E -114.46109242  dim 556x556=309136  S^2 4.33e-03  t 102.4s (reused)
[C3H4_rxn2391_TS] mps128   batch 2: E -114.46109242  dim 556x556=309136  S^2 4.33e-03  t 102.4s (reused)
[C3H4_rxn2391_TS] mps128   batch 3: E -114.46109242  dim 556x556=309136  S^2 4.33e-03  t 102.4s (reused)
[C3H4_rxn2391_TS] mps128   batch 4: E -114.46109242  dim 556x556=309136  S^2 4.33e-03  t 102.4s (reused)
[C3H4_rxn2391_TS] mps128   batch 5: E -114.46109242  dim 556x556=309136  S^2 4.33e-03  t 102.4s (reused)
[C3H4_rxn2391_TS] mps128   batch 6: E -114.46109242  dim 556x556=309136  S^2 4.33e-03  t 102.4s (reused)
[C3H4_rxn2391_TS] mps128   batch 7: E -114.46109242  dim 556x556=309136  S^2 4.33e-03  t 102.4s (reused)
[C3H4_rxn2391_TS] mps128   batch 8: E -114.46109242  dim 556x556=309136  S^2 4.33e-03  t 102.4s (reused)
[C3H4_rxn2391_TS] mps128   batch 9: E -114.46109242  dim 556x556=309136  S^2 4.33e-03  t 102.4s (reused)
[C3H4_rxn2391_TS] mps256   batch 0: E -114.46079358  dim 530x530=280900  S^2 4.45e-03  t 100.4s
[C3H4_rxn2391_TS] mps256   batch 1: E -114.46079358  dim 530x530=280900  S^2 4.45e-03  t 100.4s (reused)
[C3H4_rxn2391_TS] mps256   batch 2: E -114.46079358  dim 530x530=280900  S^2 4.45e-03  t 100.4s (reused)
[C3H4_rxn2391_TS] mps256   batch 3: E -114.46079358  dim 530x530=280900  S^2 4.45e-03  t 100.4s (reused)
[C3H4_rxn2391_TS] mps256   batch 4: E -114.46079358  dim 530x530=280900  S^2 4.45e-03  t 100.4s (reused)
[C3H4_rxn2391_TS] mps256   batch 5: E -114.46079358  dim 530x530=280900  S^2 4.45e-03  t 100.4s (reused)
[C3H4_rxn2391_TS] mps256   batch 6: E -114.46079358  dim 530x530=280900  S^2 4.45e-03  t 100.4s (reused)
[C3H4_rxn2391_TS] mps256   batch 7: E -114.46079358  dim 530x530=280900  S^2 4.45e-03  t 100.4s (reused)
[C3H4_rxn2391_TS] mps256   batch 8: E -114.46079358  dim 530x530=280900  S^2 4.45e-03  t 100.4s (reused)
[C3H4_rxn2391_TS] mps256   batch 9: E -114.46079358  dim 530x530=280900  S^2 4.45e-03  t 100.4s (reused)
[C3H4_rxn2391_TS] mps512   batch 0: E -114.46186859  dim 570x570=324900  S^2 4.05e-03  t 108.7s
[C3H4_rxn2391_TS] mps512   batch 1: E -114.46186859  dim 570x570=324900  S^2 4.05e-03  t 108.7s (reused)
[C3H4_rxn2391_TS] mps512   batch 2: E -114.46186859  dim 570x570=324900  S^2 4.05e-03  t 108.7s (reused)
[C3H4_rxn2391_TS] mps512   batch 3: E -114.46186859  dim 570x570=324900  S^2 4.05e-03  t 108.7s (reused)
[C3H4_rxn2391_TS] mps512   batch 4: E -114.46186859  dim 570x570=324900  S^2 4.05e-03  t 108.7s (reused)
[C3H4_rxn2391_TS] mps512   batch 5: E -114.46186859  dim 570x570=324900  S^2 4.05e-03  t 108.7s (reused)
[C3H4_rxn2391_TS] mps512   batch 6: E -114.46186859  dim 570x570=324900  S^2 4.05e-03  t 108.7s (reused)
[C3H4_rxn2391_TS] mps512   batch 7: E -114.46186859  dim 570x570=324900  S^2 4.05e-03  t 108.7s (reused)
[C3H4_rxn2391_TS] mps512   batch 8: E -114.46186859  dim 570x570=324900  S^2 4.05e-03  t 108.7s (reused)
[C3H4_rxn2391_TS] mps512   batch 9: E -114.46186859  dim 570x570=324900  S^2 4.05e-03  t 108.7s (reused)
