[C2H3N_rxn2858_P] mo_s1    batch 0: E -130.40040399  dim 439x439=192721  S^2 3.28e-03  t 35.4s
[C2H3N_rxn2858_P] mo_s1    batch 1: E -130.40040399  dim 439x439=192721  S^2 3.28e-03  t 35.4s (reused)
[C2H3N_rxn2858_P] mo_s1    batch 2: E -130.40040399  dim 439x439=192721  S^2 3.28e-03  t 35.4s (reused)
[C2H3N_rxn2858_P] mo_s1    batch 3: E -130.40040399  dim 439x439=192721  S^2 3.28e-03  t 35.4s (reused)
[C2H3N_rxn2858_P] mo_s1    batch 4: E -130.40040399  dim 439x439=192721  S^2 3.28e-03  t 35.4s (reused)
[C2H3N_rxn2858_P] mo_s1    batch 5: E -130.40040399  dim 439x439=192721  S^2 3.28e-03  t 35.4s (reused)
[C2H3N_rxn2858_P] mo_s1    batch 6: E -130.40040399  dim 439x439=192721  S^2 3.28e-03  t 35.4s (reused)
[C2H3N_rxn2858_P] mo_s1    batch 7: E -130.40040399  dim 439x439=192721  S^2 3.28e-03  t 35.4s (reused)
[C2H3N_rxn2858_P] mo_s1    batch 8: E -130.40040399  dim 439x439=192721  S^2 3.28e-03  t 35.4s (reused)
[C2H3N_rxn2858_P] mo_s1    batch 9: E -130.40040399  dim 439x439=192721  S^2 3.28e-03  t 35.4s (reused)
[C2H3N_rxn2858_P] mo_s2    batch 0: E -130.40119541  dim 472x472=222784  S^2 2.88e-03  t 32.4s
[C2H3N_rxn2858_P] mo_s2    batch 1: E -130.40119541  dim 472x472=222784  S^2 2.88e-03  t 32.4s (reused)
[C2H3N_rxn2858_P] mo_s2    batch 2: E -130.40119541  dim 472x472=222784  S^2 2.88e-03  t 32.4s (reused)
[C2H3N_rxn2858_P] mo_s2    batch 3: E -130.40119541  dim 472x472=222784  S^2 2.88e-03  t 32.4s (reused)
[C2H3N_rxn2858_P] mo_s2    batch 4: E -130.40119541  dim 472x472=222784  S^2 2.88e-03  t 32.4s (reused)
[C2H3N_rxn2858_P] mo_s2    batch 5: E -130.40119541  dim 472x472=222784  S^2 2.88e-03  t 32.4s (reused)
[C2H3N_rxn2858_P] mo_s2    batch 6: E -130.40119541  dim 472x472=222784  S^2 2.88e-03  t 32.4s (reused)
[C2H3N_rxn2858_P] mo_s2    batch 7: E -130.40119541  dim 472x472=222784  S^2 2.88e-03  t 32.4s (reused)
[C2H3N_rxn2858_P] mo_s2    batch 8: E -130.40119541  dim 472x472=222784  S^2 2.88e-03  t 32.4s (reused)
[C2H3N_rxn2858_P] mo_s2    batch 9: E -130.40119541  dim 472x472=222784  S^2 2.88e-03  t 32.4s (reused)
[C2H3N_rxn2858_P] mo_s3    batch 0: E -130.39997968  dim 459x459=210681  S^2 3.34e-03  t 32.5s
[C2H3N_rxn2858_P] mo_s3    batch 1: E -130.39997968  dim 459x459=210681  S^2 3.34e-03  t 32.5s (reused)
[C2H3N_rxn2858_P] mo_s3    batch 2: E -130.39997968  dim 459x459=210681  S^2 3.34e-03  t 32.5s (reused)
[C2H3N_rxn2858_P] mo_s3    batch 3: E -130.39997968  dim 459x459=210681  S^2 3.34e-03  t 32.5s (reused)
[C2H3N_rxn2858_P] mo_s3    batch 4: E -130.39997968  dim 459x459=210681  S^2 3.34e-03  t 32.5s (reused)
[C2H3N_rxn2858_P] mo_s3    batch 5: E -130.39997968  dim 459x459=210681  S^2 3.34e-03  t 32.5s (reused)
[C2H3N_rxn2858_P] mo_s3    batch 6: E -130.39997968  dim 459x459=210681  S^2 3.34e-03  t 32.5s (reused)
[C2H3N_rxn2858_P] mo_s3    batch 7: E -130.39997968  dim 459x459=210681  S^2 3.34e-03  t 32.5s (reused)
[C2H3N_rxn2858_P] mo_s3    batch 8: E -130.39997968  dim 459x459=210681  S^2 3.34e-03  t 32.5s (reused)
[C2H3N_rxn2858_P] mo_s3    batch 9: E -130.39997968  dim 459x459=210681  S^2 3.34e-03  t 32.5s (reused)
[C2H3N_rxn2858_P] mo_s4    batch 0: E -130.40051291  dim 444x444=197136  S^2 3.22e-03  t 28.9s
[C2H3N_rxn2858_P] mo_s4    batch 1: E -130.40051291  dim 444x444=197136  S^2 3.22e-03  t 28.9s (reused)
[C2H3N_rxn2858_P] mo_s4    batch 2: E -130.40051291  dim 444x444=197136  S^2 3.22e-03  t 28.9s (reused)
[C2H3N_rxn2858_P] mo_s4    batch 3: E -130.40051291  dim 444x444=197136  S^2 3.22e-03  t 28.9s (reused)
[C2H3N_rxn2858_P] mo_s4    batch 4: E -130.40051291  dim 444x444=197136  S^2 3.22e-03  t 28.9s (reused)
[C2H3N_rxn2858_P] mo_s4    batch 5: E -130.40051291  dim 444x444=197136  S^2 3.22e-03  t 28.9s (reused)
[C2H3N_rxn2858_P] mo_s4    batch 6: E -130.40051291  dim 444x444=197136  S^2 3.22e-03  t 28.9s (reused)
[C2H3N_rxn2858_P] mo_s4    batch 7: E -130.40051291  dim 444x444=197136  S^2 3.22e-03  t 28.9s (reused)
[C2H3N_rxn2858_P] mo_s4    batch 8: E -130.40051291  dim 444x444=197136  S^2 3.22e-03  t 28.9s (reused)
[C2H3N_rxn2858_P] mo_s4    batch 9: E -130.40051291  dim 444x444=197136  S^2 3.22e-03  t 28.9s (reused)
[C2H3N_rxn2858_P] mo_s5    batch 0: E -130.39988590  dim 440x440=193600  S^2 3.49e-03  t 26.8s
[C2H3N_rxn2858_P] mo_s5    batch 1: E -130.39988590  dim 440x440=193600  S^2 3.49e-03  t 26.8s (reused)
[C2H3N_rxn2858_P] mo_s5    batch 2: E -130.39988590  dim 440x440=193600  S^2 3.49e-03  t 26.8s (reused)
[C2H3N_rxn2858_P] mo_s5    batch 3: E -130.39988590  dim 440x440=193600  S^2 3.49e-03  t 26.8s (reused)
[C2H3N_rxn2858_P] mo_s5    batch 4: E -130.39988590  dim 440x440=193600  S^2 3.49e-03  t 26.8s (reused)
[C2H3N_rxn2858_P] mo_s5    batch 5: E -130.39988590  dim 440x440=193600  S^2 3.49e-03  t 26.8s (reused)
[C2H3N_rxn2858_P] mo_s5    batch 6: E -130.39988590  dim 440x440=193600  S^2 3.49e-03  t 26.8s (reused)
[C2H3N_rxn2858_P] mo_s5    batch 7: E -130.39988590  dim 440x440=193600  S^2 3.49e-03  t 26.8s (reused)
[C2H3N_rxn2858_P] mo_s5    batch 8: E -130.39988590  dim 440x440=193600  S^2 3.49e-03  t 26.8s (reused)
[C2H3N_rxn2858_P] mo_s5    batch 9: E -130.39988590  dim 440x440=193600  S^2 3.49e-03  t 26.8s (reused)
[C2H3N_rxn2858_P] mo_s6    batch 0: E -130.40043524  dim 441x441=194481  S^2 3.10e-03  t 26.3s
[C2H3N_rxn2858_P] mo_s6    batch 1: E -130.40043524  dim 441x441=194481  S^2 3.10e-03  t 26.3s (reused)
[C2H3N_rxn2858_P] mo_s6    batch 2: E -130.40043524  dim 441x441=194481  S^2 3.10e-03  t 26.3s (reused)
[C2H3N_rxn2858_P] mo_s6    batch 3: E -130.40043524  dim 441x441=194481  S^2 3.10e-03  t 26.3s (reused)
[C2H3N_rxn2858_P] mo_s6    batch 4: E -130.40043524  dim 441x441=194481  S^2 3.10e-03  t 26.3s (reused)
[C2H3N_rxn2858_P] mo_s6    batch 5: E -130.40043524  dim 441x441=194481  S^2 3.10e-03  t 26.3s (reused)
[C2H3N_rxn2858_P] mo_s6    batch 6: E -130.40043524  dim 441x441=194481  S^2 3.10e-03  t 26.3s (reused)
[C2H3N_rxn2858_P] mo_s6    batch 7: E -130.40043524  dim 441x441=194481  S^2 3.10e-03  t 26.3s (reused)
[C2H3N_rxn2858_P] mo_s6    batch 8: E -130.40043524  dim 441x441=194481  S^2 3.10e-03  t 26.3s (reused)
[C2H3N_rxn2858_P] mo_s6    batch 9: E -130.40043524  dim 441x441=194481  S^2 3.10e-03  t 26.3s (reused)
[C2H3N_rxn2858_TS] mo_s1    batch 0: E -130.25018281  dim 477x477=227529  S^2 3.84e-03  t 41.1s
[C2H3N_rxn2858_TS] mo_s1    batch 1: E -130.25018281  dim 477x477=227529  S^2 3.84e-03  t 41.1s (reused)
[C2H3N_rxn2858_TS] mo_s1    batch 2: E -130.25018281  dim 477x477=227529  S^2 3.84e-03  t 41.1s (reused)
[C2H3N_rxn2858_TS] mo_s1    batch 3: E -130.25018281  dim 477x477=227529  S^2 3.84e-03  t 41.1s (reused)
[C2H3N_rxn2858_TS] mo_s1    batch 4: E -130.25018281  dim 477x477=227529  S^2 3.84e-03  t 41.1s (reused)
[C2H3N_rxn2858_TS] mo_s1    batch 5: E -130.25018281  dim 477x477=227529  S^2 3.84e-03  t 41.1s (reused)
[C2H3N_rxn2858_TS] mo_s1    batch 6: E -130.25018281  dim 477x477=227529  S^2 3.84e-03  t 41.1s (reused)
[C2H3N_rxn2858_TS] mo_s1    batch 7: E -130.25018281  dim 477x477=227529  S^2 3.84e-03  t 41.1s (reused)
[C2H3N_rxn2858_TS] mo_s1    batch 8: E -130.25018281  dim 477x477=227529  S^2 3.84e-03  t 41.1s (reused)
[C2H3N_rxn2858_TS] mo_s1    batch 9: E -130.25018281  dim 477x477=227529  S^2 3.84e-03  t 41.1s (reused)
[C2H3N_rxn2858_TS] mo_s2    batch 0: E -130.25009618  dim 489x489=239121  S^2 4.07e-03  t 45.8s
[C2H3N_rxn2858_TS] mo_s2    batch 1: E -130.25009618  dim 489x489=239121  S^2 4.07e-03  t 45.8s (reused)
[C2H3N_rxn2858_TS] mo_s2    batch 2: E -130.25009618  dim 489x489=239121  S^2 4.07e-03  t 45.8s (reused)
[C2H3N_rxn2858_TS] mo_s2    batch 3: E -130.25009618  dim 489x489=239121  S^2 4.07e-03  t 45.8s (reused)
[C2H3N_rxn2858_TS] mo_s2    batch 4: E -130.25009618  dim 489x489=239121  S^2 4.07e-03  t 45.8s (reused)
[C2H3N_rxn2858_TS] mo_s2    batch 5: E -130.25009618  dim 489x489=239121  S^2 4.07e-03  t 45.8s (reused)
[C2H3N_rxn2858_TS] mo_s2    batch 6: E -130.25009618  dim 489x489=239121  S^2 4.07e-03  t 45.8s (reused)
[C2H3N_rxn2858_TS] mo_s2    batch 7: E -130.25009618  dim 489x489=239121  S^2 4.07e-03  t 45.8s (reused)
[C2H3N_rxn2858_TS] mo_s2    batch 8: E -130.25009618  dim 489x489=239121  S^2 4.07e-03  t 45.8s (reused)
[C2H3N_rxn2858_TS] mo_s2    batch 9: E -130.25009618  dim 489x489=239121  S^2 4.07e-03  t 45.8s (reused)
[C2H3N_rxn2858_TS] mo_s3    batch 0: E -130.25042287  dim 502x502=252004  S^2 3.91e-03  t 50.9s
[C2H3N_rxn2858_TS] mo_s3    batch 1: E -130.25042287  dim 502x502=252004  S^2 3.91e-03  t 50.9s (reused)
[C2H3N_rxn2858_TS] mo_s3    batch 2: E -130.25042287  dim 502x502=252004  S^2 3.91e-03  t 50.9s (reused)
[C2H3N_rxn2858_TS] mo_s3    batch 3: E -130.25042287  dim 502x502=252004  S^2 3.91e-03  t 50.9s (reused)
[C2H3N_rxn2858_TS] mo_s3    batch 4: E -130.25042287  dim 502x502=252004  S^2 3.91e-03  t 50.9s (reused)
[C2H3N_rxn2858_TS] mo_s3    batch 5: E -130.25042287  dim 502x502=252004  S^2 3.91e-03  t 50.9s (reused)
[C2H3N_rxn2858_TS] mo_s3    batch 6: E -130.25042287  dim 502x502=252004  S^2 3.91e-03  t 50.9s (reused)
[C2H3N_rxn2858_TS] mo_s3    batch 7: E -130.25042287  dim 502x502=252004  S^2 3.91e-03  t 50.9s (reused)
[C2H3N_rxn2858_TS] mo_s3    batch 8: E -130.25042287  dim 502x502=252004  S^2 3.91e-03  t 50.9s (reused)
[C2H3N_rxn2858_TS] mo_s3    batch 9: E -130.25042287  dim 502x502=252004  S^2 3.91e-03  t 50.9s (reused)
[C2H3N_rxn2858_TS] mo_s4    batch 0: E -130.24914644  dim 507x507=257049  S^2 4.55e-03  t 50.3s
[C2H3N_rxn2858_TS] mo_s4    batch 1: E -130.24914644  dim 507x507=257049  S^2 4.55e-03  t 50.3s (reused)
[C2H3N_rxn2858_TS] mo_s4    batch 2: E -130.24914644  dim 507x507=257049  S^2 4.55e-03  t 50.3s (reused)
[C2H3N_rxn2858_TS] mo_s4    batch 3: E -130.24914644  dim 507x507=257049  S^2 4.55e-03  t 50.3s (reused)
[C2H3N_rxn2858_TS] mo_s4    batch 4: E -130.24914644  dim 507x507=257049  S^2 4.55e-03  t 50.3s (reused)
[C2H3N_rxn2858_TS] mo_s4    batch 5: E -130.24914644  dim 507x507=257049  S^2 4.55e-03  t 50.3s (reused)
[C2H3N_rxn2858_TS] mo_s4    batch 6: E -130.24914644  dim 507x507=257049  S^2 4.55e-03  t 50.3s (reused)
[C2H3N_rxn2858_TS] mo_s4    batch 7: E -130.24914644  dim 507x507=257049  S^2 4.55e-03  t 50.3s (reused)
[C2H3N_rxn2858_TS] mo_s4    batch 8: E -130.24914644  dim 507x507=257049  S^2 4.55e-03  t 50.3s (reused)
[C2H3N_rxn2858_TS] mo_s4    batch 9: E -130.24914644  dim 507x507=257049  S^2 4.55e-03  t 50.3s (reused)
[C2H3N_rxn2858_TS] mo_s5    batch 0: E -130.25112525  dim 513x513=263169  S^2 3.52e-03  t 43.7s
[C2H3N_rxn2858_TS] mo_s5    batch 1: E -130.25112525  dim 513x513=263169  S^2 3.52e-03  t 43.7s (reused)
[C2H3N_rxn2858_TS] mo_s5    batch 2: E -130.25112525  dim 513x513=263169  S^2 3.52e-03  t 43.7s (reused)
[C2H3N_rxn2858_TS] mo_s5    batch 3: E -130.25112525  dim 513x513=263169  S^2 3.52e-03  t 43.7s (reused)
[C2H3N_rxn2858_TS] mo_s5    batch 4: E -130.25112525  dim 513x513=263169  S^2 3.52e-03  t 43.7s (reused)
[C2H3N_rxn2858_TS] mo_s5    batch 5: E -130.25112525  dim 513x513=263169  S^2 3.52e-03  t 43.7s (reused)
[C2H3N_rxn2858_TS] mo_s5    batch 6: E -130.25112525  dim 513x513=263169  S^2 3.52e-03  t 43.7s (reused)
[C2H3N_rxn2858_TS] mo_s5    batch 7: E -130.25112525  dim 513x513=263169  S^2 3.52e-03  t 43.7s (reused)
[C2H3N_rxn2858_TS] mo_s5    batch 8: E -130.25112525  dim 513x513=263169  S^2 3.52e-03  t 43.7s (reused)
[C2H3N_rxn2858_TS] mo_s5    batch 9: E -130.25112525  dim 513x513=263169  S^2 3.52e-03  t 43.7s (reused)
[C2H3N_rxn2858_TS] mo_s6    batch 0: E -130.24987654  dim 496x496=246016  S^2 4.22e-03  t 39.2s
[C2H3N_rxn2858_TS] mo_s6    batch 1: E -130.24987654  dim 496x496=246016  S^2 4.22e-03  t 39.2s (reused)
[C2H3N_rxn2858_TS] mo_s6    batch 2: E -130.24987654  dim 496x496=246016  S^2 4.22e-03  t 39.2s (reused)
[C2H3N_rxn2858_TS] mo_s6    batch 3: E -130.24987654  dim 496x496=246016  S^2 4.22e-03  t 39.2s (reused)
[C2H3N_rxn2858_TS] mo_s6    batch 4: E -130.24987654  dim 496x496=246016  S^2 4.22e-03  t 39.2s (reused)
[C2H3N_rxn2858_TS] mo_s6    batch 5: E -130.24987654  dim 496x496=246016  S^2 4.22e-03  t 39.2s (reused)
[C2H3N_rxn2858_TS] mo_s6    batch 6: E -130.24987654  dim 496x496=246016  S^2 4.22e-03  t 39.2s (reused)
[C2H3N_rxn2858_TS] mo_s6    batch 7: E -130.24987654  dim 496x496=246016  S^2 4.22e-03  t 39.2s (reused)
[C2H3N_rxn2858_TS] mo_s6    batch 8: E -130.24987654  dim 496x496=246016  S^2 4.22e-03  t 39.2s (reused)
[C2H3N_rxn2858_TS] mo_s6    batch 9: E -130.24987654  dim 496x496=246016  S^2 4.22e-03  t 39.2s (reused)
[C2H4O_rxn0724_P] mo_s1    batch 0: E -150.99967073  dim 445x445=198025  S^2 4.29e-03  t 46.6s
[C2H4O_rxn0724_P] mo_s1    batch 1: E -150.99967073  dim 445x445=198025  S^2 4.29e-03  t 46.6s (reused)
[C2H4O_rxn0724_P] mo_s1    batch 2: E -150.99967073  dim 445x445=198025  S^2 4.29e-03  t 46.6s (reused)
[C2H4O_rxn0724_P] mo_s1    batch 3: E -150.99967073  dim 445x445=198025  S^2 4.29e-03  t 46.6s (reused)
[C2H4O_rxn0724_P] mo_s1    batch 4: E -150.99967073  dim 445x445=198025  S^2 4.29e-03  t 46.6s (reused)
[C2H4O_rxn0724_P] mo_s1    batch 5: E -150.99967073  dim 445x445=198025  S^2 4.29e-03  t 46.6s (reused)
[C2H4O_rxn0724_P] mo_s1    batch 6: E -150.99967073  dim 445x445=198025  S^2 4.29e-03  t 46.6s (reused)
[C2H4O_rxn0724_P] mo_s1    batch 7: E -150.99967073  dim 445x445=198025  S^2 4.29e-03  t 46.6s (reused)
[C2H4O_rxn0724_P] mo_s1    batch 8: E -150.99967073  dim 445x445=198025  S^2 4.29e-03  t 46.6s (reused)
[C2H4O_rxn0724_P] mo_s1    batch 9: E -150.99967073  dim 445x445=198025  S^2 4.29e-03  t 46.6s (reused)
[C2H4O_rxn0724_P] mo_s2    batch 0: E -150.99901829  dim 450x450=202500  S^2 4.06e-03  t 44.7s
[C2H4O_rxn0724_P] mo_s2    batch 1: E -150.99901829  dim 450x450=202500  S^2 4.06e-03  t 44.7s (reused)
[C2H4O_rxn0724_P] mo_s2    batch 2: E -150.99901829  dim 450x450=202500  S^2 4.06e-03  t 44.7s (reused)
[C2H4O_rxn0724_P] mo_s2    batch 3: E -150.99901829  dim 450x450=202500  S^2 4.06e-03  t 44.7s (reused)
[C2H4O_rxn0724_P] mo_s2    batch 4: E -150.99901829  dim 450x450=202500  S^2 4.06e-03  t 44.7s (reused)
[C2H4O_rxn0724_P] mo_s2    batch 5: E -150.99901829  dim 450x450=202500  S^2 4.06e-03  t 44.7s (reused)
[C2H4O_rxn0724_P] mo_s2    batch 6: E -150.99901829  dim 450x450=202500  S^2 4.06e-03  t 44.7s (reused)
[C2H4O_rxn0724_P] mo_s2    batch 7: E -150.99901829  dim 450x450=202500  S^2 4.06e-03  t 44.7s (reused)
[C2H4O_rxn0724_P] mo_s2    batch 8: E -150.99901829  dim 450x450=202500  S^2 4.06e-03  t 44.7s (reused)
[C2H4O_rxn0724_P] mo_s2    batch 9: E -150.99901829  dim 450x450=202500  S^2 4.06e-03  t 44.7s (reused)
[C2H4O_rxn0724_P] mo_s3    batch 0: E -151.00038345  dim 434x434=188356  S^2 3.45e-03  t 42.2s
[C2H4O_rxn0724_P] mo_s3    batch 1: E -151.00038345  dim 434x434=188356  S^2 3.45e-03  t 42.2s (reused)
[C2H4O_rxn0724_P] mo_s3    batch 2: E -151.00038345  dim 434x434=188356  S^2 3.45e-03  t 42.2s (reused)
[C2H4O_rxn0724_P] mo_s3    batch 3: E -151.00038345  dim 434x434=188356  S^2 3.45e-03  t 42.2s (reused)
[C2H4O_rxn0724_P] mo_s3    batch 4: E -151.00038345  dim 434x434=188356  S^2 3.45e-03  t 42.2s (reused)
[C2H4O_rxn0724_P] mo_s3    batch 5: E -151.00038345  dim 434x434=188356  S^2 3.45e-03  t 42.2s (reused)
[C2H4O_rxn0724_P] mo_s3    batch 6: E -151.00038345  dim 434x434=188356  S^2 3.45e-03  t 42.2s (reused)
[C2H4O_rxn0724_P] mo_s3    batch 7: E -151.00038345  dim 434x434=188356  S^2 3.45e-03  t 42.2s (reused)
[C2H4O_rxn0724_P] mo_s3    batch 8: E -151.00038345  dim 434x434=188356  S^2 3.45e-03  t 42.2s (reused)
[C2H4O_rxn0724_P] mo_s3    batch 9: E -151.00038345  dim 434x434=188356  S^2 3.45e-03  t 42.2s (reused)
[C2H4O_rxn0724_P] mo_s4    batch 0: E -151.00019145  dim 454x454=206116  S^2 3.98e-03  t 47.5s
[C2H4O_rxn0724_P] mo_s4    batch 1: E -151.00019145  dim 454x454=206116  S^2 3.98e-03  t 47.5s (reused)
[C2H4O_rxn0724_P] mo_s4    batch 2: E -151.00019145  dim 454x454=206116  S^2 3.98e-03  t 47.5s (reused)
[C2H4O_rxn0724_P] mo_s4    batch 3: E -151.00019145  dim 454x454=206116  S^2 3.98e-03  t 47.5s (reused)
[C2H4O_rxn0724_P] mo_s4    batch 4: E -151.00019145  dim 454x454=206116  S^2 3.98e-03  t 47.5s (reused)
[C2H4O_rxn0724_P] mo_s4    batch 5: E -151.00019145  dim 454x454=206116  S^2 3.98e-03  t 47.5s (reused)
[C2H4O_rxn0724_P] mo_s4    batch 6: E -151.00019145  dim 454x454=206116  S^2 3.98e-03  t 47.5s (reused)
[C2H4O_rxn0724_P] mo_s4    batch 7: E -151.00019145  dim 454x454=206116  S^2 3.98e-03  t 47.5s (reused)
[C2H4O_rxn0724_P] mo_s4    batch 8: E -151.00019145  dim 454x454=206116  S^2 3.98e-03  t 47.5s (reused)
[C2H4O_rxn0724_P] mo_s4    batch 9: E -151.00019145  dim 454x454=206116  S^2 3.98e-03  t 47.5s (reused)
[C2H4O_rxn0724_P] mo_s5    batch 0: E -150.99980554  dim 424x424=179776  S^2 3.77e-03  t 40.3s
[C2H4O_rxn0724_P] mo_s5    batch 1: E -150.99980554  dim 424x424=179776  S^2 3.77e-03  t 40.3s (reused)
[C2H4O_rxn0724_P] mo_s5    batch 2: E -150.99980554  dim 424x424=179776  S^2 3.77e-03  t 40.3s (reused)
[C2H4O_rxn0724_P] mo_s5    batch 3: E -150.99980554  dim 424x424=179776  S^2 3.77e-03  t 40.3s (reused)
[C2H4O_rxn0724_P] mo_s5    batch 4: E -150.99980554  dim 424x424=179776  S^2 3.77e-03  t 40.3s (reused)
[C2H4O_rxn0724_P] mo_s5    batch 5: E -150.99980554  dim 424x424=179776  S^2 3.77e-03  t 40.3s (reused)
[C2H4O_rxn0724_P] mo_s5    batch 6: E -150.99980554  dim 424x424=179776  S^2 3.77e-03  t 40.3s (reused)
[C2H4O_rxn0724_P] mo_s5    batch 7: E -150.99980554  dim 424x424=179776  S^2 3.77e-03  t 40.3s (reused)
[C2H4O_rxn0724_P] mo_s5    batch 8: E -150.99980554  dim 424x424=179776  S^2 3.77e-03  t 40.3s (reused)
[C2H4O_rxn0724_P] mo_s5    batch 9: E -150.99980554  dim 424x424=179776  S^2 3.77e-03  t 40.3s (reused)
[C2H4O_rxn0724_P] mo_s6    batch 0: E -151.00020050  dim 440x440=193600  S^2 3.54e-03  t 44.6s
[C2H4O_rxn0724_P] mo_s6    batch 1: E -151.00020050  dim 440x440=193600  S^2 3.54e-03  t 44.6s (reused)
[C2H4O_rxn0724_P] mo_s6    batch 2: E -151.00020050  dim 440x440=193600  S^2 3.54e-03  t 44.6s (reused)
[C2H4O_rxn0724_P] mo_s6    batch 3: E -151.00020050  dim 440x440=193600  S^2 3.54e-03  t 44.6s (reused)
[C2H4O_rxn0724_P] mo_s6    batch 4: E -151.00020050  dim 440x440=193600  S^2 3.54e-03  t 44.6s (reused)
[C2H4O_rxn0724_P] mo_s6    batch 5: E -151.00020050  dim 440x440=193600  S^2 3.54e-03  t 44.6s (reused)
[C2H4O_rxn0724_P] mo_s6    batch 6: E -151.00020050  dim 440x440=193600  S^2 3.54e-03  t 44.6s (reused)
[C2H4O_rxn0724_P] mo_s6    batch 7: E -151.00020050  dim 440x440=193600  S^2 3.54e-03  t 44.6s (reused)
[C2H4O_rxn0724_P] mo_s6    batch 8: E -151.00020050  dim 440x440=193600  S^2 3.54e-03  t 44.6s (reused)
[C2H4O_rxn0724_P] mo_s6    batch 9: E -151.00020050  dim 440x440=193600  S^2 3.54e-03  t 44.6s (reused)
[C3H4_rxn2391_TS] mo_s1    batch 0: E -114.46123142  dim 816x816=665856  S^2 4.37e-03  t 127.6s
[C3H4_rxn2391_TS] mo_s1    batch 1: E -114.46123142  dim 816x816=665856  S^2 4.37e-03  t 127.6s (reused)
[C3H4_rxn2391_TS] mo_s1    batch 2: E -114.46123142  dim 816x816=665856  S^2 4.37e-03  t 127.6s (reused)
[C3H4_rxn2391_TS] mo_s1    batch 3: E -114.46123142  dim 816x816=665856  S^2 4.37e-03  t 127.6s (reused)
[C3H4_rxn2391_TS] mo_s1    batch 4: E -114.46123142  dim 816x816=665856  S^2 4.37e-03  t 127.6s (reused)
[C3H4_rxn2391_TS] mo_s1    batch 5: E -114.46123142  dim 816x816=665856  S^2 4.37e-03  t 127.6s (reused)
[C3H4_rxn2391_TS] mo_s1    batch 6: E -114.46123142  dim 816x816=665856  S^2 4.37e-03  t 127.6s (reused)
[C3H4_rxn2391_TS] mo_s1    batch 7: E -114.46123142  dim 816x816=665856  S^2 4.37e-03  t 127.6s (reused)
[C3H4_rxn2391_TS] mo_s1    batch 8: E -114.46123142  dim 816x816=665856  S^2 4.37e-03  t 127.6s (reused)
[C3H4_rxn2391_TS] mo_s1    batch 9: E -114.46123142  dim 816x816=665856  S^2 4.37e-03  t 127.6s (reused)
[C3H4_rxn2391_TS] mo_s2    batch 0: E -114.46136785  dim 809x809=654481  S^2 4.52e-03  t 126.5s
[C3H4_rxn2391_TS] mo_s2    batch 1: E -114.46136785  dim 809x809=654481  S^2 4.52e-03  t 126.5s (reused)
[C3H4_rxn2391_TS] mo_s2    batch 2: E -114.46136785  dim 809x809=654481  S^2 4.52e-03  t 126.5s (reused)
[C3H4_rxn2391_TS] mo_s2    batch 3: E -114.46136785  dim 809x809=654481  S^2 4.52e-03  t 126.5s (reused)
[C3H4_rxn2391_TS] mo_s2    batch 4: E -114.46136785  dim 809x809=654481  S^2 4.52e-03  t 126.5s (reused)
[C3H4_rxn2391_TS] mo_s2    batch 5: E -114.46136785  dim 809x809=654481  S^2 4.52e-03  t 126.5s (reused)
[C3H4_rxn2391_TS] mo_s2    batch 6: E -114.46136785  dim 809x809=654481  S^2 4.52e-03  t 126.5s (reused)
[C3H4_rxn2391_TS] mo_s2    batch 7: E -114.46136785  dim 809x809=654481  S^2 4.52e-03  t 126.5s (reused)
[C3H4_rxn2391_TS] mo_s2    batch 8: E -114.46136785  dim 809x809=654481  S^2 4.52e-03  t 126.5s (reused)
[C3H4_rxn2391_TS] mo_s2    batch 9: E -114.46136785  dim 809x809=654481  S^2 4.52e-03  t 126.5s (reused)
[C3H4_rxn2391_TS] mo_s3    batch 0: E -114.46155163  dim 814x814=662596  S^2 4.33e-03  t 124.5s
[C3H4_rxn2391_TS] mo_s3    batch 1: E -114.46155163  dim 814x814=662596  S^2 4.33e-03  t 124.5s (reused)
[C3H4_rxn2391_TS] mo_s3    batch 2: E -114.46155163  dim 814x814=662596  S^2 4.33e-03  t 124.5s (reused)
[C3H4_rxn2391_TS] mo_s3    batch 3: E -114.46155163  dim 814x814=662596  S^2 4.33e-03  t 124.5s (reused)
[C3H4_rxn2391_TS] mo_s3    batch 4: E -114.46155163  dim 814x814=662596  S^2 4.33e-03  t 124.5s (reused)
[C3H4_rxn2391_TS] mo_s3    batch 5: E -114.46155163  dim 814x814=662596  S^2 4.33e-03  t 124.5s (reused)
[C3H4_rxn2391_TS] mo_s3    batch 6: E -114.46155163  dim 814x814=662596  S^2 4.33e-03  t 124.5s (reused)
[C3H4_rxn2391_TS] mo_s3    batch 7: E -114.46155163  dim 814x814=662596  S^2 4.33e-03  t 124.5s (reused)
[C3H4_rxn2391_TS] mo_s3    batch 8: E -114.46155163  dim 814x814=662596  S^2 4.33e-03  t 124.5s (reused)
[C3H4_rxn2391_TS] mo_s3    batch 9: E -114.46155163  dim 814x814=662596  S^2 4.33e-03  t 124.5s (reused)
[C3H4_rxn2391_TS] mo_s4    batch 0: E -114.46126291  dim 827x827=683929  S^2 4.35e-03  t 131.1s
[C3H4_rxn2391_TS] mo_s4    batch 1: E -114.46126291  dim 827x827=683929  S^2 4.35e-03  t 131.1s (reused)
[C3H4_rxn2391_TS] mo_s4    batch 2: E -114.46126291  dim 827x827=683929  S^2 4.35e-03  t 131.1s (reused)
[C3H4_rxn2391_TS] mo_s4    batch 3: E -114.46126291  dim 827x827=683929  S^2 4.35e-03  t 131.1s (reused)
[C3H4_rxn2391_TS] mo_s4    batch 4: E -114.46126291  dim 827x827=683929  S^2 4.35e-03  t 131.1s (reused)
[C3H4_rxn2391_TS] mo_s4    batch 5: E -114.46126291  dim 827x827=683929  S^2 4.35e-03  t 131.1s (reused)
[C3H4_rxn2391_TS] mo_s4    batch 6: E -114.46126291  dim 827x827=683929  S^2 4.35e-03  t 131.1s (reused)
[C3H4_rxn2391_TS] mo_s4    batch 7: E -114.46126291  dim 827x827=683929  S^2 4.35e-03  t 131.1s (reused)
[C3H4_rxn2391_TS] mo_s4    batch 8: E -114.46126291  dim 827x827=683929  S^2 4.35e-03  t 131.1s (reused)
[C3H4_rxn2391_TS] mo_s4    batch 9: E -114.46126291  dim 827x827=683929  S^2 4.35e-03  t 131.1s (reused)
[C3H4_rxn2391_TS] mo_s5    batch 0: E -114.46137706  dim 839x839=703921  S^2 4.58e-03  t 135.3s
[C3H4_rxn2391_TS] mo_s5    batch 1: E -114.46137706  dim 839x839=703921  S^2 4.58e-03  t 135.3s (reused)
[C3H4_rxn2391_TS] mo_s5    batch 2: E -114.46137706  dim 839x839=703921  S^2 4.58e-03  t 135.3s (reused)
[C3H4_rxn2391_TS] mo_s5    batch 3: E -114.46137706  dim 839x839=703921  S^2 4.58e-03  t 135.3s (reused)
[C3H4_rxn2391_TS] mo_s5    batch 4: E -114.46137706  dim 839x839=703921  S^2 4.58e-03  t 135.3s (reused)
[C3H4_rxn2391_TS] mo_s5    batch 5: E -114.46137706  dim 839x839=703921  S^2 4.58e-03  t 135.3s (reused)
[C3H4_rxn2391_TS] mo_s5    batch 6: E -114.46137706  dim 839x839=703921  S^2 4.58e-03  t 135.3s (reused)
[C3H4_rxn2391_TS] mo_s5    batch 7: E -114.46137706  dim 839x839=703921  S^2 4.58e-03  t 135.3s (reused)
[C3H4_rxn2391_TS] mo_s5    batch 8: E -114.46137706  dim 839x839=703921  S^2 4.58e-03  t 135.3s (reused)
[C3H4_rxn2391_TS] mo_s5    batch 9: E -114.46137706  dim 839x839=703921  S^2 4.58e-03  t 135.3s (reused)
[C3H4_rxn2391_TS] mo_s6    batch 0: E -114.46128732  dim 811x811=657721  S^2 4.40e-03  t 135.2s
[C3H4_rxn2391_TS] mo_s6    batch 1: E -114.46128732  dim 811x811=657721  S^2 4.40e-03  t 135.2s (reused)
[C3H4_rxn2391_TS] mo_s6    batch 2: E -114.46128732  dim 811x811=657721  S^2 4.40e-03  t 135.2s (reused)
[C3H4_rxn2391_TS] mo_s6    batch 3: E -114.46128732  dim 811x811=657721  S^2 4.40e-03  t 135.2s (reused)
[C3H4_rxn2391_TS] mo_s6    batch 4: E -114.46128732  dim 811x811=657721  S^2 4.40e-03  t 135.2s (reused)
[C3H4_rxn2391_TS] mo_s6    batch 5: E -114.46128732  dim 811x811=657721  S^2 4.40e-03  t 135.2s (reused)
[C3H4_rxn2391_TS] mo_s6    batch 6: E -114.46128732  dim 811x811=657721  S^2 4.40e-03  t 135.2s (reused)
[C3H4_rxn2391_TS] mo_s6    batch 7: E -114.46128732  dim 811x811=657721  S^2 4.40e-03  t 135.2s (reused)
[C3H4_rxn2391_TS] mo_s6    batch 8: E -114.46128732  dim 811x811=657721  S^2 4.40e-03  t 135.2s (reused)
[C3H4_rxn2391_TS] mo_s6    batch 9: E -114.46128732  dim 811x811=657721  S^2 4.40e-03  t 135.2s (reused)
