[C2H3N_rxn2858_P] exact_s1 batch 0: E -130.39934626  dim 363x363=131769  S^2 3.94e-03  t 33.9s
[C2H3N_rxn2858_P] exact_s1 batch 1: E -130.39934626  dim 363x363=131769  S^2 3.94e-03  t 33.9s (reused)
[C2H3N_rxn2858_P] exact_s1 batch 2: E -130.39934626  dim 363x363=131769  S^2 3.94e-03  t 33.9s (reused)
[C2H3N_rxn2858_P] exact_s1 batch 3: E -130.39934626  dim 363x363=131769  S^2 3.94e-03  t 33.9s (reused)
[C2H3N_rxn2858_P] exact_s1 batch 4: E -130.39934626  dim 363x363=131769  S^2 3.94e-03  t 33.9s (reused)
[C2H3N_rxn2858_P] exact_s1 batch 5: E -130.39934626  dim 363x363=131769  S^2 3.94e-03  t 33.9s (reused)
[C2H3N_rxn2858_P] exact_s1 batch 6: E -130.39934626  dim 363x363=131769  S^2 3.94e-03  t 33.9s (reused)
[C2H3N_rxn2858_P] exact_s1 batch 7: E -130.39934626  dim 363x363=131769  S^2 3.94e-03  t 33.9s (reused)
[C2H3N_rxn2858_P] exact_s1 batch 8: E -130.39934626  dim 363x363=131769  S^2 3.94e-03  t 33.9s (reused)
[C2H3N_rxn2858_P] exact_s1 batch 9: E -130.39934626  dim 363x363=131769  S^2 3.94e-03  t 33.9s (reused)
[C2H3N_rxn2858_P] exact_s2 batch 0: E -130.39834632  dim 373x373=139129  S^2 4.27e-03  t 27.1s
[C2H3N_rxn2858_P] exact_s2 batch 1: E -130.39834632  dim 373x373=139129  S^2 4.27e-03  t 27.1s (reused)
[C2H3N_rxn2858_P] exact_s2 batch 2: E -130.39834632  dim 373x373=139129  S^2 4.27e-03  t 27.1s (reused)
[C2H3N_rxn2858_P] exact_s2 batch 3: E -130.39834632  dim 373x373=139129  S^2 4.27e-03  t 27.1s (reused)
[C2H3N_rxn2858_P] exact_s2 batch 4: E -130.39834632  dim 373x373=139129  S^2 4.27e-03  t 27.1s (reused)
[C2H3N_rxn2858_P] exact_s2 batch 5: E -130.39834632  dim 373x373=139129  S^2 4.27e-03  t 27.1s (reused)
[C2H3N_rxn2858_P] exact_s2 batch 6: E -130.39834632  dim 373x373=139129  S^2 4.27e-03  t 27.1s (reused)
[C2H3N_rxn2858_P] exact_s2 batch 7: E -130.39834632  dim 373x373=139129  S^2 4.27e-03  t 27.1s (reused)
[C2H3N_rxn2858_P] exact_s2 batch 8: E -130.39834632  dim 373x373=139129  S^2 4.27e-03  t 27.1s (reused)
[C2H3N_rxn2858_P] exact_s2 batch 9: E -130.39834632  dim 373x373=139129  S^2 4.27e-03  t 27.1s (reused)
[C2H3N_rxn2858_P] exact_s3 batch 0: E -130.39941508  dim 369x369=136161  S^2 3.90e-03  t 31.8s
[C2H3N_rxn2858_P] exact_s3 batch 1: E -130.39941508  dim 369x369=136161  S^2 3.90e-03  t 31.8s (reused)
[C2H3N_rxn2858_P] exact_s3 batch 2: E -130.39941508  dim 369x369=136161  S^2 3.90e-03  t 31.8s (reused)
[C2H3N_rxn2858_P] exact_s3 batch 3: E -130.39941508  dim 369x369=136161  S^2 3.90e-03  t 31.8s (reused)
[C2H3N_rxn2858_P] exact_s3 batch 4: E -130.39941508  dim 369x369=136161  S^2 3.90e-03  t 31.8s (reused)
[C2H3N_rxn2858_P] exact_s3 batch 5: E -130.39941508  dim 369x369=136161  S^2 3.90e-03  t 31.8s (reused)
[C2H3N_rxn2858_P] exact_s3 batch 6: E -130.39941508  dim 369x369=136161  S^2 3.90e-03  t 31.8s (reused)
[C2H3N_rxn2858_P] exact_s3 batch 7: E -130.39941508  dim 369x369=136161  S^2 3.90e-03  t 31.8s (reused)
[C2H3N_rxn2858_P] exact_s3 batch 8: E -130.39941508  dim 369x369=136161  S^2 3.90e-03  t 31.8s (reused)
[C2H3N_rxn2858_P] exact_s3 batch 9: E -130.39941508  dim 369x369=136161  S^2 3.90e-03  t 31.8s (reused)
[C2H3N_rxn2858_P] exact_s4 batch 0: E -130.39926492  dim 364x364=132496  S^2 3.91e-03  t 27.3s
[C2H3N_rxn2858_P] exact_s4 batch 1: E -130.39926492  dim 364x364=132496  S^2 3.91e-03  t 27.3s (reused)
[C2H3N_rxn2858_P] exact_s4 batch 2: E -130.39926492  dim 364x364=132496  S^2 3.91e-03  t 27.3s (reused)
[C2H3N_rxn2858_P] exact_s4 batch 3: E -130.39926492  dim 364x364=132496  S^2 3.91e-03  t 27.3s (reused)
[C2H3N_rxn2858_P] exact_s4 batch 4: E -130.39926492  dim 364x364=132496  S^2 3.91e-03  t 27.3s (reused)
[C2H3N_rxn2858_P] exact_s4 batch 5: E -130.39926492  dim 364x364=132496  S^2 3.91e-03  t 27.3s (reused)
[C2H3N_rxn2858_P] exact_s4 batch 6: E -130.39926492  dim 364x364=132496  S^2 3.91e-03  t 27.3s (reused)
[C2H3N_rxn2858_P] exact_s4 batch 7: E -130.39926492  dim 364x364=132496  S^2 3.91e-03  t 27.3s (reused)
[C2H3N_rxn2858_P] exact_s4 batch 8: E -130.39926492  dim 364x364=132496  S^2 3.91e-03  t 27.3s (reused)
[C2H3N_rxn2858_P] exact_s4 batch 9: E -130.39926492  dim 364x364=132496  S^2 3.91e-03  t 27.3s (reused)
[C2H3N_rxn2858_P] exact_s5 batch 0: E -130.39869794  dim 346x346=119716  S^2 4.13e-03  t 23.6s
[C2H3N_rxn2858_P] exact_s5 batch 1: E -130.39869794  dim 346x346=119716  S^2 4.13e-03  t 23.6s (reused)
[C2H3N_rxn2858_P] exact_s5 batch 2: E -130.39869794  dim 346x346=119716  S^2 4.13e-03  t 23.6s (reused)
[C2H3N_rxn2858_P] exact_s5 batch 3: E -130.39869794  dim 346x346=119716  S^2 4.13e-03  t 23.6s (reused)
[C2H3N_rxn2858_P] exact_s5 batch 4: E -130.39869794  dim 346x346=119716  S^2 4.13e-03  t 23.6s (reused)
[C2H3N_rxn2858_P] exact_s5 batch 5: E -130.39869794  dim 346x346=119716  S^2 4.13e-03  t 23.6s (reused)
[C2H3N_rxn2858_P] exact_s5 batch 6: E -130.39869794  dim 346x346=119716  S^2 4.13e-03  t 23.6s (reused)
[C2H3N_rxn2858_P] exact_s5 batch 7: E -130.39869794  dim 346x346=119716  S^2 4.13e-03  t 23.6s (reused)
[C2H3N_rxn2858_P] exact_s5 batch 8: E -130.39869794  dim 346x346=119716  S^2 4.13e-03  t 23.6s (reused)
[C2H3N_rxn2858_P] exact_s5 batch 9: E -130.39869794  dim 346x346=119716  S^2 4.13e-03  t 23.6s (reused)
[C2H3N_rxn2858_P] exact_s6 batch 0: E -130.39944145  dim 345x345=119025  S^2 3.93e-03  t 23.3s
[C2H3N_rxn2858_P] exact_s6 batch 1: E -130.39944145  dim 345x345=119025  S^2 3.93e-03  t 23.3s (reused)
[C2H3N_rxn2858_P] exact_s6 batch 2: E -130.39944145  dim 345x345=119025  S^2 3.93e-03  t 23.3s (reused)
[C2H3N_rxn2858_P] exact_s6 batch 3: E -130.39944145  dim 345x345=119025  S^2 3.93e-03  t 23.3s (reused)
[C2H3N_rxn2858_P] exact_s6 batch 4: E -130.39944145  dim 345x345=119025  S^2 3.93e-03  t 23.3s (reused)
[C2H3N_rxn2858_P] exact_s6 batch 5: E -130.39944145  dim 345x345=119025  S^2 3.93e-03  t 23.3s (reused)
[C2H3N_rxn2858_P] exact_s6 batch 6: E -130.39944145  dim 345x345=119025  S^2 3.93e-03  t 23.3s (reused)
[C2H3N_rxn2858_P] exact_s6 batch 7: E -130.39944145  dim 345x345=119025  S^2 3.93e-03  t 23.3s (reused)
[C2H3N_rxn2858_P] exact_s6 batch 8: E -130.39944145  dim 345x345=119025  S^2 3.93e-03  t 23.3s (reused)
[C2H3N_rxn2858_P] exact_s6 batch 9: E -130.39944145  dim 345x345=119025  S^2 3.93e-03  t 23.3s (reused)
[C2H3N_rxn2858_P] mps256_s1 batch 0: E -130.39919108  dim 345x345=119025  S^2 4.00e-03  t 26.0s
[C2H3N_rxn2858_P] mps256_s1 batch 1: E -130.39919108  dim 345x345=119025  S^2 4.00e-03  t 26.0s (reused)
[C2H3N_rxn2858_P] mps256_s1 batch 2: E -130.39919108  dim 345x345=119025  S^2 4.00e-03  t 26.0s (reused)
[C2H3N_rxn2858_P] mps256_s1 batch 3: E -130.39919108  dim 345x345=119025  S^2 4.00e-03  t 26.0s (reused)
[C2H3N_rxn2858_P] mps256_s1 batch 4: E -130.39919108  dim 345x345=119025  S^2 4.00e-03  t 26.0s (reused)
[C2H3N_rxn2858_P] mps256_s1 batch 5: E -130.39919108  dim 345x345=119025  S^2 4.00e-03  t 26.0s (reused)
[C2H3N_rxn2858_P] mps256_s1 batch 6: E -130.39919108  dim 345x345=119025  S^2 4.00e-03  t 26.0s (reused)
[C2H3N_rxn2858_P] mps256_s1 batch 7: E -130.39919108  dim 345x345=119025  S^2 4.00e-03  t 26.0s (reused)
[C2H3N_rxn2858_P] mps256_s1 batch 8: E -130.39919108  dim 345x345=119025  S^2 4.00e-03  t 26.0s (reused)
[C2H3N_rxn2858_P] mps256_s1 batch 9: E -130.39919108  dim 345x345=119025  S^2 4.00e-03  t 26.0s (reused)
[C2H3N_rxn2858_P] mps256_s2 batch 0: E -130.40006196  dim 371x371=137641  S^2 3.38e-03  t 31.5s
[C2H3N_rxn2858_P] mps256_s2 batch 1: E -130.40006196  dim 371x371=137641  S^2 3.38e-03  t 31.5s (reused)
[C2H3N_rxn2858_P] mps256_s2 batch 2: E -130.40006196  dim 371x371=137641  S^2 3.38e-03  t 31.5s (reused)
[C2H3N_rxn2858_P] mps256_s2 batch 3: E -130.40006196  dim 371x371=137641  S^2 3.38e-03  t 31.5s (reused)
[C2H3N_rxn2858_P] mps256_s2 batch 4: E -130.40006196  dim 371x371=137641  S^2 3.38e-03  t 31.5s (reused)
[C2H3N_rxn2858_P] mps256_s2 batch 5: E -130.40006196  dim 371x371=137641  S^2 3.38e-03  t 31.5s (reused)
[C2H3N_rxn2858_P] mps256_s2 batch 6: E -130.40006196  dim 371x371=137641  S^2 3.38e-03  t 31.5s (reused)
[C2H3N_rxn2858_P] mps256_s2 batch 7: E -130.40006196  dim 371x371=137641  S^2 3.38e-03  t 31.5s (reused)
[C2H3N_rxn2858_P] mps256_s2 batch 8: E -130.40006196  dim 371x371=137641  S^2 3.38e-03  t 31.5s (reused)
[C2H3N_rxn2858_P] mps256_s2 batch 9: E -130.40006196  dim 371x371=137641  S^2 3.38e-03  t 31.5s (reused)
[C2H3N_rxn2858_P] mps256_s3 batch 0: E -130.39927865  dim 378x378=142884  S^2 4.04e-03  t 36.3s
[C2H3N_rxn2858_P] mps256_s3 batch 1: E -130.39927865  dim 378x378=142884  S^2 4.04e-03  t 36.3s (reused)
[C2H3N_rxn2858_P] mps256_s3 batch 2: E -130.39927865  dim 378x378=142884  S^2 4.04e-03  t 36.3s (reused)
[C2H3N_rxn2858_P] mps256_s3 batch 3: E -130.39927865  dim 378x378=142884  S^2 4.04e-03  t 36.3s (reused)
[C2H3N_rxn2858_P] mps256_s3 batch 4: E -130.39927865  dim 378x378=142884  S^2 4.04e-03  t 36.3s (reused)
[C2H3N_rxn2858_P] mps256_s3 batch 5: E -130.39927865  dim 378x378=142884  S^2 4.04e-03  t 36.3s (reused)
[C2H3N_rxn2858_P] mps256_s3 batch 6: E -130.39927865  dim 378x378=142884  S^2 4.04e-03  t 36.3s (reused)
[C2H3N_rxn2858_P] mps256_s3 batch 7: E -130.39927865  dim 378x378=142884  S^2 4.04e-03  t 36.3s (reused)
[C2H3N_rxn2858_P] mps256_s3 batch 8: E -130.39927865  dim 378x378=142884  S^2 4.04e-03  t 36.3s (reused)
[C2H3N_rxn2858_P] mps256_s3 batch 9: E -130.39927865  dim 378x378=142884  S^2 4.04e-03  t 36.3s (reused)
[C2H3N_rxn2858_P] mps256_s4 batch 0: E -130.39839119  dim 356x356=126736  S^2 4.38e-03  t 33.2s
[C2H3N_rxn2858_P] mps256_s4 batch 1: E -130.39839119  dim 356x356=126736  S^2 4.38e-03  t 33.2s (reused)
[C2H3N_rxn2858_P] mps256_s4 batch 2: E -130.39839119  dim 356x356=126736  S^2 4.38e-03  t 33.2s (reused)
[C2H3N_rxn2858_P] mps256_s4 batch 3: E -130.39839119  dim 356x356=126736  S^2 4.38e-03  t 33.2s (reused)
[C2H3N_rxn2858_P] mps256_s4 batch 4: E -130.39839119  dim 356x356=126736  S^2 4.38e-03  t 33.2s (reused)
[C2H3N_rxn2858_P] mps256_s4 batch 5: E -130.39839119  dim 356x356=126736  S^2 4.38e-03  t 33.2s (reused)
[C2H3N_rxn2858_P] mps256_s4 batch 6: E -130.39839119  dim 356x356=126736  S^2 4.38e-03  t 33.2s (reused)
[C2H3N_rxn2858_P] mps256_s4 batch 7: E -130.39839119  dim 356x356=126736  S^2 4.38e-03  t 33.2s (reused)
[C2H3N_rxn2858_P] mps256_s4 batch 8: E -130.39839119  dim 356x356=126736  S^2 4.38e-03  t 33.2s (reused)
[C2H3N_rxn2858_P] mps256_s4 batch 9: E -130.39839119  dim 356x356=126736  S^2 4.38e-03  t 33.2s (reused)
[C2H3N_rxn2858_P] mps256_s5 batch 0: E -130.39929792  dim 359x359=128881  S^2 3.88e-03  t 26.2s
[C2H3N_rxn2858_P] mps256_s5 batch 1: E -130.39929792  dim 359x359=128881  S^2 3.88e-03  t 26.2s (reused)
[C2H3N_rxn2858_P] mps256_s5 batch 2: E -130.39929792  dim 359x359=128881  S^2 3.88e-03  t 26.2s (reused)
[C2H3N_rxn2858_P] mps256_s5 batch 3: E -130.39929792  dim 359x359=128881  S^2 3.88e-03  t 26.2s (reused)
[C2H3N_rxn2858_P] mps256_s5 batch 4: E -130.39929792  dim 359x359=128881  S^2 3.88e-03  t 26.2s (reused)
[C2H3N_rxn2858_P] mps256_s5 batch 5: E -130.39929792  dim 359x359=128881  S^2 3.88e-03  t 26.2s (reused)
[C2H3N_rxn2858_P] mps256_s5 batch 6: E -130.39929792  dim 359x359=128881  S^2 3.88e-03  t 26.2s (reused)
[C2H3N_rxn2858_P] mps256_s5 batch 7: E -130.39929792  dim 359x359=128881  S^2 3.88e-03  t 26.2s (reused)
[C2H3N_rxn2858_P] mps256_s5 batch 8: E -130.39929792  dim 359x359=128881  S^2 3.88e-03  t 26.2s (reused)
[C2H3N_rxn2858_P] mps256_s5 batch 9: E -130.39929792  dim 359x359=128881  S^2 3.88e-03  t 26.2s (reused)
[C2H3N_rxn2858_P] mps256_s6 batch 0: E -130.39899416  dim 364x364=132496  S^2 4.14e-03  t 28.8s
[C2H3N_rxn2858_P] mps256_s6 batch 1: E -130.39899416  dim 364x364=132496  S^2 4.14e-03  t 28.8s (reused)
[C2H3N_rxn2858_P] mps256_s6 batch 2: E -130.39899416  dim 364x364=132496  S^2 4.14e-03  t 28.8s (reused)
[C2H3N_rxn2858_P] mps256_s6 batch 3: E -130.39899416  dim 364x364=132496  S^2 4.14e-03  t 28.8s (reused)
[C2H3N_rxn2858_P] mps256_s6 batch 4: E -130.39899416  dim 364x364=132496  S^2 4.14e-03  t 28.8s (reused)
[C2H3N_rxn2858_P] mps256_s6 batch 5: E -130.39899416  dim 364x364=132496  S^2 4.14e-03  t 28.8s (reused)
[C2H3N_rxn2858_P] mps256_s6 batch 6: E -130.39899416  dim 364x364=132496  S^2 4.14e-03  t 28.8s (reused)
[C2H3N_rxn2858_P] mps256_s6 batch 7: E -130.39899416  dim 364x364=132496  S^2 4.14e-03  t 28.8s (reused)
[C2H3N_rxn2858_P] mps256_s6 batch 8: E -130.39899416  dim 364x364=132496  S^2 4.14e-03  t 28.8s (reused)
[C2H3N_rxn2858_P] mps256_s6 batch 9: E -130.39899416  dim 364x364=132496  S^2 4.14e-03  t 28.8s (reused)
[C2H3N_rxn2858_P] mps64_s1 batch 0: E -130.39807104  dim 339x339=114921  S^2 4.58e-03  t 24.3s
[C2H3N_rxn2858_P] mps64_s1 batch 1: E -130.39807104  dim 339x339=114921  S^2 4.58e-03  t 24.3s (reused)
[C2H3N_rxn2858_P] mps64_s1 batch 2: E -130.39807104  dim 339x339=114921  S^2 4.58e-03  t 24.3s (reused)
[C2H3N_rxn2858_P] mps64_s1 batch 3: E -130.39807104  dim 339x339=114921  S^2 4.58e-03  t 24.3s (reused)
[C2H3N_rxn2858_P] mps64_s1 batch 4: E -130.39807104  dim 339x339=114921  S^2 4.58e-03  t 24.3s (reused)
[C2H3N_rxn2858_P] mps64_s1 batch 5: E -130.39807104  dim 339x339=114921  S^2 4.58e-03  t 24.3s (reused)
[C2H3N_rxn2858_P] mps64_s1 batch 6: E -130.39807104  dim 339x339=114921  S^2 4.58e-03  t 24.3s (reused)
[C2H3N_rxn2858_P] mps64_s1 batch 7: E -130.39807104  dim 339x339=114921  S^2 4.58e-03  t 24.3s (reused)
[C2H3N_rxn2858_P] mps64_s1 batch 8: E -130.39807104  dim 339x339=114921  S^2 4.58e-03  t 24.3s (reused)
[C2H3N_rxn2858_P] mps64_s1 batch 9: E -130.39807104  dim 339x339=114921  S^2 4.58e-03  t 24.3s (reused)
[C2H3N_rxn2858_P] mps64_s2 batch 0: E -130.39817826  dim 314x314=98596  S^2 4.38e-03  t 24.3s
[C2H3N_rxn2858_P] mps64_s2 batch 1: E -130.39817826  dim 314x314=98596  S^2 4.38e-03  t 24.3s (reused)
[C2H3N_rxn2858_P] mps64_s2 batch 2: E -130.39817826  dim 314x314=98596  S^2 4.38e-03  t 24.3s (reused)
[C2H3N_rxn2858_P] mps64_s2 batch 3: E -130.39817826  dim 314x314=98596  S^2 4.38e-03  t 24.3s (reused)
[C2H3N_rxn2858_P] mps64_s2 batch 4: E -130.39817826  dim 314x314=98596  S^2 4.38e-03  t 24.3s (reused)
[C2H3N_rxn2858_P] mps64_s2 batch 5: E -130.39817826  dim 314x314=98596  S^2 4.38e-03  t 24.3s (reused)
[C2H3N_rxn2858_P] mps64_s2 batch 6: E -130.39817826  dim 314x314=98596  S^2 4.38e-03  t 24.3s (reused)
[C2H3N_rxn2858_P] mps64_s2 batch 7: E -130.39817826  dim 314x314=98596  S^2 4.38e-03  t 24.3s (reused)
[C2H3N_rxn2858_P] mps64_s2 batch 8: E -130.39817826  dim 314x314=98596  S^2 4.38e-03  t 24.3s (reused)
[C2H3N_rxn2858_P] mps64_s2 batch 9: E -130.39817826  dim 314x314=98596  S^2 4.38e-03  t 24.3s (reused)
[C2H3N_rxn2858_P] mps64_s3 batch 0: E -130.39732981  dim 309x309=95481  S^2 5.01e-03  t 21.5s
[C2H3N_rxn2858_P] mps64_s3 batch 1: E -130.39732981  dim 309x309=95481  S^2 5.01e-03  t 21.5s (reused)
[C2H3N_rxn2858_P] mps64_s3 batch 2: E -130.39732981  dim 309x309=95481  S^2 5.01e-03  t 21.5s (reused)
[C2H3N_rxn2858_P] mps64_s3 batch 3: E -130.39732981  dim 309x309=95481  S^2 5.01e-03  t 21.5s (reused)
[C2H3N_rxn2858_P] mps64_s3 batch 4: E -130.39732981  dim 309x309=95481  S^2 5.01e-03  t 21.5s (reused)
[C2H3N_rxn2858_P] mps64_s3 batch 5: E -130.39732981  dim 309x309=95481  S^2 5.01e-03  t 21.5s (reused)
[C2H3N_rxn2858_P] mps64_s3 batch 6: E -130.39732981  dim 309x309=95481  S^2 5.01e-03  t 21.5s (reused)
[C2H3N_rxn2858_P] mps64_s3 batch 7: E -130.39732981  dim 309x309=95481  S^2 5.01e-03  t 21.5s (reused)
[C2H3N_rxn2858_P] mps64_s3 batch 8: E -130.39732981  dim 309x309=95481  S^2 5.01e-03  t 21.5s (reused)
[C2H3N_rxn2858_P] mps64_s3 batch 9: E -130.39732981  dim 309x309=95481  S^2 5.01e-03  t 21.5s (reused)
[C2H3N_rxn2858_P] mps64_s4 batch 0: E -130.39843654  dim 335x335=112225  S^2 4.41e-03  t 23.3s
[C2H3N_rxn2858_P] mps64_s4 batch 1: E -130.39843654  dim 335x335=112225  S^2 4.41e-03  t 23.3s (reused)
[C2H3N_rxn2858_P] mps64_s4 batch 2: E -130.39843654  dim 335x335=112225  S^2 4.41e-03  t 23.3s (reused)
[C2H3N_rxn2858_P] mps64_s4 batch 3: E -130.39843654  dim 335x335=112225  S^2 4.41e-03  t 23.3s (reused)
[C2H3N_rxn2858_P] mps64_s4 batch 4: E -130.39843654  dim 335x335=112225  S^2 4.41e-03  t 23.3s (reused)
[C2H3N_rxn2858_P] mps64_s4 batch 5: E -130.39843654  dim 335x335=112225  S^2 4.41e-03  t 23.3s (reused)
[C2H3N_rxn2858_P] mps64_s4 batch 6: E -130.39843654  dim 335x335=112225  S^2 4.41e-03  t 23.3s (reused)
[C2H3N_rxn2858_P] mps64_s4 batch 7: E -130.39843654  dim 335x335=112225  S^2 4.41e-03  t 23.3s (reused)
[C2H3N_rxn2858_P] mps64_s4 batch 8: E -130.39843654  dim 335x335=112225  S^2 4.41e-03  t 23.3s (reused)
[C2H3N_rxn2858_P] mps64_s4 batch 9: E -130.39843654  dim 335x335=112225  S^2 4.41e-03  t 23.3s (reused)
[C2H3N_rxn2858_P] mps64_s5 batch 0: E -130.39819476  dim 331x331=109561  S^2 4.58e-03  t 24.2s
[C2H3N_rxn2858_P] mps64_s5 batch 1: E -130.39819476  dim 331x331=109561  S^2 4.58e-03  t 24.2s (reused)
[C2H3N_rxn2858_P] mps64_s5 batch 2: E -130.39819476  dim 331x331=109561  S^2 4.58e-03  t 24.2s (reused)
[C2H3N_rxn2858_P] mps64_s5 batch 3: E -130.39819476  dim 331x331=109561  S^2 4.58e-03  t 24.2s (reused)
[C2H3N_rxn2858_P] mps64_s5 batch 4: E -130.39819476  dim 331x331=109561  S^2 4.58e-03  t 24.2s (reused)
[C2H3N_rxn2858_P] mps64_s5 batch 5: E -130.39819476  dim 331x331=109561  S^2 4.58e-03  t 24.2s (reused)
[C2H3N_rxn2858_P] mps64_s5 batch 6: E -130.39819476  dim 331x331=109561  S^2 4.58e-03  t 24.2s (reused)
[C2H3N_rxn2858_P] mps64_s5 batch 7: E -130.39819476  dim 331x331=109561  S^2 4.58e-03  t 24.2s (reused)
[C2H3N_rxn2858_P] mps64_s5 batch 8: E -130.39819476  dim 331x331=109561  S^2 4.58e-03  t 24.2s (reused)
[C2H3N_rxn2858_P] mps64_s5 batch 9: E -130.39819476  dim 331x331=109561  S^2 4.58e-03  t 24.2s (reused)
[C2H3N_rxn2858_P] mps64_s6 batch 0: E -130.39866526  dim 338x338=114244  S^2 4.38e-03  t 23.2s
[C2H3N_rxn2858_P] mps64_s6 batch 1: E -130.39866526  dim 338x338=114244  S^2 4.38e-03  t 23.2s (reused)
[C2H3N_rxn2858_P] mps64_s6 batch 2: E -130.39866526  dim 338x338=114244  S^2 4.38e-03  t 23.2s (reused)
[C2H3N_rxn2858_P] mps64_s6 batch 3: E -130.39866526  dim 338x338=114244  S^2 4.38e-03  t 23.2s (reused)
[C2H3N_rxn2858_P] mps64_s6 batch 4: E -130.39866526  dim 338x338=114244  S^2 4.38e-03  t 23.2s (reused)
[C2H3N_rxn2858_P] mps64_s6 batch 5: E -130.39866526  dim 338x338=114244  S^2 4.38e-03  t 23.2s (reused)
[C2H3N_rxn2858_P] mps64_s6 batch 6: E -130.39866526  dim 338x338=114244  S^2 4.38e-03  t 23.2s (reused)
[C2H3N_rxn2858_P] mps64_s6 batch 7: E -130.39866526  dim 338x338=114244  S^2 4.38e-03  t 23.2s (reused)
[C2H3N_rxn2858_P] mps64_s6 batch 8: E -130.39866526  dim 338x338=114244  S^2 4.38e-03  t 23.2s (reused)
[C2H3N_rxn2858_P] mps64_s6 batch 9: E -130.39866526  dim 338x338=114244  S^2 4.38e-03  t 23.2s (reused)
[C2H3N_rxn2858_TS] exact_s1 batch 0: E -130.24830899  dim 439x439=192721  S^2 4.21e-03  t 41.2s
[C2H3N_rxn2858_TS] exact_s1 batch 1: E -130.24830899  dim 439x439=192721  S^2 4.21e-03  t 41.2s (reused)
[C2H3N_rxn2858_TS] exact_s1 batch 2: E -130.24830899  dim 439x439=192721  S^2 4.21e-03  t 41.2s (reused)
[C2H3N_rxn2858_TS] exact_s1 batch 3: E -130.24830899  dim 439x439=192721  S^2 4.21e-03  t 41.2s (reused)
[C2H3N_rxn2858_TS] exact_s1 batch 4: E -130.24830899  dim 439x439=192721  S^2 4.21e-03  t 41.2s (reused)
[C2H3N_rxn2858_TS] exact_s1 batch 5: E -130.24830899  dim 439x439=192721  S^2 4.21e-03  t 41.2s (reused)
[C2H3N_rxn2858_TS] exact_s1 batch 6: E -130.24830899  dim 439x439=192721  S^2 4.21e-03  t 41.2s (reused)
[C2H3N_rxn2858_TS] exact_s1 batch 7: E -130.24830899  dim 439x439=192721  S^2 4.21e-03  t 41.2s (reused)
[C2H3N_rxn2858_TS] exact_s1 batch 8: E -130.24830899  dim 439x439=192721  S^2 4.21e-03  t 41.2s (reused)
[C2H3N_rxn2858_TS] exact_s1 batch 9: E -130.24830899  dim 439x439=192721  S^2 4.21e-03  t 41.2s (reused)
[C2H3N_rxn2858_TS] exact_s2 batch 0: E -130.24851366  dim 435x435=189225  S^2 4.16e-03  t 48.3s
[C2H3N_rxn2858_TS] exact_s2 batch 1: E -130.24851366  dim 435x435=189225  S^2 4.16e-03  t 48.3s (reused)
[C2H3N_rxn2858_TS] exact_s2 batch 2: E -130.24851366  dim 435x435=189225  S^2 4.16e-03  t 48.3s (reused)
[C2H3N_rxn2858_TS] exact_s2 batch 3: E -130.24851366  dim 435x435=189225  S^2 4.16e-03  t 48.3s (reused)
[C2H3N_rxn2858_TS] exact_s2 batch 4: E -130.24851366  dim 435x435=189225  S^2 4.16e-03  t 48.3s (reused)
[C2H3N_rxn2858_TS] exact_s2 batch 5: E -130.24851366  dim 435x435=189225  S^2 4.16e-03  t 48.3s (reused)
[C2H3N_rxn2858_TS] exact_s2 batch 6: E -130.24851366  dim 435x435=189225  S^2 4.16e-03  t 48.3s (reused)
[C2H3N_rxn2858_TS] exact_s2 batch 7: E -130.24851366  dim 435x435=189225  S^2 4.16e-03  t 48.3s (reused)
[C2H3N_rxn2858_TS] exact_s2 batch 8: E -130.24851366  dim 435x435=189225  S^2 4.16e-03  t 48.3s (reused)
[C2H3N_rxn2858_TS] exact_s2 batch 9: E -130.24851366  dim 435x435=189225  S^2 4.16e-03  t 48.3s (reused)
[C2H3N_rxn2858_TS] exact_s3 batch 0: E -130.24826183  dim 435x435=189225  S^2 4.54e-03  t 40.4s
[C2H3N_rxn2858_TS] exact_s3 batch 1: E -130.24826183  dim 435x435=189225  S^2 4.54e-03  t 40.4s (reused)
[C2H3N_rxn2858_TS] exact_s3 batch 2: E -130.24826183  dim 435x435=189225  S^2 4.54e-03  t 40.4s (reused)
[C2H3N_rxn2858_TS] exact_s3 batch 3: E -130.24826183  dim 435x435=189225  S^2 4.54e-03  t 40.4s (reused)
[C2H3N_rxn2858_TS] exact_s3 batch 4: E -130.24826183  dim 435x435=189225  S^2 4.54e-03  t 40.4s (reused)
[C2H3N_rxn2858_TS] exact_s3 batch 5: E -130.24826183  dim 435x435=189225  S^2 4.54e-03  t 40.4s (reused)
[C2H3N_rxn2858_TS] exact_s3 batch 6: E -130.24826183  dim 435x435=189225  S^2 4.54e-03  t 40.4s (reused)
[C2H3N_rxn2858_TS] exact_s3 batch 7: E -130.24826183  dim 435x435=189225  S^2 4.54e-03  t 40.4s (reused)
[C2H3N_rxn2858_TS] exact_s3 batch 8: E -130.24826183  dim 435x435=189225  S^2 4.54e-03  t 40.4s (reused)
[C2H3N_rxn2858_TS] exact_s3 batch 9: E -130.24826183  dim 435x435=189225  S^2 4.54e-03  t 40.4s (reused)
[C2H3N_rxn2858_TS] exact_s4 batch 0: E -130.24971296  dim 469x469=219961  S^2 4.02e-03  t 51.6s
[C2H3N_rxn2858_TS] exact_s4 batch 1: E -130.24971296  dim 469x469=219961  S^2 4.02e-03  t 51.6s (reused)
[C2H3N_rxn2858_TS] exact_s4 batch 2: E -130.24971296  dim 469x469=219961  S^2 4.02e-03  t 51.6s (reused)
[C2H3N_rxn2858_TS] exact_s4 batch 3: E -130.24971296  dim 469x469=219961  S^2 4.02e-03  t 51.6s (reused)
[C2H3N_rxn2858_TS] exact_s4 batch 4: E -130.24971296  dim 469x469=219961  S^2 4.02e-03  t 51.6s (reused)
[C2H3N_rxn2858_TS] exact_s4 batch 5: E -130.24971296  dim 469x469=219961  S^2 4.02e-03  t 51.6s (reused)
[C2H3N_rxn2858_TS] exact_s4 batch 6: E -130.24971296  dim 469x469=219961  S^2 4.02e-03  t 51.6s (reused)
[C2H3N_rxn2858_TS] exact_s4 batch 7: E -130.24971296  dim 469x469=219961  S^2 4.02e-03  t 51.6s (reused)
[C2H3N_rxn2858_TS] exact_s4 batch 8: E -130.24971296  dim 469x469=219961  S^2 4.02e-03  t 51.6s (reused)
[C2H3N_rxn2858_TS] exact_s4 batch 9: E -130.24971296  dim 469x469=219961  S^2 4.02e-03  t 51.6s (reused)
[C2H3N_rxn2858_TS] exact_s5 batch 0: E -130.24927891  dim 453x453=205209  S^2 4.19e-03  t 44.2s
[C2H3N_rxn2858_TS] exact_s5 batch 1: E -130.24927891  dim 453x453=205209  S^2 4.19e-03  t 44.2s (reused)
[C2H3N_rxn2858_TS] exact_s5 batch 2: E -130.24927891  dim 453x453=205209  S^2 4.19e-03  t 44.2s (reused)
[C2H3N_rxn2858_TS] exact_s5 batch 3: E -130.24927891  dim 453x453=205209  S^2 4.19e-03  t 44.2s (reused)
[C2H3N_rxn2858_TS] exact_s5 batch 4: E -130.24927891  dim 453x453=205209  S^2 4.19e-03  t 44.2s (reused)
[C2H3N_rxn2858_TS] exact_s5 batch 5: E -130.24927891  dim 453x453=205209  S^2 4.19e-03  t 44.2s (reused)
[C2H3N_rxn2858_TS] exact_s5 batch 6: E -130.24927891  dim 453x453=205209  S^2 4.19e-03  t 44.2s (reused)
[C2H3N_rxn2858_TS] exact_s5 batch 7: E -130.24927891  dim 453x453=205209  S^2 4.19e-03  t 44.2s (reused)
[C2H3N_rxn2858_TS] exact_s5 batch 8: E -130.24927891  dim 453x453=205209  S^2 4.19e-03  t 44.2s (reused)
[C2H3N_rxn2858_TS] exact_s5 batch 9: E -130.24927891  dim 453x453=205209  S^2 4.19e-03  t 44.2s (reused)
[C2H3N_rxn2858_TS] exact_s6 batch 0: E -130.24899773  dim 421x421=177241  S^2 4.14e-03  t 37.2s
[C2H3N_rxn2858_TS] exact_s6 batch 1: E -130.24899773  dim 421x421=177241  S^2 4.14e-03  t 37.2s (reused)
[C2H3N_rxn2858_TS] exact_s6 batch 2: E -130.24899773  dim 421x421=177241  S^2 4.14e-03  t 37.2s (reused)
[C2H3N_rxn2858_TS] exact_s6 batch 3: E -130.24899773  dim 421x421=177241  S^2 4.14e-03  t 37.2s (reused)
[C2H3N_rxn2858_TS] exact_s6 batch 4: E -130.24899773  dim 421x421=177241  S^2 4.14e-03  t 37.2s (reused)
[C2H3N_rxn2858_TS] exact_s6 batch 5: E -130.24899773  dim 421x421=177241  S^2 4.14e-03  t 37.2s (reused)
[C2H3N_rxn2858_TS] exact_s6 batch 6: E -130.24899773  dim 421x421=177241  S^2 4.14e-03  t 37.2s (reused)
[C2H3N_rxn2858_TS] exact_s6 batch 7: E -130.24899773  dim 421x421=177241  S^2 4.14e-03  t 37.2s (reused)
[C2H3N_rxn2858_TS] exact_s6 batch 8: E -130.24899773  dim 421x421=177241  S^2 4.14e-03  t 37.2s (reused)
[C2H3N_rxn2858_TS] exact_s6 batch 9: E -130.24899773  dim 421x421=177241  S^2 4.14e-03  t 37.2s (reused)
[C2H3N_rxn2858_TS] mps256_s1 batch 0: E -130.24912036  dim 440x440=193600  S^2 4.23e-03  t 41.6s
[C2H3N_rxn2858_TS] mps256_s1 batch 1: E -130.24912036  dim 440x440=193600  S^2 4.23e-03  t 41.6s (reused)
[C2H3N_rxn2858_TS] mps256_s1 batch 2: E -130.24912036  dim 440x440=193600  S^2 4.23e-03  t 41.6s (reused)
[C2H3N_rxn2858_TS] mps256_s1 batch 3: E -130.24912036  dim 440x440=193600  S^2 4.23e-03  t 41.6s (reused)
[C2H3N_rxn2858_TS] mps256_s1 batch 4: E -130.24912036  dim 440x440=193600  S^2 4.23e-03  t 41.6s (reused)
[C2H3N_rxn2858_TS] mps256_s1 batch 5: E -130.24912036  dim 440x440=193600  S^2 4.23e-03  t 41.6s (reused)
[C2H3N_rxn2858_TS] mps256_s1 batch 6: E -130.24912036  dim 440x440=193600  S^2 4.23e-03  t 41.6s (reused)
[C2H3N_rxn2858_TS] mps256_s1 batch 7: E -130.24912036  dim 440x440=193600  S^2 4.23e-03  t 41.6s (reused)
[C2H3N_rxn2858_TS] mps256_s1 batch 8: E -130.24912036  dim 440x440=193600  S^2 4.23e-03  t 41.6s (reused)
[C2H3N_rxn2858_TS] mps256_s1 batch 9: E -130.24912036  dim 440x440=193600  S^2 4.23e-03  t 41.6s (reused)
[C2H3N_rxn2858_TS] mps256_s2 batch 0: E -130.24805855  dim 420x420=176400  S^2 4.57e-03  t 46.0s
[C2H3N_rxn2858_TS] mps256_s2 batch 1: E -130.24805855  dim 420x420=176400  S^2 4.57e-03  t 46.0s (reused)
[C2H3N_rxn2858_TS] mps256_s2 batch 2: E -130.24805855  dim 420x420=176400  S^2 4.57e-03  t 46.0s (reused)
[C2H3N_rxn2858_TS] mps256_s2 batch 3: E -130.24805855  dim 420x420=176400  S^2 4.57e-03  t 46.0s (reused)
[C2H3N_rxn2858_TS] mps256_s2 batch 4: E -130.24805855  dim 420x420=176400  S^2 4.57e-03  t 46.0s (reused)
[C2H3N_rxn2858_TS] mps256_s2 batch 5: E -130.24805855  dim 420x420=176400  S^2 4.57e-03  t 46.0s (reused)
[C2H3N_rxn2858_TS] mps256_s2 batch 6: E -130.24805855  dim 420x420=176400  S^2 4.57e-03  t 46.0s (reused)
[C2H3N_rxn2858_TS] mps256_s2 batch 7: E -130.24805855  dim 420x420=176400  S^2 4.57e-03  t 46.0s (reused)
[C2H3N_rxn2858_TS] mps256_s2 batch 8: E -130.24805855  dim 420x420=176400  S^2 4.57e-03  t 46.0s (reused)
[C2H3N_rxn2858_TS] mps256_s2 batch 9: E -130.24805855  dim 420x420=176400  S^2 4.57e-03  t 46.0s (reused)
[C2H3N_rxn2858_TS] mps256_s3 batch 0: E -130.24851937  dim 436x436=190096  S^2 4.43e-03  t 46.0s
[C2H3N_rxn2858_TS] mps256_s3 batch 1: E -130.24851937  dim 436x436=190096  S^2 4.43e-03  t 46.0s (reused)
[C2H3N_rxn2858_TS] mps256_s3 batch 2: E -130.24851937  dim 436x436=190096  S^2 4.43e-03  t 46.0s (reused)
[C2H3N_rxn2858_TS] mps256_s3 batch 3: E -130.24851937  dim 436x436=190096  S^2 4.43e-03  t 46.0s (reused)
[C2H3N_rxn2858_TS] mps256_s3 batch 4: E -130.24851937  dim 436x436=190096  S^2 4.43e-03  t 46.0s (reused)
[C2H3N_rxn2858_TS] mps256_s3 batch 5: E -130.24851937  dim 436x436=190096  S^2 4.43e-03  t 46.0s (reused)
[C2H3N_rxn2858_TS] mps256_s3 batch 6: E -130.24851937  dim 436x436=190096  S^2 4.43e-03  t 46.0s (reused)
[C2H3N_rxn2858_TS] mps256_s3 batch 7: E -130.24851937  dim 436x436=190096  S^2 4.43e-03  t 46.0s (reused)
[C2H3N_rxn2858_TS] mps256_s3 batch 8: E -130.24851937  dim 436x436=190096  S^2 4.43e-03  t 46.0s (reused)
[C2H3N_rxn2858_TS] mps256_s3 batch 9: E -130.24851937  dim 436x436=190096  S^2 4.43e-03  t 46.0s (reused)
[C2H3N_rxn2858_TS] mps256_s4 batch 0: E -130.24798478  dim 411x411=168921  S^2 4.67e-03  t 41.9s
[C2H3N_rxn2858_TS] mps256_s4 batch 1: E -130.24798478  dim 411x411=168921  S^2 4.67e-03  t 41.9s (reused)
[C2H3N_rxn2858_TS] mps256_s4 batch 2: E -130.24798478  dim 411x411=168921  S^2 4.67e-03  t 41.9s (reused)
[C2H3N_rxn2858_TS] mps256_s4 batch 3: E -130.24798478  dim 411x411=168921  S^2 4.67e-03  t 41.9s (reused)
[C2H3N_rxn2858_TS] mps256_s4 batch 4: E -130.24798478  dim 411x411=168921  S^2 4.67e-03  t 41.9s (reused)
[C2H3N_rxn2858_TS] mps256_s4 batch 5: E -130.24798478  dim 411x411=168921  S^2 4.67e-03  t 41.9s (reused)
[C2H3N_rxn2858_TS] mps256_s4 batch 6: E -130.24798478  dim 411x411=168921  S^2 4.67e-03  t 41.9s (reused)
[C2H3N_rxn2858_TS] mps256_s4 batch 7: E -130.24798478  dim 411x411=168921  S^2 4.67e-03  t 41.9s (reused)
[C2H3N_rxn2858_TS] mps256_s4 batch 8: E -130.24798478  dim 411x411=168921  S^2 4.67e-03  t 41.9s (reused)
[C2H3N_rxn2858_TS] mps256_s4 batch 9: E -130.24798478  dim 411x411=168921  S^2 4.67e-03  t 41.9s (reused)
[C2H3N_rxn2858_TS] mps256_s5 batch 0: E -130.24833647  dim 431x431=185761  S^2 4.48e-03  t 44.1s
[C2H3N_rxn2858_TS] mps256_s5 batch 1: E -130.24833647  dim 431x431=185761  S^2 4.48e-03  t 44.1s (reused)
[C2H3N_rxn2858_TS] mps256_s5 batch 2: E -130.24833647  dim 431x431=185761  S^2 4.48e-03  t 44.1s (reused)
[C2H3N_rxn2858_TS] mps256_s5 batch 3: E -130.24833647  dim 431x431=185761  S^2 4.48e-03  t 44.1s (reused)
[C2H3N_rxn2858_TS] mps256_s5 batch 4: E -130.24833647  dim 431x431=185761  S^2 4.48e-03  t 44.1s (reused)
[C2H3N_rxn2858_TS] mps256_s5 batch 5: E -130.24833647  dim 431x431=185761  S^2 4.48e-03  t 44.1s (reused)
[C2H3N_rxn2858_TS] mps256_s5 batch 6: E -130.24833647  dim 431x431=185761  S^2 4.48e-03  t 44.1s (reused)
[C2H3N_rxn2858_TS] mps256_s5 batch 7: E -130.24833647  dim 431x431=185761  S^2 4.48e-03  t 44.1s (reused)
[C2H3N_rxn2858_TS] mps256_s5 batch 8: E -130.24833647  dim 431x431=185761  S^2 4.48e-03  t 44.1s (reused)
[C2H3N_rxn2858_TS] mps256_s5 batch 9: E -130.24833647  dim 431x431=185761  S^2 4.48e-03  t 44.1s (reused)
[C2H3N_rxn2858_TS] mps256_s6 batch 0: E -130.24784587  dim 426x426=181476  S^2 4.58e-03  t 42.8s
[C2H3N_rxn2858_TS] mps256_s6 batch 1: E -130.24784587  dim 426x426=181476  S^2 4.58e-03  t 42.8s (reused)
[C2H3N_rxn2858_TS] mps256_s6 batch 2: E -130.24784587  dim 426x426=181476  S^2 4.58e-03  t 42.8s (reused)
[C2H3N_rxn2858_TS] mps256_s6 batch 3: E -130.24784587  dim 426x426=181476  S^2 4.58e-03  t 42.8s (reused)
[C2H3N_rxn2858_TS] mps256_s6 batch 4: E -130.24784587  dim 426x426=181476  S^2 4.58e-03  t 42.8s (reused)
[C2H3N_rxn2858_TS] mps256_s6 batch 5: E -130.24784587  dim 426x426=181476  S^2 4.58e-03  t 42.8s (reused)
[C2H3N_rxn2858_TS] mps256_s6 batch 6: E -130.24784587  dim 426x426=181476  S^2 4.58e-03  t 42.8s (reused)
[C2H3N_rxn2858_TS] mps256_s6 batch 7: E -130.24784587  dim 426x426=181476  S^2 4.58e-03  t 42.8s (reused)
[C2H3N_rxn2858_TS] mps256_s6 batch 8: E -130.24784587  dim 426x426=181476  S^2 4.58e-03  t 42.8s (reused)
[C2H3N_rxn2858_TS] mps256_s6 batch 9: E -130.24784587  dim 426x426=181476  S^2 4.58e-03  t 42.8s (reused)
[C2H3N_rxn2858_TS] mps64_s1 batch 0: E -130.24600894  dim 374x374=139876  S^2 5.38e-03  t 30.5s
[C2H3N_rxn2858_TS] mps64_s1 batch 1: E -130.24600894  dim 374x374=139876  S^2 5.38e-03  t 30.5s (reused)
[C2H3N_rxn2858_TS] mps64_s1 batch 2: E -130.24600894  dim 374x374=139876  S^2 5.38e-03  t 30.5s (reused)
[C2H3N_rxn2858_TS] mps64_s1 batch 3: E -130.24600894  dim 374x374=139876  S^2 5.38e-03  t 30.5s (reused)
[C2H3N_rxn2858_TS] mps64_s1 batch 4: E -130.24600894  dim 374x374=139876  S^2 5.38e-03  t 30.5s (reused)
[C2H3N_rxn2858_TS] mps64_s1 batch 5: E -130.24600894  dim 374x374=139876  S^2 5.38e-03  t 30.5s (reused)
[C2H3N_rxn2858_TS] mps64_s1 batch 6: E -130.24600894  dim 374x374=139876  S^2 5.38e-03  t 30.5s (reused)
[C2H3N_rxn2858_TS] mps64_s1 batch 7: E -130.24600894  dim 374x374=139876  S^2 5.38e-03  t 30.5s (reused)
[C2H3N_rxn2858_TS] mps64_s1 batch 8: E -130.24600894  dim 374x374=139876  S^2 5.38e-03  t 30.5s (reused)
[C2H3N_rxn2858_TS] mps64_s1 batch 9: E -130.24600894  dim 374x374=139876  S^2 5.38e-03  t 30.5s (reused)
[C2H3N_rxn2858_TS] mps64_s2 batch 0: E -130.24761748  dim 388x388=150544  S^2 4.62e-03  t 33.5s
[C2H3N_rxn2858_TS] mps64_s2 batch 1: E -130.24761748  dim 388x388=150544  S^2 4.62e-03  t 33.5s (reused)
[C2H3N_rxn2858_TS] mps64_s2 batch 2: E -130.24761748  dim 388x388=150544  S^2 4.62e-03  t 33.5s (reused)
[C2H3N_rxn2858_TS] mps64_s2 batch 3: E -130.24761748  dim 388x388=150544  S^2 4.62e-03  t 33.5s (reused)
[C2H3N_rxn2858_TS] mps64_s2 batch 4: E -130.24761748  dim 388x388=150544  S^2 4.62e-03  t 33.5s (reused)
[C2H3N_rxn2858_TS] mps64_s2 batch 5: E -130.24761748  dim 388x388=150544  S^2 4.62e-03  t 33.5s (reused)
[C2H3N_rxn2858_TS] mps64_s2 batch 6: E -130.24761748  dim 388x388=150544  S^2 4.62e-03  t 33.5s (reused)
[C2H3N_rxn2858_TS] mps64_s2 batch 7: E -130.24761748  dim 388x388=150544  S^2 4.62e-03  t 33.5s (reused)
[C2H3N_rxn2858_TS] mps64_s2 batch 8: E -130.24761748  dim 388x388=150544  S^2 4.62e-03  t 33.5s (reused)
[C2H3N_rxn2858_TS] mps64_s2 batch 9: E -130.24761748  dim 388x388=150544  S^2 4.62e-03  t 33.5s (reused)
[C2H3N_rxn2858_TS] mps64_s3 batch 0: E -130.24779125  dim 389x389=151321  S^2 4.62e-03  t 34.2s
[C2H3N_rxn2858_TS] mps64_s3 batch 1: E -130.24779125  dim 389x389=151321  S^2 4.62e-03  t 34.2s (reused)
[C2H3N_rxn2858_TS] mps64_s3 batch 2: E -130.24779125  dim 389x389=151321  S^2 4.62e-03  t 34.2s (reused)
[C2H3N_rxn2858_TS] mps64_s3 batch 3: E -130.24779125  dim 389x389=151321  S^2 4.62e-03  t 34.2s (reused)
[C2H3N_rxn2858_TS] mps64_s3 batch 4: E -130.24779125  dim 389x389=151321  S^2 4.62e-03  t 34.2s (reused)
[C2H3N_rxn2858_TS] mps64_s3 batch 5: E -130.24779125  dim 389x389=151321  S^2 4.62e-03  t 34.2s (reused)
[C2H3N_rxn2858_TS] mps64_s3 batch 6: E -130.24779125  dim 389x389=151321  S^2 4.62e-03  t 34.2s (reused)
[C2H3N_rxn2858_TS] mps64_s3 batch 7: E -130.24779125  dim 389x389=151321  S^2 4.62e-03  t 34.2s (reused)
[C2H3N_rxn2858_TS] mps64_s3 batch 8: E -130.24779125  dim 389x389=151321  S^2 4.62e-03  t 34.2s (reused)
[C2H3N_rxn2858_TS] mps64_s3 batch 9: E -130.24779125  dim 389x389=151321  S^2 4.62e-03  t 34.2s (reused)
[C2H3N_rxn2858_TS] mps64_s4 batch 0: E -130.24741830  dim 393x393=154449  S^2 4.64e-03  t 37.1s
[C2H3N_rxn2858_TS] mps64_s4 batch 1: E -130.24741830  dim 393x393=154449  S^2 4.64e-03  t 37.1s (reused)
[C2H3N_rxn2858_TS] mps64_s4 batch 2: E -130.24741830  dim 393x393=154449  S^2 4.64e-03  t 37.1s (reused)
[C2H3N_rxn2858_TS] mps64_s4 batch 3: E -130.24741830  dim 393x393=154449  S^2 4.64e-03  t 37.1s (reused)
[C2H3N_rxn2858_TS] mps64_s4 batch 4: E -130.24741830  dim 393x393=154449  S^2 4.64e-03  t 37.1s (reused)
[C2H3N_rxn2858_TS] mps64_s4 batch 5: E -130.24741830  dim 393x393=154449  S^2 4.64e-03  t 37.1s (reused)
[C2H3N_rxn2858_TS] mps64_s4 batch 6: E -130.24741830  dim 393x393=154449  S^2 4.64e-03  t 37.1s (reused)
[C2H3N_rxn2858_TS] mps64_s4 batch 7: E -130.24741830  dim 393x393=154449  S^2 4.64e-03  t 37.1s (reused)
[C2H3N_rxn2858_TS] mps64_s4 batch 8: E -130.24741830  dim 393x393=154449  S^2 4.64e-03  t 37.1s (reused)
[C2H3N_rxn2858_TS] mps64_s4 batch 9: E -130.24741830  dim 393x393=154449  S^2 4.64e-03  t 37.1s (reused)
[C2H3N_rxn2858_TS] mps64_s5 batch 0: E -130.24774909  dim 405x405=164025  S^2 4.64e-03  t 40.1s
[C2H3N_rxn2858_TS] mps64_s5 batch 1: E -130.24774909  dim 405x405=164025  S^2 4.64e-03  t 40.1s (reused)
[C2H3N_rxn2858_TS] mps64_s5 batch 2: E -130.24774909  dim 405x405=164025  S^2 4.64e-03  t 40.1s (reused)
[C2H3N_rxn2858_TS] mps64_s5 batch 3: E -130.24774909  dim 405x405=164025  S^2 4.64e-03  t 40.1s (reused)
[C2H3N_rxn2858_TS] mps64_s5 batch 4: E -130.24774909  dim 405x405=164025  S^2 4.64e-03  t 40.1s (reused)
[C2H3N_rxn2858_TS] mps64_s5 batch 5: E -130.24774909  dim 405x405=164025  S^2 4.64e-03  t 40.1s (reused)
[C2H3N_rxn2858_TS] mps64_s5 batch 6: E -130.24774909  dim 405x405=164025  S^2 4.64e-03  t 40.1s (reused)
[C2H3N_rxn2858_TS] mps64_s5 batch 7: E -130.24774909  dim 405x405=164025  S^2 4.64e-03  t 40.1s (reused)
[C2H3N_rxn2858_TS] mps64_s5 batch 8: E -130.24774909  dim 405x405=164025  S^2 4.64e-03  t 40.1s (reused)
[C2H3N_rxn2858_TS] mps64_s5 batch 9: E -130.24774909  dim 405x405=164025  S^2 4.64e-03  t 40.1s (reused)
[C2H3N_rxn2858_TS] mps64_s6 batch 0: E -130.24670380  dim 400x400=160000  S^2 5.12e-03  t 36.1s
[C2H3N_rxn2858_TS] mps64_s6 batch 1: E -130.24670380  dim 400x400=160000  S^2 5.12e-03  t 36.1s (reused)
[C2H3N_rxn2858_TS] mps64_s6 batch 2: E -130.24670380  dim 400x400=160000  S^2 5.12e-03  t 36.1s (reused)
[C2H3N_rxn2858_TS] mps64_s6 batch 3: E -130.24670380  dim 400x400=160000  S^2 5.12e-03  t 36.1s (reused)
[C2H3N_rxn2858_TS] mps64_s6 batch 4: E -130.24670380  dim 400x400=160000  S^2 5.12e-03  t 36.1s (reused)
[C2H3N_rxn2858_TS] mps64_s6 batch 5: E -130.24670380  dim 400x400=160000  S^2 5.12e-03  t 36.1s (reused)
[C2H3N_rxn2858_TS] mps64_s6 batch 6: E -130.24670380  dim 400x400=160000  S^2 5.12e-03  t 36.1s (reused)
[C2H3N_rxn2858_TS] mps64_s6 batch 7: E -130.24670380  dim 400x400=160000  S^2 5.12e-03  t 36.1s (reused)
[C2H3N_rxn2858_TS] mps64_s6 batch 8: E -130.24670380  dim 400x400=160000  S^2 5.12e-03  t 36.1s (reused)
[C2H3N_rxn2858_TS] mps64_s6 batch 9: E -130.24670380  dim 400x400=160000  S^2 5.12e-03  t 36.1s (reused)
[C2H4O_rxn0724_P] exact_s1 batch 0: E -151.00019428  dim 282x282=79524  S^2 4.64e-03  t 32.0s
[C2H4O_rxn0724_P] exact_s1 batch 1: E -151.00019428  dim 282x282=79524  S^2 4.64e-03  t 32.0s (reused)
[C2H4O_rxn0724_P] exact_s1 batch 2: E -151.00019428  dim 282x282=79524  S^2 4.64e-03  t 32.0s (reused)
[C2H4O_rxn0724_P] exact_s1 batch 3: E -151.00019428  dim 282x282=79524  S^2 4.64e-03  t 32.0s (reused)
[C2H4O_rxn0724_P] exact_s1 batch 4: E -151.00019428  dim 282x282=79524  S^2 4.64e-03  t 32.0s (reused)
[C2H4O_rxn0724_P] exact_s1 batch 5: E -151.00019428  dim 282x282=79524  S^2 4.64e-03  t 32.0s (reused)
[C2H4O_rxn0724_P] exact_s1 batch 6: E -151.00019428  dim 282x282=79524  S^2 4.64e-03  t 32.0s (reused)
[C2H4O_rxn0724_P] exact_s1 batch 7: E -151.00019428  dim 282x282=79524  S^2 4.64e-03  t 32.0s (reused)
[C2H4O_rxn0724_P] exact_s1 batch 8: E -151.00019428  dim 282x282=79524  S^2 4.64e-03  t 32.0s (reused)
[C2H4O_rxn0724_P] exact_s1 batch 9: E -151.00019428  dim 282x282=79524  S^2 4.64e-03  t 32.0s (reused)
[C2H4O_rxn0724_P] exact_s2 batch 0: E -151.00076647  dim 284x284=80656  S^2 4.45e-03  t 32.9s
[C2H4O_rxn0724_P] exact_s2 batch 1: E -151.00076647  dim 284x284=80656  S^2 4.45e-03  t 32.9s (reused)
[C2H4O_rxn0724_P] exact_s2 batch 2: E -151.00076647  dim 284x284=80656  S^2 4.45e-03  t 32.9s (reused)
[C2H4O_rxn0724_P] exact_s2 batch 3: E -151.00076647  dim 284x284=80656  S^2 4.45e-03  t 32.9s (reused)
[C2H4O_rxn0724_P] exact_s2 batch 4: E -151.00076647  dim 284x284=80656  S^2 4.45e-03  t 32.9s (reused)
[C2H4O_rxn0724_P] exact_s2 batch 5: E -151.00076647  dim 284x284=80656  S^2 4.45e-03  t 32.9s (reused)
[C2H4O_rxn0724_P] exact_s2 batch 6: E -151.00076647  dim 284x284=80656  S^2 4.45e-03  t 32.9s (reused)
[C2H4O_rxn0724_P] exact_s2 batch 7: E -151.00076647  dim 284x284=80656  S^2 4.45e-03  t 32.9s (reused)
[C2H4O_rxn0724_P] exact_s2 batch 8: E -151.00076647  dim 284x284=80656  S^2 4.45e-03  t 32.9s (reused)
[C2H4O_rxn0724_P] exact_s2 batch 9: E -151.00076647  dim 284x284=80656  S^2 4.45e-03  t 32.9s (reused)
[C2H4O_rxn0724_P] exact_s3 batch 0: E -151.00093692  dim 280x280=78400  S^2 3.99e-03  t 31.6s
[C2H4O_rxn0724_P] exact_s3 batch 1: E -151.00093692  dim 280x280=78400  S^2 3.99e-03  t 31.6s (reused)
[C2H4O_rxn0724_P] exact_s3 batch 2: E -151.00093692  dim 280x280=78400  S^2 3.99e-03  t 31.6s (reused)
[C2H4O_rxn0724_P] exact_s3 batch 3: E -151.00093692  dim 280x280=78400  S^2 3.99e-03  t 31.6s (reused)
[C2H4O_rxn0724_P] exact_s3 batch 4: E -151.00093692  dim 280x280=78400  S^2 3.99e-03  t 31.6s (reused)
[C2H4O_rxn0724_P] exact_s3 batch 5: E -151.00093692  dim 280x280=78400  S^2 3.99e-03  t 31.6s (reused)
[C2H4O_rxn0724_P] exact_s3 batch 6: E -151.00093692  dim 280x280=78400  S^2 3.99e-03  t 31.6s (reused)
[C2H4O_rxn0724_P] exact_s3 batch 7: E -151.00093692  dim 280x280=78400  S^2 3.99e-03  t 31.6s (reused)
[C2H4O_rxn0724_P] exact_s3 batch 8: E -151.00093692  dim 280x280=78400  S^2 3.99e-03  t 31.6s (reused)
[C2H4O_rxn0724_P] exact_s3 batch 9: E -151.00093692  dim 280x280=78400  S^2 3.99e-03  t 31.6s (reused)
[C2H4O_rxn0724_P] exact_s4 batch 0: E -151.00122742  dim 270x270=72900  S^2 4.25e-03  t 25.4s
[C2H4O_rxn0724_P] exact_s4 batch 1: E -151.00122742  dim 270x270=72900  S^2 4.25e-03  t 25.4s (reused)
[C2H4O_rxn0724_P] exact_s4 batch 2: E -151.00122742  dim 270x270=72900  S^2 4.25e-03  t 25.4s (reused)
[C2H4O_rxn0724_P] exact_s4 batch 3: E -151.00122742  dim 270x270=72900  S^2 4.25e-03  t 25.4s (reused)
[C2H4O_rxn0724_P] exact_s4 batch 4: E -151.00122742  dim 270x270=72900  S^2 4.25e-03  t 25.4s (reused)
[C2H4O_rxn0724_P] exact_s4 batch 5: E -151.00122742  dim 270x270=72900  S^2 4.25e-03  t 25.4s (reused)
[C2H4O_rxn0724_P] exact_s4 batch 6: E -151.00122742  dim 270x270=72900  S^2 4.25e-03  t 25.4s (reused)
[C2H4O_rxn0724_P] exact_s4 batch 7: E -151.00122742  dim 270x270=72900  S^2 4.25e-03  t 25.4s (reused)
[C2H4O_rxn0724_P] exact_s4 batch 8: E -151.00122742  dim 270x270=72900  S^2 4.25e-03  t 25.4s (reused)
[C2H4O_rxn0724_P] exact_s4 batch 9: E -151.00122742  dim 270x270=72900  S^2 4.25e-03  t 25.4s (reused)
[C2H4O_rxn0724_P] exact_s5 batch 0: E -151.00164847  dim 283x283=80089  S^2 3.62e-03  t 28.3s
[C2H4O_rxn0724_P] exact_s5 batch 1: E -151.00164847  dim 283x283=80089  S^2 3.62e-03  t 28.3s (reused)
[C2H4O_rxn0724_P] exact_s5 batch 2: E -151.00164847  dim 283x283=80089  S^2 3.62e-03  t 28.3s (reused)
[C2H4O_rxn0724_P] exact_s5 batch 3: E -151.00164847  dim 283x283=80089  S^2 3.62e-03  t 28.3s (reused)
[C2H4O_rxn0724_P] exact_s5 batch 4: E -151.00164847  dim 283x283=80089  S^2 3.62e-03  t 28.3s (reused)
[C2H4O_rxn0724_P] exact_s5 batch 5: E -151.00164847  dim 283x283=80089  S^2 3.62e-03  t 28.3s (reused)
[C2H4O_rxn0724_P] exact_s5 batch 6: E -151.00164847  dim 283x283=80089  S^2 3.62e-03  t 28.3s (reused)
[C2H4O_rxn0724_P] exact_s5 batch 7: E -151.00164847  dim 283x283=80089  S^2 3.62e-03  t 28.3s (reused)
[C2H4O_rxn0724_P] exact_s5 batch 8: E -151.00164847  dim 283x283=80089  S^2 3.62e-03  t 28.3s (reused)
[C2H4O_rxn0724_P] exact_s5 batch 9: E -151.00164847  dim 283x283=80089  S^2 3.62e-03  t 28.3s (reused)
[C2H4O_rxn0724_P] exact_s6 batch 0: E -151.00163472  dim 282x282=79524  S^2 3.82e-03  t 27.1s
[C2H4O_rxn0724_P] exact_s6 batch 1: E -151.00163472  dim 282x282=79524  S^2 3.82e-03  t 27.1s (reused)
[C2H4O_rxn0724_P] exact_s6 batch 2: E -151.00163472  dim 282x282=79524  S^2 3.82e-03  t 27.1s (reused)
[C2H4O_rxn0724_P] exact_s6 batch 3: E -151.00163472  dim 282x282=79524  S^2 3.82e-03  t 27.1s (reused)
[C2H4O_rxn0724_P] exact_s6 batch 4: E -151.00163472  dim 282x282=79524  S^2 3.82e-03  t 27.1s (reused)
[C2H4O_rxn0724_P] exact_s6 batch 5: E -151.00163472  dim 282x282=79524  S^2 3.82e-03  t 27.1s (reused)
[C2H4O_rxn0724_P] exact_s6 batch 6: E -151.00163472  dim 282x282=79524  S^2 3.82e-03  t 27.1s (reused)
[C2H4O_rxn0724_P] exact_s6 batch 7: E -151.00163472  dim 282x282=79524  S^2 3.82e-03  t 27.1s (reused)
[C2H4O_rxn0724_P] exact_s6 batch 8: E -151.00163472  dim 282x282=79524  S^2 3.82e-03  t 27.1s (reused)
[C2H4O_rxn0724_P] exact_s6 batch 9: E -151.00163472  dim 282x282=79524  S^2 3.82e-03  t 27.1s (reused)
[C2H4O_rxn0724_P] mps256_s1 batch 0: E -151.00093288  dim 268x268=71824  S^2 3.92e-03  t 30.3s
[C2H4O_rxn0724_P] mps256_s1 batch 1: E -151.00093288  dim 268x268=71824  S^2 3.92e-03  t 30.3s (reused)
[C2H4O_rxn0724_P] mps256_s1 batch 2: E -151.00093288  dim 268x268=71824  S^2 3.92e-03  t 30.3s (reused)
[C2H4O_rxn0724_P] mps256_s1 batch 3: E -151.00093288  dim 268x268=71824  S^2 3.92e-03  t 30.3s (reused)
[C2H4O_rxn0724_P] mps256_s1 batch 4: E -151.00093288  dim 268x268=71824  S^2 3.92e-03  t 30.3s (reused)
[C2H4O_rxn0724_P] mps256_s1 batch 5: E -151.00093288  dim 268x268=71824  S^2 3.92e-03  t 30.3s (reused)
[C2H4O_rxn0724_P] mps256_s1 batch 6: E -151.00093288  dim 268x268=71824  S^2 3.92e-03  t 30.3s (reused)
[C2H4O_rxn0724_P] mps256_s1 batch 7: E -151.00093288  dim 268x268=71824  S^2 3.92e-03  t 30.3s (reused)
[C2H4O_rxn0724_P] mps256_s1 batch 8: E -151.00093288  dim 268x268=71824  S^2 3.92e-03  t 30.3s (reused)
[C2H4O_rxn0724_P] mps256_s1 batch 9: E -151.00093288  dim 268x268=71824  S^2 3.92e-03  t 30.3s (reused)
[C2H4O_rxn0724_P] mps256_s2 batch 0: E -151.00065784  dim 271x271=73441  S^2 4.36e-03  t 28.8s
[C2H4O_rxn0724_P] mps256_s2 batch 1: E -151.00065784  dim 271x271=73441  S^2 4.36e-03  t 28.8s (reused)
[C2H4O_rxn0724_P] mps256_s2 batch 2: E -151.00065784  dim 271x271=73441  S^2 4.36e-03  t 28.8s (reused)
[C2H4O_rxn0724_P] mps256_s2 batch 3: E -151.00065784  dim 271x271=73441  S^2 4.36e-03  t 28.8s (reused)
[C2H4O_rxn0724_P] mps256_s2 batch 4: E -151.00065784  dim 271x271=73441  S^2 4.36e-03  t 28.8s (reused)
[C2H4O_rxn0724_P] mps256_s2 batch 5: E -151.00065784  dim 271x271=73441  S^2 4.36e-03  t 28.8s (reused)
[C2H4O_rxn0724_P] mps256_s2 batch 6: E -151.00065784  dim 271x271=73441  S^2 4.36e-03  t 28.8s (reused)
[C2H4O_rxn0724_P] mps256_s2 batch 7: E -151.00065784  dim 271x271=73441  S^2 4.36e-03  t 28.8s (reused)
[C2H4O_rxn0724_P] mps256_s2 batch 8: E -151.00065784  dim 271x271=73441  S^2 4.36e-03  t 28.8s (reused)
[C2H4O_rxn0724_P] mps256_s2 batch 9: E -151.00065784  dim 271x271=73441  S^2 4.36e-03  t 28.8s (reused)
[C2H4O_rxn0724_P] mps256_s3 batch 0: E -150.99989229  dim 273x273=74529  S^2 4.66e-03  t 36.1s
[C2H4O_rxn0724_P] mps256_s3 batch 1: E -150.99989229  dim 273x273=74529  S^2 4.66e-03  t 36.1s (reused)
[C2H4O_rxn0724_P] mps256_s3 batch 2: E -150.99989229  dim 273x273=74529  S^2 4.66e-03  t 36.1s (reused)
[C2H4O_rxn0724_P] mps256_s3 batch 3: E -150.99989229  dim 273x273=74529  S^2 4.66e-03  t 36.1s (reused)
[C2H4O_rxn0724_P] mps256_s3 batch 4: E -150.99989229  dim 273x273=74529  S^2 4.66e-03  t 36.1s (reused)
[C2H4O_rxn0724_P] mps256_s3 batch 5: E -150.99989229  dim 273x273=74529  S^2 4.66e-03  t 36.1s (reused)
[C2H4O_rxn0724_P] mps256_s3 batch 6: E -150.99989229  dim 273x273=74529  S^2 4.66e-03  t 36.1s (reused)
[C2H4O_rxn0724_P] mps256_s3 batch 7: E -150.99989229  dim 273x273=74529  S^2 4.66e-03  t 36.1s (reused)
[C2H4O_rxn0724_P] mps256_s3 batch 8: E -150.99989229  dim 273x273=74529  S^2 4.66e-03  t 36.1s (reused)
[C2H4O_rxn0724_P] mps256_s3 batch 9: E -150.99989229  dim 273x273=74529  S^2 4.66e-03  t 36.1s (reused)
[C2H4O_rxn0724_P] mps256_s4 batch 0: E -151.00105740  dim 268x268=71824  S^2 3.92e-03  t 34.6s
[C2H4O_rxn0724_P] mps256_s4 batch 1: E -151.00105740  dim 268x268=71824  S^2 3.92e-03  t 34.6s (reused)
[C2H4O_rxn0724_P] mps256_s4 batch 2: E -151.00105740  dim 268x268=71824  S^2 3.92e-03  t 34.6s (reused)
[C2H4O_rxn0724_P] mps256_s4 batch 3: E -151.00105740  dim 268x268=71824  S^2 3.92e-03  t 34.6s (reused)
[C2H4O_rxn0724_P] mps256_s4 batch 4: E -151.00105740  dim 268x268=71824  S^2 3.92e-03  t 34.6s (reused)
[C2H4O_rxn0724_P] mps256_s4 batch 5: E -151.00105740  dim 268x268=71824  S^2 3.92e-03  t 34.6s (reused)
[C2H4O_rxn0724_P] mps256_s4 batch 6: E -151.00105740  dim 268x268=71824  S^2 3.92e-03  t 34.6s (reused)
[C2H4O_rxn0724_P] mps256_s4 batch 7: E -151.00105740  dim 268x268=71824  S^2 3.92e-03  t 34.6s (reused)
[C2H4O_rxn0724_P] mps256_s4 batch 8: E -151.00105740  dim 268x268=71824  S^2 3.92e-03  t 34.6s (reused)
[C2H4O_rxn0724_P] mps256_s4 batch 9: E -151.00105740  dim 268x268=71824  S^2 3.92e-03  t 34.6s (reused)
[C2H4O_rxn0724_P] mps256_s5 batch 0: E -151.00124866  dim 271x271=73441  S^2 4.12e-03  t 38.0s
[C2H4O_rxn0724_P] mps256_s5 batch 1: E -151.00124866  dim 271x271=73441  S^2 4.12e-03  t 38.0s (reused)
[C2H4O_rxn0724_P] mps256_s5 batch 2: E -151.00124866  dim 271x271=73441  S^2 4.12e-03  t 38.0s (reused)
[C2H4O_rxn0724_P] mps256_s5 batch 3: E -151.00124866  dim 271x271=73441  S^2 4.12e-03  t 38.0s (reused)
[C2H4O_rxn0724_P] mps256_s5 batch 4: E -151.00124866  dim 271x271=73441  S^2 4.12e-03  t 38.0s (reused)
[C2H4O_rxn0724_P] mps256_s5 batch 5: E -151.00124866  dim 271x271=73441  S^2 4.12e-03  t 38.0s (reused)
[C2H4O_rxn0724_P] mps256_s5 batch 6: E -151.00124866  dim 271x271=73441  S^2 4.12e-03  t 38.0s (reused)
[C2H4O_rxn0724_P] mps256_s5 batch 7: E -151.00124866  dim 271x271=73441  S^2 4.12e-03  t 38.0s (reused)
[C2H4O_rxn0724_P] mps256_s5 batch 8: E -151.00124866  dim 271x271=73441  S^2 4.12e-03  t 38.0s (reused)
[C2H4O_rxn0724_P] mps256_s5 batch 9: E -151.00124866  dim 271x271=73441  S^2 4.12e-03  t 38.0s (reused)
[C2H4O_rxn0724_P] mps256_s6 batch 0: E -151.00059702  dim 263x263=69169  S^2 4.47e-03  t 26.5s
[C2H4O_rxn0724_P] mps256_s6 batch 1: E -151.00059702  dim 263x263=69169  S^2 4.47e-03  t 26.5s (reused)
[C2H4O_rxn0724_P] mps256_s6 batch 2: E -151.00059702  dim 263x263=69169  S^2 4.47e-03  t 26.5s (reused)
[C2H4O_rxn0724_P] mps256_s6 batch 3: E -151.00059702  dim 263x263=69169  S^2 4.47e-03  t 26.5s (reused)
[C2H4O_rxn0724_P] mps256_s6 batch 4: E -151.00059702  dim 263x263=69169  S^2 4.47e-03  t 26.5s (reused)
[C2H4O_rxn0724_P] mps256_s6 batch 5: E -151.00059702  dim 263x263=69169  S^2 4.47e-03  t 26.5s (reused)
[C2H4O_rxn0724_P] mps256_s6 batch 6: E -151.00059702  dim 263x263=69169  S^2 4.47e-03  t 26.5s (reused)
[C2H4O_rxn0724_P] mps256_s6 batch 7: E -151.00059702  dim 263x263=69169  S^2 4.47e-03  t 26.5s (reused)
[C2H4O_rxn0724_P] mps256_s6 batch 8: E -151.00059702  dim 263x263=69169  S^2 4.47e-03  t 26.5s (reused)
[C2H4O_rxn0724_P] mps256_s6 batch 9: E -151.00059702  dim 263x263=69169  S^2 4.47e-03  t 26.5s (reused)
[C2H4O_rxn0724_P] mps64_s1 batch 0: E -150.99959824  dim 229x229=52441  S^2 4.49e-03  t 20.5s
[C2H4O_rxn0724_P] mps64_s1 batch 1: E -150.99959824  dim 229x229=52441  S^2 4.49e-03  t 20.5s (reused)
[C2H4O_rxn0724_P] mps64_s1 batch 2: E -150.99959824  dim 229x229=52441  S^2 4.49e-03  t 20.5s (reused)
[C2H4O_rxn0724_P] mps64_s1 batch 3: E -150.99959824  dim 229x229=52441  S^2 4.49e-03  t 20.5s (reused)
[C2H4O_rxn0724_P] mps64_s1 batch 4: E -150.99959824  dim 229x229=52441  S^2 4.49e-03  t 20.5s (reused)
[C2H4O_rxn0724_P] mps64_s1 batch 5: E -150.99959824  dim 229x229=52441  S^2 4.49e-03  t 20.5s (reused)
[C2H4O_rxn0724_P] mps64_s1 batch 6: E -150.99959824  dim 229x229=52441  S^2 4.49e-03  t 20.5s (reused)
[C2H4O_rxn0724_P] mps64_s1 batch 7: E -150.99959824  dim 229x229=52441  S^2 4.49e-03  t 20.5s (reused)
[C2H4O_rxn0724_P] mps64_s1 batch 8: E -150.99959824  dim 229x229=52441  S^2 4.49e-03  t 20.5s (reused)
[C2H4O_rxn0724_P] mps64_s1 batch 9: E -150.99959824  dim 229x229=52441  S^2 4.49e-03  t 20.5s (reused)
[C2H4O_rxn0724_P] mps64_s2 batch 0: E -150.99983596  dim 237x237=56169  S^2 4.53e-03  t 22.8s
[C2H4O_rxn0724_P] mps64_s2 batch 1: E -150.99983596  dim 237x237=56169  S^2 4.53e-03  t 22.8s (reused)
[C2H4O_rxn0724_P] mps64_s2 batch 2: E -150.99983596  dim 237x237=56169  S^2 4.53e-03  t 22.8s (reused)
[C2H4O_rxn0724_P] mps64_s2 batch 3: E -150.99983596  dim 237x237=56169  S^2 4.53e-03  t 22.8s (reused)
[C2H4O_rxn0724_P] mps64_s2 batch 4: E -150.99983596  dim 237x237=56169  S^2 4.53e-03  t 22.8s (reused)
[C2H4O_rxn0724_P] mps64_s2 batch 5: E -150.99983596  dim 237x237=56169  S^2 4.53e-03  t 22.8s (reused)
[C2H4O_rxn0724_P] mps64_s2 batch 6: E -150.99983596  dim 237x237=56169  S^2 4.53e-03  t 22.8s (reused)
[C2H4O_rxn0724_P] mps64_s2 batch 7: E -150.99983596  dim 237x237=56169  S^2 4.53e-03  t 22.8s (reused)
[C2H4O_rxn0724_P] mps64_s2 batch 8: E -150.99983596  dim 237x237=56169  S^2 4.53e-03  t 22.8s (reused)
[C2H4O_rxn0724_P] mps64_s2 batch 9: E -150.99983596  dim 237x237=56169  S^2 4.53e-03  t 22.8s (reused)
[C2H4O_rxn0724_P] mps64_s3 batch 0: E -151.00048491  dim 243x243=59049  S^2 4.33e-03  t 22.8s
[C2H4O_rxn0724_P] mps64_s3 batch 1: E -151.00048491  dim 243x243=59049  S^2 4.33e-03  t 22.8s (reused)
[C2H4O_rxn0724_P] mps64_s3 batch 2: E -151.00048491  dim 243x243=59049  S^2 4.33e-03  t 22.8s (reused)
[C2H4O_rxn0724_P] mps64_s3 batch 3: E -151.00048491  dim 243x243=59049  S^2 4.33e-03  t 22.8s (reused)
[C2H4O_rxn0724_P] mps64_s3 batch 4: E -151.00048491  dim 243x243=59049  S^2 4.33e-03  t 22.8s (reused)
[C2H4O_rxn0724_P] mps64_s3 batch 5: E -151.00048491  dim 243x243=59049  S^2 4.33e-03  t 22.8s (reused)
[C2H4O_rxn0724_P] mps64_s3 batch 6: E -151.00048491  dim 243x243=59049  S^2 4.33e-03  t 22.8s (reused)
[C2H4O_rxn0724_P] mps64_s3 batch 7: E -151.00048491  dim 243x243=59049  S^2 4.33e-03  t 22.8s (reused)
[C2H4O_rxn0724_P] mps64_s3 batch 8: E -151.00048491  dim 243x243=59049  S^2 4.33e-03  t 22.8s (reused)
[C2H4O_rxn0724_P] mps64_s3 batch 9: E -151.00048491  dim 243x243=59049  S^2 4.33e-03  t 22.8s (reused)
[C2H4O_rxn0724_P] mps64_s4 batch 0: E -151.00029838  dim 247x247=61009  S^2 4.45e-03  t 22.0s
[C2H4O_rxn0724_P] mps64_s4 batch 1: E -151.00029838  dim 247x247=61009  S^2 4.45e-03  t 22.0s (reused)
[C2H4O_rxn0724_P] mps64_s4 batch 2: E -151.00029838  dim 247x247=61009  S^2 4.45e-03  t 22.0s (reused)
[C2H4O_rxn0724_P] mps64_s4 batch 3: E -151.00029838  dim 247x247=61009  S^2 4.45e-03  t 22.0s (reused)
[C2H4O_rxn0724_P] mps64_s4 batch 4: E -151.00029838  dim 247x247=61009  S^2 4.45e-03  t 22.0s (reused)
[C2H4O_rxn0724_P] mps64_s4 batch 5: E -151.00029838  dim 247x247=61009  S^2 4.45e-03  t 22.0s (reused)
[C2H4O_rxn0724_P] mps64_s4 batch 6: E -151.00029838  dim 247x247=61009  S^2 4.45e-03  t 22.0s (reused)
[C2H4O_rxn0724_P] mps64_s4 batch 7: E -151.00029838  dim 247x247=61009  S^2 4.45e-03  t 22.0s (reused)
[C2H4O_rxn0724_P] mps64_s4 batch 8: E -151.00029838  dim 247x247=61009  S^2 4.45e-03  t 22.0s (reused)
[C2H4O_rxn0724_P] mps64_s4 batch 9: E -151.00029838  dim 247x247=61009  S^2 4.45e-03  t 22.0s (reused)
[C2H4O_rxn0724_P] mps64_s5 batch 0: E -150.99891430  dim 226x226=51076  S^2 4.97e-03  t 18.9s
[C2H4O_rxn0724_P] mps64_s5 batch 1: E -150.99891430  dim 226x226=51076  S^2 4.97e-03  t 18.9s (reused)
[C2H4O_rxn0724_P] mps64_s5 batch 2: E -150.99891430  dim 226x226=51076  S^2 4.97e-03  t 18.9s (reused)
[C2H4O_rxn0724_P] mps64_s5 batch 3: E -150.99891430  dim 226x226=51076  S^2 4.97e-03  t 18.9s (reused)
[C2H4O_rxn0724_P] mps64_s5 batch 4: E -150.99891430  dim 226x226=51076  S^2 4.97e-03  t 18.9s (reused)
[C2H4O_rxn0724_P] mps64_s5 batch 5: E -150.99891430  dim 226x226=51076  S^2 4.97e-03  t 18.9s (reused)
[C2H4O_rxn0724_P] mps64_s5 batch 6: E -150.99891430  dim 226x226=51076  S^2 4.97e-03  t 18.9s (reused)
[C2H4O_rxn0724_P] mps64_s5 batch 7: E -150.99891430  dim 226x226=51076  S^2 4.97e-03  t 18.9s (reused)
[C2H4O_rxn0724_P] mps64_s5 batch 8: E -150.99891430  dim 226x226=51076  S^2 4.97e-03  t 18.9s (reused)
[C2H4O_rxn0724_P] mps64_s5 batch 9: E -150.99891430  dim 226x226=51076  S^2 4.97e-03  t 18.9s (reused)
[C2H4O_rxn0724_P] mps64_s6 batch 0: E -150.99962858  dim 236x236=55696  S^2 4.25e-03  t 22.2s
[C2H4O_rxn0724_P] mps64_s6 batch 1: E -150.99962858  dim 236x236=55696  S^2 4.25e-03  t 22.2s (reused)
[C2H4O_rxn0724_P] mps64_s6 batch 2: E -150.99962858  dim 236x236=55696  S^2 4.25e-03  t 22.2s (reused)
[C2H4O_rxn0724_P] mps64_s6 batch 3: E -150.99962858  dim 236x236=55696  S^2 4.25e-03  t 22.2s (reused)
[C2H4O_rxn0724_P] mps64_s6 batch 4: E -150.99962858  dim 236x236=55696  S^2 4.25e-03  t 22.2s (reused)
[C2H4O_rxn0724_P] mps64_s6 batch 5: E -150.99962858  dim 236x236=55696  S^2 4.25e-03  t 22.2s (reused)
[C2H4O_rxn0724_P] mps64_s6 batch 6: E -150.99962858  dim 236x236=55696  S^2 4.25e-03  t 22.2s (reused)
[C2H4O_rxn0724_P] mps64_s6 batch 7: E -150.99962858  dim 236x236=55696  S^2 4.25e-03  t 22.2s (reused)
[C2H4O_rxn0724_P] mps64_s6 batch 8: E -150.99962858  dim 236x236=55696  S^2 4.25e-03  t 22.2s (reused)
[C2H4O_rxn0724_P] mps64_s6 batch 9: E -150.99962858  dim 236x236=55696  S^2 4.25e-03  t 22.2s (reused)
[C3H4_rxn2391_TS] exact_s1 batch 0: E -114.46153272  dim 555x555=308025  S^2 4.05e-03  t 105.0s
[C3H4_rxn2391_TS] exact_s1 batch 1: E -114.46153272  dim 555x555=308025  S^2 4.05e-03  t 105.0s (reused)
[C3H4_rxn2391_TS] exact_s1 batch 2: E -114.46153272  dim 555x555=308025  S^2 4.05e-03  t 105.0s (reused)
[C3H4_rxn2391_TS] exact_s1 batch 3: E -114.46153272  dim 555x555=308025  S^2 4.05e-03  t 105.0s (reused)
[C3H4_rxn2391_TS] exact_s1 batch 4: E -114.46153272  dim 555x555=308025  S^2 4.05e-03  t 105.0s (reused)
[C3H4_rxn2391_TS] exact_s1 batch 5: E -114.46153272  dim 555x555=308025  S^2 4.05e-03  t 105.0s (reused)
[C3H4_rxn2391_TS] exact_s1 batch 6: E -114.46153272  dim 555x555=308025  S^2 4.05e-03  t 105.0s (reused)
[C3H4_rxn2391_TS] exact_s1 batch 7: E -114.46153272  dim 555x555=308025  S^2 4.05e-03  t 105.0s (reused)
[C3H4_rxn2391_TS] exact_s1 batch 8: E -114.46153272  dim 555x555=308025  S^2 4.05e-03  t 105.0s (reused)
[C3H4_rxn2391_TS] exact_s1 batch 9: E -114.46153272  dim 555x555=308025  S^2 4.05e-03  t 105.0s (reused)
[C3H4_rxn2391_TS] exact_s2 batch 0: E -114.46160924  dim 565x565=319225  S^2 4.09e-03  t 104.3s
[C3H4_rxn2391_TS] exact_s2 batch 1: E -114.46160924  dim 565x565=319225  S^2 4.09e-03  t 104.3s (reused)
[C3H4_rxn2391_TS] exact_s2 batch 2: E -114.46160924  dim 565x565=319225  S^2 4.09e-03  t 104.3s (reused)
[C3H4_rxn2391_TS] exact_s2 batch 3: E -114.46160924  dim 565x565=319225  S^2 4.09e-03  t 104.3s (reused)
[C3H4_rxn2391_TS] exact_s2 batch 4: E -114.46160924  dim 565x565=319225  S^2 4.09e-03  t 104.3s (reused)
[C3H4_rxn2391_TS] exact_s2 batch 5: E -114.46160924  dim 565x565=319225  S^2 4.09e-03  t 104.3s (reused)
[C3H4_rxn2391_TS] exact_s2 batch 6: E -114.46160924  dim 565x565=319225  S^2 4.09e-03  t 104.3s (reused)
[C3H4_rxn2391_TS] exact_s2 batch 7: E -114.46160924  dim 565x565=319225  S^2 4.09e-03  t 104.3s (reused)
[C3H4_rxn2391_TS] exact_s2 batch 8: E -114.46160924  dim 565x565=319225  S^2 4.09e-03  t 104.3s (reused)
[C3H4_rxn2391_TS] exact_s2 batch 9: E -114.46160924  dim 565x565=319225  S^2 4.09e-03  t 104.3s (reused)
[C3H4_rxn2391_TS] exact_s3 batch 0: E -114.46110262  dim 577x577=332929  S^2 4.46e-03  t 110.2s
[C3H4_rxn2391_TS] exact_s3 batch 1: E -114.46110262  dim 577x577=332929  S^2 4.46e-03  t 110.2s (reused)
[C3H4_rxn2391_TS] exact_s3 batch 2: E -114.46110262  dim 577x577=332929  S^2 4.46e-03  t 110.2s (reused)
[C3H4_rxn2391_TS] exact_s3 batch 3: E -114.46110262  dim 577x577=332929  S^2 4.46e-03  t 110.2s (reused)
[C3H4_rxn2391_TS] exact_s3 batch 4: E -114.46110262  dim 577x577=332929  S^2 4.46e-03  t 110.2s (reused)
[C3H4_rxn2391_TS] exact_s3 batch 5: E -114.46110262  dim 577x577=332929  S^2 4.46e-03  t 110.2s (reused)
[C3H4_rxn2391_TS] exact_s3 batch 6: E -114.46110262  dim 577x577=332929  S^2 4.46e-03  t 110.2s (reused)
[C3H4_rxn2391_TS] exact_s3 batch 7: E -114.46110262  dim 577x577=332929  S^2 4.46e-03  t 110.2s (reused)
[C3H4_rxn2391_TS] exact_s3 batch 8: E -114.46110262  dim 577x577=332929  S^2 4.46e-03  t 110.2s (reused)
[C3H4_rxn2391_TS] exact_s3 batch 9: E -114.46110262  dim 577x577=332929  S^2 4.46e-03  t 110.2s (reused)
[C3H4_rxn2391_TS] exact_s4 batch 0: E -114.46203979  dim 571x571=326041  S^2 3.77e-03  t 103.8s
[C3H4_rxn2391_TS] exact_s4 batch 1: E -114.46203979  dim 571x571=326041  S^2 3.77e-03  t 103.8s (reused)
[C3H4_rxn2391_TS] exact_s4 batch 2: E -114.46203979  dim 571x571=326041  S^2 3.77e-03  t 103.8s (reused)
[C3H4_rxn2391_TS] exact_s4 batch 3: E -114.46203979  dim 571x571=326041  S^2 3.77e-03  t 103.8s (reused)
[C3H4_rxn2391_TS] exact_s4 batch 4: E -114.46203979  dim 571x571=326041  S^2 3.77e-03  t 103.8s (reused)
[C3H4_rxn2391_TS] exact_s4 batch 5: E -114.46203979  dim 571x571=326041  S^2 3.77e-03  t 103.8s (reused)
[C3H4_rxn2391_TS] exact_s4 batch 6: E -114.46203979  dim 571x571=326041  S^2 3.77e-03  t 103.8s (reused)
[C3H4_rxn2391_TS] exact_s4 batch 7: E -114.46203979  dim 571x571=326041  S^2 3.77e-03  t 103.8s (reused)
[C3H4_rxn2391_TS] exact_s4 batch 8: E -114.46203979  dim 571x571=326041  S^2 3.77e-03  t 103.8s (reused)
[C3H4_rxn2391_TS] exact_s4 batch 9: E -114.46203979  dim 571x571=326041  S^2 3.77e-03  t 103.8s (reused)
[C3H4_rxn2391_TS] exact_s5 batch 0: E -114.46140017  dim 553x553=305809  S^2 4.28e-03  t 104.3s
[C3H4_rxn2391_TS] exact_s5 batch 1: E -114.46140017  dim 553x553=305809  S^2 4.28e-03  t 104.3s (reused)
[C3H4_rxn2391_TS] exact_s5 batch 2: E -114.46140017  dim 553x553=305809  S^2 4.28e-03  t 104.3s (reused)
[C3H4_rxn2391_TS] exact_s5 batch 3: E -114.46140017  dim 553x553=305809  S^2 4.28e-03  t 104.3s (reused)
[C3H4_rxn2391_TS] exact_s5 batch 4: E -114.46140017  dim 553x553=305809  S^2 4.28e-03  t 104.3s (reused)
[C3H4_rxn2391_TS] exact_s5 batch 5: E -114.46140017  dim 553x553=305809  S^2 4.28e-03  t 104.3s (reused)
[C3H4_rxn2391_TS] exact_s5 batch 6: E -114.46140017  dim 553x553=305809  S^2 4.28e-03  t 104.3s (reused)
[C3H4_rxn2391_TS] exact_s5 batch 7: E -114.46140017  dim 553x553=305809  S^2 4.28e-03  t 104.3s (reused)
[C3H4_rxn2391_TS] exact_s5 batch 8: E -114.46140017  dim 553x553=305809  S^2 4.28e-03  t 104.3s (reused)
[C3H4_rxn2391_TS] exact_s5 batch 9: E -114.46140017  dim 553x553=305809  S^2 4.28e-03  t 104.3s (reused)
[C3H4_rxn2391_TS] exact_s6 batch 0: E -114.46137838  dim 580x580=336400  S^2 4.13e-03  t 102.5s
[C3H4_rxn2391_TS] exact_s6 batch 1: E -114.46137838  dim 580x580=336400  S^2 4.13e-03  t 102.5s (reused)
[C3H4_rxn2391_TS] exact_s6 batch 2: E -114.46137838  dim 580x580=336400  S^2 4.13e-03  t 102.5s (reused)
[C3H4_rxn2391_TS] exact_s6 batch 3: E -114.46137838  dim 580x580=336400  S^2 4.13e-03  t 102.5s (reused)
[C3H4_rxn2391_TS] exact_s6 batch 4: E -114.46137838  dim 580x580=336400  S^2 4.13e-03  t 102.5s (reused)
[C3H4_rxn2391_TS] exact_s6 batch 5: E -114.46137838  dim 580x580=336400  S^2 4.13e-03  t 102.5s (reused)
[C3H4_rxn2391_TS] exact_s6 batch 6: E -114.46137838  dim 580x580=336400  S^2 4.13e-03  t 102.5s (reused)
[C3H4_rxn2391_TS] exact_s6 batch 7: E -114.46137838  dim 580x580=336400  S^2 4.13e-03  t 102.5s (reused)
[C3H4_rxn2391_TS] exact_s6 batch 8: E -114.46137838  dim 580x580=336400  S^2 4.13e-03  t 102.5s (reused)
[C3H4_rxn2391_TS] exact_s6 batch 9: E -114.46137838  dim 580x580=336400  S^2 4.13e-03  t 102.5s (reused)
[C3H4_rxn2391_TS] mps256_s1 batch 0: E -114.46147642  dim 552x552=304704  S^2 4.19e-03  t 104.0s
[C3H4_rxn2391_TS] mps256_s1 batch 1: E -114.46147642  dim 552x552=304704  S^2 4.19e-03  t 104.0s (reused)
[C3H4_rxn2391_TS] mps256_s1 batch 2: E -114.46147642  dim 552x552=304704  S^2 4.19e-03  t 104.0s (reused)
[C3H4_rxn2391_TS] mps256_s1 batch 3: E -114.46147642  dim 552x552=304704  S^2 4.19e-03  t 104.0s (reused)
[C3H4_rxn2391_TS] mps256_s1 batch 4: E -114.46147642  dim 552x552=304704  S^2 4.19e-03  t 104.0s (reused)
[C3H4_rxn2391_TS] mps256_s1 batch 5: E -114.46147642  dim 552x552=304704  S^2 4.19e-03  t 104.0s (reused)
[C3H4_rxn2391_TS] mps256_s1 batch 6: E -114.46147642  dim 552x552=304704  S^2 4.19e-03  t 104.0s (reused)
[C3H4_rxn2391_TS] mps256_s1 batch 7: E -114.46147642  dim 552x552=304704  S^2 4.19e-03  t 104.0s (reused)
[C3H4_rxn2391_TS] mps256_s1 batch 8: E -114.46147642  dim 552x552=304704  S^2 4.19e-03  t 104.0s (reused)
[C3H4_rxn2391_TS] mps256_s1 batch 9: E -114.46147642  dim 552x552=304704  S^2 4.19e-03  t 104.0s (reused)
[C3H4_rxn2391_TS] mps256_s2 batch 0: E -114.46163478  dim 560x560=313600  S^2 4.12e-03  t 99.6s
[C3H4_rxn2391_TS] mps256_s2 batch 1: E -114.46163478  dim 560x560=313600  S^2 4.12e-03  t 99.6s (reused)
[C3H4_rxn2391_TS] mps256_s2 batch 2: E -114.46163478  dim 560x560=313600  S^2 4.12e-03  t 99.6s (reused)
[C3H4_rxn2391_TS] mps256_s2 batch 3: E -114.46163478  dim 560x560=313600  S^2 4.12e-03  t 99.6s (reused)
[C3H4_rxn2391_TS] mps256_s2 batch 4: E -114.46163478  dim 560x560=313600  S^2 4.12e-03  t 99.6s (reused)
[C3H4_rxn2391_TS] mps256_s2 batch 5: E -114.46163478  dim 560x560=313600  S^2 4.12e-03  t 99.6s (reused)
[C3H4_rxn2391_TS] mps256_s2 batch 6: E -114.46163478  dim 560x560=313600  S^2 4.12e-03  t 99.6s (reused)
[C3H4_rxn2391_TS] mps256_s2 batch 7: E -114.46163478  dim 560x560=313600  S^2 4.12e-03  t 99.6s (reused)
[C3H4_rxn2391_TS] mps256_s2 batch 8: E -114.46163478  dim 560x560=313600  S^2 4.12e-03  t 99.6s (reused)
[C3H4_rxn2391_TS] mps256_s2 batch 9: E -114.46163478  dim 560x560=313600  S^2 4.12e-03  t 99.6s (reused)
[C3H4_rxn2391_TS] mps256_s3 batch 0: E -114.46136554  dim 554x554=306916  S^2 4.19e-03  t 105.5s
[C3H4_rxn2391_TS] mps256_s3 batch 1: E -114.46136554  dim 554x554=306916  S^2 4.19e-03  t 105.5s (reused)
[C3H4_rxn2391_TS] mps256_s3 batch 2: E -114.46136554  dim 554x554=306916  S^2 4.19e-03  t 105.5s (reused)
[C3H4_rxn2391_TS] mps256_s3 batch 3: E -114.46136554  dim 554x554=306916  S^2 4.19e-03  t 105.5s (reused)
[C3H4_rxn2391_TS] mps256_s3 batch 4: E -114.46136554  dim 554x554=306916  S^2 4.19e-03  t 105.5s (reused)
[C3H4_rxn2391_TS] mps256_s3 batch 5: E -114.46136554  dim 554x554=306916  S^2 4.19e-03  t 105.5s (reused)
[C3H4_rxn2391_TS] mps256_s3 batch 6: E -114.46136554  dim 554x554=306916  S^2 4.19e-03  t 105.5s (reused)
[C3H4_rxn2391_TS] mps256_s3 batch 7: E -114.46136554  dim 554x554=306916  S^2 4.19e-03  t 105.5s (reused)
[C3H4_rxn2391_TS] mps256_s3 batch 8: E -114.46136554  dim 554x554=306916  S^2 4.19e-03  t 105.5s (reused)
[C3H4_rxn2391_TS] mps256_s3 batch 9: E -114.46136554  dim 554x554=306916  S^2 4.19e-03  t 105.5s (reused)
[C3H4_rxn2391_TS] mps256_s4 batch 0: E -114.46087211  dim 541x541=292681  S^2 4.49e-03  t 91.5s
[C3H4_rxn2391_TS] mps256_s4 batch 1: E -114.46087211  dim 541x541=292681  S^2 4.49e-03  t 91.5s (reused)
[C3H4_rxn2391_TS] mps256_s4 batch 2: E -114.46087211  dim 541x541=292681  S^2 4.49e-03  t 91.5s (reused)
[C3H4_rxn2391_TS] mps256_s4 batch 3: E -114.46087211  dim 541x541=292681  S^2 4.49e-03  t 91.5s (reused)
[C3H4_rxn2391_TS] mps256_s4 batch 4: E -114.46087211  dim 541x541=292681  S^2 4.49e-03  t 91.5s (reused)
[C3H4_rxn2391_TS] mps256_s4 batch 5: E -114.46087211  dim 541x541=292681  S^2 4.49e-03  t 91.5s (reused)
[C3H4_rxn2391_TS] mps256_s4 batch 6: E -114.46087211  dim 541x541=292681  S^2 4.49e-03  t 91.5s (reused)
[C3H4_rxn2391_TS] mps256_s4 batch 7: E -114.46087211  dim 541x541=292681  S^2 4.49e-03  t 91.5s (reused)
[C3H4_rxn2391_TS] mps256_s4 batch 8: E -114.46087211  dim 541x541=292681  S^2 4.49e-03  t 91.5s (reused)
[C3H4_rxn2391_TS] mps256_s4 batch 9: E -114.46087211  dim 541x541=292681  S^2 4.49e-03  t 91.5s (reused)
[C3H4_rxn2391_TS] mps256_s5 batch 0: E -114.46140446  dim 534x534=285156  S^2 4.20e-03  t 95.9s
[C3H4_rxn2391_TS] mps256_s5 batch 1: E -114.46140446  dim 534x534=285156  S^2 4.20e-03  t 95.9s (reused)
[C3H4_rxn2391_TS] mps256_s5 batch 2: E -114.46140446  dim 534x534=285156  S^2 4.20e-03  t 95.9s (reused)
[C3H4_rxn2391_TS] mps256_s5 batch 3: E -114.46140446  dim 534x534=285156  S^2 4.20e-03  t 95.9s (reused)
[C3H4_rxn2391_TS] mps256_s5 batch 4: E -114.46140446  dim 534x534=285156  S^2 4.20e-03  t 95.9s (reused)
[C3H4_rxn2391_TS] mps256_s5 batch 5: E -114.46140446  dim 534x534=285156  S^2 4.20e-03  t 95.9s (reused)
[C3H4_rxn2391_TS] mps256_s5 batch 6: E -114.46140446  dim 534x534=285156  S^2 4.20e-03  t 95.9s (reused)
[C3H4_rxn2391_TS] mps256_s5 batch 7: E -114.46140446  dim 534x534=285156  S^2 4.20e-03  t 95.9s (reused)
[C3H4_rxn2391_TS] mps256_s5 batch 8: E -114.46140446  dim 534x534=285156  S^2 4.20e-03  t 95.9s (reused)
[C3H4_rxn2391_TS] mps256_s5 batch 9: E -114.46140446  dim 534x534=285156  S^2 4.20e-03  t 95.9s (reused)
[C3H4_rxn2391_TS] mps256_s6 batch 0: E -114.46096316  dim 522x522=272484  S^2 4.40e-03  t 90.1s
[C3H4_rxn2391_TS] mps256_s6 batch 1: E -114.46096316  dim 522x522=272484  S^2 4.40e-03  t 90.1s (reused)
[C3H4_rxn2391_TS] mps256_s6 batch 2: E -114.46096316  dim 522x522=272484  S^2 4.40e-03  t 90.1s (reused)
[C3H4_rxn2391_TS] mps256_s6 batch 3: E -114.46096316  dim 522x522=272484  S^2 4.40e-03  t 90.1s (reused)
[C3H4_rxn2391_TS] mps256_s6 batch 4: E -114.46096316  dim 522x522=272484  S^2 4.40e-03  t 90.1s (reused)
[C3H4_rxn2391_TS] mps256_s6 batch 5: E -114.46096316  dim 522x522=272484  S^2 4.40e-03  t 90.1s (reused)
[C3H4_rxn2391_TS] mps256_s6 batch 6: E -114.46096316  dim 522x522=272484  S^2 4.40e-03  t 90.1s (reused)
[C3H4_rxn2391_TS] mps256_s6 batch 7: E -114.46096316  dim 522x522=272484  S^2 4.40e-03  t 90.1s (reused)
[C3H4_rxn2391_TS] mps256_s6 batch 8: E -114.46096316  dim 522x522=272484  S^2 4.40e-03  t 90.1s (reused)
[C3H4_rxn2391_TS] mps256_s6 batch 9: E -114.46096316  dim 522x522=272484  S^2 4.40e-03  t 90.1s (reused)
[C3H4_rxn2391_TS] mps64_s1 batch 0: E -114.45857762  dim 458x458=209764  S^2 5.30e-03  t 74.8s
[C3H4_rxn2391_TS] mps64_s1 batch 1: E -114.45857762  dim 458x458=209764  S^2 5.30e-03  t 74.8s (reused)
[C3H4_rxn2391_TS] mps64_s1 batch 2: E -114.45857762  dim 458x458=209764  S^2 5.30e-03  t 74.8s (reused)
[C3H4_rxn2391_TS] mps64_s1 batch 3: E -114.45857762  dim 458x458=209764  S^2 5.30e-03  t 74.8s (reused)
[C3H4_rxn2391_TS] mps64_s1 batch 4: E -114.45857762  dim 458x458=209764  S^2 5.30e-03  t 74.8s (reused)
[C3H4_rxn2391_TS] mps64_s1 batch 5: E -114.45857762  dim 458x458=209764  S^2 5.30e-03  t 74.8s (reused)
[C3H4_rxn2391_TS] mps64_s1 batch 6: E -114.45857762  dim 458x458=209764  S^2 5.30e-03  t 74.8s (reused)
[C3H4_rxn2391_TS] mps64_s1 batch 7: E -114.45857762  dim 458x458=209764  S^2 5.30e-03  t 74.8s (reused)
[C3H4_rxn2391_TS] mps64_s1 batch 8: E -114.45857762  dim 458x458=209764  S^2 5.30e-03  t 74.8s (reused)
[C3H4_rxn2391_TS] mps64_s1 batch 9: E -114.45857762  dim 458x458=209764  S^2 5.30e-03  t 74.8s (reused)
[C3H4_rxn2391_TS] mps64_s2 batch 0: E -114.45875646  dim 466x466=217156  S^2 5.24e-03  t 82.4s
[C3H4_rxn2391_TS] mps64_s2 batch 1: E -114.45875646  dim 466x466=217156  S^2 5.24e-03  t 82.4s (reused)
[C3H4_rxn2391_TS] mps64_s2 batch 2: E -114.45875646  dim 466x466=217156  S^2 5.24e-03  t 82.4s (reused)
[C3H4_rxn2391_TS] mps64_s2 batch 3: E -114.45875646  dim 466x466=217156  S^2 5.24e-03  t 82.4s (reused)
[C3H4_rxn2391_TS] mps64_s2 batch 4: E -114.45875646  dim 466x466=217156  S^2 5.24e-03  t 82.4s (reused)
[C3H4_rxn2391_TS] mps64_s2 batch 5: E -114.45875646  dim 466x466=217156  S^2 5.24e-03  t 82.4s (reused)
[C3H4_rxn2391_TS] mps64_s2 batch 6: E -114.45875646  dim 466x466=217156  S^2 5.24e-03  t 82.4s (reused)
[C3H4_rxn2391_TS] mps64_s2 batch 7: E -114.45875646  dim 466x466=217156  S^2 5.24e-03  t 82.4s (reused)
[C3H4_rxn2391_TS] mps64_s2 batch 8: E -114.45875646  dim 466x466=217156  S^2 5.24e-03  t 82.4s (reused)
[C3H4_rxn2391_TS] mps64_s2 batch 9: E -114.45875646  dim 466x466=217156  S^2 5.24e-03  t 82.4s (reused)
[C3H4_rxn2391_TS] mps64_s3 batch 0: E -114.45836638  dim 485x485=235225  S^2 5.56e-03  t 83.4s
[C3H4_rxn2391_TS] mps64_s3 batch 1: E -114.45836638  dim 485x485=235225  S^2 5.56e-03  t 83.4s (reused)
[C3H4_rxn2391_TS] mps64_s3 batch 2: E -114.45836638  dim 485x485=235225  S^2 5.56e-03  t 83.4s (reused)
[C3H4_rxn2391_TS] mps64_s3 batch 3: E -114.45836638  dim 485x485=235225  S^2 5.56e-03  t 83.4s (reused)
[C3H4_rxn2391_TS] mps64_s3 batch 4: E -114.45836638  dim 485x485=235225  S^2 5.56e-03  t 83.4s (reused)
[C3H4_rxn2391_TS] mps64_s3 batch 5: E -114.45836638  dim 485x485=235225  S^2 5.56e-03  t 83.4s (reused)
[C3H4_rxn2391_TS] mps64_s3 batch 6: E -114.45836638  dim 485x485=235225  S^2 5.56e-03  t 83.4s (reused)
[C3H4_rxn2391_TS] mps64_s3 batch 7: E -114.45836638  dim 485x485=235225  S^2 5.56e-03  t 83.4s (reused)
[C3H4_rxn2391_TS] mps64_s3 batch 8: E -114.45836638  dim 485x485=235225  S^2 5.56e-03  t 83.4s (reused)
[C3H4_rxn2391_TS] mps64_s3 batch 9: E -114.45836638  dim 485x485=235225  S^2 5.56e-03  t 83.4s (reused)
[C3H4_rxn2391_TS] mps64_s4 batch 0: E -114.45898494  dim 484x484=234256  S^2 5.06e-03  t 93.1s
[C3H4_rxn2391_TS] mps64_s4 batch 1: E -114.45898494  dim 484x484=234256  S^2 5.06e-03  t 93.1s (reused)
[C3H4_rxn2391_TS] mps64_s4 batch 2: E -114.45898494  dim 484x484=234256  S^2 5.06e-03  t 93.1s (reused)
[C3H4_rxn2391_TS] mps64_s4 batch 3: E -114.45898494  dim 484x484=234256  S^2 5.06e-03  t 93.1s (reused)
[C3H4_rxn2391_TS] mps64_s4 batch 4: E -114.45898494  dim 484x484=234256  S^2 5.06e-03  t 93.1s (reused)
[C3H4_rxn2391_TS] mps64_s4 batch 5: E -114.45898494  dim 484x484=234256  S^2 5.06e-03  t 93.1s (reused)
[C3H4_rxn2391_TS] mps64_s4 batch 6: E -114.45898494  dim 484x484=234256  S^2 5.06e-03  t 93.1s (reused)
[C3H4_rxn2391_TS] mps64_s4 batch 7: E -114.45898494  dim 484x484=234256  S^2 5.06e-03  t 93.1s (reused)
[C3H4_rxn2391_TS] mps64_s4 batch 8: E -114.45898494  dim 484x484=234256  S^2 5.06e-03  t 93.1s (reused)
[C3H4_rxn2391_TS] mps64_s4 batch 9: E -114.45898494  dim 484x484=234256  S^2 5.06e-03  t 93.1s (reused)
[C3H4_rxn2391_TS] mps64_s5 batch 0: E -114.45894300  dim 461x461=212521  S^2 5.15e-03  t 82.7s
[C3H4_rxn2391_TS] mps64_s5 batch 1: E -114.45894300  dim 461x461=212521  S^2 5.15e-03  t 82.7s (reused)
[C3H4_rxn2391_TS] mps64_s5 batch 2: E -114.45894300  dim 461x461=212521  S^2 5.15e-03  t 82.7s (reused)
[C3H4_rxn2391_TS] mps64_s5 batch 3: E -114.45894300  dim 461x461=212521  S^2 5.15e-03  t 82.7s (reused)
[C3H4_rxn2391_TS] mps64_s5 batch 4: E -114.45894300  dim 461x461=212521  S^2 5.15e-03  t 82.7s (reused)
[C3H4_rxn2391_TS] mps64_s5 batch 5: E -114.45894300  dim 461x461=212521  S^2 5.15e-03  t 82.7s (reused)
[C3H4_rxn2391_TS] mps64_s5 batch 6: E -114.45894300  dim 461x461=212521  S^2 5.15e-03  t 82.7s (reused)
[C3H4_rxn2391_TS] mps64_s5 batch 7: E -114.45894300  dim 461x461=212521  S^2 5.15e-03  t 82.7s (reused)
[C3H4_rxn2391_TS] mps64_s5 batch 8: E -114.45894300  dim 461x461=212521  S^2 5.15e-03  t 82.7s (reused)
[C3H4_rxn2391_TS] mps64_s5 batch 9: E -114.45894300  dim 461x461=212521  S^2 5.15e-03  t 82.7s (reused)
[C3H4_rxn2391_TS] mps64_s6 batch 0: E -114.45882634  dim 462x462=213444  S^2 5.13e-03  t 75.6s
[C3H4_rxn2391_TS] mps64_s6 batch 1: E -114.45882634  dim 462x462=213444  S^2 5.13e-03  t 75.6s (reused)
[C3H4_rxn2391_TS] mps64_s6 batch 2: E -114.45882634  dim 462x462=213444  S^2 5.13e-03  t 75.6s (reused)
[C3H4_rxn2391_TS] mps64_s6 batch 3: E -114.45882634  dim 462x462=213444  S^2 5.13e-03  t 75.6s (reused)
[C3H4_rxn2391_TS] mps64_s6 batch 4: E -114.45882634  dim 462x462=213444  S^2 5.13e-03  t 75.6s (reused)
[C3H4_rxn2391_TS] mps64_s6 batch 5: E -114.45882634  dim 462x462=213444  S^2 5.13e-03  t 75.6s (reused)
[C3H4_rxn2391_TS] mps64_s6 batch 6: E -114.45882634  dim 462x462=213444  S^2 5.13e-03  t 75.6s (reused)
[C3H4_rxn2391_TS] mps64_s6 batch 7: E -114.45882634  dim 462x462=213444  S^2 5.13e-03  t 75.6s (reused)
[C3H4_rxn2391_TS] mps64_s6 batch 8: E -114.45882634  dim 462x462=213444  S^2 5.13e-03  t 75.6s (reused)
[C3H4_rxn2391_TS] mps64_s6 batch 9: E -114.45882634  dim 462x462=213444  S^2 5.13e-03  t 75.6s (reused)
