  C2HNO_rxn4439_P__rl4n29f__s0         lin    b0  E -203.08954983  dim 536^2  S2 6.8e-03  55.0s  [1 solved, 56s]
  C2HNO_rxn4439_P__truncated__s1       lin    b0  E -203.01059212  dim 93^2  S2 2.5e-02  4.5s  [2 solved, 61s]
  C2HNO_rxn4439_P__label__s1           lin    b0  E -203.09284437  dim 626^2  S2 5.3e-03  61.4s  [3 solved, 123s]
  C2HNO_rxn4439_P__rl4n29f__s1         lin    b0  E -203.09088648  dim 537^2  S2 6.0e-03  44.7s  [4 solved, 168s]
  C2HNO_rxn4439_P__label__s2           lin    b0  E -203.09295107  dim 603^2  S2 5.1e-03  55.9s  [5 solved, 224s]
  C2HNO_rxn4439_P__pre4__s2            lin    b0  E -203.09146554  dim 526^2  S2 5.3e-03  46.3s  [6 solved, 270s]
  C2HNO_rxn4439_P__rl4L__s2            lin    b0  E -203.09355714  dim 683^2  S2 5.4e-03  67.8s  [7 solved, 338s]
  C2HNO_rxn4439_P__rl4n29f__s2         lin    b0  E -203.09025424  dim 539^2  S2 6.3e-03  43.0s  [8 solved, 382s]
  C2HNO_rxn4439_P__truncated__s3       lin    b0  E -203.01231263  dim 88^2  S2 2.9e-02  2.0s  [9 solved, 384s]
  C2HNO_rxn4439_P__cdf_lin__s3         lin    b0  E -203.09435508  dim 1033^2  S2 5.4e-03  131.6s  [10 solved, 516s]
  C2HNO_rxn4439_P__cdf_lin__s3         lin    b1  E -203.09393217  dim 964^2  S2 5.4e-03  112.4s  [11 solved, 628s]
  C2HNO_rxn4439_P__cdf_lin__s3         lin    b2  E -203.09330066  dim 1017^2  S2 6.1e-03  135.1s  [12 solved, 764s]
  C2HNO_rxn4439_P__cdf_lin__s3         lin    b3  E -203.09330823  dim 966^2  S2 5.4e-03  116.0s  [13 solved, 880s]
  C2HNO_rxn4439_P__cdf_lin__s3         lin    b4  E -203.09392375  dim 1002^2  S2 5.4e-03  127.7s  [14 solved, 1008s]
  C2HNO_rxn4439_P__cdf_lin__s3         lin    b5  E -203.09279720  dim 986^2  S2 6.1e-03  120.2s  [15 solved, 1128s]
  C2HNO_rxn4439_P__cdf_lin__s3         lin    b6  E -203.09320717  dim 1004^2  S2 5.9e-03  125.8s  [16 solved, 1254s]
  C2HNO_rxn4439_P__cdf_lin__s3         lin    b7  E -203.09415650  dim 997^2  S2 5.6e-03  125.1s  [17 solved, 1379s]
  C2HNO_rxn4439_P__cdf_lin__s3         lin    b8  E -203.09357554  dim 964^2  S2 5.4e-03  117.9s  [18 solved, 1498s]
  C2HNO_rxn4439_P__cdf_lin__s3         lin    b9  E -203.09320248  dim 975^2  S2 5.6e-03  120.4s  [19 solved, 1618s]
  C2HNO_rxn4439_TS__rl4L__s0           lin    b0  E -203.02047379  dim 826^2  S2 6.5e-03  111.9s  [1 solved, 112s]
  C2HNO_rxn4439_R__rl4L__s1            lin    b0  E -203.18598759  dim 571^2  S2 4.3e-03  54.1s  [2 solved, 166s]
  C2HNO_rxn4439_TS__rl4L__s1           lin    b0  E -203.02109545  dim 846^2  S2 6.7e-03  113.8s  [3 solved, 281s]
  C2HNO_rxn4439_R__truncated__s2       lin    b0  E -203.10980352  dim 65^2  S2 3.8e-02  1.8s  [4 solved, 283s]
  C2HNO_rxn4439_R__label__s2           lin    b0  E -203.18384108  dim 533^2  S2 5.5e-03  42.6s  [5 solved, 326s]
  C2HNO_rxn4439_TS__truncated__s2      lin    b0  E -202.94442206  dim 116^2  S2 3.4e-02  6.1s  [6 solved, 332s]
  C2HNO_rxn4439_TS__cdf_lin__s2        lin    b0  E -203.01849328  dim 1143^2  S2 6.7e-03  173.7s  [7 solved, 506s]
  C2HNO_rxn4439_TS__cdf_lin__s2        lin    b1  E -203.01899469  dim 1181^2  S2 6.7e-03  186.5s  [8 solved, 693s]
  C2HNO_rxn4439_TS__cdf_lin__s2        lin    b2  E -203.01710127  dim 1143^2  S2 7.6e-03  185.1s  [9 solved, 878s]
  C2HNO_rxn4439_TS__cdf_lin__s2        lin    b3  E -203.01734485  dim 1143^2  S2 7.7e-03  181.6s  [10 solved, 1060s]
  C2HNO_rxn4439_TS__cdf_lin__s2        lin    b4  E -203.01920498  dim 1143^2  S2 6.6e-03  182.0s  [11 solved, 1242s]
  C2HNO_rxn4439_TS__cdf_lin__s2        lin    b5  E -203.01620822  dim 1150^2  S2 7.4e-03  186.4s  [12 solved, 1429s]
  C2HNO_rxn4439_TS__cdf_lin__s2        lin    b6  E -203.01749994  dim 1182^2  S2 7.5e-03  198.6s  [13 solved, 1628s]
  C2HNO_rxn4439_TS__cdf_lin__s2        lin    b7  E -203.01801784  dim 1126^2  S2 7.3e-03  180.1s  [14 solved, 1809s]
  C2HNO_rxn4439_TS__cdf_lin__s2        lin    b8  E -203.01652690  dim 1139^2  S2 7.7e-03  179.5s  [15 solved, 1988s]
  C2HNO_rxn4439_TS__cdf_lin__s2        lin    b9  E -203.01884802  dim 1162^2  S2 7.1e-03  186.8s  [16 solved, 2176s]
  C2HNO_rxn4440_P__rl4L__s4            lin    b0  E -203.20063818  dim 514^2  S2 2.4e-03  42.1s  [17 solved, 2218s]
  C2HNO_rxn4440_P__rl4n29f__s0         lin    b0  E -203.19933374  dim 426^2  S2 2.9e-03  30.2s  [1 solved, 30s]
  C2HNO_rxn4440_R__pre4__s0            lin    b0  E -203.18501967  dim 494^2  S2 4.6e-03  40.0s  [2 solved, 71s]
  C2HNO_rxn4440_R__rl4n29f__s0         lin    b0  E -203.18356850  dim 477^2  S2 5.7e-03  37.6s  [3 solved, 108s]
  C2HNO_rxn4440_TS__label__s0          lin    b0  E -203.02907792  dim 588^2  S2 5.2e-03  62.3s  [4 solved, 171s]
  C2HNO_rxn4440_TS__rl4L__s0           lin    b0  E -203.03142176  dim 650^2  S2 4.5e-03  76.6s  [5 solved, 248s]
  C2HNO_rxn4441_P__pre4__s0            lin    b0  E -203.13968520  dim 525^2  S2 5.2e-03  44.9s  [6 solved, 293s]
  C2HNO_rxn4441_P__rl4n29f__s0         lin    b0  E -203.13889189  dim 504^2  S2 6.0e-03  40.8s  [7 solved, 334s]
  C2HNO_rxn4441_R__label__s0           lin    b0  E -203.18479047  dim 554^2  S2 5.1e-03  62.5s  [8 solved, 396s]
  C2HNO_rxn4441_R__rl4n29f__s0         lin    b0  E -203.18356850  dim 477^2  S2 5.7e-03  65.8s  [9 solved, 463s]
  C2HNO_rxn4440_P__rl4n29f__s1         lin    b0  E -203.19981522  dim 430^2  S2 3.2e-03  43.7s  [10 solved, 507s]
  C2HNO_rxn4440_R__pre4__s1            lin    b0  E -203.18422801  dim 472^2  S2 5.4e-03  43.5s  [11 solved, 551s]
  C2HNO_rxn4440_R__rl4n29f__s1         lin    b0  E -203.18367956  dim 479^2  S2 5.7e-03  47.5s  [12 solved, 598s]
  C2HNO_rxn4440_TS__pre4__s1           lin    b0  E -203.03152762  dim 590^2  S2 4.5e-03  77.6s  [13 solved, 676s]
  C2HNO_rxn4440_TS__rl4n29f__s1        lin    b0  E -203.02876281  dim 518^2  S2 5.7e-03  53.4s  [14 solved, 730s]
  C2HNO_rxn4441_P__truncated__s1       lin    b0  E -203.05269474  dim 82^2  S2 3.6e-02  1.9s  [15 solved, 732s]
  C2HNO_rxn4441_P__cdf_lin__s1         lin    b0  E -203.14116886  dim 978^2  S2 4.9e-03  125.0s  [16 solved, 857s]
  C2HNO_rxn4441_P__cdf_lin__s1         lin    b1  E -203.14111427  dim 990^2  S2 5.0e-03  123.5s  [17 solved, 981s]
  C2HNO_rxn4441_P__cdf_lin__s1         lin    b2  E -203.14089538  dim 979^2  S2 4.9e-03  122.5s  [18 solved, 1104s]
  C2HNO_rxn4441_P__cdf_lin__s1         lin    b3  E -203.14040387  dim 989^2  S2 5.4e-03  127.2s  [19 solved, 1231s]
  C2HNO_rxn4441_P__cdf_lin__s1         lin    b4  E -203.14164610  dim 965^2  S2 4.7e-03  115.7s  [20 solved, 1347s]
  C2HNO_rxn4441_P__cdf_lin__s1         lin    b5  E -203.14130382  dim 972^2  S2 4.7e-03  118.5s  [21 solved, 1466s]
  C2HNO_rxn4441_P__cdf_lin__s1         lin    b6  E -203.14150680  dim 987^2  S2 4.8e-03  125.4s  [22 solved, 1591s]
  C2HNO_rxn4441_P__cdf_lin__s1         lin    b7  E -203.14146161  dim 983^2  S2 4.6e-03  124.9s  [23 solved, 1716s]
  C2HNO_rxn4441_P__cdf_lin__s1         lin    b8  E -203.14117585  dim 998^2  S2 4.8e-03  122.4s  [24 solved, 1839s]
  C2HNO_rxn4441_P__cdf_lin__s1         lin    b9  E -203.14093040  dim 982^2  S2 4.9e-03  121.7s  [25 solved, 1961s]
  C2HNO_rxn4441_R__rl4n29f__s2         lin    b0  E -203.18319736  dim 471^2  S2 5.6e-03  35.5s  [26 solved, 1997s]
  C2HNO_rxn4440_P__rl4n29f__s3         lin    b0  E -203.19948455  dim 435^2  S2 3.3e-03  29.8s  [27 solved, 2027s]
  C2HNO_rxn4440_R__pre4__s3            lin    b0  E -203.18439252  dim 476^2  S2 5.0e-03  35.6s  [28 solved, 2063s]
  C2HNO_rxn4440_R__rl4n29f__s3         lin    b0  E -203.18419467  dim 477^2  S2 5.3e-03  39.5s  [29 solved, 2102s]
  C2HNO_rxn4440_TS__pre4__s3           lin    b0  E -203.03022552  dim 576^2  S2 4.9e-03  62.9s  [30 solved, 2165s]
  C2HNO_rxn4440_TS__rl4n29f__s3        lin    b0  E -203.02715271  dim 513^2  S2 6.6e-03  49.3s  [31 solved, 2215s]
  C2HNO_rxn4441_P__truncated__s3       lin    b0  E -203.06645648  dim 93^2  S2 3.8e-02  2.1s  [32 solved, 2217s]
  C2HNO_rxn4441_P__cdf_lin__s3         lin    b0  E -203.14049255  dim 1021^2  S2 5.0e-03  136.8s  [33 solved, 2354s]
  C2HNO_rxn4441_P__cdf_lin__s3         lin    b1  E -203.14068169  dim 970^2  S2 5.1e-03  122.7s  [34 solved, 2477s]
  C2HNO_rxn4441_P__cdf_lin__s3         lin    b2  E -203.14020183  dim 994^2  S2 5.5e-03  127.0s  [35 solved, 2605s]
  C2HNO_rxn4441_P__cdf_lin__s3         lin    b3  E -203.14074847  dim 958^2  S2 5.0e-03  117.3s  [36 solved, 2722s]
  C2HNO_rxn4441_P__cdf_lin__s3         lin    b4  E -203.14048603  dim 971^2  S2 4.9e-03  116.4s  [37 solved, 2839s]
  C2HNO_rxn4441_P__cdf_lin__s3         lin    b5  E -203.14121294  dim 985^2  S2 4.9e-03  123.5s  [38 solved, 2963s]
  C2HNO_rxn4441_P__cdf_lin__s3         lin    b6  E -203.14067664  dim 968^2  S2 4.8e-03  118.8s  [39 solved, 3082s]
  C2HNO_rxn4441_P__cdf_lin__s3         lin    b7  E -203.14048548  dim 982^2  S2 5.1e-03  120.7s  [40 solved, 3203s]
  C2HNO_rxn4441_P__cdf_lin__s3         lin    b8  E -203.14136972  dim 1004^2  S2 4.5e-03  126.4s  [41 solved, 3329s]
  C2HNO_rxn4441_P__cdf_lin__s3         lin    b9  E -203.14116714  dim 980^2  S2 4.9e-03  120.4s  [42 solved, 3450s]
  C2HNO_rxn4441_R__rl4n29f__s4         lin    b0  E -203.18352582  dim 448^2  S2 5.5e-03  30.5s  [43 solved, 3481s]
  C2HNO_rxn4442_R__pre4__s0            lin    b0  E -203.18501967  dim 494^2  S2 4.6e-03  39.7s  [1 solved, 40s]
  C2HNO_rxn4442_R__rl4n29f__s0         lin    b0  E -203.18356850  dim 477^2  S2 5.7e-03  37.3s  [2 solved, 77s]
  C2HNO_rxn4442_TS__truncated__s0      lin    b0  E -202.94729684  dim 132^2  S2 3.2e-02  4.1s  [3 solved, 81s]
  C2HNO_rxn4442_TS__pre4__s0           lin    b0  E -203.00803332  dim 711^2  S2 6.5e-03  84.5s  [4 solved, 166s]
  C2HNO_rxn4442_TS__rl4n29f__s0        lin    b0  E -203.00561880  dim 622^2  S2 7.5e-03  67.2s  [5 solved, 233s]
  C2HNO_rxn4442_R__truncated__s1       lin    b0  E -203.11204378  dim 60^2  S2 3.6e-02  1.0s  [6 solved, 235s]
  C2HNO_rxn4442_R__label__s1           lin    b0  E -203.18450867  dim 546^2  S2 5.0e-03  43.9s  [7 solved, 279s]
  C2HNO_rxn4442_R__rl4L__s1            lin    b0  E -203.18598759  dim 571^2  S2 4.3e-03  54.4s  [8 solved, 333s]
  C2HNO_rxn4442_TS__label__s1          lin    b0  E -203.00745313  dim 719^2  S2 7.0e-03  83.5s  [9 solved, 417s]
  C2HNO_rxn4442_TS__rl4n29f__s1        lin    b0  E -203.00669187  dim 639^2  S2 7.2e-03  69.4s  [10 solved, 486s]
  C2HNO_rxn4442_P__truncated__s2       lin    b0  E -202.96819440  dim 87^2  S2 2.6e-02  1.9s  [11 solved, 489s]
  C2HNO_rxn4442_P__label__s2           lin    b0  E -203.05817683  dim 581^2  S2 5.3e-03  52.7s  [12 solved, 542s]
  C2HNO_rxn4442_P__rl4L__s2            lin    b0  E -203.05944877  dim 626^2  S2 5.1e-03  57.2s  [13 solved, 599s]
  C2HNO_rxn4442_R__pre4__s2            lin    b0  E -203.18458630  dim 482^2  S2 5.0e-03  38.3s  [14 solved, 637s]
  C2HNO_rxn4442_R__rl4n29f__s2         lin    b0  E -203.18319736  dim 471^2  S2 5.6e-03  35.7s  [15 solved, 673s]
  C2HNO_rxn4442_TS__truncated__s2      lin    b0  E -202.94473594  dim 133^2  S2 3.3e-02  4.5s  [16 solved, 678s]
  C2HNO_rxn4442_TS__label__s2          lin    b0  E -203.00762851  dim 714^2  S2 6.7e-03  87.2s  [17 solved, 765s]
  C2HNO_rxn4442_TS__rl4L__s2           lin    b0  E -203.00912273  dim 731^2  S2 6.3e-03  90.0s  [18 solved, 855s]
  C2HNO_rxn4442_P__rl4L__s3            lin    b0  E -203.05926154  dim 627^2  S2 5.4e-03  58.8s  [19 solved, 914s]
  C2HNO_rxn4442_R__pre4__s3            lin    b0  E -203.18439252  dim 476^2  S2 5.0e-03  36.6s  [20 solved, 951s]
  C2HNO_rxn4442_R__rl4n29f__s3         lin    b0  E -203.18419467  dim 477^2  S2 5.3e-03  37.0s  [21 solved, 988s]
  C2HNO_rxn4442_TS__label__s3          lin    b0  E -203.00788729  dim 748^2  S2 6.5e-03  92.7s  [22 solved, 1081s]
  C2HNO_rxn4442_TS__rl4L__s3           lin    b0  E -203.00888516  dim 753^2  S2 6.3e-03  93.6s  [23 solved, 1175s]
  C2HNO_rxn4442_P__pre4__s4            lin    b0  E -203.05869353  dim 576^2  S2 5.0e-03  47.2s  [24 solved, 1222s]
  C2HNO_rxn4442_P__rl4n29f__s4         lin    b0  E -203.05752367  dim 535^2  S2 5.6e-03  44.2s  [25 solved, 1267s]
  C2HNO_rxn4442_R__cdf_lin__s4         lin    b0  E -203.18673425  dim 1064^2  S2 5.0e-03  139.5s  [26 solved, 1407s]
  C2HNO_rxn4442_R__cdf_lin__s4         lin    b1  E -203.18594328  dim 1098^2  S2 5.3e-03  146.2s  [27 solved, 1553s]
  C2HNO_rxn4442_R__cdf_lin__s4         lin    b2  E -203.18734977  dim 1069^2  S2 4.6e-03  139.1s  [28 solved, 1693s]
  C2HNO_rxn4442_R__cdf_lin__s4         lin    b3  E -203.18751699  dim 1086^2  S2 4.4e-03  145.4s  [29 solved, 1838s]
  C2HNO_rxn4442_R__cdf_lin__s4         lin    b4  E -203.18741406  dim 1082^2  S2 4.5e-03  145.9s  [30 solved, 1984s]
  C2HNO_rxn4442_R__cdf_lin__s4         lin    b5  E -203.18686527  dim 1072^2  S2 4.8e-03  140.7s  [31 solved, 2125s]
  C2HNO_rxn4442_R__cdf_lin__s4         lin    b6  E -203.18719510  dim 1081^2  S2 4.6e-03  142.5s  [32 solved, 2268s]
  C2HNO_rxn4442_R__cdf_lin__s4         lin    b7  E -203.18729425  dim 1076^2  S2 4.6e-03  145.4s  [33 solved, 2414s]
  C2HNO_rxn4442_R__cdf_lin__s4         lin    b8  E -203.18698539  dim 1069^2  S2 4.6e-03  143.9s  [34 solved, 2558s]
  C2HNO_rxn4442_R__cdf_lin__s4         lin    b9  E -203.18709008  dim 1060^2  S2 4.5e-03  139.7s  [35 solved, 2698s]
