  C2HNO_rxn4439_P__pre4__s0            lin    b0  E -203.09062736  dim 562^2  S2 6.4e-03  49.0s  [1 solved, 51s]
  C2HNO_rxn4439_P__truncated__s0       lin    b0  E -203.00854616  dim 95^2  S2 2.9e-02  2.3s  [1 solved, 2s]
  C2HNO_rxn4439_P__label__s0           lin    b0  E -203.09321286  dim 602^2  S2 5.3e-03  66.5s  [2 solved, 69s]
  C2HNO_rxn4439_P__cdf_lin__s1         lin    b0  E -203.09391607  dim 1022^2  S2 5.8e-03  130.3s  [3 solved, 200s]
  C2HNO_rxn4439_P__cdf_lin__s1         lin    b1  E -203.09421971  dim 1029^2  S2 5.5e-03  129.7s  [4 solved, 330s]
  C2HNO_rxn4439_P__cdf_lin__s1         lin    b2  E -203.09442393  dim 1036^2  S2 5.5e-03  129.4s  [5 solved, 459s]
  C2HNO_rxn4439_P__cdf_lin__s1         lin    b3  E -203.09350389  dim 1007^2  S2 5.8e-03  122.7s  [6 solved, 582s]
  C2HNO_rxn4439_P__cdf_lin__s1         lin    b4  E -203.09410916  dim 1012^2  S2 5.8e-03  124.3s  [7 solved, 707s]
  C2HNO_rxn4439_P__cdf_lin__s1         lin    b5  E -203.09508569  dim 1030^2  S2 5.1e-03  136.5s  [8 solved, 844s]
  C2HNO_rxn4439_P__cdf_lin__s1         lin    b6  E -203.09299915  dim 1040^2  S2 6.3e-03  128.0s  [9 solved, 972s]
  C2HNO_rxn4439_P__cdf_lin__s1         lin    b7  E -203.09413380  dim 999^2  S2 5.5e-03  120.9s  [10 solved, 1093s]
  C2HNO_rxn4439_P__cdf_lin__s1         lin    b8  E -203.09384404  dim 1004^2  S2 5.6e-03  125.0s  [11 solved, 1218s]
  C2HNO_rxn4439_P__cdf_lin__s1         lin    b9  E -203.09463332  dim 1007^2  S2 5.4e-03  123.6s  [12 solved, 1342s]
  C2HNO_rxn4439_P__rl4L__s3            lin    b0  E -203.09406971  dim 681^2  S2 5.3e-03  67.1s  [13 solved, 1409s]
  C2HNO_rxn4439_P__pre4__s4            lin    b0  E -203.09175919  dim 540^2  S2 5.6e-03  47.3s  [14 solved, 1457s]
  C2HNO_rxn4439_R__truncated__s0       lin    b0  E -203.11863686  dim 73^2  S2 3.9e-02  3.4s  [1 solved, 3s]
  C2HNO_rxn4439_R__label__s0           lin    b0  E -203.18479047  dim 554^2  S2 5.1e-03  46.7s  [2 solved, 50s]
  C2HNO_rxn4439_R__rl4n29f__s0         lin    b0  E -203.18356850  dim 477^2  S2 5.7e-03  39.1s  [3 solved, 90s]
  C2HNO_rxn4439_TS__label__s0          lin    b0  E -203.01789515  dim 730^2  S2 7.7e-03  83.4s  [4 solved, 173s]
  C2HNO_rxn4440_P__pre4__s0            lin    b0  E -203.19965006  dim 459^2  S2 3.2e-03  37.6s  [5 solved, 211s]
  C2HNO_rxn4440_P__rl4L__s0            lin    b0  E -203.20123172  dim 523^2  S2 2.4e-03  43.7s  [6 solved, 255s]
  C2HNO_rxn4439_R__pre4__s1            lin    b0  E -203.18422801  dim 472^2  S2 5.4e-03  37.5s  [7 solved, 293s]
  C2HNO_rxn4439_TS__truncated__s1      lin    b0  E -202.95412022  dim 113^2  S2 4.3e-02  4.2s  [8 solved, 297s]
  C2HNO_rxn4439_TS__label__s1          lin    b0  E -203.01657249  dim 706^2  S2 7.7e-03  79.0s  [9 solved, 377s]
  C2HNO_rxn4439_TS__rl4n29f__s1        lin    b0  E -203.01718306  dim 677^2  S2 8.1e-03  76.7s  [10 solved, 454s]
  C2HNO_rxn4439_R__pre4__s2            lin    b0  E -203.18458630  dim 482^2  S2 5.0e-03  38.3s  [11 solved, 492s]
  C2HNO_rxn4439_R__rl4n29f__s2         lin    b0  E -203.18319736  dim 471^2  S2 5.6e-03  36.8s  [12 solved, 529s]
  C2HNO_rxn4439_TS__label__s2          lin    b0  E -203.01789144  dim 723^2  S2 7.2e-03  80.4s  [13 solved, 610s]
  C2HNO_rxn4439_TS__rl4L__s2           lin    b0  E -203.02149325  dim 848^2  S2 6.2e-03  110.9s  [14 solved, 721s]
  C2HNO_rxn4440_P__rl4L__s2            lin    b0  E -203.19977645  dim 511^2  S2 2.8e-03  38.4s  [15 solved, 759s]
  C2HNO_rxn4439_R__pre4__s3            lin    b0  E -203.18439252  dim 476^2  S2 5.0e-03  36.0s  [16 solved, 796s]
  C2HNO_rxn4439_R__rl4n29f__s3         lin    b0  E -203.18419467  dim 477^2  S2 5.3e-03  36.8s  [17 solved, 833s]
  C2HNO_rxn4439_TS__label__s3          lin    b0  E -203.01742162  dim 731^2  S2 7.5e-03  79.9s  [18 solved, 913s]
  C2HNO_rxn4439_TS__pre4__s3           lin    b0  E -203.01902937  dim 707^2  S2 6.8e-03  86.0s  [19 solved, 999s]
  C2HNO_rxn4439_TS__rl4L__s3           lin    b0  E -203.02117318  dim 856^2  S2 6.4e-03  116.4s  [20 solved, 1116s]
  C2HNO_rxn4439_TS__rl4n29f__s3        lin    b0  E -203.01871723  dim 676^2  S2 7.4e-03  77.0s  [21 solved, 1193s]
  C2HNO_rxn4440_P__pre4__s3            lin    b0  E -203.19914138  dim 438^2  S2 3.1e-03  31.2s  [22 solved, 1225s]
  C2HNO_rxn4440_P__rl4L__s3            lin    b0  E -203.20064568  dim 509^2  S2 2.5e-03  44.0s  [23 solved, 1269s]
  C2HNO_rxn4439_R__truncated__s4       lin    b0  E -203.11113376  dim 67^2  S2 3.7e-02  1.5s  [24 solved, 1271s]
  C2HNO_rxn4439_R__label__s4           lin    b0  E -203.18486126  dim 560^2  S2 5.0e-03  51.3s  [25 solved, 1322s]
  C2HNO_rxn4439_R__pre4__s4            lin    b0  E -203.18470606  dim 495^2  S2 5.1e-03  42.0s  [26 solved, 1364s]
  C2HNO_rxn4439_R__rl4L__s4            lin    b0  E -203.18605997  dim 584^2  S2 4.4e-03  51.5s  [27 solved, 1416s]
  C2HNO_rxn4439_R__rl4n29f__s4         lin    b0  E -203.18352582  dim 448^2  S2 5.5e-03  31.2s  [28 solved, 1447s]
  C2HNO_rxn4439_TS__truncated__s4      lin    b0  E -202.94800331  dim 106^2  S2 3.8e-02  3.1s  [29 solved, 1453s]
  C2HNO_rxn4439_TS__cdf_lin__s4        lin    b0  E -203.01819079  dim 1149^2  S2 7.1e-03  186.6s  [30 solved, 1641s]
  C2HNO_rxn4439_TS__cdf_lin__s4        lin    b1  E -203.01805480  dim 1105^2  S2 6.7e-03  183.9s  [31 solved, 1826s]
  C2HNO_rxn4439_TS__cdf_lin__s4        lin    b2  E -203.01806347  dim 1122^2  S2 7.0e-03  176.5s  [32 solved, 2002s]
  C2HNO_rxn4439_TS__cdf_lin__s4        lin    b3  E -203.01775263  dim 1125^2  S2 7.1e-03  180.7s  [33 solved, 2183s]
  C2HNO_rxn4439_TS__cdf_lin__s4        lin    b4  E -203.01821068  dim 1117^2  S2 6.9e-03  180.1s  [34 solved, 2364s]
  C2HNO_rxn4439_TS__cdf_lin__s4        lin    b5  E -203.01919459  dim 1159^2  S2 6.4e-03  183.4s  [35 solved, 2547s]
  C2HNO_rxn4439_TS__cdf_lin__s4        lin    b6  E -203.01728550  dim 1136^2  S2 7.4e-03  183.5s  [36 solved, 2731s]
  C2HNO_rxn4439_TS__cdf_lin__s4        lin    b7  E -203.01698184  dim 1120^2  S2 7.4e-03  203.1s  [37 solved, 2935s]
  C2HNO_rxn4439_TS__cdf_lin__s4        lin    b8  E -203.01738422  dim 1162^2  S2 7.3e-03  196.3s  [38 solved, 3131s]
  C2HNO_rxn4439_TS__cdf_lin__s4        lin    b9  E -203.01752211  dim 1128^2  S2 7.2e-03  176.2s  [39 solved, 3308s]
  C2HNO_rxn4441_TS__truncated__s0      lin    b0  E -203.00602086  dim 111^2  S2 3.7e-02  4.2s  [1 solved, 4s]
  C2HNO_rxn4441_TS__cdf_lin__s0        lin    b0  E -203.07496195  dim 943^2  S2 5.9e-03  130.4s  [2 solved, 135s]
  C2HNO_rxn4441_TS__cdf_lin__s0        lin    b1  E -203.07499785  dim 968^2  S2 5.7e-03  136.7s  [3 solved, 272s]
  C2HNO_rxn4441_TS__cdf_lin__s0        lin    b2  E -203.07413497  dim 943^2  S2 6.2e-03  130.4s  [4 solved, 403s]
  C2HNO_rxn4441_TS__cdf_lin__s0        lin    b3  E -203.07444097  dim 965^2  S2 6.2e-03  136.2s  [5 solved, 539s]
  C2HNO_rxn4441_TS__cdf_lin__s0        lin    b4  E -203.07481515  dim 962^2  S2 6.1e-03  133.4s  [6 solved, 673s]
  C2HNO_rxn4441_TS__cdf_lin__s0        lin    b5  E -203.07307233  dim 933^2  S2 7.0e-03  132.4s  [7 solved, 805s]
  C2HNO_rxn4441_TS__cdf_lin__s0        lin    b6  E -203.07417458  dim 955^2  S2 6.4e-03  136.3s  [8 solved, 942s]
  C2HNO_rxn4441_TS__cdf_lin__s0        lin    b7  E -203.07518183  dim 964^2  S2 5.7e-03  134.3s  [9 solved, 1076s]
  C2HNO_rxn4441_TS__cdf_lin__s0        lin    b8  E -203.07463187  dim 955^2  S2 6.0e-03  147.9s  [10 solved, 1225s]
  C2HNO_rxn4441_TS__cdf_lin__s0        lin    b9  E -203.07517649  dim 955^2  S2 5.8e-03  138.0s  [11 solved, 1363s]
  C2HNO_rxn4442_P__truncated__s0       lin    b0  E -202.98519428  dim 83^2  S2 3.0e-02  1.9s  [12 solved, 1365s]
  C2HNO_rxn4442_P__label__s0           lin    b0  E -203.05856260  dim 596^2  S2 5.4e-03  55.2s  [13 solved, 1420s]
  C2HNO_rxn4442_P__pre4__s0            lin    b0  E -203.05730809  dim 541^2  S2 5.6e-03  47.5s  [14 solved, 1468s]
  C2HNO_rxn4442_P__rl4L__s0            lin    b0  E -203.05971279  dim 634^2  S2 4.9e-03  59.9s  [15 solved, 1528s]
  C2HNO_rxn4442_P__rl4n29f__s0         lin    b0  E -203.05811742  dim 522^2  S2 5.9e-03  42.2s  [16 solved, 1571s]
  C2HNO_rxn4441_TS__truncated__s1      lin    b0  E -203.01701602  dim 114^2  S2 3.3e-02  2.9s  [17 solved, 1574s]
  C2HNO_rxn4441_TS__label__s1          lin    b0  E -203.07242721  dim 662^2  S2 6.8e-03  74.2s  [18 solved, 1648s]
  C2HNO_rxn4441_TS__pre4__s1           lin    b0  E -203.07112418  dim 649^2  S2 7.6e-03  69.7s  [19 solved, 1718s]
  C2HNO_rxn4441_TS__rl4L__s1           lin    b0  E -203.07343417  dim 744^2  S2 6.8e-03  94.1s  [20 solved, 1812s]
  C2HNO_rxn4441_TS__rl4n29f__s1        lin    b0  E -203.06928727  dim 595^2  S2 8.6e-03  60.9s  [21 solved, 1873s]
  C2HNO_rxn4442_P__truncated__s1       lin    b0  E -202.96786290  dim 81^2  S2 3.1e-02  1.7s  [22 solved, 1875s]
  C2HNO_rxn4442_P__label__s1           lin    b0  E -203.05796612  dim 596^2  S2 5.4e-03  51.0s  [23 solved, 1927s]
  C2HNO_rxn4442_P__pre4__s1            lin    b0  E -203.05779254  dim 572^2  S2 5.7e-03  51.8s  [24 solved, 1979s]
  C2HNO_rxn4442_P__rl4L__s1            lin    b0  E -203.05932909  dim 606^2  S2 4.7e-03  54.4s  [25 solved, 2033s]
  C2HNO_rxn4442_P__rl4n29f__s1         lin    b0  E -203.05584542  dim 488^2  S2 6.5e-03  37.8s  [26 solved, 2071s]
  C2HNO_rxn4441_R__truncated__s2       lin    b0  E -203.10980352  dim 65^2  S2 3.8e-02  1.2s  [27 solved, 2072s]
  C2HNO_rxn4441_TS__truncated__s2      lin    b0  E -203.00109009  dim 117^2  S2 3.4e-02  3.3s  [28 solved, 2076s]
  C2HNO_rxn4441_TS__cdf_lin__s2        lin    b0  E -203.07370698  dim 935^2  S2 6.5e-03  132.2s  [29 solved, 2208s]
  C2HNO_rxn4441_TS__cdf_lin__s2        lin    b1  E -203.07488340  dim 934^2  S2 5.6e-03  128.5s  [30 solved, 2337s]
  C2HNO_rxn4441_TS__cdf_lin__s2        lin    b2  E -203.07440284  dim 921^2  S2 6.0e-03  128.2s  [31 solved, 2465s]
  C2HNO_rxn4441_TS__cdf_lin__s2        lin    b3  E -203.07467532  dim 947^2  S2 5.8e-03  133.8s  [32 solved, 2599s]
  C2HNO_rxn4441_TS__cdf_lin__s2        lin    b4  E -203.07440497  dim 960^2  S2 6.1e-03  135.4s  [33 solved, 2735s]
  C2HNO_rxn4441_TS__cdf_lin__s2        lin    b5  E -203.07558862  dim 969^2  S2 5.5e-03  135.4s  [34 solved, 2871s]
  C2HNO_rxn4441_TS__cdf_lin__s2        lin    b6  E -203.07527848  dim 943^2  S2 5.8e-03  131.3s  [35 solved, 3002s]
  C2HNO_rxn4441_TS__cdf_lin__s2        lin    b7  E -203.07422259  dim 931^2  S2 5.9e-03  127.4s  [36 solved, 3130s]
  C2HNO_rxn4441_TS__cdf_lin__s2        lin    b8  E -203.07420316  dim 914^2  S2 5.8e-03  123.8s  [37 solved, 3254s]
  C2HNO_rxn4441_TS__cdf_lin__s2        lin    b9  E -203.07585399  dim 962^2  S2 5.1e-03  135.4s  [38 solved, 3389s]
  C2HNO_rxn4441_TS__truncated__s3      lin    b0  E -202.99496399  dim 122^2  S2 2.4e-02  3.7s  [39 solved, 3393s]
  C2HNO_rxn4442_P__truncated__s3       lin    b0  E -202.97445717  dim 93^2  S2 2.6e-02  2.1s  [40 solved, 3395s]
  C2HNO_rxn4442_P__label__s3           lin    b0  E -203.05761935  dim 605^2  S2 5.8e-03  53.3s  [41 solved, 3449s]
  C2HNO_rxn4442_P__rl4n29f__s3         lin    b0  E -203.05669994  dim 497^2  S2 6.0e-03  37.1s  [42 solved, 3486s]
  C2HNO_rxn4441_TS__truncated__s4      lin    b0  E -203.01138409  dim 122^2  S2 3.5e-02  3.2s  [43 solved, 3490s]
  C2HNO_rxn4441_TS__cdf_lin__s4        lin    b0  E -203.07376517  dim 949^2  S2 6.5e-03  132.9s  [44 solved, 3623s]
  C2HNO_rxn4441_TS__cdf_lin__s4        lin    b1  E -203.07368361  dim 925^2  S2 6.6e-03  126.8s  [45 solved, 3750s]
  C2HNO_rxn4441_TS__cdf_lin__s4        lin    b2  E -203.07433008  dim 944^2  S2 6.3e-03  130.3s  [46 solved, 3880s]
  C2HNO_rxn4441_TS__cdf_lin__s4        lin    b3  E -203.07509170  dim 939^2  S2 5.8e-03  130.1s  [47 solved, 4011s]
  C2HNO_rxn4441_TS__cdf_lin__s4        lin    b4  E -203.07334514  dim 929^2  S2 6.3e-03  126.7s  [48 solved, 4137s]
  C2HNO_rxn4441_TS__cdf_lin__s4        lin    b5  E -203.07334898  dim 970^2  S2 6.7e-03  138.6s  [49 solved, 4276s]
  C2HNO_rxn4441_TS__cdf_lin__s4        lin    b6  E -203.07344707  dim 958^2  S2 6.7e-03  134.7s  [50 solved, 4411s]
  C2HNO_rxn4441_TS__cdf_lin__s4        lin    b7  E -203.07303431  dim 946^2  S2 6.9e-03  131.9s  [51 solved, 4543s]
  C2HNO_rxn4441_TS__cdf_lin__s4        lin    b8  E -203.07380166  dim 959^2  S2 6.4e-03  137.8s  [52 solved, 4681s]
  C2HNO_rxn4441_TS__cdf_lin__s4        lin    b9  E -203.07471872  dim 928^2  S2 6.0e-03  127.2s  [53 solved, 4809s]
