  C2HNO_rxn4439_P__rl4L__s0            lin    b0  E -203.09234794  dim 655^2  S2 5.5e-03  76.8s  [1 solved, 78s]
  C2HNO_rxn4439_P__rl4L__s1            lin    b0  E -203.09358290  dim 686^2  S2 5.3e-03  69.5s  [2 solved, 148s]
  C2HNO_rxn4439_P__truncated__s2       lin    b0  E -203.02828081  dim 93^2  S2 3.1e-02  2.5s  [3 solved, 150s]
  C2HNO_rxn4439_P__cdf_lin__s2         lin    b0  E -203.09484853  dim 1021^2  S2 5.1e-03  123.5s  [4 solved, 274s]
  C2HNO_rxn4439_P__cdf_lin__s2         lin    b1  E -203.09359723  dim 1018^2  S2 5.6e-03  123.9s  [5 solved, 399s]
  C2HNO_rxn4439_P__cdf_lin__s2         lin    b2  E -203.09479089  dim 1001^2  S2 5.0e-03  120.1s  [6 solved, 519s]
  C2HNO_rxn4439_P__cdf_lin__s2         lin    b3  E -203.09296127  dim 977^2  S2 5.8e-03  115.7s  [7 solved, 635s]
  C2HNO_rxn4439_P__cdf_lin__s2         lin    b4  E -203.09346898  dim 987^2  S2 5.5e-03  123.4s  [8 solved, 759s]
  C2HNO_rxn4439_P__cdf_lin__s2         lin    b5  E -203.09319645  dim 1011^2  S2 5.5e-03  127.1s  [9 solved, 886s]
  C2HNO_rxn4439_P__cdf_lin__s2         lin    b6  E -203.09239185  dim 990^2  S2 6.1e-03  119.0s  [10 solved, 1005s]
  C2HNO_rxn4439_P__cdf_lin__s2         lin    b7  E -203.09440604  dim 1006^2  S2 5.4e-03  122.5s  [11 solved, 1128s]
  C2HNO_rxn4439_P__cdf_lin__s2         lin    b8  E -203.09436516  dim 969^2  S2 5.0e-03  114.8s  [12 solved, 1243s]
  C2HNO_rxn4439_P__cdf_lin__s2         lin    b9  E -203.09349001  dim 984^2  S2 5.4e-03  122.6s  [13 solved, 1366s]
  C2HNO_rxn4439_P__rl4n29f__s3         lin    b0  E -203.08877520  dim 515^2  S2 7.0e-03  40.3s  [14 solved, 1406s]
  C2HNO_rxn4439_P__rl4L__s4            lin    b0  E -203.09309543  dim 674^2  S2 5.4e-03  66.8s  [15 solved, 1473s]
  C2HNO_rxn4439_R__pre4__s0            lin    b0  E -203.18501967  dim 494^2  S2 4.6e-03  41.0s  [1 solved, 41s]
  C2HNO_rxn4439_TS__truncated__s0      lin    b0  E -202.95069566  dim 111^2  S2 3.9e-02  3.7s  [2 solved, 45s]
  C2HNO_rxn4439_TS__cdf_lin__s0        lin    b0  E -203.01750359  dim 1133^2  S2 7.8e-03  178.7s  [3 solved, 224s]
  C2HNO_rxn4439_TS__cdf_lin__s0        lin    b1  E -203.01708787  dim 1153^2  S2 7.6e-03  182.0s  [4 solved, 406s]
  C2HNO_rxn4439_TS__cdf_lin__s0        lin    b2  E -203.01731511  dim 1133^2  S2 7.7e-03  178.0s  [5 solved, 585s]
  C2HNO_rxn4439_TS__cdf_lin__s0        lin    b3  E -203.01918308  dim 1166^2  S2 6.9e-03  185.5s  [6 solved, 771s]
  C2HNO_rxn4439_TS__cdf_lin__s0        lin    b4  E -203.01996289  dim 1175^2  S2 6.7e-03  198.0s  [7 solved, 969s]
  C2HNO_rxn4439_TS__cdf_lin__s0        lin    b5  E -203.01794779  dim 1165^2  S2 7.1e-03  206.8s  [8 solved, 1176s]
  C2HNO_rxn4439_TS__cdf_lin__s0        lin    b6  E -203.01868856  dim 1150^2  S2 6.9e-03  191.6s  [9 solved, 1368s]
  C2HNO_rxn4439_TS__cdf_lin__s0        lin    b7  E -203.01720924  dim 1160^2  S2 7.6e-03  191.3s  [10 solved, 1560s]
  C2HNO_rxn4439_TS__cdf_lin__s0        lin    b8  E -203.01758883  dim 1163^2  S2 7.6e-03  194.3s  [11 solved, 1754s]
  C2HNO_rxn4439_TS__cdf_lin__s0        lin    b9  E -203.01786949  dim 1139^2  S2 7.3e-03  186.0s  [12 solved, 1940s]
  C2HNO_rxn4439_TS__label__s4          lin    b0  E -203.01859452  dim 731^2  S2 6.9e-03  84.5s  [13 solved, 2025s]
  C2HNO_rxn4439_TS__pre4__s4           lin    b0  E -203.01799000  dim 683^2  S2 7.5e-03  79.6s  [14 solved, 2105s]
  C2HNO_rxn4439_TS__rl4L__s4           lin    b0  E -203.02160976  dim 864^2  S2 6.3e-03  117.5s  [15 solved, 2223s]
  C2HNO_rxn4439_TS__rl4n29f__s4        lin    b0  E -203.01721342  dim 700^2  S2 8.2e-03  78.5s  [16 solved, 2302s]
  C2HNO_rxn4440_P__pre4__s4            lin    b0  E -203.19830197  dim 428^2  S2 3.1e-03  29.0s  [17 solved, 2331s]
  C2HNO_rxn4440_P__truncated__s0       lin    b0  E -203.12620863  dim 41^2  S2 2.2e-02  0.7s  [1 solved, 1s]
  C2HNO_rxn4440_P__label__s0           lin    b0  E -203.20003029  dim 443^2  S2 2.8e-03  30.2s  [2 solved, 31s]
  C2HNO_rxn4440_R__truncated__s0       lin    b0  E -203.11863686  dim 73^2  S2 3.9e-02  1.5s  [3 solved, 33s]
  C2HNO_rxn4440_R__label__s0           lin    b0  E -203.18479047  dim 554^2  S2 5.1e-03  45.0s  [4 solved, 78s]
  C2HNO_rxn4440_R__rl4L__s0            lin    b0  E -203.18585154  dim 608^2  S2 4.6e-03  59.2s  [5 solved, 138s]
  C2HNO_rxn4440_TS__truncated__s0      lin    b0  E -202.95785750  dim 80^2  S2 2.9e-02  1.9s  [6 solved, 140s]
  C2HNO_rxn4440_TS__pre4__s0           lin    b0  E -203.03023079  dim 592^2  S2 5.5e-03  64.2s  [7 solved, 204s]
  C2HNO_rxn4440_TS__rl4n29f__s0        lin    b0  E -203.02822952  dim 509^2  S2 6.3e-03  50.4s  [8 solved, 255s]
  C2HNO_rxn4441_P__truncated__s0       lin    b0  E -203.06598891  dim 87^2  S2 2.5e-02  1.8s  [9 solved, 257s]
  C2HNO_rxn4441_P__label__s0           lin    b0  E -203.13879615  dim 572^2  S2 5.5e-03  51.5s  [10 solved, 309s]
  C2HNO_rxn4441_P__rl4L__s0            lin    b0  E -203.14174278  dim 638^2  S2 4.9e-03  63.7s  [11 solved, 373s]
  C2HNO_rxn4441_R__pre4__s0            lin    b0  E -203.18501967  dim 494^2  S2 4.6e-03  42.0s  [12 solved, 415s]
  C2HNO_rxn4441_R__rl4L__s0            lin    b0  E -203.18585154  dim 608^2  S2 4.6e-03  64.3s  [13 solved, 479s]
  C2HNO_rxn4440_P__truncated__s1       lin    b0  E -203.11957414  dim 42^2  S2 3.3e-02  0.7s  [14 solved, 480s]
  C2HNO_rxn4440_P__label__s1           lin    b0  E -203.19963901  dim 418^2  S2 2.5e-03  32.0s  [15 solved, 513s]
  C2HNO_rxn4440_R__truncated__s1       lin    b0  E -203.11204378  dim 60^2  S2 3.6e-02  1.3s  [16 solved, 514s]
  C2HNO_rxn4440_R__label__s1           lin    b0  E -203.18450867  dim 546^2  S2 5.0e-03  49.2s  [17 solved, 564s]
  C2HNO_rxn4440_R__rl4L__s1            lin    b0  E -203.18598759  dim 571^2  S2 4.3e-03  60.3s  [18 solved, 624s]
  C2HNO_rxn4440_TS__truncated__s1      lin    b0  E -202.95517853  dim 79^2  S2 4.5e-02  2.1s  [19 solved, 626s]
  C2HNO_rxn4440_TS__label__s1          lin    b0  E -203.02991108  dim 576^2  S2 4.8e-03  66.6s  [20 solved, 693s]
  C2HNO_rxn4440_TS__rl4L__s1           lin    b0  E -203.03146483  dim 658^2  S2 4.9e-03  82.2s  [21 solved, 776s]
  C2HNO_rxn4441_P__label__s1           lin    b0  E -203.14018581  dim 589^2  S2 5.0e-03  54.6s  [22 solved, 830s]
  C2HNO_rxn4441_P__pre4__s1            lin    b0  E -203.13983852  dim 537^2  S2 5.1e-03  47.5s  [23 solved, 878s]
  C2HNO_rxn4441_P__rl4L__s1            lin    b0  E -203.14133243  dim 657^2  S2 5.1e-03  65.1s  [24 solved, 943s]
  C2HNO_rxn4441_P__rl4n29f__s1         lin    b0  E -203.13879894  dim 520^2  S2 5.9e-03  44.0s  [25 solved, 988s]
  C2HNO_rxn4441_R__label__s1           lin    b0  E -203.18450867  dim 546^2  S2 5.0e-03  46.1s  [26 solved, 1034s]
  C2HNO_rxn4441_R__pre4__s1            lin    b0  E -203.18422801  dim 472^2  S2 5.4e-03  38.2s  [27 solved, 1072s]
  C2HNO_rxn4441_R__rl4L__s1            lin    b0  E -203.18598759  dim 571^2  S2 4.3e-03  55.7s  [28 solved, 1128s]
  C2HNO_rxn4441_R__rl4n29f__s1         lin    b0  E -203.18367956  dim 479^2  S2 5.7e-03  37.6s  [29 solved, 1166s]
  C2HNO_rxn4440_P__truncated__s2       lin    b0  E -203.12571305  dim 45^2  S2 2.3e-02  0.7s  [30 solved, 1167s]
  C2HNO_rxn4440_P__label__s2           lin    b0  E -203.20119733  dim 443^2  S2 2.4e-03  31.6s  [31 solved, 1199s]
  C2HNO_rxn4440_P__rl4n29f__s2         lin    b0  E -203.19879908  dim 420^2  S2 3.7e-03  27.8s  [32 solved, 1227s]
  C2HNO_rxn4440_R__truncated__s2       lin    b0  E -203.10980352  dim 65^2  S2 3.8e-02  1.3s  [33 solved, 1228s]
  C2HNO_rxn4440_R__label__s2           lin    b0  E -203.18384108  dim 533^2  S2 5.5e-03  41.7s  [34 solved, 1270s]
  C2HNO_rxn4440_R__pre4__s2            lin    b0  E -203.18458630  dim 482^2  S2 5.0e-03  38.1s  [35 solved, 1308s]
  C2HNO_rxn4440_R__rl4L__s2            lin    b0  E -203.18654625  dim 606^2  S2 4.3e-03  55.6s  [36 solved, 1364s]
  C2HNO_rxn4440_R__rl4n29f__s2         lin    b0  E -203.18319736  dim 471^2  S2 5.6e-03  36.2s  [37 solved, 1401s]
  C2HNO_rxn4440_TS__truncated__s2      lin    b0  E -202.95230660  dim 78^2  S2 4.6e-02  1.9s  [38 solved, 1403s]
  C2HNO_rxn4440_TS__label__s2          lin    b0  E -203.02964313  dim 562^2  S2 4.9e-03  57.4s  [39 solved, 1460s]
  C2HNO_rxn4440_TS__pre4__s2           lin    b0  E -203.03113736  dim 598^2  S2 5.0e-03  62.5s  [40 solved, 1523s]
  C2HNO_rxn4440_TS__rl4L__s2           lin    b0  E -203.03244927  dim 647^2  S2 4.4e-03  73.9s  [41 solved, 1597s]
  C2HNO_rxn4440_TS__rl4n29f__s2        lin    b0  E -203.02876736  dim 520^2  S2 5.7e-03  53.6s  [42 solved, 1651s]
  C2HNO_rxn4441_P__truncated__s2       lin    b0  E -203.05331030  dim 80^2  S2 3.6e-02  1.7s  [43 solved, 1653s]
  C2HNO_rxn4441_P__label__s2           lin    b0  E -203.14107741  dim 619^2  S2 5.2e-03  61.8s  [44 solved, 1715s]
  C2HNO_rxn4441_P__pre4__s2            lin    b0  E -203.14012539  dim 533^2  S2 5.2e-03  47.5s  [45 solved, 1763s]
  C2HNO_rxn4441_P__rl4L__s2            lin    b0  E -203.14172592  dim 636^2  S2 4.7e-03  61.9s  [46 solved, 1825s]
  C2HNO_rxn4441_P__rl4n29f__s2         lin    b0  E -203.13909136  dim 506^2  S2 5.9e-03  41.4s  [47 solved, 1867s]
  C2HNO_rxn4441_R__label__s2           lin    b0  E -203.18384108  dim 533^2  S2 5.5e-03  41.7s  [48 solved, 1909s]
  C2HNO_rxn4441_R__pre4__s2            lin    b0  E -203.18458630  dim 482^2  S2 5.0e-03  37.6s  [49 solved, 1946s]
  C2HNO_rxn4441_R__rl4L__s2            lin    b0  E -203.18654625  dim 606^2  S2 4.3e-03  55.2s  [50 solved, 2002s]
  C2HNO_rxn4440_P__truncated__s3       lin    b0  E -203.10850538  dim 40^2  S2 3.2e-02  0.6s  [51 solved, 2003s]
  C2HNO_rxn4440_P__label__s3           lin    b0  E -203.20069211  dim 417^2  S2 2.5e-03  27.2s  [52 solved, 2030s]
  C2HNO_rxn4440_R__truncated__s3       lin    b0  E -203.11137514  dim 63^2  S2 3.5e-02  1.3s  [53 solved, 2031s]
  C2HNO_rxn4440_R__label__s3           lin    b0  E -203.18414575  dim 527^2  S2 5.3e-03  41.8s  [54 solved, 2073s]
  C2HNO_rxn4440_R__rl4L__s3            lin    b0  E -203.18586911  dim 594^2  S2 4.4e-03  52.7s  [55 solved, 2126s]
  C2HNO_rxn4440_TS__truncated__s3      lin    b0  E -202.95519646  dim 86^2  S2 2.8e-02  2.2s  [56 solved, 2129s]
  C2HNO_rxn4440_TS__label__s3          lin    b0  E -203.02933572  dim 593^2  S2 5.6e-03  64.3s  [57 solved, 2193s]
  C2HNO_rxn4440_TS__rl4L__s3           lin    b0  E -203.03168401  dim 638^2  S2 4.5e-03  74.5s  [58 solved, 2269s]
  C2HNO_rxn4441_P__label__s3           lin    b0  E -203.14065189  dim 615^2  S2 4.9e-03  59.2s  [59 solved, 2328s]
  C2HNO_rxn4441_P__pre4__s3            lin    b0  E -203.13961521  dim 533^2  S2 5.3e-03  49.2s  [60 solved, 2377s]
  C2HNO_rxn4441_P__rl4L__s3            lin    b0  E -203.14174083  dim 643^2  S2 4.6e-03  65.6s  [61 solved, 2443s]
  C2HNO_rxn4441_P__rl4n29f__s3         lin    b0  E -203.13912824  dim 519^2  S2 5.7e-03  46.6s  [62 solved, 2490s]
  C2HNO_rxn4441_R__label__s3           lin    b0  E -203.18414575  dim 527^2  S2 5.3e-03  43.2s  [63 solved, 2533s]
  C2HNO_rxn4441_R__pre4__s3            lin    b0  E -203.18439252  dim 476^2  S2 5.0e-03  36.5s  [64 solved, 2570s]
  C2HNO_rxn4441_R__rl4L__s3            lin    b0  E -203.18586911  dim 594^2  S2 4.4e-03  53.4s  [65 solved, 2624s]
  C2HNO_rxn4441_R__rl4n29f__s3         lin    b0  E -203.18419467  dim 477^2  S2 5.3e-03  36.7s  [66 solved, 2661s]
  C2HNO_rxn4440_P__truncated__s4       lin    b0  E -203.12726776  dim 41^2  S2 2.5e-02  0.6s  [67 solved, 2661s]
  C2HNO_rxn4440_P__label__s4           lin    b0  E -203.19938223  dim 429^2  S2 2.7e-03  29.6s  [68 solved, 2691s]
  C2HNO_rxn4440_P__rl4n29f__s4         lin    b0  E -203.19968777  dim 449^2  S2 3.1e-03  34.3s  [69 solved, 2726s]
  C2HNO_rxn4440_R__truncated__s4       lin    b0  E -203.11113376  dim 67^2  S2 3.7e-02  1.3s  [70 solved, 2727s]
  C2HNO_rxn4440_R__label__s4           lin    b0  E -203.18486126  dim 560^2  S2 5.0e-03  48.8s  [71 solved, 2776s]
  C2HNO_rxn4440_R__pre4__s4            lin    b0  E -203.18470606  dim 495^2  S2 5.1e-03  41.2s  [72 solved, 2817s]
  C2HNO_rxn4440_R__rl4L__s4            lin    b0  E -203.18605997  dim 584^2  S2 4.4e-03  50.9s  [73 solved, 2869s]
  C2HNO_rxn4440_R__rl4n29f__s4         lin    b0  E -203.18352582  dim 448^2  S2 5.5e-03  30.2s  [74 solved, 2899s]
  C2HNO_rxn4440_TS__truncated__s4      lin    b0  E -202.95828944  dim 68^2  S2 3.3e-02  1.5s  [75 solved, 2901s]
  C2HNO_rxn4440_TS__label__s4          lin    b0  E -203.03034556  dim 584^2  S2 5.0e-03  60.8s  [76 solved, 2962s]
  C2HNO_rxn4440_TS__pre4__s4           lin    b0  E -203.03100933  dim 571^2  S2 5.1e-03  58.5s  [77 solved, 3020s]
  C2HNO_rxn4440_TS__rl4L__s4           lin    b0  E -203.03237525  dim 637^2  S2 4.5e-03  70.7s  [78 solved, 3091s]
  C2HNO_rxn4440_TS__rl4n29f__s4        lin    b0  E -203.02846606  dim 538^2  S2 6.2e-03  53.0s  [79 solved, 3145s]
  C2HNO_rxn4441_P__truncated__s4       lin    b0  E -203.07204406  dim 88^2  S2 3.8e-02  1.9s  [80 solved, 3146s]
  C2HNO_rxn4441_P__label__s4           lin    b0  E -203.14022769  dim 593^2  S2 5.0e-03  52.5s  [81 solved, 3199s]
  C2HNO_rxn4441_P__pre4__s4            lin    b0  E -203.13911731  dim 523^2  S2 5.6e-03  45.9s  [82 solved, 3245s]
  C2HNO_rxn4441_P__rl4L__s4            lin    b0  E -203.14165326  dim 636^2  S2 4.8e-03  61.2s  [83 solved, 3307s]
  C2HNO_rxn4441_P__rl4n29f__s4         lin    b0  E -203.13814540  dim 488^2  S2 6.4e-03  36.5s  [84 solved, 3343s]
  C2HNO_rxn4441_R__label__s4           lin    b0  E -203.18486126  dim 560^2  S2 5.0e-03  48.3s  [85 solved, 3392s]
  C2HNO_rxn4441_R__pre4__s4            lin    b0  E -203.18470606  dim 495^2  S2 5.1e-03  40.6s  [86 solved, 3433s]
  C2HNO_rxn4441_R__rl4L__s4            lin    b0  E -203.18605997  dim 584^2  S2 4.4e-03  50.7s  [87 solved, 3484s]
  C2HNO_rxn4442_R__truncated__s0       lin    b0  E -203.11863686  dim 73^2  S2 3.9e-02  1.5s  [1 solved, 2s]
  C2HNO_rxn4442_R__label__s0           lin    b0  E -203.18479047  dim 554^2  S2 5.1e-03  44.8s  [2 solved, 47s]
  C2HNO_rxn4442_R__rl4L__s0            lin    b0  E -203.18585154  dim 608^2  S2 4.6e-03  59.2s  [3 solved, 106s]
  C2HNO_rxn4442_TS__label__s0          lin    b0  E -203.00773286  dim 733^2  S2 7.0e-03  86.4s  [4 solved, 193s]
  C2HNO_rxn4442_TS__rl4L__s0           lin    b0  E -203.00794673  dim 754^2  S2 6.9e-03  91.3s  [5 solved, 284s]
  C2HNO_rxn4442_R__pre4__s1            lin    b0  E -203.18422801  dim 472^2  S2 5.4e-03  36.2s  [6 solved, 320s]
  C2HNO_rxn4442_R__rl4n29f__s1         lin    b0  E -203.18367956  dim 479^2  S2 5.7e-03  36.6s  [7 solved, 357s]
  C2HNO_rxn4442_TS__truncated__s1      lin    b0  E -202.94179111  dim 130^2  S2 3.2e-02  4.3s  [8 solved, 362s]
  C2HNO_rxn4442_TS__pre4__s1           lin    b0  E -203.00818294  dim 708^2  S2 6.8e-03  82.3s  [9 solved, 444s]
  C2HNO_rxn4442_TS__rl4L__s1           lin    b0  E -203.00846009  dim 728^2  S2 6.5e-03  88.7s  [10 solved, 533s]
  C2HNO_rxn4442_P__pre4__s2            lin    b0  E -203.05833912  dim 555^2  S2 4.8e-03  48.0s  [11 solved, 581s]
  C2HNO_rxn4442_P__rl4n29f__s2         lin    b0  E -203.05516664  dim 476^2  S2 6.5e-03  35.7s  [12 solved, 617s]
  C2HNO_rxn4442_R__truncated__s2       lin    b0  E -203.10980352  dim 65^2  S2 3.8e-02  1.3s  [13 solved, 619s]
  C2HNO_rxn4442_R__label__s2           lin    b0  E -203.18384108  dim 533^2  S2 5.5e-03  42.5s  [14 solved, 661s]
  C2HNO_rxn4442_R__rl4L__s2            lin    b0  E -203.18654625  dim 606^2  S2 4.3e-03  56.4s  [15 solved, 718s]
  C2HNO_rxn4442_TS__pre4__s2           lin    b0  E -203.00860370  dim 736^2  S2 6.5e-03  93.3s  [16 solved, 811s]
  C2HNO_rxn4442_TS__rl4n29f__s2        lin    b0  E -203.00657953  dim 638^2  S2 7.1e-03  69.0s  [17 solved, 881s]
  C2HNO_rxn4442_P__pre4__s3            lin    b0  E -203.05716270  dim 558^2  S2 5.6e-03  49.4s  [18 solved, 930s]
  C2HNO_rxn4442_R__truncated__s3       lin    b0  E -203.11137514  dim 63^2  S2 3.5e-02  1.2s  [19 solved, 932s]
  C2HNO_rxn4442_R__label__s3           lin    b0  E -203.18414575  dim 527^2  S2 5.3e-03  42.2s  [20 solved, 974s]
  C2HNO_rxn4442_R__rl4L__s3            lin    b0  E -203.18586911  dim 594^2  S2 4.4e-03  53.2s  [21 solved, 1027s]
  C2HNO_rxn4442_TS__pre4__s3           lin    b0  E -203.00878297  dim 738^2  S2 6.3e-03  89.1s  [22 solved, 1117s]
  C2HNO_rxn4442_TS__rl4n29f__s3        lin    b0  E -203.00649430  dim 637^2  S2 7.5e-03  65.5s  [23 solved, 1182s]
  C2HNO_rxn4442_P__truncated__s4       lin    b0  E -202.97338530  dim 81^2  S2 2.8e-02  1.7s  [24 solved, 1184s]
  C2HNO_rxn4442_P__label__s4           lin    b0  E -203.05836659  dim 591^2  S2 5.4e-03  52.7s  [25 solved, 1237s]
  C2HNO_rxn4442_P__rl4L__s4            lin    b0  E -203.05965644  dim 627^2  S2 5.1e-03  57.5s  [26 solved, 1295s]
  C2HNO_rxn4442_R__truncated__s4       lin    b0  E -203.11113376  dim 67^2  S2 3.7e-02  1.3s  [27 solved, 1296s]
  C2HNO_rxn4442_R__label__s4           lin    b0  E -203.18486126  dim 560^2  S2 5.0e-03  49.2s  [28 solved, 1346s]
  C2HNO_rxn4442_R__pre4__s4            lin    b0  E -203.18470606  dim 495^2  S2 5.1e-03  40.9s  [29 solved, 1387s]
  C2HNO_rxn4442_R__rl4L__s4            lin    b0  E -203.18605997  dim 584^2  S2 4.4e-03  51.4s  [30 solved, 1438s]
  C2HNO_rxn4442_R__rl4n29f__s4         lin    b0  E -203.18352582  dim 448^2  S2 5.5e-03  31.7s  [31 solved, 1470s]
  C2HNO_rxn4442_TS__truncated__s4      lin    b0  E -202.94601454  dim 127^2  S2 3.5e-02  4.2s  [32 solved, 1474s]
  C2HNO_rxn4442_TS__label__s4          lin    b0  E -203.00824359  dim 732^2  S2 6.3e-03  89.7s  [33 solved, 1564s]
  C2HNO_rxn4442_TS__pre4__s4           lin    b0  E -203.00738084  dim 712^2  S2 6.9e-03  83.0s  [34 solved, 1647s]
  C2HNO_rxn4442_TS__rl4L__s4           lin    b0  E -203.00862498  dim 768^2  S2 6.5e-03  95.9s  [35 solved, 1744s]
  C2HNO_rxn4442_TS__rl4n29f__s4        lin    b0  E -203.00391497  dim 607^2  S2 8.1e-03  63.6s  [36 solved, 1807s]
