  C2HNO_rxn4439_P__pre4__s1            lin    b0  E -203.09093068  dim 565^2  S2 6.2e-03  50.8s  [1 solved, 53s]
  C2HNO_rxn4439_P__cdf_lin__s0         lin    b0  E -203.09322248  dim 1000^2  S2 5.6e-03  138.1s  [1 solved, 139s]
  C2HNO_rxn4439_P__cdf_lin__s0         lin    b1  E -203.09258650  dim 1015^2  S2 6.2e-03  130.8s  [2 solved, 270s]
  C2HNO_rxn4439_P__cdf_lin__s0         lin    b2  E -203.09289240  dim 1012^2  S2 5.8e-03  127.1s  [3 solved, 397s]
  C2HNO_rxn4439_P__cdf_lin__s0         lin    b3  E -203.09284526  dim 1015^2  S2 6.4e-03  127.6s  [4 solved, 525s]
  C2HNO_rxn4439_P__cdf_lin__s0         lin    b4  E -203.09203887  dim 994^2  S2 6.3e-03  125.8s  [5 solved, 651s]
  C2HNO_rxn4439_P__cdf_lin__s0         lin    b5  E -203.09296242  dim 980^2  S2 6.0e-03  124.4s  [6 solved, 776s]
  C2HNO_rxn4439_P__cdf_lin__s0         lin    b6  E -203.09345321  dim 997^2  S2 5.6e-03  123.4s  [7 solved, 899s]
  C2HNO_rxn4439_P__cdf_lin__s0         lin    b7  E -203.09351507  dim 995^2  S2 5.9e-03  124.2s  [8 solved, 1024s]
  C2HNO_rxn4439_P__cdf_lin__s0         lin    b8  E -203.09322543  dim 1008^2  S2 5.7e-03  125.9s  [9 solved, 1150s]
  C2HNO_rxn4439_P__cdf_lin__s0         lin    b9  E -203.09227490  dim 985^2  S2 6.2e-03  122.6s  [10 solved, 1273s]
  C2HNO_rxn4439_P__label__s3           lin    b0  E -203.09264349  dim 630^2  S2 5.6e-03  61.4s  [11 solved, 1334s]
  C2HNO_rxn4439_P__pre4__s3            lin    b0  E -203.09223617  dim 540^2  S2 4.9e-03  45.5s  [12 solved, 1380s]
  C2HNO_rxn4439_P__truncated__s4       lin    b0  E -203.00767792  dim 97^2  S2 2.7e-02  2.4s  [13 solved, 1383s]
  C2HNO_rxn4439_P__label__s4           lin    b0  E -203.09241357  dim 617^2  S2 6.0e-03  55.7s  [14 solved, 1439s]
  C2HNO_rxn4439_P__rl4n29f__s4         lin    b0  E -203.09090074  dim 538^2  S2 6.4e-03  45.6s  [15 solved, 1485s]
  C2HNO_rxn4439_R__rl4L__s0            lin    b0  E -203.18585154  dim 608^2  S2 4.6e-03  61.9s  [1 solved, 62s]
  C2HNO_rxn4439_TS__pre4__s0           lin    b0  E -203.01933417  dim 705^2  S2 6.8e-03  80.7s  [2 solved, 143s]
  C2HNO_rxn4439_TS__rl4n29f__s0        lin    b0  E -203.01766008  dim 669^2  S2 7.7e-03  71.6s  [3 solved, 215s]
  C2HNO_rxn4439_R__truncated__s1       lin    b0  E -203.11204378  dim 60^2  S2 3.6e-02  1.0s  [4 solved, 216s]
  C2HNO_rxn4439_R__label__s1           lin    b0  E -203.18450867  dim 546^2  S2 5.0e-03  45.5s  [5 solved, 262s]
  C2HNO_rxn4439_R__rl4n29f__s1         lin    b0  E -203.18367956  dim 479^2  S2 5.7e-03  36.9s  [6 solved, 299s]
  C2HNO_rxn4439_TS__pre4__s1           lin    b0  E -203.01912131  dim 700^2  S2 6.8e-03  82.1s  [7 solved, 382s]
  C2HNO_rxn4440_P__pre4__s1            lin    b0  E -203.19899926  dim 462^2  S2 3.5e-03  32.7s  [8 solved, 414s]
  C2HNO_rxn4440_P__rl4L__s1            lin    b0  E -203.20117781  dim 531^2  S2 2.4e-03  43.8s  [9 solved, 458s]
  C2HNO_rxn4439_R__rl4L__s2            lin    b0  E -203.18654625  dim 606^2  S2 4.3e-03  56.0s  [10 solved, 515s]
  C2HNO_rxn4439_TS__pre4__s2           lin    b0  E -203.01921227  dim 711^2  S2 6.8e-03  83.4s  [11 solved, 599s]
  C2HNO_rxn4439_TS__rl4n29f__s2        lin    b0  E -203.01740162  dim 665^2  S2 7.5e-03  71.8s  [12 solved, 671s]
  C2HNO_rxn4440_P__pre4__s2            lin    b0  E -203.19926696  dim 437^2  S2 2.9e-03  29.2s  [13 solved, 700s]
  C2HNO_rxn4439_R__truncated__s3       lin    b0  E -203.11137514  dim 63^2  S2 3.5e-02  1.3s  [14 solved, 701s]
  C2HNO_rxn4439_R__label__s3           lin    b0  E -203.18414575  dim 527^2  S2 5.3e-03  42.3s  [15 solved, 744s]
  C2HNO_rxn4439_R__rl4L__s3            lin    b0  E -203.18586911  dim 594^2  S2 4.4e-03  53.9s  [16 solved, 798s]
  C2HNO_rxn4439_TS__truncated__s3      lin    b0  E -202.95448202  dim 105^2  S2 3.9e-02  3.3s  [17 solved, 802s]
  C2HNO_rxn4439_TS__cdf_lin__s3        lin    b0  E -203.01914112  dim 1172^2  S2 6.9e-03  202.3s  [18 solved, 1004s]
  C2HNO_rxn4439_TS__cdf_lin__s3        lin    b1  E -203.01870213  dim 1148^2  S2 7.3e-03  193.6s  [19 solved, 1198s]
  C2HNO_rxn4439_TS__cdf_lin__s3        lin    b2  E -203.01937079  dim 1125^2  S2 6.8e-03  181.8s  [20 solved, 1380s]
  C2HNO_rxn4439_TS__cdf_lin__s3        lin    b3  E -203.01748557  dim 1159^2  S2 7.6e-03  192.8s  [21 solved, 1574s]
  C2HNO_rxn4439_TS__cdf_lin__s3        lin    b4  E -203.01839736  dim 1175^2  S2 7.3e-03  202.9s  [22 solved, 1777s]
  C2HNO_rxn4439_TS__cdf_lin__s3        lin    b5  E -203.01870669  dim 1166^2  S2 7.0e-03  192.0s  [23 solved, 1969s]
  C2HNO_rxn4439_TS__cdf_lin__s3        lin    b6  E -203.01700470  dim 1131^2  S2 7.4e-03  179.1s  [24 solved, 2148s]
  C2HNO_rxn4439_TS__cdf_lin__s3        lin    b7  E -203.01855626  dim 1160^2  S2 7.3e-03  191.0s  [25 solved, 2340s]
  C2HNO_rxn4439_TS__cdf_lin__s3        lin    b8  E -203.01820433  dim 1139^2  S2 7.0e-03  183.0s  [26 solved, 2523s]
  C2HNO_rxn4439_TS__cdf_lin__s3        lin    b9  E -203.01799713  dim 1161^2  S2 7.3e-03  186.5s  [27 solved, 2710s]
  C2HNO_rxn4441_R__truncated__s0       lin    b0  E -203.11863686  dim 73^2  S2 3.9e-02  2.4s  [1 solved, 2s]
  C2HNO_rxn4441_R__cdf_lin__s0         lin    b0  E -203.18642160  dim 1091^2  S2 5.0e-03  161.1s  [2 solved, 164s]
  C2HNO_rxn4441_R__cdf_lin__s0         lin    b1  E -203.18652857  dim 1069^2  S2 4.8e-03  153.1s  [3 solved, 317s]
  C2HNO_rxn4441_R__cdf_lin__s0         lin    b2  E -203.18596711  dim 1047^2  S2 5.1e-03  141.1s  [4 solved, 459s]
  C2HNO_rxn4441_R__cdf_lin__s0         lin    b3  E -203.18649023  dim 1062^2  S2 5.0e-03  142.8s  [5 solved, 602s]
  C2HNO_rxn4441_R__cdf_lin__s0         lin    b4  E -203.18669800  dim 1086^2  S2 4.8e-03  148.5s  [6 solved, 751s]
  C2HNO_rxn4441_R__cdf_lin__s0         lin    b5  E -203.18694561  dim 1069^2  S2 4.7e-03  142.7s  [7 solved, 894s]
  C2HNO_rxn4441_R__cdf_lin__s0         lin    b6  E -203.18654106  dim 1069^2  S2 4.9e-03  140.2s  [8 solved, 1034s]
  C2HNO_rxn4441_R__cdf_lin__s0         lin    b7  E -203.18602969  dim 1084^2  S2 5.3e-03  145.3s  [9 solved, 1180s]
  C2HNO_rxn4441_R__cdf_lin__s0         lin    b8  E -203.18694234  dim 1096^2  S2 4.7e-03  152.4s  [10 solved, 1332s]
  C2HNO_rxn4441_R__cdf_lin__s0         lin    b9  E -203.18720651  dim 1088^2  S2 4.6e-03  148.2s  [11 solved, 1481s]
  C2HNO_rxn4441_TS__label__s0          lin    b0  E -203.07175520  dim 649^2  S2 6.7e-03  69.3s  [12 solved, 1550s]
  C2HNO_rxn4441_TS__pre4__s0           lin    b0  E -203.07153599  dim 644^2  S2 6.8e-03  71.1s  [13 solved, 1622s]
  C2HNO_rxn4441_TS__rl4L__s0           lin    b0  E -203.07365075  dim 741^2  S2 6.1e-03  95.2s  [14 solved, 1717s]
  C2HNO_rxn4441_TS__rl4n29f__s0        lin    b0  E -203.06935275  dim 578^2  S2 8.4e-03  59.0s  [15 solved, 1777s]
  C2HNO_rxn4441_R__truncated__s1       lin    b0  E -203.11204378  dim 60^2  S2 3.6e-02  1.1s  [16 solved, 1778s]
  C2HNO_rxn4441_R__cdf_lin__s1         lin    b0  E -203.18805375  dim 1087^2  S2 4.2e-03  147.9s  [17 solved, 1926s]
  C2HNO_rxn4441_R__cdf_lin__s1         lin    b1  E -203.18777811  dim 1094^2  S2 4.0e-03  153.6s  [18 solved, 2080s]
  C2HNO_rxn4441_R__cdf_lin__s1         lin    b2  E -203.18688088  dim 1076^2  S2 4.7e-03  147.6s  [19 solved, 2228s]
  C2HNO_rxn4441_R__cdf_lin__s1         lin    b3  E -203.18684975  dim 1061^2  S2 4.6e-03  139.9s  [20 solved, 2368s]
  C2HNO_rxn4441_R__cdf_lin__s1         lin    b4  E -203.18664781  dim 1073^2  S2 4.6e-03  141.2s  [21 solved, 2510s]
  C2HNO_rxn4441_R__cdf_lin__s1         lin    b5  E -203.18708522  dim 1045^2  S2 4.7e-03  138.2s  [22 solved, 2648s]
  C2HNO_rxn4441_R__cdf_lin__s1         lin    b6  E -203.18727396  dim 1054^2  S2 4.5e-03  138.1s  [23 solved, 2787s]
  C2HNO_rxn4441_R__cdf_lin__s1         lin    b7  E -203.18740200  dim 1056^2  S2 4.3e-03  139.7s  [24 solved, 2927s]
  C2HNO_rxn4441_R__cdf_lin__s1         lin    b8  E -203.18711010  dim 1081^2  S2 4.6e-03  144.4s  [25 solved, 3071s]
  C2HNO_rxn4441_R__cdf_lin__s1         lin    b9  E -203.18730422  dim 1080^2  S2 4.5e-03  145.5s  [26 solved, 3217s]
  C2HNO_rxn4441_TS__label__s2          lin    b0  E -203.07137464  dim 623^2  S2 7.0e-03  65.2s  [27 solved, 3282s]
  C2HNO_rxn4441_TS__pre4__s2           lin    b0  E -203.07144619  dim 644^2  S2 7.1e-03  72.3s  [28 solved, 3355s]
  C2HNO_rxn4441_TS__rl4L__s2           lin    b0  E -203.07293574  dim 738^2  S2 6.6e-03  92.4s  [29 solved, 3447s]
  C2HNO_rxn4441_TS__rl4n29f__s2        lin    b0  E -203.06893003  dim 586^2  S2 8.3e-03  60.2s  [30 solved, 3508s]
  C2HNO_rxn4441_R__truncated__s3       lin    b0  E -203.11137514  dim 63^2  S2 3.5e-02  1.3s  [31 solved, 3509s]
  C2HNO_rxn4441_TS__label__s3          lin    b0  E -203.07111551  dim 644^2  S2 6.9e-03  69.5s  [32 solved, 3579s]
  C2HNO_rxn4441_TS__pre4__s3           lin    b0  E -203.07172296  dim 637^2  S2 6.8e-03  71.6s  [33 solved, 3651s]
  C2HNO_rxn4441_TS__rl4L__s3           lin    b0  E -203.07308846  dim 733^2  S2 6.2e-03  90.9s  [34 solved, 3742s]
  C2HNO_rxn4441_TS__rl4n29f__s3        lin    b0  E -203.06991242  dim 587^2  S2 7.8e-03  59.8s  [35 solved, 3802s]
  C2HNO_rxn4441_R__truncated__s4       lin    b0  E -203.11113376  dim 67^2  S2 3.7e-02  1.3s  [36 solved, 3803s]
  C2HNO_rxn4441_TS__label__s4          lin    b0  E -203.07211844  dim 676^2  S2 6.6e-03  79.0s  [37 solved, 3883s]
  C2HNO_rxn4441_TS__pre4__s4           lin    b0  E -203.07184804  dim 633^2  S2 6.6e-03  71.7s  [38 solved, 3954s]
  C2HNO_rxn4441_TS__rl4L__s4           lin    b0  E -203.07263277  dim 728^2  S2 6.9e-03  89.8s  [39 solved, 4044s]
  C2HNO_rxn4441_TS__rl4n29f__s4        lin    b0  E -203.06943421  dim 590^2  S2 8.1e-03  59.1s  [40 solved, 4104s]
  C2HNO_rxn4442_TS__truncated__s3      lin    b0  E -202.94242713  dim 125^2  S2 3.0e-02  4.1s  [1 solved, 4s]
  C2HNO_rxn4442_TS__cdf_lin__s3        lin    b0  E -203.01147353  dim 994^2  S2 5.3e-03  150.1s  [2 solved, 155s]
  C2HNO_rxn4442_TS__cdf_lin__s3        lin    b1  E -203.01145294  dim 971^2  S2 5.4e-03  142.1s  [3 solved, 297s]
  C2HNO_rxn4442_TS__cdf_lin__s3        lin    b2  E -203.01156614  dim 987^2  S2 5.5e-03  146.9s  [4 solved, 444s]
  C2HNO_rxn4442_TS__cdf_lin__s3        lin    b3  E -203.01073827  dim 978^2  S2 5.7e-03  146.7s  [5 solved, 591s]
  C2HNO_rxn4442_TS__cdf_lin__s3        lin    b4  E -203.01140009  dim 994^2  S2 5.4e-03  148.6s  [6 solved, 740s]
  C2HNO_rxn4442_TS__cdf_lin__s3        lin    b5  E -203.01107141  dim 974^2  S2 5.4e-03  142.4s  [7 solved, 883s]
  C2HNO_rxn4442_TS__cdf_lin__s3        lin    b6  E -203.01163819  dim 976^2  S2 5.3e-03  144.4s  [8 solved, 1027s]
  C2HNO_rxn4442_TS__cdf_lin__s3        lin    b7  E -203.01066499  dim 985^2  S2 6.0e-03  146.2s  [9 solved, 1174s]
  C2HNO_rxn4442_TS__cdf_lin__s3        lin    b8  E -203.01066214  dim 971^2  S2 5.7e-03  144.6s  [10 solved, 1319s]
  C2HNO_rxn4442_TS__cdf_lin__s3        lin    b9  E -203.01107756  dim 979^2  S2 5.6e-03  144.6s  [11 solved, 1463s]
