  C2H4O_rxn0724_TS__cdf_lin__s0        lin    b0  E -150.90913536  dim 916^2  S2 3.7e-03  64.4s  [1 solved, 67s]
  C2H4O_rxn0724_TS__cdf_lin__s0        lin    b1  E -150.90933743  dim 900^2  S2 3.3e-03  62.7s  [2 solved, 130s]
  C2H4O_rxn0724_TS__cdf_lin__s0        lin    b2  E -150.90882206  dim 890^2  S2 3.8e-03  57.0s  [3 solved, 187s]
  C2H4O_rxn0724_TS__cdf_lin__s0        lin    b3  E -150.90879063  dim 890^2  S2 3.7e-03  65.5s  [4 solved, 253s]
  C2H4O_rxn0724_TS__cdf_lin__s0        lin    b4  E -150.90860780  dim 882^2  S2 3.8e-03  58.6s  [5 solved, 312s]
  C2H4O_rxn0724_TS__cdf_lin__s0        lin    b5  E -150.90815636  dim 876^2  S2 4.0e-03  62.4s  [6 solved, 374s]
  C2H4O_rxn0724_TS__cdf_lin__s0        lin    b6  E -150.90833085  dim 888^2  S2 3.8e-03  58.0s  [7 solved, 433s]
  C2H4O_rxn0724_TS__cdf_lin__s0        lin    b7  E -150.90857206  dim 882^2  S2 3.7e-03  59.0s  [8 solved, 492s]
  C2H4O_rxn0724_TS__cdf_lin__s0        lin    b8  E -150.90883019  dim 884^2  S2 3.5e-03  55.9s  [9 solved, 548s]
  C2H4O_rxn0724_TS__cdf_lin__s0        lin    b9  E -150.90822397  dim 890^2  S2 3.9e-03  55.3s  [10 solved, 604s]
  C2H3N_rxn2858_P__cdf_lin__s2         lin    b0  E -130.39877336  dim 815^2  S2 4.0e-03  26.8s  [11 solved, 631s]
  C2H3N_rxn2858_P__cdf_lin__s2         lin    b1  E -130.39818233  dim 816^2  S2 4.5e-03  25.3s  [12 solved, 656s]
  C2H3N_rxn2858_P__cdf_lin__s2         lin    b2  E -130.39703958  dim 842^2  S2 4.7e-03  25.0s  [13 solved, 681s]
  C2H3N_rxn2858_P__cdf_lin__s2         lin    b3  E -130.39112685  dim 831^2  S2 7.1e-03  24.1s  [14 solved, 705s]
  C2H3N_rxn2858_P__cdf_lin__s2         lin    b4  E -130.39899690  dim 814^2  S2 3.9e-03  23.8s  [15 solved, 729s]
  C2H3N_rxn2858_P__cdf_lin__s2         lin    b5  E -130.39804863  dim 837^2  S2 3.7e-03  24.7s  [16 solved, 754s]
  C2H3N_rxn2858_P__cdf_lin__s2         lin    b6  E -130.39833416  dim 850^2  S2 3.7e-03  25.3s  [17 solved, 780s]
  C2H3N_rxn2858_P__cdf_lin__s2         lin    b7  E -130.39838741  dim 839^2  S2 3.8e-03  25.1s  [18 solved, 805s]
  C2H3N_rxn2858_P__cdf_lin__s2         lin    b8  E -130.39910715  dim 828^2  S2 3.8e-03  24.0s  [19 solved, 829s]
  C2H3N_rxn2858_P__cdf_lin__s2         lin    b9  E -130.39741619  dim 815^2  S2 4.2e-03  23.9s  [20 solved, 853s]
  C2H4O_rxn0724_P__cdf_lin__s2         lin    b0  E -151.00474421  dim 836^2  S2 2.4e-03  47.4s  [21 solved, 901s]
  C2H4O_rxn0724_P__cdf_lin__s2         lin    b1  E -151.00534182  dim 858^2  S2 2.1e-03  49.7s  [22 solved, 951s]
  C2H4O_rxn0724_P__cdf_lin__s2         lin    b2  E -151.00477512  dim 845^2  S2 2.1e-03  48.3s  [23 solved, 999s]
  C2H4O_rxn0724_P__cdf_lin__s2         lin    b3  E -151.00528627  dim 850^2  S2 2.2e-03  52.5s  [24 solved, 1052s]
  C2H4O_rxn0724_P__cdf_lin__s2         lin    b4  E -151.00533386  dim 882^2  S2 2.0e-03  61.1s  [25 solved, 1113s]
  C2H4O_rxn0724_P__cdf_lin__s2         lin    b5  E -151.00506583  dim 864^2  S2 2.1e-03  56.3s  [26 solved, 1170s]
  C2H4O_rxn0724_P__cdf_lin__s2         lin    b6  E -151.00487985  dim 850^2  S2 2.2e-03  54.8s  [27 solved, 1225s]
  C2H4O_rxn0724_P__cdf_lin__s2         lin    b7  E -151.00529852  dim 865^2  S2 2.0e-03  55.9s  [28 solved, 1281s]
  C2H4O_rxn0724_P__cdf_lin__s2         lin    b8  E -151.00476229  dim 863^2  S2 2.2e-03  57.3s  [29 solved, 1338s]
  C2H4O_rxn0724_P__cdf_lin__s2         lin    b9  E -151.00505001  dim 825^2  S2 2.2e-03  52.5s  [30 solved, 1391s]
  C2H4O_rxn0724_TS__cdf_lin__s3        lin    b0  E -150.90887619  dim 874^2  S2 3.4e-03  56.3s  [31 solved, 1447s]
  C2H4O_rxn0724_TS__cdf_lin__s3        lin    b1  E -150.90829035  dim 890^2  S2 4.0e-03  57.4s  [32 solved, 1505s]
  C2H4O_rxn0724_TS__cdf_lin__s3        lin    b2  E -150.90905958  dim 893^2  S2 3.5e-03  60.1s  [33 solved, 1565s]
  C2H4O_rxn0724_TS__cdf_lin__s3        lin    b3  E -150.90877023  dim 892^2  S2 3.6e-03  55.6s  [34 solved, 1621s]
  C2H4O_rxn0724_TS__cdf_lin__s3        lin    b4  E -150.90865150  dim 891^2  S2 3.9e-03  54.7s  [35 solved, 1676s]
  C2H4O_rxn0724_TS__cdf_lin__s3        lin    b5  E -150.90853521  dim 880^2  S2 3.7e-03  56.6s  [36 solved, 1733s]
  C2H4O_rxn0724_TS__cdf_lin__s3        lin    b6  E -150.90885492  dim 869^2  S2 3.4e-03  53.2s  [37 solved, 1786s]
  C2H4O_rxn0724_TS__cdf_lin__s3        lin    b7  E -150.90793173  dim 885^2  S2 4.2e-03  57.1s  [38 solved, 1843s]
  C2H4O_rxn0724_TS__cdf_lin__s3        lin    b8  E -150.90842374  dim 887^2  S2 4.0e-03  56.9s  [39 solved, 1901s]
  C2H4O_rxn0724_TS__cdf_lin__s3        lin    b9  E -150.90853040  dim 874^2  S2 3.5e-03  56.8s  [40 solved, 1957s]
  C2H4O_rxn2507_TS__cdf_lin__s0        lin    b0  E -150.98500924  dim 1036^2  S2 5.6e-03  86.2s  [1 solved, 86s]
  C2H4O_rxn2507_TS__cdf_lin__s0        lin    b1  E -150.98647044  dim 1044^2  S2 4.8e-03  76.7s  [2 solved, 163s]
  C2H4O_rxn2507_TS__cdf_lin__s0        lin    b2  E -150.98475357  dim 1043^2  S2 5.6e-03  74.6s  [3 solved, 238s]
  C2H4O_rxn2507_TS__cdf_lin__s0        lin    b3  E -150.98545648  dim 1054^2  S2 5.3e-03  83.3s  [4 solved, 322s]
  C2H4O_rxn2507_TS__cdf_lin__s0        lin    b4  E -150.98617044  dim 1055^2  S2 4.9e-03  80.9s  [5 solved, 403s]
  C2H4O_rxn2507_TS__cdf_lin__s0        lin    b5  E -150.98550539  dim 1067^2  S2 5.4e-03  79.3s  [6 solved, 483s]
  C2H4O_rxn2507_TS__cdf_lin__s0        lin    b6  E -150.98654978  dim 1064^2  S2 5.0e-03  79.6s  [7 solved, 562s]
  C2H4O_rxn2507_TS__cdf_lin__s0        lin    b7  E -150.98585925  dim 1038^2  S2 5.1e-03  80.8s  [8 solved, 643s]
  C2H4O_rxn2507_TS__cdf_lin__s0        lin    b8  E -150.98715504  dim 1065^2  S2 4.5e-03  84.8s  [9 solved, 728s]
  C2H4O_rxn2507_TS__cdf_lin__s0        lin    b9  E -150.98546244  dim 1052^2  S2 5.4e-03  84.4s  [10 solved, 813s]
  C3H4_rxn2391_P__cdf_lin__s1          lin    b0  E -114.65162315  dim 901^2  S2 2.7e-03  34.2s  [11 solved, 848s]
  C3H4_rxn2391_P__cdf_lin__s1          lin    b1  E -114.65180990  dim 887^2  S2 2.8e-03  33.2s  [12 solved, 881s]
  C3H4_rxn2391_P__cdf_lin__s1          lin    b2  E -114.65165133  dim 894^2  S2 2.6e-03  33.8s  [13 solved, 915s]
  C3H4_rxn2391_P__cdf_lin__s1          lin    b3  E -114.65187975  dim 891^2  S2 2.8e-03  33.5s  [14 solved, 949s]
  C3H4_rxn2391_P__cdf_lin__s1          lin    b4  E -114.65155674  dim 889^2  S2 2.7e-03  33.1s  [15 solved, 982s]
  C3H4_rxn2391_P__cdf_lin__s1          lin    b5  E -114.65178923  dim 875^2  S2 2.7e-03  32.3s  [16 solved, 1014s]
  C3H4_rxn2391_P__cdf_lin__s1          lin    b6  E -114.65114030  dim 888^2  S2 2.9e-03  33.1s  [17 solved, 1048s]
  C3H4_rxn2391_P__cdf_lin__s1          lin    b7  E -114.65144991  dim 887^2  S2 2.8e-03  33.2s  [18 solved, 1081s]
  C3H4_rxn2391_P__cdf_lin__s1          lin    b8  E -114.65163833  dim 878^2  S2 2.8e-03  32.6s  [19 solved, 1114s]
  C3H4_rxn2391_P__cdf_lin__s1          lin    b9  E -114.65158879  dim 889^2  S2 2.8e-03  32.9s  [20 solved, 1147s]
  C3H4_rxn2391_R__cdf_lin__s1          lin    b0  E -114.67540043  dim 920^2  S2 2.5e-03  34.3s  [21 solved, 1181s]
  C3H4_rxn2391_R__cdf_lin__s1          lin    b1  E -114.67538299  dim 918^2  S2 2.6e-03  34.7s  [22 solved, 1216s]
  C3H4_rxn2391_R__cdf_lin__s1          lin    b2  E -114.67518203  dim 911^2  S2 2.7e-03  34.1s  [23 solved, 1250s]
  C3H4_rxn2391_R__cdf_lin__s1          lin    b3  E -114.67482682  dim 918^2  S2 2.7e-03  34.5s  [24 solved, 1285s]
  C3H4_rxn2391_R__cdf_lin__s1          lin    b4  E -114.67534126  dim 915^2  S2 2.7e-03  34.4s  [25 solved, 1320s]
  C3H4_rxn2391_R__cdf_lin__s1          lin    b5  E -114.67540581  dim 914^2  S2 2.6e-03  34.2s  [26 solved, 1354s]
  C3H4_rxn2391_R__cdf_lin__s1          lin    b6  E -114.67531165  dim 917^2  S2 2.5e-03  34.3s  [27 solved, 1388s]
  C3H4_rxn2391_R__cdf_lin__s1          lin    b7  E -114.67531862  dim 921^2  S2 2.6e-03  36.4s  [28 solved, 1425s]
  C3H4_rxn2391_R__cdf_lin__s1          lin    b8  E -114.67538967  dim 923^2  S2 2.7e-03  36.7s  [29 solved, 1462s]
  C3H4_rxn2391_R__cdf_lin__s1          lin    b9  E -114.67534774  dim 907^2  S2 2.7e-03  35.8s  [30 solved, 1498s]
  C2H4O_rxn2507_TS__cdf_lin__s2        lin    b0  E -150.98610465  dim 1066^2  S2 5.2e-03  83.1s  [31 solved, 1581s]
  C2H4O_rxn2507_TS__cdf_lin__s2        lin    b1  E -150.98637029  dim 1079^2  S2 5.0e-03  87.6s  [32 solved, 1669s]
  C2H4O_rxn2507_TS__cdf_lin__s2        lin    b2  E -150.98717014  dim 1098^2  S2 4.6e-03  85.6s  [33 solved, 1755s]
  C2H4O_rxn2507_TS__cdf_lin__s2        lin    b3  E -150.98548185  dim 1080^2  S2 5.7e-03  84.2s  [34 solved, 1839s]
  C2H4O_rxn2507_TS__cdf_lin__s2        lin    b4  E -150.98530127  dim 1062^2  S2 5.4e-03  77.4s  [35 solved, 1917s]
  C2H4O_rxn2507_TS__cdf_lin__s2        lin    b5  E -150.98644202  dim 1078^2  S2 5.1e-03  78.6s  [36 solved, 1996s]
  C2H4O_rxn2507_TS__cdf_lin__s2        lin    b6  E -150.98697878  dim 1083^2  S2 4.6e-03  82.8s  [37 solved, 2079s]
  C2H4O_rxn2507_TS__cdf_lin__s2        lin    b7  E -150.98754381  dim 1090^2  S2 4.5e-03  82.9s  [38 solved, 2162s]
  C2H4O_rxn2507_TS__cdf_lin__s2        lin    b8  E -150.98616093  dim 1057^2  S2 5.1e-03  80.5s  [39 solved, 2243s]
  C2H4O_rxn2507_TS__cdf_lin__s2        lin    b9  E -150.98729695  dim 1078^2  S2 4.9e-03  78.3s  [40 solved, 2321s]
  C3H4_rxn2391_P__cdf_lin__s3          lin    b0  E -114.65087180  dim 869^2  S2 3.1e-03  31.4s  [41 solved, 2353s]
  C3H4_rxn2391_P__cdf_lin__s3          lin    b1  E -114.65083823  dim 873^2  S2 3.0e-03  31.9s  [42 solved, 2385s]
  C3H4_rxn2391_P__cdf_lin__s3          lin    b2  E -114.65141503  dim 890^2  S2 2.9e-03  32.4s  [43 solved, 2418s]
  C3H4_rxn2391_P__cdf_lin__s3          lin    b3  E -114.65072775  dim 875^2  S2 3.1e-03  31.9s  [44 solved, 2450s]
  C3H4_rxn2391_P__cdf_lin__s3          lin    b4  E -114.65129364  dim 890^2  S2 2.9e-03  32.7s  [45 solved, 2483s]
  C3H4_rxn2391_P__cdf_lin__s3          lin    b5  E -114.65117667  dim 884^2  S2 2.9e-03  32.5s  [46 solved, 2515s]
  C3H4_rxn2391_P__cdf_lin__s3          lin    b6  E -114.65112039  dim 887^2  S2 3.0e-03  32.5s  [47 solved, 2548s]
  C3H4_rxn2391_P__cdf_lin__s3          lin    b7  E -114.65120015  dim 881^2  S2 3.0e-03  32.2s  [48 solved, 2580s]
  C3H4_rxn2391_P__cdf_lin__s3          lin    b8  E -114.65090061  dim 892^2  S2 3.2e-03  33.3s  [49 solved, 2614s]
  C3H4_rxn2391_P__cdf_lin__s3          lin    b9  E -114.65097679  dim 872^2  S2 2.9e-03  31.7s  [50 solved, 2646s]
  C3H4_rxn2391_TS__cdf_lin__s3         lin    b0  E -114.45909537  dim 1083^2  S2 5.6e-03  75.1s  [51 solved, 2721s]
  C3H4_rxn2391_TS__cdf_lin__s3         lin    b1  E -114.45949970  dim 1076^2  S2 5.4e-03  74.3s  [52 solved, 2796s]
  C3H4_rxn2391_TS__cdf_lin__s3         lin    b2  E -114.46018209  dim 1106^2  S2 5.5e-03  77.6s  [53 solved, 2873s]
  C3H4_rxn2391_TS__cdf_lin__s3         lin    b3  E -114.45922763  dim 1110^2  S2 5.7e-03  74.3s  [54 solved, 2948s]
  C3H4_rxn2391_TS__cdf_lin__s3         lin    b4  E -114.45952066  dim 1075^2  S2 5.5e-03  74.1s  [55 solved, 3022s]
  C3H4_rxn2391_TS__cdf_lin__s3         lin    b5  E -114.45995258  dim 1080^2  S2 5.1e-03  73.3s  [56 solved, 3096s]
  C3H4_rxn2391_TS__cdf_lin__s3         lin    b6  E -114.45990943  dim 1093^2  S2 5.2e-03  75.2s  [57 solved, 3171s]
  C3H4_rxn2391_TS__cdf_lin__s3         lin    b7  E -114.45847888  dim 1092^2  S2 6.2e-03  75.9s  [58 solved, 3247s]
  C3H4_rxn2391_TS__cdf_lin__s3         lin    b8  E -114.45964165  dim 1140^2  S2 5.4e-03  82.1s  [59 solved, 3330s]
  C3H4_rxn2391_TS__cdf_lin__s3         lin    b9  E -114.45790442  dim 1078^2  S2 6.0e-03  72.4s  [60 solved, 3402s]
  C2HNO_rxn4440_R__cdf_lin__s0         lin    b0  E -203.18642160  dim 1091^2  S2 5.0e-03  145.3s  [1 solved, 146s]
  C2HNO_rxn4440_R__cdf_lin__s0         lin    b1  E -203.18652857  dim 1069^2  S2 4.8e-03  137.9s  [2 solved, 284s]
  C2HNO_rxn4440_R__cdf_lin__s0         lin    b2  E -203.18596711  dim 1047^2  S2 5.1e-03  134.0s  [3 solved, 418s]
  C2HNO_rxn4440_R__cdf_lin__s0         lin    b3  E -203.18649023  dim 1062^2  S2 5.0e-03  139.3s  [4 solved, 557s]
  C2HNO_rxn4440_R__cdf_lin__s0         lin    b4  E -203.18669800  dim 1086^2  S2 4.8e-03  142.9s  [5 solved, 701s]
  C2HNO_rxn4440_R__cdf_lin__s0         lin    b5  E -203.18694561  dim 1069^2  S2 4.7e-03  138.4s  [6 solved, 839s]
  C2HNO_rxn4440_R__cdf_lin__s0         lin    b6  E -203.18654106  dim 1069^2  S2 4.9e-03  137.8s  [7 solved, 977s]
  C2HNO_rxn4440_R__cdf_lin__s0         lin    b7  E -203.18602969  dim 1084^2  S2 5.3e-03  142.1s  [8 solved, 1120s]
  C2HNO_rxn4440_R__cdf_lin__s0         lin    b8  E -203.18694234  dim 1096^2  S2 4.7e-03  142.3s  [9 solved, 1262s]
  C2HNO_rxn4440_R__cdf_lin__s0         lin    b9  E -203.18720651  dim 1088^2  S2 4.6e-03  143.5s  [10 solved, 1406s]
  C2HNO_rxn4440_R__cdf_lin__s3         lin    b0  E -203.18738664  dim 1104^2  S2 4.3e-03  146.6s  [11 solved, 1553s]
  C2HNO_rxn4440_R__cdf_lin__s3         lin    b1  E -203.18629193  dim 1020^2  S2 5.0e-03  130.3s  [12 solved, 1684s]
  C2HNO_rxn4440_R__cdf_lin__s3         lin    b2  E -203.18691546  dim 1070^2  S2 4.7e-03  138.6s  [13 solved, 1823s]
  C2HNO_rxn4440_R__cdf_lin__s3         lin    b3  E -203.18667376  dim 1076^2  S2 4.7e-03  143.1s  [14 solved, 1966s]
  C2HNO_rxn4440_R__cdf_lin__s3         lin    b4  E -203.18739061  dim 1090^2  S2 4.6e-03  143.8s  [15 solved, 2110s]
  C2HNO_rxn4440_R__cdf_lin__s3         lin    b5  E -203.18696449  dim 1088^2  S2 4.7e-03  144.3s  [16 solved, 2255s]
  C2HNO_rxn4440_R__cdf_lin__s3         lin    b6  E -203.18735372  dim 1080^2  S2 4.4e-03  140.8s  [17 solved, 2396s]
  C2HNO_rxn4440_R__cdf_lin__s3         lin    b7  E -203.18765693  dim 1079^2  S2 4.3e-03  140.6s  [18 solved, 2536s]
  C2HNO_rxn4440_R__cdf_lin__s3         lin    b8  E -203.18686689  dim 1066^2  S2 4.9e-03  136.1s  [19 solved, 2673s]
  C2HNO_rxn4440_R__cdf_lin__s3         lin    b9  E -203.18720503  dim 1069^2  S2 4.4e-03  140.2s  [20 solved, 2813s]
  C2HNO_rxn4441_TS__cdf_lin__s1        lin    b0  E -203.07535959  dim 975^2  S2 5.8e-03  140.6s  [1 solved, 141s]
  C2HNO_rxn4441_TS__cdf_lin__s1        lin    b1  E -203.07393907  dim 943^2  S2 6.1e-03  135.0s  [2 solved, 276s]
  C2HNO_rxn4441_TS__cdf_lin__s1        lin    b2  E -203.07385444  dim 956^2  S2 6.3e-03  134.9s  [3 solved, 411s]
  C2HNO_rxn4441_TS__cdf_lin__s1        lin    b3  E -203.07457916  dim 953^2  S2 6.0e-03  133.4s  [4 solved, 545s]
  C2HNO_rxn4441_TS__cdf_lin__s1        lin    b4  E -203.07476534  dim 957^2  S2 5.9e-03  135.7s  [5 solved, 681s]
  C2HNO_rxn4441_TS__cdf_lin__s1        lin    b5  E -203.07354763  dim 957^2  S2 6.4e-03  138.4s  [6 solved, 819s]
  C2HNO_rxn4441_TS__cdf_lin__s1        lin    b6  E -203.07433556  dim 979^2  S2 6.1e-03  142.1s  [7 solved, 962s]
  C2HNO_rxn4441_TS__cdf_lin__s1        lin    b7  E -203.07390352  dim 959^2  S2 6.4e-03  136.5s  [8 solved, 1099s]
  C2HNO_rxn4441_TS__cdf_lin__s1        lin    b8  E -203.07382572  dim 955^2  S2 6.2e-03  137.2s  [9 solved, 1236s]
  C2HNO_rxn4441_TS__cdf_lin__s1        lin    b9  E -203.07412104  dim 961^2  S2 6.1e-03  135.1s  [10 solved, 1371s]
  C2HNO_rxn4442_TS__cdf_lin__s2        lin    b0  E -203.01194910  dim 988^2  S2 5.2e-03  142.9s  [11 solved, 1514s]
  C2HNO_rxn4442_TS__cdf_lin__s2        lin    b1  E -203.01147362  dim 990^2  S2 5.3e-03  145.4s  [12 solved, 1660s]
  C2HNO_rxn4442_TS__cdf_lin__s2        lin    b2  E -203.01171800  dim 988^2  S2 5.1e-03  141.5s  [13 solved, 1802s]
  C2HNO_rxn4442_TS__cdf_lin__s2        lin    b3  E -203.01145864  dim 976^2  S2 5.4e-03  141.1s  [14 solved, 1943s]
  C2HNO_rxn4442_TS__cdf_lin__s2        lin    b4  E -203.01150634  dim 959^2  S2 5.2e-03  138.0s  [15 solved, 2081s]
  C2HNO_rxn4442_TS__cdf_lin__s2        lin    b5  E -203.01136954  dim 989^2  S2 5.3e-03  146.2s  [16 solved, 2228s]
  C2HNO_rxn4442_TS__cdf_lin__s2        lin    b6  E -203.01170045  dim 1005^2  S2 5.2e-03  143.2s  [17 solved, 2371s]
  C2HNO_rxn4442_TS__cdf_lin__s2        lin    b7  E -203.01096755  dim 993^2  S2 5.4e-03  145.5s  [18 solved, 2517s]
  C2HNO_rxn4442_TS__cdf_lin__s2        lin    b8  E -203.01164495  dim 1002^2  S2 5.2e-03  147.7s  [19 solved, 2665s]
  C2HNO_rxn4442_TS__cdf_lin__s2        lin    b9  E -203.01162789  dim 973^2  S2 5.3e-03  141.3s  [20 solved, 2806s]
