  C2H3N_rxn2858_TS__cdf_lin__s0        lin    b0  E -130.25324798  dim 831^2  S2 2.7e-03  37.2s  [1 solved, 40s]
  C2H3N_rxn2858_TS__cdf_lin__s0        lin    b1  E -130.25332050  dim 828^2  S2 2.7e-03  37.2s  [2 solved, 77s]
  C2H3N_rxn2858_TS__cdf_lin__s0        lin    b2  E -130.25369927  dim 827^2  S2 2.4e-03  34.4s  [3 solved, 112s]
  C2H3N_rxn2858_TS__cdf_lin__s0        lin    b3  E -130.25378306  dim 852^2  S2 2.4e-03  35.5s  [4 solved, 148s]
  C2H3N_rxn2858_TS__cdf_lin__s0        lin    b4  E -130.25363044  dim 825^2  S2 2.5e-03  34.2s  [5 solved, 182s]
  C2H3N_rxn2858_TS__cdf_lin__s0        lin    b5  E -130.25378715  dim 825^2  S2 2.3e-03  41.5s  [6 solved, 224s]
  C2H3N_rxn2858_TS__cdf_lin__s0        lin    b6  E -130.25312817  dim 814^2  S2 2.7e-03  33.5s  [7 solved, 258s]
  C2H3N_rxn2858_TS__cdf_lin__s0        lin    b7  E -130.25399822  dim 829^2  S2 2.2e-03  34.2s  [8 solved, 292s]
  C2H3N_rxn2858_TS__cdf_lin__s0        lin    b8  E -130.25354127  dim 819^2  S2 2.5e-03  36.4s  [9 solved, 329s]
  C2H3N_rxn2858_TS__cdf_lin__s0        lin    b9  E -130.25360912  dim 826^2  S2 2.5e-03  36.2s  [10 solved, 366s]
  C2H3N_rxn2858_TS__cdf_lin__s1        lin    b0  E -130.25337057  dim 798^2  S2 2.7e-03  34.1s  [11 solved, 400s]
  C2H3N_rxn2858_TS__cdf_lin__s1        lin    b1  E -130.25375442  dim 814^2  S2 2.4e-03  32.8s  [12 solved, 433s]
  C2H3N_rxn2858_TS__cdf_lin__s1        lin    b2  E -130.25348458  dim 815^2  S2 2.5e-03  33.6s  [13 solved, 467s]
  C2H3N_rxn2858_TS__cdf_lin__s1        lin    b3  E -130.25363027  dim 829^2  S2 2.5e-03  33.2s  [14 solved, 501s]
  C2H3N_rxn2858_TS__cdf_lin__s1        lin    b4  E -130.25347991  dim 804^2  S2 2.5e-03  32.1s  [15 solved, 533s]
  C2H3N_rxn2858_TS__cdf_lin__s1        lin    b5  E -130.25336381  dim 804^2  S2 2.6e-03  31.0s  [16 solved, 564s]
  C2H3N_rxn2858_TS__cdf_lin__s1        lin    b6  E -130.25340018  dim 816^2  S2 2.6e-03  32.8s  [17 solved, 597s]
  C2H3N_rxn2858_TS__cdf_lin__s1        lin    b7  E -130.25382086  dim 825^2  S2 2.4e-03  34.8s  [18 solved, 632s]
  C2H3N_rxn2858_TS__cdf_lin__s1        lin    b8  E -130.25313339  dim 809^2  S2 2.8e-03  32.1s  [19 solved, 664s]
  C2H3N_rxn2858_TS__cdf_lin__s1        lin    b9  E -130.25336697  dim 796^2  S2 2.6e-03  28.6s  [20 solved, 693s]
  C2H3N_rxn2858_TS__cdf_lin__s2        lin    b0  E -130.25353411  dim 828^2  S2 2.5e-03  29.8s  [21 solved, 723s]
  C2H3N_rxn2858_TS__cdf_lin__s2        lin    b1  E -130.25386995  dim 843^2  S2 2.4e-03  31.3s  [22 solved, 754s]
  C2H3N_rxn2858_TS__cdf_lin__s2        lin    b2  E -130.25346328  dim 828^2  S2 2.5e-03  30.0s  [23 solved, 785s]
  C2H3N_rxn2858_TS__cdf_lin__s2        lin    b3  E -130.25402598  dim 858^2  S2 2.4e-03  31.5s  [24 solved, 816s]
  C2H3N_rxn2858_TS__cdf_lin__s2        lin    b4  E -130.25376678  dim 837^2  S2 2.5e-03  30.7s  [25 solved, 847s]
  C2H3N_rxn2858_TS__cdf_lin__s2        lin    b5  E -130.25406954  dim 846^2  S2 2.2e-03  31.2s  [26 solved, 878s]
  C2H3N_rxn2858_TS__cdf_lin__s2        lin    b6  E -130.25341729  dim 826^2  S2 2.7e-03  30.2s  [27 solved, 909s]
  C2H3N_rxn2858_TS__cdf_lin__s2        lin    b7  E -130.25354211  dim 834^2  S2 2.6e-03  30.2s  [28 solved, 939s]
  C2H3N_rxn2858_TS__cdf_lin__s2        lin    b8  E -130.25383131  dim 844^2  S2 2.4e-03  31.3s  [29 solved, 970s]
  C2H3N_rxn2858_TS__cdf_lin__s2        lin    b9  E -130.25348905  dim 847^2  S2 2.7e-03  31.1s  [30 solved, 1002s]
  C2H4O_rxn0724_TS__cdf_lin__s2        lin    b0  E -150.90781715  dim 868^2  S2 4.2e-03  52.8s  [31 solved, 1055s]
  C2H4O_rxn0724_TS__cdf_lin__s2        lin    b1  E -150.90766733  dim 849^2  S2 4.2e-03  53.9s  [32 solved, 1109s]
  C2H4O_rxn0724_TS__cdf_lin__s2        lin    b2  E -150.90828312  dim 870^2  S2 4.1e-03  56.3s  [33 solved, 1165s]
  C2H4O_rxn0724_TS__cdf_lin__s2        lin    b3  E -150.90829514  dim 854^2  S2 4.1e-03  53.2s  [34 solved, 1219s]
  C2H4O_rxn0724_TS__cdf_lin__s2        lin    b4  E -150.90802153  dim 883^2  S2 4.1e-03  57.3s  [35 solved, 1276s]
  C2H4O_rxn0724_TS__cdf_lin__s2        lin    b5  E -150.90748085  dim 859^2  S2 4.5e-03  55.5s  [36 solved, 1332s]
  C2H4O_rxn0724_TS__cdf_lin__s2        lin    b6  E -150.90790104  dim 861^2  S2 4.2e-03  54.4s  [37 solved, 1387s]
  C2H4O_rxn0724_TS__cdf_lin__s2        lin    b7  E -150.90873347  dim 868^2  S2 3.7e-03  54.4s  [38 solved, 1441s]
  C2H4O_rxn0724_TS__cdf_lin__s2        lin    b8  E -150.90783800  dim 850^2  S2 4.3e-03  53.1s  [39 solved, 1495s]
  C2H4O_rxn0724_TS__cdf_lin__s2        lin    b9  E -150.90850959  dim 871^2  S2 3.9e-03  56.2s  [40 solved, 1551s]
  C2H3N_rxn2858_TS__cdf_lin__s4        lin    b0  E -130.25369186  dim 815^2  S2 2.5e-03  31.9s  [41 solved, 1583s]
  C2H3N_rxn2858_TS__cdf_lin__s4        lin    b1  E -130.25408763  dim 828^2  S2 2.2e-03  33.5s  [42 solved, 1617s]
  C2H3N_rxn2858_TS__cdf_lin__s4        lin    b2  E -130.25392888  dim 830^2  S2 2.3e-03  33.0s  [43 solved, 1650s]
  C2H3N_rxn2858_TS__cdf_lin__s4        lin    b3  E -130.25429275  dim 832^2  S2 2.1e-03  35.7s  [44 solved, 1686s]
  C2H3N_rxn2858_TS__cdf_lin__s4        lin    b4  E -130.25372774  dim 831^2  S2 2.4e-03  34.7s  [45 solved, 1721s]
  C2H3N_rxn2858_TS__cdf_lin__s4        lin    b5  E -130.25354069  dim 812^2  S2 2.5e-03  33.2s  [46 solved, 1754s]
  C2H3N_rxn2858_TS__cdf_lin__s4        lin    b6  E -130.25373204  dim 812^2  S2 2.4e-03  32.7s  [47 solved, 1787s]
  C2H3N_rxn2858_TS__cdf_lin__s4        lin    b7  E -130.25338273  dim 804^2  S2 2.7e-03  32.8s  [48 solved, 1820s]
  C2H3N_rxn2858_TS__cdf_lin__s4        lin    b8  E -130.25399174  dim 813^2  S2 2.3e-03  32.6s  [49 solved, 1853s]
  C2H3N_rxn2858_TS__cdf_lin__s4        lin    b9  E -130.25373446  dim 817^2  S2 2.6e-03  33.8s  [50 solved, 1887s]
  C2H4O_rxn2507_P__cdf_lin__s0         lin    b0  E -151.11142745  dim 954^2  S2 1.9e-03  62.6s  [1 solved, 63s]
  C2H4O_rxn2507_P__cdf_lin__s0         lin    b1  E -151.11134283  dim 968^2  S2 2.0e-03  63.7s  [2 solved, 127s]
  C2H4O_rxn2507_P__cdf_lin__s0         lin    b2  E -151.11091062  dim 959^2  S2 2.1e-03  59.1s  [3 solved, 186s]
  C2H4O_rxn2507_P__cdf_lin__s0         lin    b3  E -151.11151427  dim 985^2  S2 1.8e-03  59.8s  [4 solved, 246s]
  C2H4O_rxn2507_P__cdf_lin__s0         lin    b4  E -151.11127759  dim 986^2  S2 1.9e-03  63.5s  [5 solved, 310s]
  C2H4O_rxn2507_P__cdf_lin__s0         lin    b5  E -151.11062225  dim 982^2  S2 2.3e-03  60.4s  [6 solved, 371s]
  C2H4O_rxn2507_P__cdf_lin__s0         lin    b6  E -151.11157777  dim 988^2  S2 1.9e-03  63.2s  [7 solved, 434s]
  C2H4O_rxn2507_P__cdf_lin__s0         lin    b7  E -151.11129727  dim 967^2  S2 2.0e-03  60.0s  [8 solved, 494s]
  C2H4O_rxn2507_P__cdf_lin__s0         lin    b8  E -151.11142574  dim 977^2  S2 1.9e-03  60.9s  [9 solved, 555s]
  C2H4O_rxn2507_P__cdf_lin__s0         lin    b9  E -151.11127832  dim 962^2  S2 2.0e-03  58.3s  [10 solved, 614s]
  C3H4_rxn2391_TS__cdf_lin__s0         lin    b0  E -114.45941420  dim 1111^2  S2 5.5e-03  78.5s  [11 solved, 693s]
  C3H4_rxn2391_TS__cdf_lin__s0         lin    b1  E -114.46005180  dim 1101^2  S2 5.3e-03  76.5s  [12 solved, 769s]
  C3H4_rxn2391_TS__cdf_lin__s0         lin    b2  E -114.45798029  dim 1088^2  S2 6.1e-03  74.6s  [13 solved, 844s]
  C3H4_rxn2391_TS__cdf_lin__s0         lin    b3  E -114.45816505  dim 1116^2  S2 6.2e-03  79.5s  [14 solved, 924s]
  C3H4_rxn2391_TS__cdf_lin__s0         lin    b4  E -114.45981337  dim 1134^2  S2 5.4e-03  83.3s  [15 solved, 1008s]
  C3H4_rxn2391_TS__cdf_lin__s0         lin    b5  E -114.45994582  dim 1122^2  S2 5.3e-03  79.4s  [16 solved, 1087s]
  C3H4_rxn2391_TS__cdf_lin__s0         lin    b6  E -114.45896789  dim 1133^2  S2 5.9e-03  81.1s  [17 solved, 1168s]
  C3H4_rxn2391_TS__cdf_lin__s0         lin    b7  E -114.45876674  dim 1125^2  S2 5.9e-03  79.8s  [18 solved, 1249s]
  C3H4_rxn2391_TS__cdf_lin__s0         lin    b8  E -114.45846383  dim 1136^2  S2 5.8e-03  80.9s  [19 solved, 1330s]
  C3H4_rxn2391_TS__cdf_lin__s0         lin    b9  E -114.45978275  dim 1113^2  S2 5.3e-03  77.7s  [20 solved, 1408s]
  C2H4O_rxn2507_P__cdf_lin__s2         lin    b0  E -151.11174114  dim 975^2  S2 1.9e-03  59.7s  [21 solved, 1468s]
  C2H4O_rxn2507_P__cdf_lin__s2         lin    b1  E -151.11061502  dim 952^2  S2 2.3e-03  57.2s  [22 solved, 1525s]
  C2H4O_rxn2507_P__cdf_lin__s2         lin    b2  E -151.11174284  dim 963^2  S2 2.0e-03  61.9s  [23 solved, 1587s]
  C2H4O_rxn2507_P__cdf_lin__s2         lin    b3  E -151.11099893  dim 961^2  S2 2.3e-03  57.5s  [24 solved, 1645s]
  C2H4O_rxn2507_P__cdf_lin__s2         lin    b4  E -151.11125993  dim 958^2  S2 2.0e-03  55.7s  [25 solved, 1701s]
  C2H4O_rxn2507_P__cdf_lin__s2         lin    b5  E -151.11152421  dim 957^2  S2 1.9e-03  58.1s  [26 solved, 1759s]
  C2H4O_rxn2507_P__cdf_lin__s2         lin    b6  E -151.11168761  dim 969^2  S2 1.8e-03  58.7s  [27 solved, 1818s]
  C2H4O_rxn2507_P__cdf_lin__s2         lin    b7  E -151.11153685  dim 955^2  S2 2.1e-03  58.0s  [28 solved, 1876s]
  C2H4O_rxn2507_P__cdf_lin__s2         lin    b8  E -151.11141883  dim 944^2  S2 2.1e-03  56.5s  [29 solved, 1933s]
  C2H4O_rxn2507_P__cdf_lin__s2         lin    b9  E -151.11133813  dim 954^2  S2 2.1e-03  54.6s  [30 solved, 1988s]
  C3H4_rxn2391_TS__cdf_lin__s2         lin    b0  E -114.45892200  dim 1097^2  S2 6.1e-03  75.9s  [31 solved, 2064s]
  C3H4_rxn2391_TS__cdf_lin__s2         lin    b1  E -114.45983974  dim 1103^2  S2 5.2e-03  81.1s  [32 solved, 2145s]
  C3H4_rxn2391_TS__cdf_lin__s2         lin    b2  E -114.45942938  dim 1085^2  S2 5.6e-03  77.2s  [33 solved, 2223s]
  C3H4_rxn2391_TS__cdf_lin__s2         lin    b3  E -114.45856505  dim 1082^2  S2 5.9e-03  74.8s  [34 solved, 2298s]
  C3H4_rxn2391_TS__cdf_lin__s2         lin    b4  E -114.45922268  dim 1073^2  S2 5.5e-03  73.6s  [35 solved, 2372s]
  C3H4_rxn2391_TS__cdf_lin__s2         lin    b5  E -114.45923689  dim 1085^2  S2 5.5e-03  75.1s  [36 solved, 2447s]
  C3H4_rxn2391_TS__cdf_lin__s2         lin    b6  E -114.45877525  dim 1100^2  S2 5.9e-03  77.4s  [37 solved, 2525s]
  C3H4_rxn2391_TS__cdf_lin__s2         lin    b7  E -114.45830750  dim 1105^2  S2 6.1e-03  76.7s  [38 solved, 2602s]
  C3H4_rxn2391_TS__cdf_lin__s2         lin    b8  E -114.45972507  dim 1086^2  S2 5.4e-03  74.8s  [39 solved, 2677s]
  C3H4_rxn2391_TS__cdf_lin__s2         lin    b9  E -114.45794071  dim 1072^2  S2 6.5e-03  74.7s  [40 solved, 2752s]
  C2H4O_rxn2507_P__cdf_lin__s4         lin    b0  E -151.11154872  dim 942^2  S2 2.0e-03  56.7s  [41 solved, 2808s]
  C2H4O_rxn2507_P__cdf_lin__s4         lin    b1  E -151.11108406  dim 946^2  S2 2.1e-03  57.7s  [42 solved, 2866s]
  C2H4O_rxn2507_P__cdf_lin__s4         lin    b2  E -151.11182053  dim 971^2  S2 1.8e-03  60.1s  [43 solved, 2927s]
  C2H4O_rxn2507_P__cdf_lin__s4         lin    b3  E -151.11124030  dim 966^2  S2 2.0e-03  59.9s  [44 solved, 2987s]
  C2H4O_rxn2507_P__cdf_lin__s4         lin    b4  E -151.11147733  dim 962^2  S2 2.0e-03  58.3s  [45 solved, 3045s]
  C2H4O_rxn2507_P__cdf_lin__s4         lin    b5  E -151.11122699  dim 948^2  S2 2.0e-03  53.8s  [46 solved, 3099s]
  C2H4O_rxn2507_P__cdf_lin__s4         lin    b6  E -151.11143028  dim 920^2  S2 2.0e-03  54.4s  [47 solved, 3154s]
  C2H4O_rxn2507_P__cdf_lin__s4         lin    b7  E -151.11141931  dim 935^2  S2 2.0e-03  53.1s  [48 solved, 3207s]
  C2H4O_rxn2507_P__cdf_lin__s4         lin    b8  E -151.11117234  dim 946^2  S2 2.1e-03  56.9s  [49 solved, 3264s]
  C2H4O_rxn2507_P__cdf_lin__s4         lin    b9  E -151.11118347  dim 952^2  S2 2.0e-03  58.5s  [50 solved, 3323s]
  C3H4_rxn2391_R__cdf_lin__s4          lin    b0  E -114.67494356  dim 905^2  S2 2.6e-03  34.6s  [51 solved, 3358s]
  C3H4_rxn2391_R__cdf_lin__s4          lin    b1  E -114.67487788  dim 907^2  S2 2.6e-03  35.0s  [52 solved, 3393s]
  C3H4_rxn2391_R__cdf_lin__s4          lin    b2  E -114.67485025  dim 908^2  S2 2.6e-03  34.9s  [53 solved, 3428s]
  C3H4_rxn2391_R__cdf_lin__s4          lin    b3  E -114.67486734  dim 920^2  S2 2.8e-03  36.3s  [54 solved, 3464s]
  C3H4_rxn2391_R__cdf_lin__s4          lin    b4  E -114.67497211  dim 913^2  S2 2.6e-03  35.0s  [55 solved, 3500s]
  C3H4_rxn2391_R__cdf_lin__s4          lin    b5  E -114.67477476  dim 909^2  S2 2.7e-03  34.5s  [56 solved, 3535s]
  C3H4_rxn2391_R__cdf_lin__s4          lin    b6  E -114.67484273  dim 903^2  S2 2.6e-03  34.3s  [57 solved, 3569s]
  C3H4_rxn2391_R__cdf_lin__s4          lin    b7  E -114.67462858  dim 910^2  S2 2.9e-03  34.5s  [58 solved, 3604s]
  C3H4_rxn2391_R__cdf_lin__s4          lin    b8  E -114.67509539  dim 912^2  S2 2.5e-03  34.5s  [59 solved, 3639s]
  C3H4_rxn2391_R__cdf_lin__s4          lin    b9  E -114.67495725  dim 908^2  S2 2.6e-03  34.5s  [60 solved, 3673s]
  C2HNO_rxn4440_TS__cdf_lin__s0        lin    b0  E -203.03242534  dim 918^2  S2 4.4e-03  129.8s  [1 solved, 130s]
  C2HNO_rxn4440_TS__cdf_lin__s0        lin    b1  E -203.03156459  dim 916^2  S2 5.1e-03  130.1s  [2 solved, 260s]
  C2HNO_rxn4440_TS__cdf_lin__s0        lin    b2  E -203.03220799  dim 909^2  S2 4.7e-03  136.4s  [3 solved, 397s]
  C2HNO_rxn4440_TS__cdf_lin__s0        lin    b3  E -203.03104553  dim 940^2  S2 5.1e-03  133.9s  [4 solved, 531s]
  C2HNO_rxn4440_TS__cdf_lin__s0        lin    b4  E -203.03182002  dim 919^2  S2 4.9e-03  130.7s  [5 solved, 662s]
  C2HNO_rxn4440_TS__cdf_lin__s0        lin    b5  E -203.03156597  dim 930^2  S2 5.2e-03  132.5s  [6 solved, 795s]
  C2HNO_rxn4440_TS__cdf_lin__s0        lin    b6  E -203.03166972  dim 942^2  S2 5.1e-03  134.6s  [7 solved, 930s]
  C2HNO_rxn4440_TS__cdf_lin__s0        lin    b7  E -203.03245232  dim 933^2  S2 4.4e-03  131.7s  [8 solved, 1061s]
  C2HNO_rxn4440_TS__cdf_lin__s0        lin    b8  E -203.03314890  dim 935^2  S2 4.2e-03  131.6s  [9 solved, 1193s]
  C2HNO_rxn4440_TS__cdf_lin__s0        lin    b9  E -203.03322246  dim 953^2  S2 4.2e-03  138.3s  [10 solved, 1332s]
  C2HNO_rxn4440_TS__cdf_lin__s3        lin    b0  E -203.03252030  dim 933^2  S2 4.8e-03  131.7s  [11 solved, 1464s]
  C2HNO_rxn4440_TS__cdf_lin__s3        lin    b1  E -203.03298753  dim 901^2  S2 4.2e-03  123.2s  [12 solved, 1587s]
  C2HNO_rxn4440_TS__cdf_lin__s3        lin    b2  E -203.03241207  dim 940^2  S2 4.4e-03  131.0s  [13 solved, 1719s]
  C2HNO_rxn4440_TS__cdf_lin__s3        lin    b3  E -203.03364646  dim 959^2  S2 3.9e-03  140.1s  [14 solved, 1859s]
  C2HNO_rxn4440_TS__cdf_lin__s3        lin    b4  E -203.03281642  dim 944^2  S2 4.2e-03  131.1s  [15 solved, 1990s]
  C2HNO_rxn4440_TS__cdf_lin__s3        lin    b5  E -203.03349052  dim 925^2  S2 4.1e-03  133.9s  [16 solved, 2124s]
  C2HNO_rxn4440_TS__cdf_lin__s3        lin    b6  E -203.03271043  dim 929^2  S2 4.3e-03  131.0s  [17 solved, 2256s]
  C2HNO_rxn4440_TS__cdf_lin__s3        lin    b7  E -203.03314967  dim 936^2  S2 4.2e-03  135.4s  [18 solved, 2391s]
  C2HNO_rxn4440_TS__cdf_lin__s3        lin    b8  E -203.03247105  dim 911^2  S2 4.2e-03  126.2s  [19 solved, 2518s]
  C2HNO_rxn4440_TS__cdf_lin__s3        lin    b9  E -203.03356113  dim 939^2  S2 4.1e-03  136.8s  [20 solved, 2655s]
  C2HNO_rxn4442_P__cdf_lin__s1         lin    b0  E -203.06099551  dim 919^2  S2 4.4e-03  107.9s  [1 solved, 108s]
  C2HNO_rxn4442_P__cdf_lin__s1         lin    b1  E -203.06038407  dim 936^2  S2 4.8e-03  114.6s  [2 solved, 223s]
  C2HNO_rxn4442_P__cdf_lin__s1         lin    b2  E -203.06046722  dim 943^2  S2 4.7e-03  115.5s  [3 solved, 339s]
  C2HNO_rxn4442_P__cdf_lin__s1         lin    b3  E -203.06026702  dim 958^2  S2 5.3e-03  115.0s  [4 solved, 454s]
  C2HNO_rxn4442_P__cdf_lin__s1         lin    b4  E -203.06091404  dim 939^2  S2 4.7e-03  111.8s  [5 solved, 566s]
  C2HNO_rxn4442_P__cdf_lin__s1         lin    b5  E -203.06100934  dim 957^2  S2 4.4e-03  116.4s  [6 solved, 683s]
  C2HNO_rxn4442_P__cdf_lin__s1         lin    b6  E -203.06045156  dim 940^2  S2 4.7e-03  113.8s  [7 solved, 797s]
  C2HNO_rxn4442_P__cdf_lin__s1         lin    b7  E -203.06097131  dim 941^2  S2 4.4e-03  112.5s  [8 solved, 909s]
  C2HNO_rxn4442_P__cdf_lin__s1         lin    b8  E -203.06128190  dim 941^2  S2 4.3e-03  112.2s  [9 solved, 1022s]
  C2HNO_rxn4442_P__cdf_lin__s1         lin    b9  E -203.06137440  dim 961^2  S2 4.3e-03  116.6s  [10 solved, 1139s]
  C2HNO_rxn4442_P__cdf_lin__s2         lin    b0  E -203.06009993  dim 938^2  S2 5.2e-03  112.8s  [11 solved, 1252s]
  C2HNO_rxn4442_P__cdf_lin__s2         lin    b1  E -203.06131422  dim 957^2  S2 4.4e-03  119.0s  [12 solved, 1371s]
  C2HNO_rxn4442_P__cdf_lin__s2         lin    b2  E -203.06052344  dim 961^2  S2 4.6e-03  116.0s  [13 solved, 1487s]
  C2HNO_rxn4442_P__cdf_lin__s2         lin    b3  E -203.06043953  dim 972^2  S2 4.7e-03  119.5s  [14 solved, 1607s]
  C2HNO_rxn4442_P__cdf_lin__s2         lin    b4  E -203.06132143  dim 964^2  S2 4.3e-03  117.2s  [15 solved, 1724s]
  C2HNO_rxn4442_P__cdf_lin__s2         lin    b5  E -203.05998193  dim 969^2  S2 5.0e-03  120.4s  [16 solved, 1845s]
  C2HNO_rxn4442_P__cdf_lin__s2         lin    b6  E -203.06110314  dim 946^2  S2 4.5e-03  113.7s  [17 solved, 1959s]
  C2HNO_rxn4442_P__cdf_lin__s2         lin    b7  E -203.06023402  dim 963^2  S2 4.9e-03  118.2s  [18 solved, 2078s]
  C2HNO_rxn4442_P__cdf_lin__s2         lin    b8  E -203.06104896  dim 955^2  S2 4.2e-03  115.5s  [19 solved, 2193s]
  C2HNO_rxn4442_P__cdf_lin__s2         lin    b9  E -203.05976047  dim 978^2  S2 5.3e-03  122.2s  [20 solved, 2316s]
  C2HNO_rxn4442_P__cdf_lin__s4         lin    b0  E -203.06055381  dim 929^2  S2 4.5e-03  110.3s  [21 solved, 2426s]
  C2HNO_rxn4442_P__cdf_lin__s4         lin    b1  E -203.06074696  dim 956^2  S2 4.3e-03  115.2s  [22 solved, 2542s]
  C2HNO_rxn4442_P__cdf_lin__s4         lin    b2  E -203.06178085  dim 962^2  S2 4.0e-03  116.5s  [23 solved, 2658s]
  C2HNO_rxn4442_P__cdf_lin__s4         lin    b3  E -203.06109527  dim 953^2  S2 4.2e-03  113.4s  [24 solved, 2772s]
  C2HNO_rxn4442_P__cdf_lin__s4         lin    b4  E -203.06145022  dim 1010^2  S2 4.4e-03  129.3s  [25 solved, 2902s]
  C2HNO_rxn4442_P__cdf_lin__s4         lin    b5  E -203.06139515  dim 980^2  S2 4.1e-03  120.8s  [26 solved, 3023s]
  C2HNO_rxn4442_P__cdf_lin__s4         lin    b6  E -203.06065629  dim 950^2  S2 4.6e-03  116.3s  [27 solved, 3139s]
  C2HNO_rxn4442_P__cdf_lin__s4         lin    b7  E -203.06053320  dim 951^2  S2 4.7e-03  113.1s  [28 solved, 3252s]
  C2HNO_rxn4442_P__cdf_lin__s4         lin    b8  E -203.06059637  dim 964^2  S2 4.8e-03  117.6s  [29 solved, 3370s]
  C2HNO_rxn4442_P__cdf_lin__s4         lin    b9  E -203.06091917  dim 969^2  S2 4.4e-03  116.9s  [30 solved, 3487s]
