  C2H4O_rxn0724_P__cdf_lin__s0         lin    b0  E -151.00460341  dim 838^2  S2 2.3e-03  53.9s  [1 solved, 56s]
  C2H4O_rxn0724_P__cdf_lin__s0         lin    b1  E -151.00493405  dim 865^2  S2 2.1e-03  56.7s  [2 solved, 113s]
  C2H4O_rxn0724_P__cdf_lin__s0         lin    b2  E -151.00507091  dim 865^2  S2 2.1e-03  56.4s  [3 solved, 170s]
  C2H4O_rxn0724_P__cdf_lin__s0         lin    b3  E -151.00472657  dim 824^2  S2 2.1e-03  54.0s  [4 solved, 224s]
  C2H4O_rxn0724_P__cdf_lin__s0         lin    b4  E -151.00438248  dim 837^2  S2 2.3e-03  56.2s  [5 solved, 280s]
  C2H4O_rxn0724_P__cdf_lin__s0         lin    b5  E -151.00487523  dim 853^2  S2 2.4e-03  54.0s  [6 solved, 335s]
  C2H4O_rxn0724_P__cdf_lin__s0         lin    b6  E -151.00466371  dim 833^2  S2 2.2e-03  51.5s  [7 solved, 386s]
  C2H4O_rxn0724_P__cdf_lin__s0         lin    b7  E -151.00481559  dim 842^2  S2 2.1e-03  53.8s  [8 solved, 440s]
  C2H4O_rxn0724_P__cdf_lin__s0         lin    b8  E -151.00436809  dim 836^2  S2 2.2e-03  53.7s  [9 solved, 494s]
  C2H4O_rxn0724_P__cdf_lin__s0         lin    b9  E -151.00488205  dim 847^2  S2 2.1e-03  52.1s  [10 solved, 547s]
  C2H4O_rxn0724_P__cdf_lin__s1         lin    b0  E -151.00495611  dim 845^2  S2 2.1e-03  52.5s  [11 solved, 599s]
  C2H4O_rxn0724_P__cdf_lin__s1         lin    b1  E -151.00495517  dim 850^2  S2 2.2e-03  54.4s  [12 solved, 654s]
  C2H4O_rxn0724_P__cdf_lin__s1         lin    b2  E -151.00505631  dim 859^2  S2 2.1e-03  51.5s  [13 solved, 705s]
  C2H4O_rxn0724_P__cdf_lin__s1         lin    b3  E -151.00488606  dim 857^2  S2 2.1e-03  50.0s  [14 solved, 756s]
  C2H4O_rxn0724_P__cdf_lin__s1         lin    b4  E -151.00455881  dim 864^2  S2 2.3e-03  51.8s  [15 solved, 808s]
  C2H4O_rxn0724_P__cdf_lin__s1         lin    b5  E -151.00447310  dim 843^2  S2 2.2e-03  49.6s  [16 solved, 857s]
  C2H4O_rxn0724_P__cdf_lin__s1         lin    b6  E -151.00512711  dim 851^2  S2 2.1e-03  49.1s  [17 solved, 907s]
  C2H4O_rxn0724_P__cdf_lin__s1         lin    b7  E -151.00461619  dim 830^2  S2 2.2e-03  47.0s  [18 solved, 954s]
  C2H4O_rxn0724_P__cdf_lin__s1         lin    b8  E -151.00418168  dim 835^2  S2 2.3e-03  47.8s  [19 solved, 1002s]
  C2H4O_rxn0724_P__cdf_lin__s1         lin    b9  E -151.00432660  dim 835^2  S2 2.3e-03  50.7s  [20 solved, 1053s]
  C2H3N_rxn2858_P__cdf_lin__s3         lin    b0  E -130.39937274  dim 833^2  S2 3.6e-03  27.6s  [21 solved, 1081s]
  C2H3N_rxn2858_P__cdf_lin__s3         lin    b1  E -130.39878825  dim 783^2  S2 3.8e-03  26.7s  [22 solved, 1108s]
  C2H3N_rxn2858_P__cdf_lin__s3         lin    b2  E -130.39829704  dim 829^2  S2 4.6e-03  27.2s  [23 solved, 1135s]
  C2H3N_rxn2858_P__cdf_lin__s3         lin    b3  E -130.39804647  dim 827^2  S2 4.0e-03  27.4s  [24 solved, 1163s]
  C2H3N_rxn2858_P__cdf_lin__s3         lin    b4  E -130.39731592  dim 823^2  S2 4.5e-03  27.7s  [25 solved, 1191s]
  C2H3N_rxn2858_P__cdf_lin__s3         lin    b5  E -130.39682002  dim 851^2  S2 4.7e-03  29.6s  [26 solved, 1221s]
  C2H3N_rxn2858_P__cdf_lin__s3         lin    b6  E -130.39769565  dim 792^2  S2 4.6e-03  27.1s  [27 solved, 1248s]
  C2H3N_rxn2858_P__cdf_lin__s3         lin    b7  E -130.39745944  dim 808^2  S2 4.4e-03  26.4s  [28 solved, 1275s]
  C2H3N_rxn2858_P__cdf_lin__s3         lin    b8  E -130.39623145  dim 805^2  S2 5.1e-03  26.6s  [29 solved, 1301s]
  C2H3N_rxn2858_P__cdf_lin__s3         lin    b9  E -130.39664859  dim 794^2  S2 4.8e-03  25.9s  [30 solved, 1327s]
  C2H4O_rxn0724_P__cdf_lin__s3         lin    b0  E -151.00438346  dim 850^2  S2 2.2e-03  54.2s  [31 solved, 1382s]
  C2H4O_rxn0724_P__cdf_lin__s3         lin    b1  E -151.00502812  dim 856^2  S2 2.0e-03  54.1s  [32 solved, 1436s]
  C2H4O_rxn0724_P__cdf_lin__s3         lin    b2  E -151.00507724  dim 845^2  S2 2.0e-03  53.3s  [33 solved, 1489s]
  C2H4O_rxn0724_P__cdf_lin__s3         lin    b3  E -151.00504401  dim 843^2  S2 2.1e-03  52.2s  [34 solved, 1542s]
  C2H4O_rxn0724_P__cdf_lin__s3         lin    b4  E -151.00504492  dim 848^2  S2 2.1e-03  52.2s  [35 solved, 1594s]
  C2H4O_rxn0724_P__cdf_lin__s3         lin    b5  E -151.00467364  dim 836^2  S2 2.2e-03  51.4s  [36 solved, 1646s]
  C2H4O_rxn0724_P__cdf_lin__s3         lin    b6  E -151.00468686  dim 853^2  S2 2.2e-03  55.6s  [37 solved, 1702s]
  C2H4O_rxn0724_P__cdf_lin__s3         lin    b7  E -151.00503172  dim 848^2  S2 2.1e-03  54.1s  [38 solved, 1756s]
  C2H4O_rxn0724_P__cdf_lin__s3         lin    b8  E -151.00522959  dim 865^2  S2 2.0e-03  55.8s  [39 solved, 1812s]
  C2H4O_rxn0724_P__cdf_lin__s3         lin    b9  E -151.00481707  dim 861^2  S2 2.1e-03  55.2s  [40 solved, 1868s]
  C2H4O_rxn0724_TS__cdf_lin__s4        lin    b0  E -150.90902922  dim 877^2  S2 3.5e-03  54.3s  [41 solved, 1922s]
  C2H4O_rxn0724_TS__cdf_lin__s4        lin    b1  E -150.90840337  dim 871^2  S2 3.9e-03  57.0s  [42 solved, 1979s]
  C2H4O_rxn0724_TS__cdf_lin__s4        lin    b2  E -150.90845935  dim 871^2  S2 4.0e-03  54.7s  [43 solved, 2034s]
  C2H4O_rxn0724_TS__cdf_lin__s4        lin    b3  E -150.90867706  dim 878^2  S2 3.7e-03  51.9s  [44 solved, 2086s]
  C2H4O_rxn0724_TS__cdf_lin__s4        lin    b4  E -150.90853224  dim 863^2  S2 3.9e-03  50.0s  [45 solved, 2137s]
  C2H4O_rxn0724_TS__cdf_lin__s4        lin    b5  E -150.90864139  dim 889^2  S2 4.0e-03  53.1s  [46 solved, 2190s]
  C2H4O_rxn0724_TS__cdf_lin__s4        lin    b6  E -150.90858564  dim 892^2  S2 3.7e-03  55.3s  [47 solved, 2245s]
  C2H4O_rxn0724_TS__cdf_lin__s4        lin    b7  E -150.90821929  dim 873^2  S2 4.0e-03  51.3s  [48 solved, 2297s]
  C2H4O_rxn0724_TS__cdf_lin__s4        lin    b8  E -150.90913682  dim 881^2  S2 3.4e-03  56.9s  [49 solved, 2354s]
  C2H4O_rxn0724_TS__cdf_lin__s4        lin    b9  E -150.90848669  dim 880^2  S2 3.9e-03  52.4s  [50 solved, 2406s]
  C3H4_rxn2391_R__cdf_lin__s0          lin    b0  E -114.67541474  dim 924^2  S2 2.6e-03  35.4s  [1 solved, 36s]
  C3H4_rxn2391_R__cdf_lin__s0          lin    b1  E -114.67537112  dim 913^2  S2 2.6e-03  35.1s  [2 solved, 71s]
  C3H4_rxn2391_R__cdf_lin__s0          lin    b2  E -114.67576759  dim 924^2  S2 2.5e-03  35.4s  [3 solved, 106s]
  C3H4_rxn2391_R__cdf_lin__s0          lin    b3  E -114.67563053  dim 924^2  S2 2.5e-03  35.1s  [4 solved, 142s]
  C3H4_rxn2391_R__cdf_lin__s0          lin    b4  E -114.67516300  dim 917^2  S2 2.7e-03  34.5s  [5 solved, 176s]
  C3H4_rxn2391_R__cdf_lin__s0          lin    b5  E -114.67524289  dim 914^2  S2 2.6e-03  34.6s  [6 solved, 211s]
  C3H4_rxn2391_R__cdf_lin__s0          lin    b6  E -114.67551103  dim 921^2  S2 2.5e-03  34.9s  [7 solved, 246s]
  C3H4_rxn2391_R__cdf_lin__s0          lin    b7  E -114.67571557  dim 928^2  S2 2.5e-03  34.8s  [8 solved, 281s]
  C3H4_rxn2391_R__cdf_lin__s0          lin    b8  E -114.67568801  dim 932^2  S2 2.5e-03  35.0s  [9 solved, 316s]
  C3H4_rxn2391_R__cdf_lin__s0          lin    b9  E -114.67537846  dim 916^2  S2 2.6e-03  34.4s  [10 solved, 351s]
  C2H4O_rxn2507_TS__cdf_lin__s1        lin    b0  E -150.98583304  dim 1024^2  S2 5.0e-03  75.8s  [11 solved, 427s]
  C2H4O_rxn2507_TS__cdf_lin__s1        lin    b1  E -150.98697240  dim 1067^2  S2 4.6e-03  80.7s  [12 solved, 508s]
  C2H4O_rxn2507_TS__cdf_lin__s1        lin    b2  E -150.98671253  dim 1053^2  S2 4.9e-03  79.6s  [13 solved, 588s]
  C2H4O_rxn2507_TS__cdf_lin__s1        lin    b3  E -150.98685559  dim 1057^2  S2 4.6e-03  75.6s  [14 solved, 664s]
  C2H4O_rxn2507_TS__cdf_lin__s1        lin    b4  E -150.98619727  dim 1056^2  S2 5.0e-03  78.8s  [15 solved, 743s]
  C2H4O_rxn2507_TS__cdf_lin__s1        lin    b5  E -150.98577783  dim 1026^2  S2 5.0e-03  76.0s  [16 solved, 819s]
  C2H4O_rxn2507_TS__cdf_lin__s1        lin    b6  E -150.98591162  dim 1047^2  S2 5.2e-03  76.0s  [17 solved, 895s]
  C2H4O_rxn2507_TS__cdf_lin__s1        lin    b7  E -150.98552147  dim 1075^2  S2 5.3e-03  78.3s  [18 solved, 974s]
  C2H4O_rxn2507_TS__cdf_lin__s1        lin    b8  E -150.98586059  dim 1058^2  S2 5.1e-03  80.4s  [19 solved, 1054s]
  C2H4O_rxn2507_TS__cdf_lin__s1        lin    b9  E -150.98661472  dim 1049^2  S2 4.6e-03  77.4s  [20 solved, 1132s]
  C3H4_rxn2391_P__cdf_lin__s2          lin    b0  E -114.65133381  dim 869^2  S2 2.7e-03  31.3s  [21 solved, 1164s]
  C3H4_rxn2391_P__cdf_lin__s2          lin    b1  E -114.65143278  dim 850^2  S2 2.7e-03  30.0s  [22 solved, 1194s]
  C3H4_rxn2391_P__cdf_lin__s2          lin    b2  E -114.65118299  dim 876^2  S2 2.9e-03  31.3s  [23 solved, 1225s]
  C3H4_rxn2391_P__cdf_lin__s2          lin    b3  E -114.65108509  dim 867^2  S2 2.7e-03  31.0s  [24 solved, 1256s]
  C3H4_rxn2391_P__cdf_lin__s2          lin    b4  E -114.65139162  dim 871^2  S2 2.7e-03  31.3s  [25 solved, 1288s]
  C3H4_rxn2391_P__cdf_lin__s2          lin    b5  E -114.65160997  dim 875^2  S2 2.6e-03  31.5s  [26 solved, 1320s]
  C3H4_rxn2391_P__cdf_lin__s2          lin    b6  E -114.65152493  dim 865^2  S2 2.7e-03  31.1s  [27 solved, 1351s]
  C3H4_rxn2391_P__cdf_lin__s2          lin    b7  E -114.65170183  dim 884^2  S2 2.6e-03  31.8s  [28 solved, 1383s]
  C3H4_rxn2391_P__cdf_lin__s2          lin    b8  E -114.65161015  dim 876^2  S2 2.7e-03  31.6s  [29 solved, 1414s]
  C3H4_rxn2391_P__cdf_lin__s2          lin    b9  E -114.65159699  dim 865^2  S2 2.6e-03  30.8s  [30 solved, 1445s]
  C3H4_rxn2391_R__cdf_lin__s2          lin    b0  E -114.67582206  dim 945^2  S2 2.1e-03  35.8s  [31 solved, 1481s]
  C3H4_rxn2391_R__cdf_lin__s2          lin    b1  E -114.67598998  dim 953^2  S2 2.1e-03  36.2s  [32 solved, 1518s]
  C3H4_rxn2391_R__cdf_lin__s2          lin    b2  E -114.67561335  dim 941^2  S2 2.3e-03  36.3s  [33 solved, 1554s]
  C3H4_rxn2391_R__cdf_lin__s2          lin    b3  E -114.67554576  dim 933^2  S2 2.3e-03  36.7s  [34 solved, 1591s]
  C3H4_rxn2391_R__cdf_lin__s2          lin    b4  E -114.67583256  dim 945^2  S2 2.2e-03  37.9s  [35 solved, 1629s]
  C3H4_rxn2391_R__cdf_lin__s2          lin    b5  E -114.67575553  dim 939^2  S2 2.2e-03  37.5s  [36 solved, 1667s]
  C3H4_rxn2391_R__cdf_lin__s2          lin    b6  E -114.67602854  dim 944^2  S2 2.1e-03  36.0s  [37 solved, 1703s]
  C3H4_rxn2391_R__cdf_lin__s2          lin    b7  E -114.67595151  dim 941^2  S2 2.2e-03  35.6s  [38 solved, 1739s]
  C3H4_rxn2391_R__cdf_lin__s2          lin    b8  E -114.67554938  dim 955^2  S2 2.3e-03  36.2s  [39 solved, 1775s]
  C3H4_rxn2391_R__cdf_lin__s2          lin    b9  E -114.67547449  dim 938^2  S2 2.3e-03  35.2s  [40 solved, 1811s]
  C2H4O_rxn2507_TS__cdf_lin__s3        lin    b0  E -150.98586965  dim 1027^2  S2 5.5e-03  75.9s  [41 solved, 1887s]
  C2H4O_rxn2507_TS__cdf_lin__s3        lin    b1  E -150.98650866  dim 1072^2  S2 4.8e-03  78.1s  [42 solved, 1965s]
  C2H4O_rxn2507_TS__cdf_lin__s3        lin    b2  E -150.98480307  dim 1066^2  S2 5.8e-03  86.2s  [43 solved, 2052s]
  C2H4O_rxn2507_TS__cdf_lin__s3        lin    b3  E -150.98501149  dim 1045^2  S2 5.5e-03  79.7s  [44 solved, 2131s]
  C2H4O_rxn2507_TS__cdf_lin__s3        lin    b4  E -150.98727878  dim 1057^2  S2 4.5e-03  76.8s  [45 solved, 2208s]
  C2H4O_rxn2507_TS__cdf_lin__s3        lin    b5  E -150.98636569  dim 1040^2  S2 4.8e-03  78.5s  [46 solved, 2287s]
  C2H4O_rxn2507_TS__cdf_lin__s3        lin    b6  E -150.98604779  dim 1031^2  S2 5.1e-03  79.0s  [47 solved, 2366s]
  C2H4O_rxn2507_TS__cdf_lin__s3        lin    b7  E -150.98582209  dim 1055^2  S2 5.0e-03  80.8s  [48 solved, 2447s]
  C2H4O_rxn2507_TS__cdf_lin__s3        lin    b8  E -150.98619626  dim 1042^2  S2 4.9e-03  78.1s  [49 solved, 2526s]
  C2H4O_rxn2507_TS__cdf_lin__s3        lin    b9  E -150.98656103  dim 1075^2  S2 4.6e-03  83.3s  [50 solved, 2609s]
  C3H4_rxn2391_P__cdf_lin__s4          lin    b0  E -114.65048279  dim 855^2  S2 3.1e-03  31.1s  [51 solved, 2641s]
  C3H4_rxn2391_P__cdf_lin__s4          lin    b1  E -114.65025005  dim 847^2  S2 3.2e-03  30.7s  [52 solved, 2671s]
  C3H4_rxn2391_P__cdf_lin__s4          lin    b2  E -114.65044830  dim 847^2  S2 3.1e-03  30.9s  [53 solved, 2703s]
  C3H4_rxn2391_P__cdf_lin__s4          lin    b3  E -114.65071609  dim 857^2  S2 3.0e-03  31.5s  [54 solved, 2734s]
  C3H4_rxn2391_P__cdf_lin__s4          lin    b4  E -114.65102433  dim 864^2  S2 2.9e-03  31.4s  [55 solved, 2766s]
  C3H4_rxn2391_P__cdf_lin__s4          lin    b5  E -114.65091776  dim 869^2  S2 2.9e-03  32.1s  [56 solved, 2798s]
  C3H4_rxn2391_P__cdf_lin__s4          lin    b6  E -114.65074789  dim 848^2  S2 3.0e-03  30.7s  [57 solved, 2829s]
  C3H4_rxn2391_P__cdf_lin__s4          lin    b7  E -114.65043589  dim 861^2  S2 3.3e-03  31.7s  [58 solved, 2861s]
  C3H4_rxn2391_P__cdf_lin__s4          lin    b8  E -114.65051940  dim 858^2  S2 3.2e-03  31.3s  [59 solved, 2892s]
  C3H4_rxn2391_P__cdf_lin__s4          lin    b9  E -114.65025400  dim 864^2  S2 3.2e-03  32.2s  [60 solved, 2925s]
  C3H4_rxn2391_TS__cdf_lin__s4         lin    b0  E -114.45980217  dim 1123^2  S2 5.3e-03  79.9s  [61 solved, 3005s]
  C3H4_rxn2391_TS__cdf_lin__s4         lin    b1  E -114.45847350  dim 1110^2  S2 6.1e-03  77.0s  [62 solved, 3082s]
  C3H4_rxn2391_TS__cdf_lin__s4         lin    b2  E -114.45864982  dim 1081^2  S2 5.8e-03  74.1s  [63 solved, 3156s]
  C3H4_rxn2391_TS__cdf_lin__s4         lin    b3  E -114.45878214  dim 1094^2  S2 5.8e-03  72.6s  [64 solved, 3229s]
  C3H4_rxn2391_TS__cdf_lin__s4         lin    b4  E -114.45932003  dim 1087^2  S2 5.4e-03  74.0s  [65 solved, 3303s]
  C3H4_rxn2391_TS__cdf_lin__s4         lin    b5  E -114.45850404  dim 1093^2  S2 5.8e-03  71.1s  [66 solved, 3375s]
  C3H4_rxn2391_TS__cdf_lin__s4         lin    b6  E -114.45873363  dim 1112^2  S2 6.0e-03  78.9s  [67 solved, 3454s]
  C3H4_rxn2391_TS__cdf_lin__s4         lin    b7  E -114.45985470  dim 1088^2  S2 5.4e-03  75.2s  [68 solved, 3529s]
  C3H4_rxn2391_TS__cdf_lin__s4         lin    b8  E -114.45741745  dim 1097^2  S2 6.7e-03  76.0s  [69 solved, 3606s]
  C3H4_rxn2391_TS__cdf_lin__s4         lin    b9  E -114.45997585  dim 1112^2  S2 5.0e-03  76.0s  [70 solved, 3682s]
  C2HNO_rxn4441_P__cdf_lin__s0         lin    b0  E -203.14202508  dim 1001^2  S2 4.6e-03  126.3s  [1 solved, 127s]
  C2HNO_rxn4441_P__cdf_lin__s0         lin    b1  E -203.14223761  dim 1008^2  S2 4.5e-03  128.1s  [2 solved, 255s]
  C2HNO_rxn4441_P__cdf_lin__s0         lin    b2  E -203.14181536  dim 1027^2  S2 4.9e-03  128.2s  [3 solved, 383s]
  C2HNO_rxn4441_P__cdf_lin__s0         lin    b3  E -203.14184971  dim 1023^2  S2 4.7e-03  128.2s  [4 solved, 512s]
  C2HNO_rxn4441_P__cdf_lin__s0         lin    b4  E -203.14251941  dim 1033^2  S2 4.6e-03  129.5s  [5 solved, 642s]
  C2HNO_rxn4441_P__cdf_lin__s0         lin    b5  E -203.14215856  dim 1010^2  S2 4.7e-03  124.2s  [6 solved, 766s]
  C2HNO_rxn4441_P__cdf_lin__s0         lin    b6  E -203.14185308  dim 993^2  S2 4.6e-03  121.6s  [7 solved, 888s]
  C2HNO_rxn4441_P__cdf_lin__s0         lin    b7  E -203.14207229  dim 1007^2  S2 4.7e-03  124.4s  [8 solved, 1012s]
  C2HNO_rxn4441_P__cdf_lin__s0         lin    b8  E -203.14140780  dim 1007^2  S2 4.8e-03  124.3s  [9 solved, 1137s]
  C2HNO_rxn4441_P__cdf_lin__s0         lin    b9  E -203.14160408  dim 1008^2  S2 4.9e-03  125.0s  [10 solved, 1262s]
  C2HNO_rxn4441_P__cdf_lin__s2         lin    b0  E -203.14107075  dim 969^2  S2 4.5e-03  116.1s  [11 solved, 1379s]
  C2HNO_rxn4441_P__cdf_lin__s2         lin    b1  E -203.14139394  dim 1005^2  S2 4.5e-03  123.7s  [12 solved, 1502s]
  C2HNO_rxn4441_P__cdf_lin__s2         lin    b2  E -203.14072924  dim 1000^2  S2 5.1e-03  122.8s  [13 solved, 1626s]
  C2HNO_rxn4441_P__cdf_lin__s2         lin    b3  E -203.14161662  dim 1017^2  S2 4.8e-03  129.3s  [14 solved, 1755s]
  C2HNO_rxn4441_P__cdf_lin__s2         lin    b4  E -203.14132637  dim 988^2  S2 4.8e-03  120.3s  [15 solved, 1876s]
  C2HNO_rxn4441_P__cdf_lin__s2         lin    b5  E -203.14094718  dim 1002^2  S2 4.9e-03  123.4s  [16 solved, 1999s]
  C2HNO_rxn4441_P__cdf_lin__s2         lin    b6  E -203.14047790  dim 1013^2  S2 5.5e-03  126.5s  [17 solved, 2126s]
  C2HNO_rxn4441_P__cdf_lin__s2         lin    b7  E -203.14191707  dim 998^2  S2 4.5e-03  121.8s  [18 solved, 2248s]
  C2HNO_rxn4441_P__cdf_lin__s2         lin    b8  E -203.14123192  dim 1026^2  S2 4.9e-03  128.4s  [19 solved, 2377s]
  C2HNO_rxn4441_P__cdf_lin__s2         lin    b9  E -203.14141810  dim 1005^2  S2 4.9e-03  125.2s  [20 solved, 2502s]
  C2HNO_rxn4441_P__cdf_lin__s4         lin    b0  E -203.14117594  dim 977^2  S2 4.6e-03  116.2s  [21 solved, 2619s]
  C2HNO_rxn4441_P__cdf_lin__s4         lin    b1  E -203.14211117  dim 998^2  S2 4.4e-03  123.0s  [22 solved, 2742s]
  C2HNO_rxn4441_P__cdf_lin__s4         lin    b2  E -203.14169888  dim 981^2  S2 4.6e-03  119.2s  [23 solved, 2861s]
  C2HNO_rxn4441_P__cdf_lin__s4         lin    b3  E -203.14133258  dim 962^2  S2 4.7e-03  117.7s  [24 solved, 2979s]
  C2HNO_rxn4441_P__cdf_lin__s4         lin    b4  E -203.14134378  dim 1005^2  S2 4.9e-03  125.2s  [25 solved, 3105s]
  C2HNO_rxn4441_P__cdf_lin__s4         lin    b5  E -203.14023212  dim 984^2  S2 5.4e-03  118.1s  [26 solved, 3223s]
  C2HNO_rxn4441_P__cdf_lin__s4         lin    b6  E -203.14134247  dim 974^2  S2 4.8e-03  120.5s  [27 solved, 3344s]
  C2HNO_rxn4441_P__cdf_lin__s4         lin    b7  E -203.14104876  dim 977^2  S2 4.9e-03  120.1s  [28 solved, 3464s]
  C2HNO_rxn4441_P__cdf_lin__s4         lin    b8  E -203.14120128  dim 979^2  S2 5.1e-03  120.4s  [29 solved, 3585s]
  C2HNO_rxn4441_P__cdf_lin__s4         lin    b9  E -203.14040666  dim 972^2  S2 5.4e-03  119.9s  [30 solved, 3705s]
  C2HNO_rxn4441_TS__cdf_lin__s3        lin    b0  E -203.07337848  dim 954^2  S2 6.6e-03  133.6s  [1 solved, 134s]
  C2HNO_rxn4441_TS__cdf_lin__s3        lin    b1  E -203.07238142  dim 930^2  S2 7.0e-03  127.8s  [2 solved, 262s]
  C2HNO_rxn4441_TS__cdf_lin__s3        lin    b2  E -203.07361470  dim 939^2  S2 6.4e-03  130.6s  [3 solved, 393s]
  C2HNO_rxn4441_TS__cdf_lin__s3        lin    b3  E -203.07302589  dim 954^2  S2 6.9e-03  132.7s  [4 solved, 526s]
  C2HNO_rxn4441_TS__cdf_lin__s3        lin    b4  E -203.07374526  dim 961^2  S2 6.6e-03  138.3s  [5 solved, 664s]
  C2HNO_rxn4441_TS__cdf_lin__s3        lin    b5  E -203.07390344  dim 949^2  S2 6.3e-03  134.5s  [6 solved, 799s]
  C2HNO_rxn4441_TS__cdf_lin__s3        lin    b6  E -203.07385285  dim 965^2  S2 6.3e-03  135.8s  [7 solved, 935s]
  C2HNO_rxn4441_TS__cdf_lin__s3        lin    b7  E -203.07358973  dim 957^2  S2 6.5e-03  132.2s  [8 solved, 1067s]
  C2HNO_rxn4441_TS__cdf_lin__s3        lin    b8  E -203.07390094  dim 963^2  S2 6.4e-03  134.7s  [9 solved, 1202s]
  C2HNO_rxn4441_TS__cdf_lin__s3        lin    b9  E -203.07434392  dim 967^2  S2 6.1e-03  137.7s  [10 solved, 1340s]
