  C2H3N_rxn2858_P__cdf_lin__s0         lin    b0  E -130.39901834  dim 820^2  S2 3.7e-03  28.4s  [1 solved, 31s]
  C2H3N_rxn2858_P__cdf_lin__s0         lin    b1  E -130.39898284  dim 832^2  S2 4.5e-03  29.3s  [2 solved, 61s]
  C2H3N_rxn2858_P__cdf_lin__s0         lin    b2  E -130.39899894  dim 860^2  S2 4.3e-03  29.0s  [3 solved, 90s]
  C2H3N_rxn2858_P__cdf_lin__s0         lin    b3  E -130.39896370  dim 827^2  S2 4.0e-03  27.9s  [4 solved, 118s]
  C2H3N_rxn2858_P__cdf_lin__s0         lin    b4  E -130.39484555  dim 849^2  S2 6.7e-03  31.2s  [5 solved, 150s]
  C2H3N_rxn2858_P__cdf_lin__s0         lin    b5  E -130.39779426  dim 851^2  S2 4.3e-03  30.0s  [6 solved, 180s]
  C2H3N_rxn2858_P__cdf_lin__s0         lin    b6  E -130.39616841  dim 845^2  S2 4.8e-03  27.7s  [7 solved, 208s]
  C2H3N_rxn2858_P__cdf_lin__s0         lin    b7  E -130.39727394  dim 830^2  S2 5.6e-03  28.8s  [8 solved, 237s]
  C2H3N_rxn2858_P__cdf_lin__s0         lin    b8  E -130.39509734  dim 839^2  S2 5.0e-03  29.8s  [9 solved, 267s]
  C2H3N_rxn2858_P__cdf_lin__s0         lin    b9  E -130.39827679  dim 841^2  S2 3.9e-03  30.9s  [10 solved, 298s]
  C2H3N_rxn2858_P__cdf_lin__s1         lin    b0  E -130.39612590  dim 803^2  S2 5.2e-03  25.5s  [11 solved, 324s]
  C2H3N_rxn2858_P__cdf_lin__s1         lin    b1  E -130.39725100  dim 820^2  S2 4.6e-03  27.2s  [12 solved, 351s]
  C2H3N_rxn2858_P__cdf_lin__s1         lin    b2  E -130.39620729  dim 835^2  S2 5.0e-03  27.8s  [13 solved, 379s]
  C2H3N_rxn2858_P__cdf_lin__s1         lin    b3  E -130.39740736  dim 819^2  S2 4.8e-03  27.0s  [14 solved, 406s]
  C2H3N_rxn2858_P__cdf_lin__s1         lin    b4  E -130.39743616  dim 828^2  S2 4.6e-03  27.7s  [15 solved, 434s]
  C2H3N_rxn2858_P__cdf_lin__s1         lin    b5  E -130.39589314  dim 813^2  S2 5.4e-03  28.0s  [16 solved, 462s]
  C2H3N_rxn2858_P__cdf_lin__s1         lin    b6  E -130.39741545  dim 827^2  S2 4.6e-03  29.1s  [17 solved, 492s]
  C2H3N_rxn2858_P__cdf_lin__s1         lin    b7  E -130.39601687  dim 820^2  S2 4.8e-03  26.7s  [18 solved, 519s]
  C2H3N_rxn2858_P__cdf_lin__s1         lin    b8  E -130.39822770  dim 841^2  S2 4.6e-03  27.3s  [19 solved, 546s]
  C2H3N_rxn2858_P__cdf_lin__s1         lin    b9  E -130.39796519  dim 823^2  S2 4.3e-03  25.2s  [20 solved, 571s]
  C2H4O_rxn0724_TS__cdf_lin__s1        lin    b0  E -150.90878824  dim 921^2  S2 3.6e-03  60.4s  [21 solved, 632s]
  C2H4O_rxn0724_TS__cdf_lin__s1        lin    b1  E -150.90861292  dim 891^2  S2 3.6e-03  55.5s  [22 solved, 688s]
  C2H4O_rxn0724_TS__cdf_lin__s1        lin    b2  E -150.90894786  dim 912^2  S2 3.6e-03  56.1s  [23 solved, 744s]
  C2H4O_rxn0724_TS__cdf_lin__s1        lin    b3  E -150.90831107  dim 875^2  S2 3.9e-03  50.3s  [24 solved, 794s]
  C2H4O_rxn0724_TS__cdf_lin__s1        lin    b4  E -150.90873970  dim 914^2  S2 3.7e-03  55.1s  [25 solved, 850s]
  C2H4O_rxn0724_TS__cdf_lin__s1        lin    b5  E -150.90837971  dim 892^2  S2 3.9e-03  52.1s  [26 solved, 902s]
  C2H4O_rxn0724_TS__cdf_lin__s1        lin    b6  E -150.90809792  dim 879^2  S2 4.2e-03  51.4s  [27 solved, 954s]
  C2H4O_rxn0724_TS__cdf_lin__s1        lin    b7  E -150.90833335  dim 899^2  S2 3.9e-03  54.3s  [28 solved, 1008s]
  C2H4O_rxn0724_TS__cdf_lin__s1        lin    b8  E -150.90859515  dim 915^2  S2 3.8e-03  59.7s  [29 solved, 1068s]
  C2H4O_rxn0724_TS__cdf_lin__s1        lin    b9  E -150.90873450  dim 915^2  S2 3.6e-03  62.0s  [30 solved, 1130s]
  C2H3N_rxn2858_TS__cdf_lin__s3        lin    b0  E -130.25336036  dim 820^2  S2 2.6e-03  34.0s  [31 solved, 1164s]
  C2H3N_rxn2858_TS__cdf_lin__s3        lin    b1  E -130.25384812  dim 836^2  S2 2.4e-03  35.3s  [32 solved, 1200s]
  C2H3N_rxn2858_TS__cdf_lin__s3        lin    b2  E -130.25389708  dim 818^2  S2 2.4e-03  33.4s  [33 solved, 1234s]
  C2H3N_rxn2858_TS__cdf_lin__s3        lin    b3  E -130.25434214  dim 847^2  S2 2.2e-03  35.0s  [34 solved, 1269s]
  C2H3N_rxn2858_TS__cdf_lin__s3        lin    b4  E -130.25417831  dim 849^2  S2 2.2e-03  35.8s  [35 solved, 1305s]
  C2H3N_rxn2858_TS__cdf_lin__s3        lin    b5  E -130.25373041  dim 821^2  S2 2.4e-03  33.3s  [36 solved, 1338s]
  C2H3N_rxn2858_TS__cdf_lin__s3        lin    b6  E -130.25404998  dim 827^2  S2 2.3e-03  34.6s  [37 solved, 1373s]
  C2H3N_rxn2858_TS__cdf_lin__s3        lin    b7  E -130.25401560  dim 830^2  S2 2.2e-03  34.7s  [38 solved, 1408s]
  C2H3N_rxn2858_TS__cdf_lin__s3        lin    b8  E -130.25380265  dim 828^2  S2 2.4e-03  35.0s  [39 solved, 1443s]
  C2H3N_rxn2858_TS__cdf_lin__s3        lin    b9  E -130.25405904  dim 850^2  S2 2.4e-03  37.1s  [40 solved, 1480s]
  C2H3N_rxn2858_P__cdf_lin__s4         lin    b0  E -130.39615977  dim 814^2  S2 4.8e-03  27.3s  [41 solved, 1508s]
  C2H3N_rxn2858_P__cdf_lin__s4         lin    b1  E -130.39873650  dim 832^2  S2 3.9e-03  28.0s  [42 solved, 1536s]
  C2H3N_rxn2858_P__cdf_lin__s4         lin    b2  E -130.39818367  dim 833^2  S2 4.0e-03  27.5s  [43 solved, 1564s]
  C2H3N_rxn2858_P__cdf_lin__s4         lin    b3  E -130.39594106  dim 831^2  S2 6.3e-03  26.7s  [44 solved, 1590s]
  C2H3N_rxn2858_P__cdf_lin__s4         lin    b4  E -130.39551049  dim 822^2  S2 5.1e-03  25.5s  [45 solved, 1616s]
  C2H3N_rxn2858_P__cdf_lin__s4         lin    b5  E -130.39768698  dim 863^2  S2 4.5e-03  28.0s  [46 solved, 1644s]
  C2H3N_rxn2858_P__cdf_lin__s4         lin    b6  E -130.39659385  dim 834^2  S2 4.4e-03  27.7s  [47 solved, 1672s]
  C2H3N_rxn2858_P__cdf_lin__s4         lin    b7  E -130.39700599  dim 824^2  S2 5.6e-03  29.1s  [48 solved, 1701s]
  C2H3N_rxn2858_P__cdf_lin__s4         lin    b8  E -130.39772757  dim 798^2  S2 4.7e-03  27.2s  [49 solved, 1729s]
  C2H3N_rxn2858_P__cdf_lin__s4         lin    b9  E -130.39774684  dim 829^2  S2 4.0e-03  30.0s  [50 solved, 1759s]
  C2H4O_rxn0724_P__cdf_lin__s4         lin    b0  E -151.00474969  dim 819^2  S2 2.2e-03  51.6s  [51 solved, 1811s]
  C2H4O_rxn0724_P__cdf_lin__s4         lin    b1  E -151.00464565  dim 823^2  S2 2.3e-03  52.0s  [52 solved, 1863s]
  C2H4O_rxn0724_P__cdf_lin__s4         lin    b2  E -151.00469676  dim 833^2  S2 2.2e-03  51.7s  [53 solved, 1915s]
  C2H4O_rxn0724_P__cdf_lin__s4         lin    b3  E -151.00512944  dim 837^2  S2 2.1e-03  51.4s  [54 solved, 1966s]
  C2H4O_rxn0724_P__cdf_lin__s4         lin    b4  E -151.00475671  dim 827^2  S2 2.3e-03  50.8s  [55 solved, 2017s]
  C2H4O_rxn0724_P__cdf_lin__s4         lin    b5  E -151.00467454  dim 831^2  S2 2.3e-03  49.6s  [56 solved, 2067s]
  C2H4O_rxn0724_P__cdf_lin__s4         lin    b6  E -151.00498474  dim 835^2  S2 2.1e-03  47.9s  [57 solved, 2115s]
  C2H4O_rxn0724_P__cdf_lin__s4         lin    b7  E -151.00472546  dim 829^2  S2 2.2e-03  47.5s  [58 solved, 2163s]
  C2H4O_rxn0724_P__cdf_lin__s4         lin    b8  E -151.00478790  dim 819^2  S2 2.2e-03  48.8s  [59 solved, 2212s]
  C2H4O_rxn0724_P__cdf_lin__s4         lin    b9  E -151.00481856  dim 826^2  S2 2.1e-03  48.3s  [60 solved, 2260s]
  C3H4_rxn2391_P__cdf_lin__s0          lin    b0  E -114.65130410  dim 900^2  S2 2.8e-03  35.6s  [1 solved, 36s]
  C3H4_rxn2391_P__cdf_lin__s0          lin    b1  E -114.65139228  dim 891^2  S2 2.8e-03  33.6s  [2 solved, 70s]
  C3H4_rxn2391_P__cdf_lin__s0          lin    b2  E -114.65124587  dim 901^2  S2 2.9e-03  33.8s  [3 solved, 104s]
  C3H4_rxn2391_P__cdf_lin__s0          lin    b3  E -114.65114162  dim 888^2  S2 2.8e-03  32.2s  [4 solved, 136s]
  C3H4_rxn2391_P__cdf_lin__s0          lin    b4  E -114.65129879  dim 894^2  S2 2.8e-03  33.0s  [5 solved, 169s]
  C3H4_rxn2391_P__cdf_lin__s0          lin    b5  E -114.65154377  dim 895^2  S2 2.8e-03  32.7s  [6 solved, 202s]
  C3H4_rxn2391_P__cdf_lin__s0          lin    b6  E -114.65163633  dim 890^2  S2 2.7e-03  32.9s  [7 solved, 235s]
  C3H4_rxn2391_P__cdf_lin__s0          lin    b7  E -114.65152266  dim 897^2  S2 2.7e-03  33.7s  [8 solved, 269s]
  C3H4_rxn2391_P__cdf_lin__s0          lin    b8  E -114.65127330  dim 889^2  S2 3.0e-03  32.8s  [9 solved, 302s]
  C3H4_rxn2391_P__cdf_lin__s0          lin    b9  E -114.65147922  dim 894^2  S2 2.8e-03  32.9s  [10 solved, 335s]
  C2H4O_rxn2507_P__cdf_lin__s1         lin    b0  E -151.11143226  dim 971^2  S2 2.0e-03  59.7s  [11 solved, 395s]
  C2H4O_rxn2507_P__cdf_lin__s1         lin    b1  E -151.11204292  dim 997^2  S2 1.7e-03  62.8s  [12 solved, 458s]
  C2H4O_rxn2507_P__cdf_lin__s1         lin    b2  E -151.11175596  dim 966^2  S2 1.8e-03  58.2s  [13 solved, 516s]
  C2H4O_rxn2507_P__cdf_lin__s1         lin    b3  E -151.11134015  dim 952^2  S2 1.9e-03  57.2s  [14 solved, 574s]
  C2H4O_rxn2507_P__cdf_lin__s1         lin    b4  E -151.11151189  dim 966^2  S2 1.9e-03  59.4s  [15 solved, 633s]
  C2H4O_rxn2507_P__cdf_lin__s1         lin    b5  E -151.11131685  dim 949^2  S2 1.9e-03  59.0s  [16 solved, 692s]
  C2H4O_rxn2507_P__cdf_lin__s1         lin    b6  E -151.11169184  dim 963^2  S2 1.9e-03  60.3s  [17 solved, 753s]
  C2H4O_rxn2507_P__cdf_lin__s1         lin    b7  E -151.11120397  dim 968^2  S2 2.1e-03  59.0s  [18 solved, 812s]
  C2H4O_rxn2507_P__cdf_lin__s1         lin    b8  E -151.11174269  dim 977^2  S2 1.9e-03  60.3s  [19 solved, 873s]
  C2H4O_rxn2507_P__cdf_lin__s1         lin    b9  E -151.11135715  dim 962^2  S2 2.0e-03  59.2s  [20 solved, 932s]
  C3H4_rxn2391_TS__cdf_lin__s1         lin    b0  E -114.45935122  dim 1112^2  S2 5.7e-03  77.2s  [21 solved, 1009s]
  C3H4_rxn2391_TS__cdf_lin__s1         lin    b1  E -114.45827694  dim 1129^2  S2 5.9e-03  79.9s  [22 solved, 1090s]
  C3H4_rxn2391_TS__cdf_lin__s1         lin    b2  E -114.45935802  dim 1133^2  S2 5.3e-03  81.8s  [23 solved, 1172s]
  C3H4_rxn2391_TS__cdf_lin__s1         lin    b3  E -114.45875515  dim 1104^2  S2 5.8e-03  78.5s  [24 solved, 1251s]
  C3H4_rxn2391_TS__cdf_lin__s1         lin    b4  E -114.45756370  dim 1093^2  S2 6.0e-03  75.2s  [25 solved, 1326s]
  C3H4_rxn2391_TS__cdf_lin__s1         lin    b5  E -114.45969121  dim 1105^2  S2 5.6e-03  77.3s  [26 solved, 1404s]
  C3H4_rxn2391_TS__cdf_lin__s1         lin    b6  E -114.45971637  dim 1087^2  S2 5.4e-03  75.0s  [27 solved, 1479s]
  C3H4_rxn2391_TS__cdf_lin__s1         lin    b7  E -114.45895713  dim 1117^2  S2 5.8e-03  79.6s  [28 solved, 1559s]
  C3H4_rxn2391_TS__cdf_lin__s1         lin    b8  E -114.45963631  dim 1110^2  S2 5.4e-03  78.2s  [29 solved, 1637s]
  C3H4_rxn2391_TS__cdf_lin__s1         lin    b9  E -114.45929467  dim 1108^2  S2 5.6e-03  79.5s  [30 solved, 1717s]
  C2H4O_rxn2507_P__cdf_lin__s3         lin    b0  E -151.11135273  dim 964^2  S2 2.0e-03  62.0s  [31 solved, 1779s]
  C2H4O_rxn2507_P__cdf_lin__s3         lin    b1  E -151.11170543  dim 969^2  S2 1.9e-03  59.8s  [32 solved, 1839s]
  C2H4O_rxn2507_P__cdf_lin__s3         lin    b2  E -151.11094302  dim 943^2  S2 2.1e-03  54.1s  [33 solved, 1893s]
  C2H4O_rxn2507_P__cdf_lin__s3         lin    b3  E -151.11138496  dim 972^2  S2 2.0e-03  58.4s  [34 solved, 1952s]
  C2H4O_rxn2507_P__cdf_lin__s3         lin    b4  E -151.11114164  dim 936^2  S2 2.0e-03  56.4s  [35 solved, 2009s]
  C2H4O_rxn2507_P__cdf_lin__s3         lin    b5  E -151.11131063  dim 946^2  S2 2.0e-03  57.5s  [36 solved, 2066s]
  C2H4O_rxn2507_P__cdf_lin__s3         lin    b6  E -151.11164782  dim 984^2  S2 1.9e-03  60.2s  [37 solved, 2127s]
  C2H4O_rxn2507_P__cdf_lin__s3         lin    b7  E -151.11171558  dim 967^2  S2 1.9e-03  58.7s  [38 solved, 2186s]
  C2H4O_rxn2507_P__cdf_lin__s3         lin    b8  E -151.11150758  dim 968^2  S2 1.9e-03  58.5s  [39 solved, 2244s]
  C2H4O_rxn2507_P__cdf_lin__s3         lin    b9  E -151.11045550  dim 948^2  S2 2.3e-03  56.7s  [40 solved, 2301s]
  C3H4_rxn2391_R__cdf_lin__s3          lin    b0  E -114.67633285  dim 929^2  S2 2.0e-03  35.5s  [41 solved, 2337s]
  C3H4_rxn2391_R__cdf_lin__s3          lin    b1  E -114.67585452  dim 923^2  S2 2.4e-03  34.8s  [42 solved, 2372s]
  C3H4_rxn2391_R__cdf_lin__s3          lin    b2  E -114.67575434  dim 919^2  S2 2.4e-03  35.0s  [43 solved, 2407s]
  C3H4_rxn2391_R__cdf_lin__s3          lin    b3  E -114.67587276  dim 918^2  S2 2.2e-03  34.8s  [44 solved, 2442s]
  C3H4_rxn2391_R__cdf_lin__s3          lin    b4  E -114.67624873  dim 907^2  S2 2.1e-03  33.9s  [45 solved, 2476s]
  C3H4_rxn2391_R__cdf_lin__s3          lin    b5  E -114.67568109  dim 928^2  S2 2.3e-03  35.2s  [46 solved, 2512s]
  C3H4_rxn2391_R__cdf_lin__s3          lin    b6  E -114.67565060  dim 911^2  S2 2.3e-03  34.2s  [47 solved, 2546s]
  C3H4_rxn2391_R__cdf_lin__s3          lin    b7  E -114.67521500  dim 899^2  S2 2.7e-03  33.4s  [48 solved, 2580s]
  C3H4_rxn2391_R__cdf_lin__s3          lin    b8  E -114.67588614  dim 923^2  S2 2.3e-03  34.4s  [49 solved, 2614s]
  C3H4_rxn2391_R__cdf_lin__s3          lin    b9  E -114.67621182  dim 928^2  S2 2.2e-03  34.6s  [50 solved, 2649s]
  C2H4O_rxn2507_TS__cdf_lin__s4        lin    b0  E -150.98535700  dim 1030^2  S2 5.4e-03  76.2s  [51 solved, 2725s]
  C2H4O_rxn2507_TS__cdf_lin__s4        lin    b1  E -150.98699802  dim 1084^2  S2 4.5e-03  78.4s  [52 solved, 2804s]
  C2H4O_rxn2507_TS__cdf_lin__s4        lin    b2  E -150.98524420  dim 1027^2  S2 5.3e-03  75.9s  [53 solved, 2880s]
  C2H4O_rxn2507_TS__cdf_lin__s4        lin    b3  E -150.98736788  dim 1048^2  S2 4.6e-03  80.1s  [54 solved, 2961s]
  C2H4O_rxn2507_TS__cdf_lin__s4        lin    b4  E -150.98525030  dim 1040^2  S2 5.4e-03  79.8s  [55 solved, 3041s]
  C2H4O_rxn2507_TS__cdf_lin__s4        lin    b5  E -150.98635960  dim 1069^2  S2 4.7e-03  83.8s  [56 solved, 3125s]
  C2H4O_rxn2507_TS__cdf_lin__s4        lin    b6  E -150.98522890  dim 1054^2  S2 5.6e-03  75.6s  [57 solved, 3201s]
  C2H4O_rxn2507_TS__cdf_lin__s4        lin    b7  E -150.98499196  dim 1065^2  S2 5.9e-03  77.0s  [58 solved, 3278s]
  C2H4O_rxn2507_TS__cdf_lin__s4        lin    b8  E -150.98498440  dim 1031^2  S2 5.6e-03  74.8s  [59 solved, 3353s]
  C2H4O_rxn2507_TS__cdf_lin__s4        lin    b9  E -150.98571592  dim 1038^2  S2 5.0e-03  73.1s  [60 solved, 3426s]
  C2HNO_rxn4440_P__cdf_lin__s2         lin    b0  E -203.20131836  dim 935^2  S2 3.1e-03  107.0s  [1 solved, 107s]
  C2HNO_rxn4440_P__cdf_lin__s2         lin    b1  E -203.20261485  dim 929^2  S2 2.7e-03  107.0s  [2 solved, 215s]
  C2HNO_rxn4440_P__cdf_lin__s2         lin    b2  E -203.20280624  dim 910^2  S2 2.7e-03  102.0s  [3 solved, 317s]
  C2HNO_rxn4440_P__cdf_lin__s2         lin    b3  E -203.20246305  dim 942^2  S2 2.6e-03  107.3s  [4 solved, 424s]
  C2HNO_rxn4440_P__cdf_lin__s2         lin    b4  E -203.20184107  dim 936^2  S2 2.7e-03  106.9s  [5 solved, 531s]
  C2HNO_rxn4440_P__cdf_lin__s2         lin    b5  E -203.20157132  dim 957^2  S2 3.1e-03  111.7s  [6 solved, 643s]
  C2HNO_rxn4440_P__cdf_lin__s2         lin    b6  E -203.20240212  dim 918^2  S2 2.6e-03  101.5s  [7 solved, 745s]
  C2HNO_rxn4440_P__cdf_lin__s2         lin    b7  E -203.20308083  dim 942^2  S2 2.6e-03  108.3s  [8 solved, 854s]
  C2HNO_rxn4440_P__cdf_lin__s2         lin    b8  E -203.20237198  dim 943^2  S2 2.5e-03  106.7s  [9 solved, 961s]
  C2HNO_rxn4440_P__cdf_lin__s2         lin    b9  E -203.20255210  dim 937^2  S2 2.6e-03  106.5s  [10 solved, 1067s]
  C2HNO_rxn4440_TS__cdf_lin__s2        lin    b0  E -203.03262975  dim 936^2  S2 4.4e-03  132.5s  [11 solved, 1200s]
  C2HNO_rxn4440_TS__cdf_lin__s2        lin    b1  E -203.03297558  dim 942^2  S2 4.5e-03  135.6s  [12 solved, 1336s]
  C2HNO_rxn4440_TS__cdf_lin__s2        lin    b2  E -203.03329958  dim 934^2  S2 4.1e-03  134.8s  [13 solved, 1471s]
  C2HNO_rxn4440_TS__cdf_lin__s2        lin    b3  E -203.03266059  dim 925^2  S2 4.4e-03  131.6s  [14 solved, 1603s]
  C2HNO_rxn4440_TS__cdf_lin__s2        lin    b4  E -203.03171723  dim 928^2  S2 5.0e-03  133.7s  [15 solved, 1737s]
  C2HNO_rxn4440_TS__cdf_lin__s2        lin    b5  E -203.03350106  dim 943^2  S2 3.8e-03  142.8s  [16 solved, 1880s]
  C2HNO_rxn4440_TS__cdf_lin__s2        lin    b6  E -203.03324423  dim 949^2  S2 4.5e-03  135.5s  [17 solved, 2016s]
  C2HNO_rxn4440_TS__cdf_lin__s2        lin    b7  E -203.03257229  dim 902^2  S2 4.4e-03  128.4s  [18 solved, 2144s]
  C2HNO_rxn4440_TS__cdf_lin__s2        lin    b8  E -203.03344510  dim 942^2  S2 4.0e-03  135.8s  [19 solved, 2280s]
  C2HNO_rxn4440_TS__cdf_lin__s2        lin    b9  E -203.03232154  dim 941^2  S2 4.5e-03  133.7s  [20 solved, 2414s]
  C2HNO_rxn4442_TS__cdf_lin__s0        lin    b0  E -203.01117099  dim 1000^2  S2 5.5e-03  148.0s  [1 solved, 148s]
  C2HNO_rxn4442_TS__cdf_lin__s0        lin    b1  E -203.01150874  dim 997^2  S2 5.2e-03  148.9s  [2 solved, 297s]
  C2HNO_rxn4442_TS__cdf_lin__s0        lin    b2  E -203.01145518  dim 973^2  S2 5.4e-03  140.0s  [3 solved, 438s]
  C2HNO_rxn4442_TS__cdf_lin__s0        lin    b3  E -203.01201866  dim 1008^2  S2 5.2e-03  150.1s  [4 solved, 588s]
  C2HNO_rxn4442_TS__cdf_lin__s0        lin    b4  E -203.01120547  dim 1021^2  S2 5.3e-03  155.2s  [5 solved, 743s]
  C2HNO_rxn4442_TS__cdf_lin__s0        lin    b5  E -203.01110675  dim 1001^2  S2 5.5e-03  150.1s  [6 solved, 894s]
  C2HNO_rxn4442_TS__cdf_lin__s0        lin    b6  E -203.01156236  dim 1005^2  S2 5.2e-03  148.9s  [7 solved, 1043s]
  C2HNO_rxn4442_TS__cdf_lin__s0        lin    b7  E -203.01083957  dim 990^2  S2 5.6e-03  145.1s  [8 solved, 1188s]
  C2HNO_rxn4442_TS__cdf_lin__s0        lin    b8  E -203.01121223  dim 1004^2  S2 5.4e-03  150.1s  [9 solved, 1339s]
  C2HNO_rxn4442_TS__cdf_lin__s0        lin    b9  E -203.00989949  dim 996^2  S2 5.9e-03  149.5s  [10 solved, 1488s]
  C2HNO_rxn4441_R__cdf_lin__s3         lin    b0  E -203.18738664  dim 1104^2  S2 4.3e-03  146.4s  [11 solved, 1635s]
  C2HNO_rxn4441_R__cdf_lin__s3         lin    b1  E -203.18629193  dim 1020^2  S2 5.0e-03  130.1s  [12 solved, 1766s]
  C2HNO_rxn4441_R__cdf_lin__s3         lin    b2  E -203.18691546  dim 1070^2  S2 4.7e-03  137.6s  [13 solved, 1903s]
  C2HNO_rxn4441_R__cdf_lin__s3         lin    b3  E -203.18667376  dim 1076^2  S2 4.7e-03  141.6s  [14 solved, 2045s]
  C2HNO_rxn4441_R__cdf_lin__s3         lin    b4  E -203.18739061  dim 1090^2  S2 4.6e-03  142.8s  [15 solved, 2188s]
  C2HNO_rxn4441_R__cdf_lin__s3         lin    b5  E -203.18696449  dim 1088^2  S2 4.7e-03  143.7s  [16 solved, 2332s]
  C2HNO_rxn4441_R__cdf_lin__s3         lin    b6  E -203.18735372  dim 1080^2  S2 4.4e-03  140.3s  [17 solved, 2473s]
  C2HNO_rxn4441_R__cdf_lin__s3         lin    b7  E -203.18765693  dim 1079^2  S2 4.3e-03  140.3s  [18 solved, 2614s]
  C2HNO_rxn4441_R__cdf_lin__s3         lin    b8  E -203.18686689  dim 1066^2  S2 4.9e-03  135.8s  [19 solved, 2750s]
  C2HNO_rxn4441_R__cdf_lin__s3         lin    b9  E -203.18720503  dim 1069^2  S2 4.4e-03  139.5s  [20 solved, 2889s]
