  C2H3N_rxn2858_P__truncated__s0       n2631g b0  E -130.36939043  dim 154^2  S2 1.9e-02  2.3s  [1 solved, 5s]
  C2H3N_rxn2858_P__rl4L__s0            n2631g b0  E -130.40646416  dim 1208^2  S2 6.2e-04  54.5s  [2 solved, 60s]
  C2H3N_rxn2858_TS__label__s0          n2631g b0  E -130.25683031  dim 1077^2  S2 1.0e-03  51.6s  [3 solved, 111s]
  C2H3N_rxn2858_TS__rl4L__s0           n2631g b0  E -130.25724989  dim 1239^2  S2 9.2e-04  69.0s  [4 solved, 181s]
  C2H4O_rxn0724_P__label__s0           n2631g b0  E -151.00798780  dim 1115^2  S2 9.4e-04  84.8s  [5 solved, 266s]
  C2H4O_rxn0724_P__rl4n29f__s0         n2631g b0  E -151.00715005  dim 1071^2  S2 1.5e-03  76.5s  [6 solved, 342s]
  C2H4O_rxn0724_TS__label__s0          n2631g b0  E -150.91434988  dim 1348^2  S2 1.4e-03  120.7s  [7 solved, 464s]
  C2H4O_rxn0724_TS__rl4n29f__s0        n2631g b0  E -150.91325411  dim 1138^2  S2 1.9e-03  85.2s  [8 solved, 549s]
  C2H4O_rxn2507_P__rl4L__s0            n2631g b0  E -151.11415673  dim 1197^2  S2 7.5e-04  81.6s  [1 solved, 82s]
  C2H4O_rxn2507_TS__label__s0          n2631g b0  E -150.99581613  dim 1329^2  S2 1.3e-03  138.0s  [1 solved, 138s]
  C2H4O_rxn2507_TS__rl4n29f__s0        n2631g b0  E -150.99563099  dim 1294^2  S2 1.4e-03  130.5s  [2 solved, 269s]
  C3H4_rxn2391_P__pre4__s0             n2631g b0  E -114.65506318  dim 1048^2  S2 1.5e-03  48.5s  [3 solved, 318s]
  C3H4_rxn2391_P__rl4n29f__s0          n2631g b0  E -114.65635865  dim 1387^2  S2 8.7e-04  78.4s  [4 solved, 397s]
  C3H4_rxn2391_R__label__s0            n2631g b0  E -114.67858840  dim 1071^2  S2 1.2e-03  46.8s  [5 solved, 444s]
  C3H4_rxn2391_R__pre4__s0             n2631g b0  E -114.67853051  dim 1047^2  S2 1.2e-03  47.8s  [6 solved, 492s]
  C3H4_rxn2391_R__rl4L__s0             n2631g b0  E -114.67966531  dim 1502^2  S2 7.0e-04  83.0s  [7 solved, 575s]
  C3H4_rxn2391_P__label__s0            n2631g b0  E -114.65586383  dim 1266^2  S2 1.0e-03  66.3s  [1 solved, 67s]
  C3H4_rxn2391_TS__label__s0           n2631g b0  E -114.46826151  dim 1547^2  S2 1.4e-03  134.4s  [2 solved, 201s]
  C3H4_rxn2391_TS__rl4L__s0            n2631g b0  E -114.46910126  dim 2066^2  S2 1.1e-03  223.7s  [3 solved, 426s]
  C2HNO_rxn4439_TS__rl4L__s0           n2631g b0  E -203.03096861  dim 2169^2  S2 1.9e-03  557.3s  [1 solved, 558s]
  C2HNO_rxn4440_P__rl4n29f__s0         n2631g b0  E -203.20602932  dim 1066^2  S2 1.2e-03  135.8s  [1 solved, 136s]
  C2HNO_rxn4440_TS__pre4__s0           n2631g b0  E -203.03967081  dim 1471^2  S2 1.7e-03  297.1s  [1 solved, 298s]
  C2HNO_rxn4441_P__pre4__s0            n2631g b0  E -203.14895349  dim 1372^2  S2 2.2e-03  221.0s  [1 solved, 221s]
  C2HNO_rxn4441_R__rl4L__s0            n2631g b0  E -203.19401626  dim 1571^2  S2 1.4e-03  279.5s  [1 solved, 280s]
  C2HNO_rxn4442_P__cdf_lin__s0         n2631g b0  E -203.07083316  dim 3747^2  S2 7.0e-04  1064.5s  [1 solved, 1066s]
