  C2H3N_rxn2858_P__label__s0           n2631g b0  E -130.40587190  dim 963^2  S2 8.9e-04  38.0s  [1 solved, 41s]
  C2H3N_rxn2858_TS__truncated__s0      n2631g b0  E -130.21087527  dim 122^2  S2 1.9e-02  2.6s  [2 solved, 43s]
  C2H3N_rxn2858_TS__cdf_lin__s0        n2631g b0  E -130.25828467  dim 2125^2  S2 3.6e-04  145.7s  [3 solved, 189s]
  C2H4O_rxn0724_P__pre4__s0            n2631g b0  E -151.00762120  dim 1051^2  S2 1.2e-03  78.3s  [4 solved, 268s]
  C2H4O_rxn0724_TS__truncated__s0      n2631g b0  E -150.86952044  dim 150^2  S2 1.9e-02  3.2s  [5 solved, 271s]
  C2H4O_rxn0724_TS__cdf_lin__s0        n2631g b0  E -150.91646220  dim 3085^2  S2 4.2e-04  414.4s  [6 solved, 687s]
  C2H4O_rxn2507_TS__truncated__s0      n2631g b0  E -150.97445627  dim 362^2  S2 9.1e-03  12.4s  [1 solved, 13s]
  C2H4O_rxn2507_TS__pre4__s0           n2631g b0  E -150.99485896  dim 1203^2  S2 1.7e-03  117.1s  [2 solved, 130s]
  C2H4O_rxn2507_TS__rl4L__s0           n2631g b0  E -150.99624435  dim 1466^2  S2 1.1e-03  160.5s  [3 solved, 291s]
  C3H4_rxn2391_P__rl4L__s0             n2631g b0  E -114.65645166  dim 1500^2  S2 7.6e-04  88.9s  [4 solved, 380s]
  C3H4_rxn2391_R__truncated__s0        n2631g b0  E -114.63007344  dim 131^2  S2 2.6e-02  2.7s  [5 solved, 383s]
  C3H4_rxn2391_R__cdf_lin__s0          n2631g b0  E -114.68003335  dim 2233^2  S2 5.7e-04  154.2s  [6 solved, 538s]
  C3H4_rxn2391_P__truncated__s0        n2631g b0  E -114.56951349  dim 97^2  S2 3.1e-02  1.3s  [1 solved, 1s]
  C3H4_rxn2391_P__cdf_lin__s0          n2631g b0  E -114.65679135  dim 2148^2  S2 5.9e-04  160.7s  [2 solved, 163s]
  C3H4_rxn2391_TS__pre4__s0            n2631g b0  E -114.46709301  dim 1377^2  S2 2.0e-03  111.9s  [3 solved, 275s]
  C3H4_rxn2391_TS__rl4n29f__s0         n2631g b0  E -114.46888012  dim 1886^2  S2 1.2e-03  191.2s  [4 solved, 467s]
  C2HNO_rxn4439_R__pre4__s0            n2631g b0  E -203.19273373  dim 1224^2  S2 1.9e-03  182.7s  [1 solved, 183s]
  C2HNO_rxn4440_P__rl4L__s0            n2631g b0  E -203.20696725  dim 1322^2  S2 8.2e-04  205.5s  [1 solved, 206s]
  C2HNO_rxn4440_R__pre4__s0            n2631g b0  E -203.19273373  dim 1224^2  S2 1.9e-03  180.3s  [1 solved, 181s]
  C2HNO_rxn4440_R__cdf_lin__s0         n2631g b0  E -203.19557731  dim 3824^2  S2 7.0e-04  1062.3s  [1 solved, 1064s]
  C2HNO_rxn4441_R__label__s0           n2631g b0  E -203.19314139  dim 1383^2  S2 1.7e-03  216.9s  [1 solved, 217s]
  C2HNO_rxn4442_P__pre4__s0            n2631g b0  E -203.06785002  dim 1385^2  S2 2.0e-03  217.3s  [1 solved, 218s]
  C2HNO_rxn4442_TS__pre4__s0           n2631g b0  E -203.01878947  dim 1734^2  S2 2.2e-03  376.7s  [1 solved, 377s]
