=== 2026-10-05 11:06:21 dimscan (norb 16)
  C2H4O_rxn0724_TS start:label              k   150  E -150.89193046  corr  92.07%  err_FCI   25.32 mHa  marg 0.9958  d_full -1.3e-08  (8s)
  C2H4O_rxn0724_TS start:label              k   300  E -150.90068240  corr  96.02%  err_FCI   16.57 mHa  marg 0.9977  d_full 9.4e-09  (19s)
  C2H4O_rxn0724_TS start:label              k   450  E -150.90552407  corr  98.21%  err_FCI   11.73 mHa  marg 0.9987  d_full -6.4e-10  (32s)
  C2H4O_rxn0724_TS start:label              k   600  E -150.90938720  corr  99.95%  err_FCI    7.86 mHa  marg 0.9993  d_full -2.2e-08  (45s)
  C2H4O_rxn0724_TS start:label              k   800  E -150.91261738  corr 101.41%  err_FCI    4.63 mHa  marg 0.9996  d_full 5.0e-09  (69s)
  C2H4O_rxn0724_TS start:rl4n29f            k   150  E -150.89033713  corr  91.35%  err_FCI   26.91 mHa  marg 0.9972  d_full 1.5e-08  (8s)
  C2H4O_rxn0724_TS start:rl4n29f            k   300  E -150.89934963  corr  95.42%  err_FCI   17.90 mHa  marg 0.9985  d_full 2.3e-09  (18s)
  C2H4O_rxn0724_TS start:rl4n29f            k   450  E -150.90479348  corr  97.88%  err_FCI   12.46 mHa  marg 0.9991  d_full 1.3e-08  (32s)
  C2H4O_rxn0724_TS start:rl4n29f            k   600  E -150.90882775  corr  99.70%  err_FCI    8.42 mHa  marg 0.9995  d_full 1.6e-09  (44s)
  C2H4O_rxn0724_TS start:rl4n29f            k   800  E -150.91239668  corr 101.31%  err_FCI    4.85 mHa  marg 0.9998  d_full 1.9e-08  (64s)
  C2H4O_rxn0724_TS lucj:label:spsa          k   150  E -150.89142965  corr  91.84%  err_FCI   25.82 mHa  marg 0.9967  d_full 3.0e-09  (8s)
  C2H4O_rxn0724_TS lucj:label:spsa          k   300  E -150.89959355  corr  95.53%  err_FCI   17.66 mHa  marg 0.9982  d_full -2.7e-09  (18s)
  C2H4O_rxn0724_TS lucj:label:spsa          k   450  E -150.90472929  corr  97.85%  err_FCI   12.52 mHa  marg 0.9989  d_full 1.9e-08  (31s)
  C2H4O_rxn0724_TS lucj:label:spsa          k   600  E -150.90912963  corr  99.83%  err_FCI    8.12 mHa  marg 0.9994  d_full 2.6e-08  (44s)
  C2H4O_rxn0724_TS lucj:label:spsa          k   800  E -150.91241756  corr 101.32%  err_FCI    4.83 mHa  marg 0.9997  d_full 2.2e-08  (66s)
  C2H4O_rxn0724_TS lucj:rl4n29f:spsa:aLabel k   150  E -150.89184686  corr  92.03%  err_FCI   25.40 mHa  marg 0.9972  d_full -2.2e-08  (8s)
  C2H4O_rxn0724_TS lucj:rl4n29f:spsa:aLabel k   300  E -150.89997611  corr  95.70%  err_FCI   17.28 mHa  marg 0.9985  d_full -2.1e-09  (18s)
  C2H4O_rxn0724_TS lucj:rl4n29f:spsa:aLabel k   450  E -150.90539408  corr  98.15%  err_FCI   11.86 mHa  marg 0.9991  d_full 3.9e-09  (33s)
  C2H4O_rxn0724_TS lucj:rl4n29f:spsa:aLabel k   600  E -150.90940322  corr  99.96%  err_FCI    7.85 mHa  marg 0.9995  d_full -2.2e-08  (44s)
  C2H4O_rxn0724_TS lucj:rl4n29f:spsa:aLabel k   800  E -150.91254266  corr 101.37%  err_FCI    4.71 mHa  marg 0.9998  d_full 2.3e-08  (66s)
  C3H4_rxn2391_TS start:label              k   150  E -114.43960868  corr  92.52%  err_FCI   31.94 mHa  marg 0.9946  d_full 7.5e-10  (9s)
  C3H4_rxn2391_TS start:label              k   300  E -114.45225163  corr  97.87%  err_FCI   19.29 mHa  marg 0.9975  d_full 2.0e-08  (19s)
  C3H4_rxn2391_TS start:label              k   450  E -114.45764204  corr 100.15%  err_FCI   13.90 mHa  marg 0.9985  d_full 1.3e-08  (34s)
  C3H4_rxn2391_TS start:label              k   600  E -114.46105335  corr 101.59%  err_FCI   10.49 mHa  marg 0.9990  d_full 5.2e-09  (48s)
  C3H4_rxn2391_TS start:label              k   800  E -114.46491492  corr 103.22%  err_FCI    6.63 mHa  marg 0.9994  d_full -4.5e-09  (69s)
  C3H4_rxn2391_TS start:rl4n29f            k   150  E -114.43898659  corr  92.25%  err_FCI   32.56 mHa  marg 0.9924  d_full -2.1e-08  (9s)
  C3H4_rxn2391_TS start:rl4n29f            k   300  E -114.45068998  corr  97.21%  err_FCI   20.86 mHa  marg 0.9958  d_full -8.5e-09  (20s)
  C3H4_rxn2391_TS start:rl4n29f            k   450  E -114.45661635  corr  99.71%  err_FCI   14.93 mHa  marg 0.9973  d_full -9.0e-09  (33s)
  C3H4_rxn2391_TS start:rl4n29f            k   600  E -114.46051700  corr 101.36%  err_FCI   11.03 mHa  marg 0.9983  d_full -6.7e-10  (47s)
  C3H4_rxn2391_TS start:rl4n29f            k   800  E -114.46450896  corr 103.05%  err_FCI    7.04 mHa  marg 0.9990  d_full 2.6e-09  (66s)
  C3H4_rxn2391_TS lucj:label:spsa          k   150  E -114.43911793  corr  92.31%  err_FCI   32.43 mHa  marg 0.9951  d_full -1.2e-08  (9s)
  C3H4_rxn2391_TS lucj:label:spsa          k   300  E -114.45154424  corr  97.57%  err_FCI   20.00 mHa  marg 0.9976  d_full 2.9e-08  (19s)
  C3H4_rxn2391_TS lucj:label:spsa          k   450  E -114.45726919  corr  99.99%  err_FCI   14.28 mHa  marg 0.9985  d_full 3.2e-08  (33s)
  C3H4_rxn2391_TS lucj:label:spsa          k   600  E -114.46092794  corr 101.54%  err_FCI   10.62 mHa  marg 0.9990  d_full 1.5e-09  (48s)
  C3H4_rxn2391_TS lucj:label:spsa          k   800  E -114.46448423  corr 103.04%  err_FCI    7.06 mHa  marg 0.9995  d_full 5.5e-10  (67s)
  C3H4_rxn2391_TS lucj:rl4n29f:spsa:aLabel k   150  E -114.43943134  corr  92.44%  err_FCI   32.11 mHa  marg 0.9948  d_full -1.8e-08  (9s)
  C3H4_rxn2391_TS lucj:rl4n29f:spsa:aLabel k   300  E -114.45159572  corr  97.59%  err_FCI   19.95 mHa  marg 0.9973  d_full 7.0e-09  (19s)
  C3H4_rxn2391_TS lucj:rl4n29f:spsa:aLabel k   450  E -114.45711842  corr  99.92%  err_FCI   14.43 mHa  marg 0.9983  d_full 4.6e-09  (33s)
  C3H4_rxn2391_TS lucj:rl4n29f:spsa:aLabel k   600  E -114.46080636  corr 101.48%  err_FCI   10.74 mHa  marg 0.9989  d_full -3.5e-09  (47s)
  C3H4_rxn2391_TS lucj:rl4n29f:spsa:aLabel k   800  E -114.46461804  corr 103.10%  err_FCI    6.93 mHa  marg 0.9994  d_full -2.3e-08  (67s)
=== 2026-10-05 11:30:36 dimscan done
