=== 2026-10-05 09:50:01 scoring (--only lucj --threads 2 --max-mem-gb 2.0 --names C2H4O_rxn0724_P C2H4O_rxn0724_TS C2H4O_rxn2507_P C3H4_rxn2391_R C3H4_rxn2391_P C3H4_rxn2391_TS C2H3N_rxn2858_P)
25 parameter sets to score
  C2H3N_rxn2858_P      lucj:label:spsa:long5000       var  78.67%  SQD mean  98.92% [98.92, 98.92]  uniq100k 1800  dims 434-434  d_full -1.2e-08  (9+24s)
  C2H4O_rxn0724_P      start:rl4n29f                  var  67.37%  SQD mean  98.63% [98.63, 98.63]  uniq100k 1579  dims 451-451  d_full 2.2e-08  (19+45s)
  C2H4O_rxn0724_P      start:label                    var  67.35%  SQD mean  99.68% [99.68, 99.68]  uniq100k 1704  dims 466-466  d_full -2.1e-08  (16+50s)
  C2H4O_rxn0724_P      lucj:label:spsa                var  78.53%  SQD mean  99.53% [99.53, 99.53]  uniq100k 1835  dims 505-505  d_full -1.3e-08  (16+55s)
  C2H4O_rxn0724_P      lucj:rl4n29f:spsa:aLabel       var  75.09%  SQD mean  98.94% [98.94, 98.94]  uniq100k 1646  dims 462-462  d_full 8.0e-09  (17+47s)
  C2H4O_rxn0724_TS     start:rl4n29f                  var  66.03%  SQD mean  97.18% [97.18, 97.18]  uniq100k 2138  dims 504-504  d_full 5.3e-09  (19+53s)
  C2H4O_rxn0724_TS     start:label                    var  53.31%  SQD mean  98.21% [98.21, 98.21]  uniq100k 2594  dims 590-590  d_full 5.3e-09  (16+71s)
  C2H4O_rxn0724_TS     lucj:label:spsa                var  72.42%  SQD mean  97.04% [97.04, 97.04]  uniq100k 2335  dims 547-547  d_full 1.7e-08  (16+62s)
  C2H4O_rxn0724_TS     lucj:rl4n29f:spsa:aLabel       var  74.22%  SQD mean  96.44% [96.44, 96.44]  uniq100k 2080  dims 487-487  d_full -3.7e-08  (16+51s)
  C2H4O_rxn2507_P      start:rl4n29f                  var  72.61%  SQD mean  97.39% [97.39, 97.39]  uniq100k 1738  dims 413-413  d_full 1.8e-08  (20+37s)
  C2H4O_rxn2507_P      start:label                    var  69.41%  SQD mean  98.05% [98.05, 98.05]  uniq100k 1793  dims 419-419  d_full -4.2e-08  (17+35s)
  C2H4O_rxn2507_P      lucj:label:spsa                var  76.57%  SQD mean  97.65% [97.65, 97.65]  uniq100k 1783  dims 396-396  d_full 6.5e-09  (16+32s)
  C2H4O_rxn2507_P      lucj:rl4n29f:spsa:aLabel       var  77.55%  SQD mean  97.48% [97.48, 97.48]  uniq100k 1715  dims 406-406  d_full -9.8e-09  (16+34s)
  C3H4_rxn2391_P       start:rl4n29f                  var  71.94%  SQD mean  97.99% [97.99, 97.99]  uniq100k 2093  dims 574-574  d_full -2.4e-08  (25+47s)
  C3H4_rxn2391_P       start:label                    var  68.80%  SQD mean  97.68% [97.68, 97.68]  uniq100k 1866  dims 550-550  d_full -6.9e-09  (22+42s)
  C3H4_rxn2391_P       lucj:label:spsa                var  76.96%  SQD mean  97.08% [97.08, 97.08]  uniq100k 1770  dims 490-490  d_full -3.4e-09  (21+35s)
  C3H4_rxn2391_P       lucj:rl4n29f:spsa:aLabel       var  76.84%  SQD mean  97.17% [97.17, 97.17]  uniq100k 1818  dims 471-471  d_full 8.4e-09  (21+35s)
  C3H4_rxn2391_R       start:rl4n29f                  var  77.84%  SQD mean  97.88% [97.88, 97.88]  uniq100k 1848  dims 531-531  d_full -2.3e-08  (25+40s)
  C3H4_rxn2391_R       start:label                    var  70.07%  SQD mean  96.78% [96.78, 96.78]  uniq100k 1596  dims 431-431  d_full 2.7e-09  (21+27s)
  C3H4_rxn2391_R       lucj:label:spsa                var  74.19%  SQD mean  97.28% [97.28, 97.28]  uniq100k 1911  dims 500-500  d_full -1.0e-08  (21+34s)
  C3H4_rxn2391_R       lucj:rl4n29f:spsa:aLabel       var  80.61%  SQD mean  97.39% [97.39, 97.39]  uniq100k 1811  dims 523-523  d_full -4.3e-09  (21+37s)
  C3H4_rxn2391_TS      start:rl4n29f                  var  68.87%  SQD mean 101.57% [101.57, 101.57]  uniq100k 3608  dims 816-816  d_full -3.1e-08  (25+122s)
  C3H4_rxn2391_TS      start:label                    var  61.17%  SQD mean 100.87% [100.87, 100.87]  uniq100k 3072  dims 681-681  d_full -8.1e-09  (22+93s)
  C3H4_rxn2391_TS      lucj:label:spsa                var  70.61%  SQD mean 100.44% [100.44, 100.44]  uniq100k 2900  dims 633-633  d_full 4.3e-09  (22+80s)
  C3H4_rxn2391_TS      lucj:rl4n29f:spsa:aLabel       var  73.83%  SQD mean 100.71% [100.71, 100.71]  uniq100k 3058  dims 660-660  d_full -7.5e-09  (22+87s)
=== 2026-10-05 10:22:18 scoring done
