=== 2026-10-05 10:22:20 dimscan
  C2H3N_rxn2858_TS start:label              k   150  E -130.23883492  corr  97.31%  err_FCI   20.14 mHa  marg 0.9970  d_full 4.3e-09  (5s)
  C2H3N_rxn2858_TS start:label              k   300  E -130.24799928  corr 100.79%  err_FCI   10.97 mHa  marg 0.9986  d_full -1.2e-08  (16s)
  C2H3N_rxn2858_TS start:label              k   450  E -130.25204786  corr 102.32%  err_FCI    6.92 mHa  marg 0.9993  d_full -1.5e-09  (28s)
  C2H3N_rxn2858_TS start:label              k   600  E -130.25448009  corr 103.25%  err_FCI    4.49 mHa  marg 0.9996  d_full -1.8e-10  (43s)
  C2H3N_rxn2858_TS start:label              k   800  E -130.25632492  corr 103.95%  err_FCI    2.65 mHa  marg 0.9998  d_full 2.3e-09  (69s)
  C2H3N_rxn2858_TS start:rl4n29f            k   150  E -130.23787838  corr  96.95%  err_FCI   21.09 mHa  marg 0.9968  d_full -3.0e-08  (6s)
  C2H3N_rxn2858_TS start:rl4n29f            k   300  E -130.24815062  corr 100.85%  err_FCI   10.82 mHa  marg 0.9985  d_full 7.8e-09  (16s)
  C2H3N_rxn2858_TS start:rl4n29f            k   450  E -130.25225914  corr 102.40%  err_FCI    6.71 mHa  marg 0.9992  d_full -1.5e-08  (29s)
  C2H3N_rxn2858_TS start:rl4n29f            k   600  E -130.25440452  corr 103.22%  err_FCI    4.57 mHa  marg 0.9996  d_full 1.9e-08  (45s)
  C2H3N_rxn2858_TS start:rl4n29f            k   800  E -130.25628191  corr 103.93%  err_FCI    2.69 mHa  marg 0.9998  d_full 6.3e-09  (71s)
  C2H3N_rxn2858_TS lucj:label:nomad         k   150  E -130.23830698  corr  97.11%  err_FCI   20.67 mHa  marg 0.9971  d_full 6.2e-09  (5s)
  C2H3N_rxn2858_TS lucj:label:nomad         k   300  E -130.24810354  corr 100.83%  err_FCI   10.87 mHa  marg 0.9986  d_full -1.5e-08  (16s)
  C2H3N_rxn2858_TS lucj:label:nomad         k   450  E -130.25171013  corr 102.20%  err_FCI    7.26 mHa  marg 0.9993  d_full 1.1e-08  (28s)
  C2H3N_rxn2858_TS lucj:label:nomad         k   600  E -130.25421803  corr 103.15%  err_FCI    4.75 mHa  marg 0.9996  d_full 1.3e-08  (43s)
  C2H3N_rxn2858_TS lucj:label:nomad         k   800  E -130.25623918  corr 103.91%  err_FCI    2.73 mHa  marg 0.9998  d_full -1.9e-08  (68s)
  C2H3N_rxn2858_TS lucj:label:spsa          k   150  E -130.23827073  corr  97.10%  err_FCI   20.70 mHa  marg 0.9975  d_full 7.7e-09  (5s)
  C2H3N_rxn2858_TS lucj:label:spsa          k   300  E -130.24705083  corr 100.43%  err_FCI   11.92 mHa  marg 0.9988  d_full 1.3e-08  (15s)
  C2H3N_rxn2858_TS lucj:label:spsa          k   450  E -130.25119119  corr 102.00%  err_FCI    7.78 mHa  marg 0.9994  d_full -2.6e-08  (26s)
  C2H3N_rxn2858_TS lucj:label:spsa          k   600  E -130.25397702  corr 103.06%  err_FCI    4.99 mHa  marg 0.9997  d_full 6.6e-09  (40s)
  C2H3N_rxn2858_TS lucj:label:spsa          k   800  E -130.25612188  corr 103.87%  err_FCI    2.85 mHa  marg 0.9999  d_full 1.8e-08  (67s)
  C2H3N_rxn2858_TS lucj:rl4n29f:nomad       k   150  E -130.23785188  corr  96.94%  err_FCI   21.12 mHa  marg 0.9968  d_full 1.7e-09  (6s)
  C2H3N_rxn2858_TS lucj:rl4n29f:nomad       k   300  E -130.24823834  corr 100.88%  err_FCI   10.73 mHa  marg 0.9985  d_full -3.2e-09  (15s)
  C2H3N_rxn2858_TS lucj:rl4n29f:nomad       k   450  E -130.25231656  corr 102.43%  err_FCI    6.66 mHa  marg 0.9992  d_full -1.4e-08  (27s)
  C2H3N_rxn2858_TS lucj:rl4n29f:nomad       k   600  E -130.25442515  corr 103.23%  err_FCI    4.55 mHa  marg 0.9996  d_full -6.8e-09  (42s)
  C2H3N_rxn2858_TS lucj:rl4n29f:nomad       k   800  E -130.25630434  corr 103.94%  err_FCI    2.67 mHa  marg 0.9998  d_full 1.2e-09  (67s)
  C2H3N_rxn2858_TS lucj:rl4n29f:spsa        k   150  E -130.23790860  corr  96.96%  err_FCI   21.06 mHa  marg 0.9967  d_full -3.0e-08  (5s)
  C2H3N_rxn2858_TS lucj:rl4n29f:spsa        k   300  E -130.24843285  corr 100.95%  err_FCI   10.54 mHa  marg 0.9985  d_full 1.1e-08  (15s)
  C2H3N_rxn2858_TS lucj:rl4n29f:spsa        k   450  E -130.25239386  corr 102.45%  err_FCI    6.58 mHa  marg 0.9992  d_full 1.2e-08  (27s)
  C2H3N_rxn2858_TS lucj:rl4n29f:spsa        k   600  E -130.25451375  corr 103.26%  err_FCI    4.46 mHa  marg 0.9995  d_full -2.6e-09  (43s)
  C2H3N_rxn2858_TS lucj:rl4n29f:spsa        k   800  E -130.25628130  corr 103.93%  err_FCI    2.69 mHa  marg 0.9998  d_full -1.6e-09  (67s)
  C2H3N_rxn2858_TS lucj:rl4n29f:spsa:aLabel k   150  E -130.23847649  corr  97.18%  err_FCI   20.50 mHa  marg 0.9974  d_full 4.2e-09  (5s)
  C2H3N_rxn2858_TS lucj:rl4n29f:spsa:aLabel k   300  E -130.24853289  corr 100.99%  err_FCI   10.44 mHa  marg 0.9989  d_full 1.4e-08  (15s)
  C2H3N_rxn2858_TS lucj:rl4n29f:spsa:aLabel k   450  E -130.25246473  corr 102.48%  err_FCI    6.51 mHa  marg 0.9994  d_full 2.3e-08  (27s)
  C2H3N_rxn2858_TS lucj:rl4n29f:spsa:aLabel k   600  E -130.25467507  corr 103.32%  err_FCI    4.30 mHa  marg 0.9996  d_full -8.3e-09  (42s)
  C2H3N_rxn2858_TS lucj:rl4n29f:spsa:aLabel k   800  E -130.25632338  corr 103.94%  err_FCI    2.65 mHa  marg 0.9998  d_full 1.6e-08  (67s)
  C2H3N_rxn2858_TS qsci:label:nomad         k   150  E -130.23769541  corr  96.88%  err_FCI   21.28 mHa  marg 0.9954  d_full -2.2e-08  (5s)
  C2H3N_rxn2858_TS qsci:label:nomad         k   300  E -130.24588179  corr  99.99%  err_FCI   13.09 mHa  marg 0.9979  d_full 5.8e-09  (14s)
  C2H3N_rxn2858_TS qsci:label:nomad         k   450  E -130.25071369  corr 101.82%  err_FCI    8.26 mHa  marg 0.9989  d_full 3.5e-09  (26s)
  C2H3N_rxn2858_TS qsci:label:nomad         k   600  E -130.25393896  corr 103.04%  err_FCI    5.03 mHa  marg 0.9995  d_full -8.0e-09  (39s)
  C2H3N_rxn2858_TS qsci:label:nomad         k   800  E -130.25596454  corr 103.81%  err_FCI    3.01 mHa  marg 0.9997  d_full -1.1e-08  (64s)
  C2H3N_rxn2858_TS qsci:label:spsa          k   150  E -130.23644953  corr  96.41%  err_FCI   22.52 mHa  marg 0.9828  d_full 4.2e-09  (6s)
  C2H3N_rxn2858_TS qsci:label:spsa          k   300  E -130.24551487  corr  99.85%  err_FCI   13.46 mHa  marg 0.9913  d_full 7.1e-09  (15s)
  C2H3N_rxn2858_TS qsci:label:spsa          k   450  E -130.25076337  corr 101.84%  err_FCI    8.21 mHa  marg 0.9948  d_full -1.4e-08  (27s)
  C2H3N_rxn2858_TS qsci:label:spsa          k   600  E -130.25393353  corr 103.04%  err_FCI    5.04 mHa  marg 0.9967  d_full -1.4e-08  (42s)
  C2H3N_rxn2858_TS qsci:label:spsa          k   800  E -130.25588305  corr 103.78%  err_FCI    3.09 mHa  marg 0.9980  d_full -1.0e-08  (67s)
  C2H3N_rxn2858_P start:label              k   150  E -130.39195382  corr  95.65%  err_FCI   15.80 mHa  marg 0.9978  d_full -1.2e-08  (4s)
  C2H3N_rxn2858_P start:label              k   300  E -130.39816262  corr  98.44%  err_FCI    9.59 mHa  marg 0.9990  d_full -1.0e-08  (12s)
  C2H3N_rxn2858_P start:label              k   450  E -130.40204234  corr 100.19%  err_FCI    5.71 mHa  marg 0.9995  d_full 2.5e-08  (21s)
  C2H3N_rxn2858_P start:label              k   600  E -130.40432630  corr 101.21%  err_FCI    3.43 mHa  marg 0.9997  d_full -2.4e-08  (32s)
  C2H3N_rxn2858_P start:label              k   800  E -130.40591798  corr 101.93%  err_FCI    1.84 mHa  marg 0.9999  d_full -2.2e-08  (56s)
  C2H3N_rxn2858_P start:rl4n29f            k   150  E -130.39212376  corr  95.73%  err_FCI   15.63 mHa  marg 0.9974  d_full 1.0e-08  (5s)
  C2H3N_rxn2858_P start:rl4n29f            k   300  E -130.39945440  corr  99.02%  err_FCI    8.30 mHa  marg 0.9989  d_full 4.0e-09  (13s)
  C2H3N_rxn2858_P start:rl4n29f            k   450  E -130.40268129  corr 100.47%  err_FCI    5.07 mHa  marg 0.9994  d_full -2.0e-08  (22s)
  C2H3N_rxn2858_P start:rl4n29f            k   600  E -130.40447277  corr 101.28%  err_FCI    3.28 mHa  marg 0.9997  d_full -1.9e-08  (35s)
  C2H3N_rxn2858_P start:rl4n29f            k   800  E -130.40589357  corr 101.92%  err_FCI    1.86 mHa  marg 0.9998  d_full -1.2e-08  (55s)
  C2H3N_rxn2858_P lucj:label:nomad         k   150  E -130.39109245  corr  95.27%  err_FCI   16.66 mHa  marg 0.9979  d_full -2.5e-08  (4s)
  C2H3N_rxn2858_P lucj:label:nomad         k   300  E -130.39731917  corr  98.06%  err_FCI   10.43 mHa  marg 0.9990  d_full 9.6e-09  (12s)
  C2H3N_rxn2858_P lucj:label:nomad         k   450  E -130.40115693  corr  99.79%  err_FCI    6.60 mHa  marg 0.9995  d_full 1.1e-08  (21s)
  C2H3N_rxn2858_P lucj:label:nomad         k   600  E -130.40390646  corr 101.02%  err_FCI    3.85 mHa  marg 0.9998  d_full -1.4e-08  (32s)
  C2H3N_rxn2858_P lucj:label:nomad         k   800  E -130.40570420  corr 101.83%  err_FCI    2.05 mHa  marg 0.9999  d_full -5.5e-08  (54s)
  C2H3N_rxn2858_P lucj:label:spsa          k   150  E -130.39081683  corr  95.14%  err_FCI   16.94 mHa  marg 0.9978  d_full -3.7e-08  (4s)
  C2H3N_rxn2858_P lucj:label:spsa          k   300  E -130.39827211  corr  98.49%  err_FCI    9.48 mHa  marg 0.9989  d_full -1.3e-08  (13s)
  C2H3N_rxn2858_P lucj:label:spsa          k   450  E -130.40200188  corr 100.17%  err_FCI    5.75 mHa  marg 0.9995  d_full 8.4e-09  (22s)
  C2H3N_rxn2858_P lucj:label:spsa          k   600  E -130.40405165  corr 101.09%  err_FCI    3.70 mHa  marg 0.9998  d_full -2.7e-08  (33s)
  C2H3N_rxn2858_P lucj:label:spsa          k   800  E -130.40572629  corr 101.84%  err_FCI    2.03 mHa  marg 0.9999  d_full -1.8e-08  (54s)
  C2H3N_rxn2858_P lucj:rl4n29f:nomad       k   150  E -130.39218679  corr  95.76%  err_FCI   15.57 mHa  marg 0.9974  d_full 1.4e-09  (5s)
  C2H3N_rxn2858_P lucj:rl4n29f:nomad       k   300  E -130.39951721  corr  99.05%  err_FCI    8.24 mHa  marg 0.9989  d_full -2.5e-08  (13s)
  C2H3N_rxn2858_P lucj:rl4n29f:nomad       k   450  E -130.40273664  corr 100.50%  err_FCI    5.02 mHa  marg 0.9994  d_full -1.1e-08  (22s)
  C2H3N_rxn2858_P lucj:rl4n29f:nomad       k   600  E -130.40448831  corr 101.28%  err_FCI    3.26 mHa  marg 0.9997  d_full -3.5e-08  (35s)
  C2H3N_rxn2858_P lucj:rl4n29f:nomad       k   800  E -130.40589736  corr 101.92%  err_FCI    1.86 mHa  marg 0.9998  d_full 9.5e-09  (55s)
  C2H3N_rxn2858_P lucj:rl4n29f:spsa        k   150  E -130.39240806  corr  95.86%  err_FCI   15.35 mHa  marg 0.9973  d_full -2.5e-08  (5s)
  C2H3N_rxn2858_P lucj:rl4n29f:spsa        k   300  E -130.39942399  corr  99.01%  err_FCI    8.33 mHa  marg 0.9989  d_full 1.3e-08  (13s)
  C2H3N_rxn2858_P lucj:rl4n29f:spsa        k   450  E -130.40278637  corr 100.52%  err_FCI    4.97 mHa  marg 0.9994  d_full -1.3e-09  (22s)
  C2H3N_rxn2858_P lucj:rl4n29f:spsa        k   600  E -130.40446109  corr 101.27%  err_FCI    3.29 mHa  marg 0.9997  d_full -4.1e-08  (35s)
  C2H3N_rxn2858_P lucj:rl4n29f:spsa        k   800  E -130.40586445  corr 101.90%  err_FCI    1.89 mHa  marg 0.9998  d_full -3.0e-08  (55s)
  C2H3N_rxn2858_P lucj:rl4n29f:spsa:aLabel k   150  E -130.39208965  corr  95.71%  err_FCI   15.66 mHa  marg 0.9979  d_full -1.5e-08  (5s)
  C2H3N_rxn2858_P lucj:rl4n29f:spsa:aLabel k   300  E -130.39900416  corr  98.82%  err_FCI    8.75 mHa  marg 0.9991  d_full 1.1e-08  (13s)
  C2H3N_rxn2858_P lucj:rl4n29f:spsa:aLabel k   450  E -130.40256359  corr 100.42%  err_FCI    5.19 mHa  marg 0.9995  d_full 1.5e-08  (22s)
  C2H3N_rxn2858_P lucj:rl4n29f:spsa:aLabel k   600  E -130.40458538  corr 101.33%  err_FCI    3.17 mHa  marg 0.9998  d_full -7.9e-09  (34s)
  C2H3N_rxn2858_P lucj:rl4n29f:spsa:aLabel k   800  E -130.40589777  corr 101.92%  err_FCI    1.86 mHa  marg 0.9999  d_full -2.9e-09  (54s)
  C2H3N_rxn2858_P qsci:label:nomad         k   150  E -130.37415594  corr  87.66%  err_FCI   33.60 mHa  marg 0.7909  d_full 9.6e-09  (4s)
  C2H3N_rxn2858_P qsci:label:nomad         k   300  E -130.38689088  corr  93.38%  err_FCI   20.86 mHa  marg 0.8781  d_full -4.2e-09  (11s)
  C2H3N_rxn2858_P qsci:label:nomad         k   450  E -130.39541290  corr  97.21%  err_FCI   12.34 mHa  marg 0.9213  d_full -2.2e-08  (19s)
  C2H3N_rxn2858_P qsci:label:nomad         k   600  E -130.40085304  corr  99.65%  err_FCI    6.90 mHa  marg 0.9452  d_full -9.7e-10  (31s)
  C2H3N_rxn2858_P qsci:label:nomad         k   800  E -130.40309486  corr 100.66%  err_FCI    4.66 mHa  marg 0.9628  d_full -4.8e-08  (51s)
  C2H3N_rxn2858_P qsci:label:spsa          k   150  E -130.39052240  corr  95.01%  err_FCI   17.23 mHa  marg 0.9810  d_full 8.4e-09  (5s)
  C2H3N_rxn2858_P qsci:label:spsa          k   300  E -130.39698773  corr  97.92%  err_FCI   10.77 mHa  marg 0.9897  d_full -1.6e-08  (12s)
  C2H3N_rxn2858_P qsci:label:spsa          k   450  E -130.40108539  corr  99.76%  err_FCI    6.67 mHa  marg 0.9938  d_full -2.7e-09  (22s)
  C2H3N_rxn2858_P qsci:label:spsa          k   600  E -130.40386784  corr 101.01%  err_FCI    3.89 mHa  marg 0.9961  d_full -2.7e-09  (33s)
  C2H3N_rxn2858_P qsci:label:spsa          k   800  E -130.40561882  corr 101.79%  err_FCI    2.13 mHa  marg 0.9976  d_full -2.5e-08  (54s)
=== 2026-10-05 11:05:40 dimscan done
