=== 2026-10-05 01:37:45 start lucj/C2H3N_rxn2858_P__label__spsa
C2H3N_rxn2858_P__label__spsa: 500 evals, 11.3 min; f -130.316701 -> -130.340737 (61.84 -> 72.64 %corr); var 61.84 -> 72.64
=== 2026-10-05 01:49:09 end lucj/C2H3N_rxn2858_P__label__spsa
=== 2026-10-05 01:49:09 start lucj/C2H3N_rxn2858_P__rl4n29f__spsa
C2H3N_rxn2858_P__rl4n29f__spsa: 500 evals, 11.2 min; f -130.330564 -> -130.331367 (68.07 -> 68.43 %corr); var 68.07 -> 68.43
=== 2026-10-05 02:00:29 end lucj/C2H3N_rxn2858_P__rl4n29f__spsa
=== 2026-10-05 02:00:29 start lucj/C2H3N_rxn2858_TS__label__spsa
C2H3N_rxn2858_TS__label__spsa: 500 evals, 8.7 min; f -130.131772 -> -130.178327 (56.71 -> 74.37 %corr); var 56.71 -> 74.37
=== 2026-10-05 02:09:16 end lucj/C2H3N_rxn2858_TS__label__spsa
=== 2026-10-05 02:09:16 start lucj/C2H3N_rxn2858_TS__rl4n29f__spsa
C2H3N_rxn2858_TS__rl4n29f__spsa: 500 evals, 5.7 min; f -130.167516 -> -130.168366 (70.27 -> 70.59 %corr); var 70.27 -> 70.59
=== 2026-10-05 02:15:03 end lucj/C2H3N_rxn2858_TS__rl4n29f__spsa
=== 2026-10-05 02:15:03 start lucj/C2H4O_rxn2507_TS__label__spsa
C2H4O_rxn2507_TS__label__spsa: 500 evals, 20.9 min; f -150.872388 -> -150.914210 (49.48 -> 67.86 %corr); var 49.48 -> 67.86
=== 2026-10-05 02:36:09 end lucj/C2H4O_rxn2507_TS__label__spsa
=== 2026-10-05 02:36:09 start lucj/C2H4O_rxn2507_TS__rl4n29f__spsa
C2H4O_rxn2507_TS__rl4n29f__spsa: 500 evals, 21.1 min; f -150.917564 -> -150.925407 (69.33 -> 72.78 %corr); var 69.33 -> 72.78
=== 2026-10-05 02:57:28 end lucj/C2H4O_rxn2507_TS__rl4n29f__spsa
=== 2026-10-05 02:57:28 start lucj/C2H3N_rxn2858_P__rl4n29f__spsa__aLabel
C2H3N_rxn2858_P__rl4n29f__spsa__aLabel: 500 evals, 5.6 min; f -130.330564 -> -130.343119 (68.07 -> 73.71 %corr); var 68.07 -> 73.71
=== 2026-10-05 03:03:08 end lucj/C2H3N_rxn2858_P__rl4n29f__spsa__aLabel
=== 2026-10-05 03:03:08 start lucj/C2H3N_rxn2858_TS__rl4n29f__spsa__aLabel
C2H3N_rxn2858_TS__rl4n29f__spsa__aLabel: 500 evals, 5.6 min; f -130.167516 -> -130.179653 (70.27 -> 74.87 %corr); var 70.27 -> 74.87
=== 2026-10-05 03:08:53 end lucj/C2H3N_rxn2858_TS__rl4n29f__spsa__aLabel
=== 2026-10-05 03:08:53 start lucj/C2H4O_rxn2507_TS__rl4n29f__spsa__aLabel
C2H4O_rxn2507_TS__rl4n29f__spsa__aLabel: 500 evals, 20.9 min; f -150.917564 -> -150.930728 (69.33 -> 75.11 %corr); var 69.33 -> 75.11
=== 2026-10-05 03:29:55 end lucj/C2H4O_rxn2507_TS__rl4n29f__spsa__aLabel
queue done 2026-10-05 03:29:55
