  C2H4O_rxn0724_P__pre4__s1            n2631g b0  E -151.00736763  dim 1013^2  S2 1.3e-03  112.2s  [1 solved, 116s]
  C2H4O_rxn0724_P__rl4n29f__s1         n2631g b0  E -151.00712512  dim 1019^2  S2 1.4e-03  113.7s  [2 solved, 230s]
  C2H4O_rxn0724_TS__pre4__s1           n2631g b0  E -150.91353614  dim 1143^2  S2 1.7e-03  144.5s  [3 solved, 374s]
  C2H4O_rxn0724_TS__rl4n29f__s1        n2631g b0  E -150.91315212  dim 1100^2  S2 1.9e-03  132.9s  [4 solved, 508s]
  C2H4O_rxn2507_P__pre4__s1            n2631g b0  E -151.11293090  dim 915^2  S2 1.4e-03  92.3s  [5 solved, 600s]
  C2H4O_rxn2507_P__rl4L__s1            n2631g b0  E -151.11403506  dim 1167^2  S2 8.0e-04  134.9s  [6 solved, 735s]
  C2H4O_rxn2507_TS__pre4__s1           n2631g b0  E -150.99505058  dim 1227^2  S2 1.6e-03  184.6s  [7 solved, 920s]
  C2H4O_rxn2507_TS__rl4L__s1           n2631g b0  E -150.99612349  dim 1476^2  S2 1.1e-03  279.1s  [8 solved, 1200s]
  C3H4_rxn2391_P__pre4__s1             n2631g b0  E -114.65501901  dim 1067^2  S2 1.5e-03  75.8s  [9 solved, 1276s]
  C3H4_rxn2391_P__rl4n29f__s1          n2631g b0  E -114.65638164  dim 1358^2  S2 8.3e-04  140.7s  [10 solved, 1417s]
  C3H4_rxn2391_R__truncated__s1        n2631g b0  E -114.62492784  dim 123^2  S2 2.5e-02  3.4s  [11 solved, 1420s]
  C3H4_rxn2391_R__label__s1            n2631g b0  E -114.67863941  dim 1064^2  S2 1.2e-03  79.2s  [12 solved, 1500s]
  C3H4_rxn2391_R__rl4L__s1             n2631g b0  E -114.67970069  dim 1494^2  S2 6.9e-04  119.2s  [13 solved, 1620s]
  C3H4_rxn2391_TS__pre4__s1            n2631g b0  E -114.46742101  dim 1418^2  S2 1.8e-03  161.5s  [14 solved, 1782s]
  C3H4_rxn2391_TS__rl4L__s1            n2631g b0  E -114.46908717  dim 2008^2  S2 1.1e-03  310.4s  [15 solved, 2093s]
  C2H3N_rxn2858_P__pre4__s2            n2631g b0  E -130.40545832  dim 909^2  S2 1.2e-03  44.8s  [16 solved, 2138s]
  C2H3N_rxn2858_P__rl4n29f__s2         n2631g b0  E -130.40604454  dim 1037^2  S2 8.5e-04  54.4s  [17 solved, 2192s]
  C2H3N_rxn2858_TS__truncated__s2      n2631g b0  E -130.21238757  dim 132^2  S2 1.9e-02  3.1s  [18 solved, 2195s]
  C2H3N_rxn2858_TS__label__s2          n2631g b0  E -130.25676679  dim 1075^2  S2 1.0e-03  69.6s  [19 solved, 2265s]
  C2H3N_rxn2858_TS__rl4n29f__s2        n2631g b0  E -130.25689713  dim 1108^2  S2 1.1e-03  72.2s  [20 solved, 2338s]
  C2H4O_rxn0724_P__truncated__s2       n2631g b0  E -150.95207479  dim 175^2  S2 1.5e-02  5.0s  [21 solved, 2343s]
  C2H4O_rxn0724_P__label__s2           n2631g b0  E -151.00803676  dim 1114^2  S2 9.2e-04  124.0s  [22 solved, 2467s]
  C2H4O_rxn0724_P__rl4L__s2            n2631g b0  E -151.00822050  dim 1288^2  S2 9.0e-04  147.0s  [23 solved, 2614s]
  C2H4O_rxn0724_TS__pre4__s2           n2631g b0  E -150.91344742  dim 1118^2  S2 1.8e-03  112.6s  [24 solved, 2727s]
  C2H4O_rxn0724_TS__rl4L__s2           n2631g b0  E -150.91360662  dim 1166^2  S2 1.7e-03  119.4s  [25 solved, 2847s]
  C2H4O_rxn2507_P__truncated__s2       n2631g b0  E -151.07092467  dim 135^2  S2 1.8e-02  3.1s  [26 solved, 2850s]
  C2H4O_rxn2507_P__label__s2           n2631g b0  E -151.11359518  dim 1041^2  S2 9.7e-04  89.9s  [27 solved, 2940s]
  C2H4O_rxn2507_P__rl4n29f__s2         n2631g b0  E -151.11362475  dim 1051^2  S2 1.0e-03  94.8s  [28 solved, 3035s]
  C2H4O_rxn2507_TS__truncated__s2      n2631g b0  E -150.97709455  dim 355^2  S2 7.0e-03  17.2s  [29 solved, 3053s]
  C2H4O_rxn2507_TS__pre4__s2           n2631g b0  E -150.99513295  dim 1209^2  S2 1.6e-03  158.7s  [30 solved, 3212s]
  C2H4O_rxn2507_TS__rl4L__s2           n2631g b0  E -150.99606446  dim 1448^2  S2 1.2e-03  212.5s  [31 solved, 3424s]
  C3H4_rxn2391_P__pre4__s2             n2631g b0  E -114.65527855  dim 1064^2  S2 1.4e-03  65.9s  [32 solved, 3491s]
  C3H4_rxn2391_P__rl4n29f__s2          n2631g b0  E -114.65631422  dim 1353^2  S2 8.5e-04  102.3s  [33 solved, 3593s]
  C3H4_rxn2391_R__truncated__s2        n2631g b0  E -114.62674957  dim 124^2  S2 2.7e-02  2.3s  [34 solved, 3596s]
  C3H4_rxn2391_R__label__s2            n2631g b0  E -114.67857404  dim 1063^2  S2 1.2e-03  63.9s  [35 solved, 3660s]
  C3H4_rxn2391_R__rl4L__s2             n2631g b0  E -114.67978010  dim 1488^2  S2 6.6e-04  109.4s  [36 solved, 3770s]
  C3H4_rxn2391_TS__pre4__s2            n2631g b0  E -114.46730988  dim 1390^2  S2 1.9e-03  151.3s  [37 solved, 3921s]
  C3H4_rxn2391_TS__rl4L__s2            n2631g b0  E -114.46903232  dim 1965^2  S2 1.1e-03  280.1s  [38 solved, 4202s]
