  C2H3N_rxn2858_P__truncated__s1       n2631g b0  E -130.36790009  dim 144^2  S2 2.0e-02  2.5s  [1 solved, 6s]
  C2H3N_rxn2858_P__label__s1           n2631g b0  E -130.40580074  dim 943^2  S2 8.9e-04  52.3s  [2 solved, 58s]
  C2H3N_rxn2858_P__pre4__s1            n2631g b0  E -130.40561364  dim 920^2  S2 1.1e-03  54.8s  [3 solved, 113s]
  C2H3N_rxn2858_P__rl4L__s1            n2631g b0  E -130.40640050  dim 1233^2  S2 6.7e-04  83.6s  [4 solved, 197s]
  C2H3N_rxn2858_P__rl4n29f__s1         n2631g b0  E -130.40579225  dim 1010^2  S2 9.9e-04  61.6s  [5 solved, 259s]
  C2H3N_rxn2858_TS__truncated__s1      n2631g b0  E -130.21400935  dim 132^2  S2 1.8e-02  3.1s  [6 solved, 262s]
  C2H3N_rxn2858_TS__label__s1          n2631g b0  E -130.25668032  dim 1041^2  S2 1.1e-03  70.2s  [7 solved, 332s]
  C2H3N_rxn2858_TS__pre4__s1           n2631g b0  E -130.25639236  dim 960^2  S2 1.3e-03  72.7s  [8 solved, 405s]
  C2H3N_rxn2858_TS__rl4L__s1           n2631g b0  E -130.25726338  dim 1237^2  S2 8.8e-04  104.6s  [9 solved, 510s]
  C2H3N_rxn2858_TS__rl4n29f__s1        n2631g b0  E -130.25677498  dim 1144^2  S2 1.2e-03  93.3s  [10 solved, 604s]
  C2H4O_rxn0724_P__truncated__s1       n2631g b0  E -150.95421952  dim 174^2  S2 1.5e-02  5.1s  [11 solved, 609s]
  C2H4O_rxn0724_P__label__s1           n2631g b0  E -151.00785274  dim 1116^2  S2 1.0e-03  128.9s  [12 solved, 738s]
  C2H4O_rxn0724_P__rl4L__s1            n2631g b0  E -151.00808555  dim 1234^2  S2 9.9e-04  146.4s  [13 solved, 885s]
  C2H4O_rxn0724_TS__truncated__s1      n2631g b0  E -150.87770030  dim 156^2  S2 1.5e-02  4.6s  [14 solved, 890s]
  C2H4O_rxn0724_TS__label__s1          n2631g b0  E -150.91422626  dim 1341^2  S2 1.4e-03  183.0s  [15 solved, 1073s]
  C2H4O_rxn0724_TS__rl4L__s1           n2631g b0  E -150.91361728  dim 1199^2  S2 1.7e-03  153.0s  [16 solved, 1227s]
  C2H4O_rxn2507_P__truncated__s1       n2631g b0  E -151.06430448  dim 137^2  S2 1.9e-02  3.7s  [17 solved, 1230s]
  C2H4O_rxn2507_P__label__s1           n2631g b0  E -151.11369843  dim 1044^2  S2 9.5e-04  106.2s  [18 solved, 1337s]
  C2H4O_rxn2507_P__rl4n29f__s1         n2631g b0  E -151.11370016  dim 1028^2  S2 9.8e-04  100.2s  [19 solved, 1437s]
  C2H4O_rxn2507_TS__truncated__s1      n2631g b0  E -150.97712841  dim 356^2  S2 7.1e-03  22.3s  [20 solved, 1460s]
  C2H4O_rxn2507_TS__label__s1          n2631g b0  E -150.99566022  dim 1292^2  S2 1.3e-03  202.4s  [21 solved, 1663s]
  C2H4O_rxn2507_TS__rl4n29f__s1        n2631g b0  E -150.99533664  dim 1254^2  S2 1.6e-03  210.3s  [22 solved, 1873s]
  C3H4_rxn2391_P__truncated__s1        n2631g b0  E -114.56801287  dim 89^2  S2 3.0e-02  1.8s  [23 solved, 1875s]
  C3H4_rxn2391_P__label__s1            n2631g b0  E -114.65585565  dim 1229^2  S2 1.0e-03  113.5s  [24 solved, 1989s]
  C3H4_rxn2391_P__rl4L__s1             n2631g b0  E -114.65653771  dim 1506^2  S2 7.7e-04  164.3s  [25 solved, 2154s]
  C3H4_rxn2391_R__pre4__s1             n2631g b0  E -114.67822408  dim 995^2  S2 1.3e-03  78.6s  [26 solved, 2233s]
  C3H4_rxn2391_R__rl4n29f__s1          n2631g b0  E -114.67918037  dim 1182^2  S2 8.9e-04  89.6s  [27 solved, 2323s]
  C3H4_rxn2391_TS__truncated__s1       n2631g b0  E -114.43380645  dim 217^2  S2 1.2e-02  7.0s  [28 solved, 2330s]
  C3H4_rxn2391_TS__label__s1           n2631g b0  E -114.46799516  dim 1531^2  S2 1.6e-03  182.6s  [29 solved, 2513s]
  C3H4_rxn2391_TS__rl4n29f__s1         n2631g b0  E -114.46871523  dim 1893^2  S2 1.3e-03  296.9s  [30 solved, 2810s]
  C2H3N_rxn2858_P__truncated__s2       n2631g b0  E -130.36801802  dim 151^2  S2 2.0e-02  2.5s  [31 solved, 2813s]
  C2H3N_rxn2858_P__label__s2           n2631g b0  E -130.40590041  dim 951^2  S2 8.6e-04  44.7s  [32 solved, 2858s]
  C2H3N_rxn2858_P__rl4L__s2            n2631g b0  E -130.40634366  dim 1189^2  S2 6.7e-04  69.7s  [33 solved, 2928s]
  C2H3N_rxn2858_TS__pre4__s2           n2631g b0  E -130.25640277  dim 964^2  S2 1.3e-03  59.5s  [34 solved, 2987s]
  C2H3N_rxn2858_TS__rl4L__s2           n2631g b0  E -130.25728348  dim 1231^2  S2 8.8e-04  103.8s  [35 solved, 3092s]
  C2H4O_rxn0724_P__pre4__s2            n2631g b0  E -151.00749727  dim 1040^2  S2 1.2e-03  102.7s  [36 solved, 3195s]
  C2H4O_rxn0724_P__rl4n29f__s2         n2631g b0  E -151.00713648  dim 1073^2  S2 1.5e-03  123.0s  [37 solved, 3318s]
  C2H4O_rxn0724_TS__truncated__s2      n2631g b0  E -150.87948777  dim 143^2  S2 1.5e-02  3.2s  [38 solved, 3321s]
  C2H4O_rxn0724_TS__label__s2          n2631g b0  E -150.91414991  dim 1317^2  S2 1.4e-03  155.2s  [39 solved, 3477s]
  C2H4O_rxn0724_TS__rl4n29f__s2        n2631g b0  E -150.91310871  dim 1105^2  S2 2.0e-03  108.3s  [40 solved, 3585s]
  C2H4O_rxn2507_P__pre4__s2            n2631g b0  E -151.11290286  dim 939^2  S2 1.4e-03  75.5s  [41 solved, 3661s]
  C2H4O_rxn2507_P__rl4L__s2            n2631g b0  E -151.11410260  dim 1165^2  S2 7.8e-04  107.3s  [42 solved, 3769s]
  C2H4O_rxn2507_TS__label__s2          n2631g b0  E -150.99566988  dim 1275^2  S2 1.3e-03  176.1s  [43 solved, 3945s]
  C2H4O_rxn2507_TS__rl4n29f__s2        n2631g b0  E -150.99533302  dim 1233^2  S2 1.5e-03  163.0s  [44 solved, 4108s]
  C3H4_rxn2391_P__truncated__s2        n2631g b0  E -114.57194916  dim 93^2  S2 3.3e-02  1.4s  [45 solved, 4110s]
  C3H4_rxn2391_P__label__s2            n2631g b0  E -114.65607825  dim 1270^2  S2 9.5e-04  90.2s  [46 solved, 4200s]
  C3H4_rxn2391_P__rl4L__s2             n2631g b0  E -114.65645967  dim 1509^2  S2 7.8e-04  129.5s  [47 solved, 4331s]
  C3H4_rxn2391_R__pre4__s2             n2631g b0  E -114.67823999  dim 993^2  S2 1.4e-03  57.9s  [48 solved, 4389s]
  C3H4_rxn2391_R__rl4n29f__s2          n2631g b0  E -114.67913263  dim 1187^2  S2 9.3e-04  79.2s  [49 solved, 4469s]
  C3H4_rxn2391_TS__truncated__s2       n2631g b0  E -114.43411019  dim 225^2  S2 1.3e-02  8.0s  [50 solved, 4477s]
  C3H4_rxn2391_TS__label__s2           n2631g b0  E -114.46788838  dim 1539^2  S2 1.6e-03  177.4s  [51 solved, 4655s]
  C3H4_rxn2391_TS__rl4n29f__s2         n2631g b0  E -114.46863612  dim 1827^2  S2 1.3e-03  239.6s  [52 solved, 4895s]
