  C2H3N_rxn2858_P__label__s0           lin    b0  E -130.39963677  dim 448^2  S2 3.3e-03  16.4s  [1 solved, 18s]
  C2H3N_rxn2858_P__pre4__s0            lin    b0  E -130.39956487  dim 386^2  S2 3.5e-03  15.6s  [2 solved, 34s]
  C2H3N_rxn2858_P__rl4L__s0            lin    b0  E -130.40138859  dim 520^2  S2 2.7e-03  19.3s  [3 solved, 53s]
  C2H3N_rxn2858_P__rl4n29f__s0         lin    b0  E -130.40048368  dim 465^2  S2 3.2e-03  17.8s  [4 solved, 71s]
  C2H3N_rxn2858_TS__truncated__s0      lin    b0  E -130.17585430  dim 58^2  S2 2.1e-02  1.0s  [5 solved, 72s]
  C2H3N_rxn2858_TS__label__s0          lin    b0  E -130.25000493  dim 489^2  S2 3.7e-03  24.6s  [6 solved, 97s]
  C2H3N_rxn2858_TS__pre4__s0           lin    b0  E -130.24887454  dim 407^2  S2 4.4e-03  15.6s  [7 solved, 113s]
  C2H3N_rxn2858_TS__rl4L__s0           lin    b0  E -130.25194706  dim 551^2  S2 3.2e-03  27.8s  [8 solved, 141s]
  C2H3N_rxn2858_TS__rl4n29f__s0        lin    b0  E -130.25053075  dim 508^2  S2 4.1e-03  21.5s  [9 solved, 163s]
  C2H4O_rxn0724_P__truncated__s0       lin    b0  E -150.94041010  dim 90^2  S2 1.6e-02  1.8s  [10 solved, 164s]
  C2H4O_rxn0724_P__label__s0           lin    b0  E -151.00136827  dim 468^2  S2 3.1e-03  29.0s  [11 solved, 194s]
  C2H4O_rxn0724_P__pre4__s0            lin    b0  E -151.00081287  dim 454^2  S2 3.2e-03  32.6s  [12 solved, 226s]
  C2H4O_rxn0724_P__rl4L__s0            lin    b0  E -151.00240734  dim 570^2  S2 3.0e-03  47.7s  [13 solved, 274s]
  C2H4O_rxn0724_P__rl4n29f__s0         lin    b0  E -150.99925458  dim 458^2  S2 4.2e-03  28.6s  [14 solved, 303s]
  C2H4O_rxn0724_TS__pre4__s0           lin    b0  E -150.90305386  dim 491^2  S2 5.2e-03  36.1s  [15 solved, 339s]
  C2H4O_rxn0724_TS__rl4L__s0           lin    b0  E -150.90429222  dim 552^2  S2 5.3e-03  40.8s  [16 solved, 380s]
  C2H4O_rxn0724_TS__rl4n29f__s0        lin    b0  E -150.90339471  dim 515^2  S2 5.7e-03  36.6s  [17 solved, 417s]
  C2H3N_rxn2858_P__truncated__s1       lin    b0  E -130.33670290  dim 73^2  S2 2.7e-02  0.9s  [18 solved, 418s]
  C2H3N_rxn2858_P__label__s1           lin    b0  E -130.39931388  dim 435^2  S2 3.5e-03  13.7s  [19 solved, 432s]
  C2H3N_rxn2858_P__pre4__s1            lin    b0  E -130.39912794  dim 386^2  S2 3.5e-03  13.4s  [20 solved, 445s]
  C2H3N_rxn2858_P__rl4L__s1            lin    b0  E -130.40170938  dim 528^2  S2 2.8e-03  23.5s  [21 solved, 469s]
  C2H3N_rxn2858_P__rl4n29f__s1         lin    b0  E -130.40080462  dim 447^2  S2 3.1e-03  14.4s  [22 solved, 483s]
  C2H3N_rxn2858_TS__truncated__s1      lin    b0  E -130.18709488  dim 66^2  S2 2.3e-02  0.9s  [23 solved, 484s]
  C2H3N_rxn2858_TS__label__s1          lin    b0  E -130.25089216  dim 488^2  S2 3.3e-03  25.4s  [24 solved, 510s]
  C2H3N_rxn2858_TS__pre4__s1           lin    b0  E -130.24872280  dim 413^2  S2 4.3e-03  19.6s  [25 solved, 530s]
  C2H3N_rxn2858_TS__rl4L__s1           lin    b0  E -130.25154410  dim 546^2  S2 3.3e-03  31.8s  [26 solved, 562s]
  C2H3N_rxn2858_TS__rl4n29f__s1        lin    b0  E -130.25083385  dim 515^2  S2 3.6e-03  27.3s  [27 solved, 589s]
  C2H4O_rxn0724_P__truncated__s1       lin    b0  E -150.92575784  dim 80^2  S2 1.1e-02  1.7s  [28 solved, 591s]
  C2H4O_rxn0724_P__label__s1           lin    b0  E -151.00075297  dim 460^2  S2 3.0e-03  34.7s  [29 solved, 626s]
  C2H4O_rxn0724_P__pre4__s1            lin    b0  E -151.00049931  dim 441^2  S2 3.3e-03  37.0s  [30 solved, 663s]
  C2H4O_rxn0724_P__rl4L__s1            lin    b0  E -151.00206881  dim 542^2  S2 3.3e-03  44.1s  [31 solved, 707s]
  C2H4O_rxn0724_P__rl4n29f__s1         lin    b0  E -150.99942456  dim 425^2  S2 4.1e-03  26.0s  [32 solved, 733s]
  C2H4O_rxn0724_TS__pre4__s1           lin    b0  E -150.90392455  dim 513^2  S2 4.7e-03  37.0s  [33 solved, 771s]
  C2H4O_rxn0724_TS__rl4L__s1           lin    b0  E -150.90399383  dim 547^2  S2 5.3e-03  44.5s  [34 solved, 815s]
  C2H4O_rxn0724_TS__rl4n29f__s1        lin    b0  E -150.90256145  dim 505^2  S2 6.4e-03  39.1s  [35 solved, 855s]
  C2H3N_rxn2858_P__truncated__s2       lin    b0  E -130.33870476  dim 77^2  S2 2.7e-02  1.4s  [36 solved, 856s]
  C2H3N_rxn2858_P__label__s2           lin    b0  E -130.40005967  dim 430^2  S2 3.1e-03  17.7s  [37 solved, 874s]
  C2H3N_rxn2858_P__pre4__s2            lin    b0  E -130.39985938  dim 380^2  S2 3.1e-03  12.7s  [38 solved, 887s]
  C2H3N_rxn2858_P__rl4L__s2            lin    b0  E -130.40122981  dim 520^2  S2 2.9e-03  25.4s  [39 solved, 912s]
  C2H3N_rxn2858_P__rl4n29f__s2         lin    b0  E -130.40041934  dim 450^2  S2 3.2e-03  21.2s  [40 solved, 934s]
  C2H3N_rxn2858_TS__truncated__s2      lin    b0  E -130.17339471  dim 54^2  S2 2.7e-02  1.0s  [41 solved, 935s]
  C2H3N_rxn2858_TS__label__s2          lin    b0  E -130.25035708  dim 482^2  S2 3.6e-03  27.0s  [42 solved, 962s]
  C2H3N_rxn2858_TS__pre4__s2           lin    b0  E -130.24860077  dim 420^2  S2 4.5e-03  23.8s  [43 solved, 986s]
  C2H3N_rxn2858_TS__rl4L__s2           lin    b0  E -130.25166891  dim 556^2  S2 3.2e-03  37.2s  [44 solved, 1023s]
  C2H3N_rxn2858_TS__rl4n29f__s2        lin    b0  E -130.24930205  dim 505^2  S2 4.5e-03  31.0s  [45 solved, 1055s]
  C2H4O_rxn0724_P__truncated__s2       lin    b0  E -150.94565153  dim 92^2  S2 1.7e-02  2.3s  [46 solved, 1057s]
  C2H4O_rxn0724_P__label__s2           lin    b0  E -151.00065055  dim 462^2  S2 3.0e-03  36.5s  [47 solved, 1094s]
  C2H4O_rxn0724_P__pre4__s2            lin    b0  E -151.00036086  dim 459^2  S2 3.4e-03  26.7s  [48 solved, 1121s]
  C2H4O_rxn0724_P__rl4L__s2            lin    b0  E -151.00226271  dim 552^2  S2 3.0e-03  42.6s  [49 solved, 1163s]
  C2H4O_rxn0724_P__rl4n29f__s2         lin    b0  E -151.00068111  dim 476^2  S2 3.6e-03  38.5s  [50 solved, 1202s]
  C2H4O_rxn0724_TS__pre4__s2           lin    b0  E -150.90399371  dim 519^2  S2 4.9e-03  48.0s  [51 solved, 1250s]
