  C2H3N_rxn2858_P__truncated__s0       top100 b0  E -130.36383150  dim 100^2  S2 2.5e-02  2.3s  [1 solved, 5s]
  C2H3N_rxn2858_P__cdf_lin__s0         top100 b0  E -130.35558147  dim 100^2  S2 1.6e-02  1.9s  [2 solved, 7s]
  C2H3N_rxn2858_P__label__s0           top100 b0  E -130.38449057  dim 100^2  S2 7.9e-03  1.9s  [3 solved, 9s]
  C2H3N_rxn2858_P__pre4__s0            top100 b0  E -130.38506075  dim 100^2  S2 7.8e-03  2.1s  [4 solved, 11s]
  C2H3N_rxn2858_P__rl4L__s0            top100 b0  E -130.38520715  dim 100^2  S2 7.5e-03  2.4s  [5 solved, 14s]
  C2H3N_rxn2858_P__rl4n29f__s0         top100 b0  E -130.38416749  dim 100^2  S2 8.8e-03  1.9s  [6 solved, 16s]
  C2H3N_rxn2858_TS__truncated__s0      top100 b0  E -130.20953037  dim 100^2  S2 2.1e-02  2.9s  [7 solved, 19s]
  C2H3N_rxn2858_TS__cdf_lin__s0        top100 b0  E -130.22913981  dim 100^2  S2 1.0e-02  2.5s  [8 solved, 21s]
  C2H3N_rxn2858_TS__label__s0          top100 b0  E -130.22883652  dim 100^2  S2 1.2e-02  2.4s  [9 solved, 24s]
  C2H3N_rxn2858_TS__pre4__s0           top100 b0  E -130.22973986  dim 100^2  S2 1.2e-02  2.5s  [10 solved, 26s]
  C2H3N_rxn2858_TS__rl4L__s0           top100 b0  E -130.22999947  dim 100^2  S2 1.2e-02  2.5s  [11 solved, 29s]
  C2H3N_rxn2858_TS__rl4n29f__s0        top100 b0  E -130.22827247  dim 100^2  S2 1.3e-02  2.6s  [12 solved, 31s]
  C2H4O_rxn0724_P__truncated__s0       top100 b0  E -150.94559240  dim 100^2  S2 1.8e-02  4.1s  [13 solved, 36s]
  C2H4O_rxn0724_P__cdf_lin__s0         top100 b0  E -150.97934208  dim 100^2  S2 9.7e-03  3.2s  [14 solved, 39s]
  C2H4O_rxn0724_P__label__s0           top100 b0  E -150.98361944  dim 100^2  S2 7.4e-03  3.0s  [15 solved, 42s]
  C2H4O_rxn0724_P__pre4__s0            top100 b0  E -150.98352204  dim 100^2  S2 8.4e-03  3.1s  [16 solved, 45s]
  C2H4O_rxn0724_P__rl4L__s0            top100 b0  E -150.97877035  dim 100^2  S2 1.3e-02  3.5s  [17 solved, 49s]
  C2H4O_rxn0724_P__rl4n29f__s0         top100 b0  E -150.97500086  dim 100^2  S2 1.7e-02  3.1s  [18 solved, 52s]
  C2H4O_rxn0724_TS__truncated__s0      top100 b0  E -150.83141682  dim 100^2  S2 2.0e-02  3.4s  [19 solved, 55s]
  C2H4O_rxn0724_TS__cdf_lin__s0        top100 b0  E -150.88056389  dim 100^2  S2 1.6e-02  4.7s  [20 solved, 60s]
  C2H4O_rxn0724_TS__label__s0          top100 b0  E -150.88340942  dim 100^2  S2 1.5e-02  3.8s  [21 solved, 64s]
  C2H4O_rxn0724_TS__pre4__s0           top100 b0  E -150.88328079  dim 100^2  S2 1.4e-02  3.1s  [22 solved, 67s]
  C2H4O_rxn0724_TS__rl4L__s0           top100 b0  E -150.88291432  dim 100^2  S2 1.5e-02  3.0s  [23 solved, 70s]
  C2H4O_rxn0724_TS__rl4n29f__s0        top100 b0  E -150.88211223  dim 100^2  S2 1.5e-02  3.1s  [24 solved, 73s]
  C2H4O_rxn2507_P__pre4__s0            top100 b0  E -151.09570434  dim 100^2  S2 7.1e-03  2.8s  [25 solved, 76s]
  C2H4O_rxn2507_P__rl4L__s0            top100 b0  E -151.09479887  dim 100^2  S2 8.3e-03  2.8s  [26 solved, 79s]
  C2H3N_rxn2858_P__truncated__s0       top300 b0  E -130.36939043  dim 154^2  S2 1.9e-02  5.3s  [27 solved, 84s]
  C2H3N_rxn2858_P__cdf_lin__s0         top300 b0  E -130.38803923  dim 300^2  S2 8.6e-03  11.4s  [28 solved, 96s]
  C2H3N_rxn2858_P__label__s0           top300 b0  E -130.39768885  dim 300^2  S2 4.0e-03  13.7s  [29 solved, 110s]
  C2H3N_rxn2858_P__pre4__s0            top300 b0  E -130.39838462  dim 300^2  S2 3.7e-03  14.5s  [30 solved, 124s]
  C2H3N_rxn2858_P__rl4L__s0            top300 b0  E -130.39896863  dim 300^2  S2 3.6e-03  14.4s  [31 solved, 139s]
  C2H3N_rxn2858_P__rl4n29f__s0         top300 b0  E -130.39844990  dim 300^2  S2 4.1e-03  15.6s  [32 solved, 154s]
  C2H3N_rxn2858_TS__truncated__s0      top300 b0  E -130.21087527  dim 122^2  S2 1.9e-02  4.9s  [33 solved, 159s]
  C2H3N_rxn2858_TS__cdf_lin__s0        top300 b0  E -130.24533581  dim 300^2  S2 5.2e-03  15.3s  [34 solved, 175s]
  C2H3N_rxn2858_TS__label__s0          top300 b0  E -130.24686267  dim 300^2  S2 4.6e-03  14.9s  [35 solved, 190s]
  C2H3N_rxn2858_TS__pre4__s0           top300 b0  E -130.24778987  dim 300^2  S2 4.5e-03  16.2s  [36 solved, 206s]
  C2H3N_rxn2858_TS__rl4L__s0           top300 b0  E -130.24787178  dim 300^2  S2 4.6e-03  18.2s  [37 solved, 224s]
  C2H3N_rxn2858_TS__rl4n29f__s0        top300 b0  E -130.24697173  dim 300^2  S2 5.1e-03  15.5s  [38 solved, 240s]
  C2H4O_rxn0724_P__truncated__s0       top300 b0  E -150.95295166  dim 177^2  S2 1.5e-02  9.2s  [39 solved, 249s]
  C2H4O_rxn0724_P__cdf_lin__s0         top300 b0  E -150.99707124  dim 300^2  S2 4.1e-03  26.9s  [40 solved, 276s]
  C2H4O_rxn0724_P__label__s0           top300 b0  E -150.99806530  dim 300^2  S2 3.8e-03  21.1s  [41 solved, 297s]
  C2H4O_rxn0724_P__pre4__s0            top300 b0  E -150.99898328  dim 300^2  S2 3.7e-03  25.9s  [42 solved, 323s]
  C2H4O_rxn0724_P__rl4L__s0            top300 b0  E -150.99780422  dim 300^2  S2 4.7e-03  24.7s  [43 solved, 348s]
  C2H4O_rxn0724_P__rl4n29f__s0         top300 b0  E -150.99780523  dim 300^2  S2 4.3e-03  23.1s  [44 solved, 371s]
  C2H4O_rxn0724_TS__truncated__s0      top300 b0  E -150.86952044  dim 150^2  S2 1.9e-02  7.1s  [45 solved, 378s]
  C2H4O_rxn0724_TS__cdf_lin__s0        top300 b0  E -150.89887156  dim 300^2  S2 6.6e-03  24.6s  [46 solved, 403s]
  C2H4O_rxn0724_TS__label__s0          top300 b0  E -150.89933213  dim 300^2  S2 6.2e-03  25.6s  [47 solved, 429s]
  C2H4O_rxn0724_TS__pre4__s0           top300 b0  E -150.90005998  dim 300^2  S2 5.9e-03  27.5s  [48 solved, 456s]
  C2H4O_rxn0724_TS__rl4L__s0           top300 b0  E -150.89778194  dim 300^2  S2 7.8e-03  23.0s  [49 solved, 479s]
  C2H4O_rxn0724_TS__rl4n29f__s0        top300 b0  E -150.89653794  dim 300^2  S2 9.0e-03  24.5s  [50 solved, 504s]
  C2H4O_rxn2507_P__pre4__s0            top300 b0  E -151.10612199  dim 300^2  S2 3.2e-03  28.0s  [51 solved, 532s]
  C2H4O_rxn2507_P__rl4L__s0            top300 b0  E -151.10699027  dim 300^2  S2 3.2e-03  21.5s  [52 solved, 553s]
  C2H4O_rxn2507_P__truncated__s0       top100 b0  E -151.04622764  dim 100^2  S2 2.4e-02  5.3s  [1 solved, 5s]
  C2H4O_rxn2507_P__cdf_lin__s0         top100 b0  E -151.08915871  dim 100^2  S2 1.2e-02  4.0s  [2 solved, 9s]
  C2H4O_rxn2507_P__label__s0           top100 b0  E -151.09524569  dim 100^2  S2 7.3e-03  3.8s  [3 solved, 13s]
  C2H4O_rxn2507_P__rl4n29f__s0         top100 b0  E -151.09443052  dim 100^2  S2 8.5e-03  2.9s  [4 solved, 16s]
  C2H4O_rxn2507_TS__truncated__s0      top100 b0  E -150.94104905  dim 100^2  S2 1.7e-02  3.4s  [5 solved, 20s]
  C2H4O_rxn2507_TS__cdf_lin__s0        top100 b0  E -150.95038312  dim 100^2  S2 1.8e-02  4.8s  [6 solved, 25s]
  C2H4O_rxn2507_TS__label__s0          top100 b0  E -150.96445074  dim 100^2  S2 1.1e-02  4.6s  [7 solved, 29s]
  C2H4O_rxn2507_TS__pre4__s0           top100 b0  E -150.96505854  dim 100^2  S2 1.1e-02  4.6s  [8 solved, 34s]
  C2H4O_rxn2507_TS__rl4L__s0           top100 b0  E -150.96498811  dim 100^2  S2 1.2e-02  4.7s  [9 solved, 39s]
  C2H4O_rxn2507_TS__rl4n29f__s0        top100 b0  E -150.96442006  dim 100^2  S2 1.2e-02  4.3s  [10 solved, 43s]
  C3H4_rxn2391_R__pre4__s0             top100 b0  E -114.65474306  dim 100^2  S2 7.3e-03  2.7s  [11 solved, 46s]
  C3H4_rxn2391_R__rl4L__s0             top100 b0  E -114.65393464  dim 100^2  S2 7.9e-03  2.2s  [12 solved, 48s]
  C2H4O_rxn2507_P__truncated__s0       top300 b0  E -151.07194251  dim 138^2  S2 1.4e-02  5.9s  [13 solved, 54s]
  C2H4O_rxn2507_P__cdf_lin__s0         top300 b0  E -151.10463531  dim 300^2  S2 3.7e-03  21.2s  [14 solved, 75s]
  C2H4O_rxn2507_P__label__s0           top300 b0  E -151.10661892  dim 300^2  S2 2.9e-03  25.0s  [15 solved, 100s]
  C2H4O_rxn2507_P__rl4n29f__s0         top300 b0  E -151.10679659  dim 300^2  S2 3.1e-03  24.2s  [16 solved, 125s]
  C2H4O_rxn2507_TS__truncated__s0      top300 b0  E -150.96549290  dim 300^2  S2 1.2e-02  31.4s  [17 solved, 156s]
  C2H4O_rxn2507_TS__cdf_lin__s0        top300 b0  E -150.97215887  dim 300^2  S2 9.1e-03  25.7s  [18 solved, 182s]
  C2H4O_rxn2507_TS__label__s0          top300 b0  E -150.98009411  dim 300^2  S2 5.7e-03  30.6s  [19 solved, 213s]
  C2H4O_rxn2507_TS__pre4__s0           top300 b0  E -150.98111991  dim 300^2  S2 5.3e-03  33.2s  [20 solved, 246s]
  C2H4O_rxn2507_TS__rl4L__s0           top300 b0  E -150.98130593  dim 300^2  S2 5.5e-03  28.5s  [21 solved, 274s]
  C2H4O_rxn2507_TS__rl4n29f__s0        top300 b0  E -150.98103637  dim 300^2  S2 5.7e-03  26.9s  [22 solved, 301s]
  C3H4_rxn2391_R__pre4__s0             top300 b0  E -114.66952590  dim 300^2  S2 3.4e-03  16.0s  [23 solved, 318s]
  C3H4_rxn2391_R__rl4L__s0             top300 b0  E -114.66969106  dim 300^2  S2 3.7e-03  15.4s  [24 solved, 333s]
  C3H4_rxn2391_P__pre4__s0             top100 b0  E -114.63331048  dim 100^2  S2 7.7e-03  2.8s  [1 solved, 3s]
  C3H4_rxn2391_P__rl4L__s0             top100 b0  E -114.63244996  dim 100^2  S2 8.6e-03  2.2s  [2 solved, 5s]
  C3H4_rxn2391_R__truncated__s0        top100 b0  E -114.62889897  dim 100^2  S2 2.7e-02  2.8s  [3 solved, 8s]
  C3H4_rxn2391_R__cdf_lin__s0          top100 b0  E -114.65193776  dim 100^2  S2 7.9e-03  2.2s  [4 solved, 10s]
  C3H4_rxn2391_R__label__s0            top100 b0  E -114.65388885  dim 100^2  S2 7.5e-03  2.1s  [5 solved, 12s]
  C3H4_rxn2391_R__rl4n29f__s0          top100 b0  E -114.65410876  dim 100^2  S2 7.4e-03  2.2s  [6 solved, 15s]
  C3H4_rxn2391_P__pre4__s0             top300 b0  E -114.64609252  dim 300^2  S2 4.1e-03  18.9s  [7 solved, 34s]
  C3H4_rxn2391_P__rl4L__s0             top300 b0  E -114.64723797  dim 300^2  S2 3.9e-03  16.5s  [8 solved, 50s]
  C3H4_rxn2391_R__truncated__s0        top300 b0  E -114.63007344  dim 131^2  S2 2.6e-02  6.6s  [9 solved, 57s]
  C3H4_rxn2391_R__cdf_lin__s0          top300 b0  E -114.66553142  dim 300^2  S2 5.2e-03  17.9s  [10 solved, 75s]
  C3H4_rxn2391_R__label__s0            top300 b0  E -114.66928472  dim 300^2  S2 3.8e-03  17.7s  [11 solved, 93s]
  C3H4_rxn2391_R__rl4n29f__s0          top300 b0  E -114.66944054  dim 300^2  S2 4.3e-03  17.4s  [12 solved, 110s]
  C3H4_rxn2391_P__truncated__s0        top100 b0  E -114.56951349  dim 97^2  S2 3.1e-02  3.0s  [1 solved, 3s]
  C3H4_rxn2391_P__label__s0            top100 b0  E -114.63077554  dim 100^2  S2 9.3e-03  2.2s  [2 solved, 5s]
  C3H4_rxn2391_P__rl4n29f__s0          top100 b0  E -114.63381464  dim 100^2  S2 7.8e-03  2.4s  [3 solved, 8s]
  C3H4_rxn2391_P__truncated__s0        top300 b0  E -114.56951349  dim 97^2  S2 3.1e-02  2.8s  [4 solved, 11s]
  C3H4_rxn2391_P__label__s0            top300 b0  E -114.64463681  dim 300^2  S2 4.8e-03  18.0s  [5 solved, 29s]
  C3H4_rxn2391_P__rl4n29f__s0          top300 b0  E -114.64725182  dim 300^2  S2 4.1e-03  17.1s  [6 solved, 46s]
  C3H4_rxn2391_P__cdf_lin__s0          top100 b0  E -114.62444709  dim 100^2  S2 1.0e-02  3.1s  [1 solved, 3s]
  C3H4_rxn2391_P__cdf_lin__s0          top300 b0  E -114.64337420  dim 300^2  S2 4.8e-03  16.4s  [2 solved, 20s]
  C3H4_rxn2391_TS__pre4__s0            top100 b0  E -114.42862073  dim 100^2  S2 1.2e-02  3.9s  [1 solved, 4s]
  C3H4_rxn2391_TS__pre4__s0            top300 b0  E -114.45070206  dim 300^2  S2 6.9e-03  22.0s  [2 solved, 26s]
  C3H4_rxn2391_TS__rl4L__s0            top100 b0  E -114.42844872  dim 100^2  S2 1.4e-02  2.6s  [1 solved, 3s]
  C3H4_rxn2391_TS__rl4L__s0            top300 b0  E -114.45113175  dim 300^2  S2 7.0e-03  21.3s  [2 solved, 24s]
  C3H4_rxn2391_TS__rl4n29f__s0         top100 b0  E -114.42824397  dim 100^2  S2 1.4e-02  3.0s  [1 solved, 3s]
  C3H4_rxn2391_TS__rl4n29f__s0         top300 b0  E -114.45086603  dim 300^2  S2 7.3e-03  22.4s  [2 solved, 26s]
  C3H4_rxn2391_TS__label__s0           top100 b0  E -114.42881834  dim 100^2  S2 1.3e-02  2.8s  [1 solved, 3s]
  C3H4_rxn2391_TS__label__s0           top300 b0  E -114.45207648  dim 300^2  S2 6.4e-03  22.1s  [2 solved, 25s]
  C3H4_rxn2391_TS__truncated__s0       top100 b0  E -114.40315908  dim 100^2  S2 2.0e-02  3.8s  [1 solved, 5s]
  C3H4_rxn2391_TS__cdf_lin__s0         top100 b0  E -114.42048742  dim 100^2  S2 1.6e-02  2.8s  [2 solved, 8s]
  C3H4_rxn2391_TS__truncated__s0       top300 b0  E -114.43549749  dim 231^2  S2 1.2e-02  15.5s  [3 solved, 24s]
  C3H4_rxn2391_TS__cdf_lin__s0         top300 b0  E -114.44156487  dim 300^2  S2 1.1e-02  25.1s  [4 solved, 49s]
  C2HNO_rxn4439_P__pre4__s0            top100 b0  E -203.06470908  dim 100^2  S2 1.3e-02  8.0s  [1 solved, 8s]
  C2HNO_rxn4439_P__pre4__s0            top300 b0  E -203.08661784  dim 300^2  S2 6.7e-03  47.1s  [2 solved, 55s]
  C2HNO_rxn4439_P__rl4L__s0            top100 b0  E -203.06367628  dim 100^2  S2 1.5e-02  6.5s  [1 solved, 7s]
  C2HNO_rxn4439_P__rl4L__s0            top300 b0  E -203.08582010  dim 300^2  S2 7.7e-03  44.7s  [2 solved, 51s]
  C2HNO_rxn4439_P__rl4n29f__s0         top100 b0  E -203.06338658  dim 100^2  S2 1.5e-02  6.3s  [1 solved, 6s]
  C2HNO_rxn4439_P__rl4n29f__s0         top300 b0  E -203.08531112  dim 300^2  S2 8.0e-03  45.4s  [2 solved, 52s]
  C2HNO_rxn4439_P__label__s0           top100 b0  E -203.06376590  dim 100^2  S2 1.4e-02  7.8s  [1 solved, 8s]
  C2HNO_rxn4439_P__label__s0           top300 b0  E -203.08557903  dim 300^2  S2 7.3e-03  51.6s  [2 solved, 60s]
  C2HNO_rxn4439_P__truncated__s0       top100 b0  E -203.02711486  dim 100^2  S2 2.7e-02  8.0s  [1 solved, 8s]
  C2HNO_rxn4439_P__truncated__s0       top300 b0  E -203.04765281  dim 193^2  S2 2.5e-02  25.4s  [2 solved, 34s]
  C2HNO_rxn4439_P__cdf_lin__s0         top100 b0  E -203.05810929  dim 100^2  S2 1.7e-02  6.6s  [1 solved, 7s]
  C2HNO_rxn4439_P__cdf_lin__s0         top300 b0  E -203.07972772  dim 300^2  S2 9.7e-03  53.2s  [2 solved, 60s]
  C2HNO_rxn4439_R__pre4__s0            top100 b0  E -203.15835244  dim 100^2  S2 1.4e-02  6.4s  [1 solved, 6s]
  C2HNO_rxn4439_R__pre4__s0            top300 b0  E -203.18177902  dim 300^2  S2 5.5e-03  58.7s  [2 solved, 65s]
  C2HNO_rxn4439_R__rl4L__s0            top100 b0  E -203.15877749  dim 100^2  S2 1.4e-02  7.3s  [1 solved, 7s]
  C2HNO_rxn4439_R__rl4L__s0            top300 b0  E -203.18176734  dim 300^2  S2 5.6e-03  45.3s  [2 solved, 53s]
  C2HNO_rxn4439_R__rl4n29f__s0         top100 b0  E -203.15815055  dim 100^2  S2 1.5e-02  8.4s  [1 solved, 8s]
  C2HNO_rxn4439_R__rl4n29f__s0         top300 b0  E -203.18149745  dim 300^2  S2 6.3e-03  48.6s  [2 solved, 57s]
  C2HNO_rxn4439_R__label__s0           top100 b0  E -203.15702945  dim 100^2  S2 1.3e-02  6.8s  [1 solved, 7s]
  C2HNO_rxn4439_R__label__s0           top300 b0  E -203.18043609  dim 300^2  S2 6.3e-03  47.1s  [2 solved, 54s]
  C2HNO_rxn4439_R__truncated__s0       top100 b0  E -203.13333116  dim 100^2  S2 3.4e-02  8.8s  [1 solved, 9s]
  C2HNO_rxn4439_R__truncated__s0       top300 b0  E -203.14038607  dim 143^2  S2 3.2e-02  16.2s  [2 solved, 25s]
  C2HNO_rxn4439_R__cdf_lin__s0         top100 b0  E -203.15328242  dim 100^2  S2 1.4e-02  8.2s  [1 solved, 8s]
  C2HNO_rxn4439_R__cdf_lin__s0         top300 b0  E -203.17474461  dim 300^2  S2 8.8e-03  41.8s  [2 solved, 50s]
  C2HNO_rxn4439_TS__pre4__s0           top100 b0  E -202.97837868  dim 100^2  S2 2.0e-02  9.4s  [1 solved, 9s]
  C2HNO_rxn4439_TS__pre4__s0           top300 b0  E -203.00810097  dim 300^2  S2 1.0e-02  59.8s  [2 solved, 69s]
  C2HNO_rxn4439_TS__rl4L__s0           top100 b0  E -202.97832855  dim 100^2  S2 2.1e-02  5.9s  [1 solved, 6s]
  C2HNO_rxn4439_TS__rl4L__s0           top300 b0  E -203.00760061  dim 300^2  S2 1.0e-02  51.7s  [2 solved, 58s]
  C2HNO_rxn4439_TS__rl4n29f__s0        top100 b0  E -202.97878743  dim 100^2  S2 2.0e-02  8.6s  [1 solved, 9s]
  C2HNO_rxn4439_TS__rl4n29f__s0        top300 b0  E -203.00786047  dim 300^2  S2 1.0e-02  63.2s  [2 solved, 72s]
  C2HNO_rxn4439_TS__label__s0          top100 b0  E -202.97865796  dim 100^2  S2 1.8e-02  8.3s  [1 solved, 8s]
  C2HNO_rxn4439_TS__label__s0          top300 b0  E -203.00517939  dim 300^2  S2 1.0e-02  54.2s  [2 solved, 63s]
  C2HNO_rxn4439_TS__truncated__s0      top100 b0  E -202.96340736  dim 100^2  S2 3.9e-02  10.2s  [1 solved, 10s]
  C2HNO_rxn4439_TS__truncated__s0      top300 b0  E -202.97932124  dim 255^2  S2 2.7e-02  56.3s  [2 solved, 67s]
  C2HNO_rxn4439_TS__cdf_lin__s0        top100 b0  E -202.97234806  dim 100^2  S2 2.4e-02  8.4s  [1 solved, 9s]
  C2HNO_rxn4439_TS__cdf_lin__s0        top300 b0  E -202.99573241  dim 300^2  S2 1.3e-02  45.2s  [2 solved, 54s]
  C2HNO_rxn4440_P__pre4__s0            top100 b0  E -203.17893007  dim 100^2  S2 8.2e-03  8.5s  [1 solved, 9s]
  C2HNO_rxn4440_P__pre4__s0            top300 b0  E -203.19827514  dim 300^2  S2 3.2e-03  59.0s  [2 solved, 68s]
  C2HNO_rxn4440_P__rl4L__s0            top100 b0  E -203.18102652  dim 100^2  S2 7.9e-03  8.6s  [1 solved, 9s]
  C2HNO_rxn4440_P__rl4L__s0            top300 b0  E -203.19874818  dim 300^2  S2 3.1e-03  48.0s  [2 solved, 57s]
  C2HNO_rxn4440_P__rl4n29f__s0         top100 b0  E -203.18014434  dim 100^2  S2 8.2e-03  9.7s  [1 solved, 10s]
  C2HNO_rxn4440_P__rl4n29f__s0         top300 b0  E -203.19836621  dim 300^2  S2 3.6e-03  47.6s  [2 solved, 58s]
  C2HNO_rxn4440_P__label__s0           top100 b0  E -203.17916347  dim 100^2  S2 8.9e-03  9.0s  [1 solved, 9s]
  C2HNO_rxn4440_P__label__s0           top300 b0  E -203.19909234  dim 300^2  S2 3.1e-03  44.3s  [2 solved, 53s]
  C2HNO_rxn4440_P__truncated__s0       top100 b0  E -203.14728716  dim 77^2  S2 2.6e-02  5.4s  [1 solved, 5s]
  C2HNO_rxn4440_P__truncated__s0       top300 b0  E -203.14728716  dim 77^2  S2 2.6e-02  5.9s  [2 solved, 11s]
  C2HNO_rxn4440_P__cdf_lin__s0         top100 b0  E -203.17340237  dim 100^2  S2 1.3e-02  9.3s  [1 solved, 9s]
  C2HNO_rxn4440_P__cdf_lin__s0         top300 b0  E -203.19260306  dim 300^2  S2 5.2e-03  42.7s  [2 solved, 52s]
  C2HNO_rxn4440_R__pre4__s0            top100 b0  E -203.15835244  dim 100^2  S2 1.4e-02  7.4s  [1 solved, 7s]
  C2HNO_rxn4440_R__pre4__s0            top300 b0  E -203.18177902  dim 300^2  S2 5.5e-03  48.6s  [2 solved, 56s]
  C2HNO_rxn4440_R__rl4L__s0            top100 b0  E -203.15877749  dim 100^2  S2 1.4e-02  6.5s  [1 solved, 7s]
  C2HNO_rxn4440_R__rl4L__s0            top300 b0  E -203.18176734  dim 300^2  S2 5.6e-03  49.6s  [2 solved, 56s]
  C2HNO_rxn4440_R__rl4n29f__s0         top100 b0  E -203.15815055  dim 100^2  S2 1.5e-02  6.4s  [1 solved, 6s]
  C2HNO_rxn4440_R__rl4n29f__s0         top300 b0  E -203.18149745  dim 300^2  S2 6.3e-03  47.2s  [2 solved, 54s]
  C2HNO_rxn4440_R__label__s0           top100 b0  E -203.15702945  dim 100^2  S2 1.3e-02  7.4s  [1 solved, 7s]
  C2HNO_rxn4440_R__label__s0           top300 b0  E -203.18043609  dim 300^2  S2 6.3e-03  51.4s  [2 solved, 59s]
  C2HNO_rxn4440_R__truncated__s0       top100 b0  E -203.13333116  dim 100^2  S2 3.4e-02  8.5s  [1 solved, 9s]
  C2HNO_rxn4440_R__truncated__s0       top300 b0  E -203.14038607  dim 143^2  S2 3.2e-02  12.6s  [2 solved, 21s]
  C2HNO_rxn4440_R__cdf_lin__s0         top100 b0  E -203.15328242  dim 100^2  S2 1.4e-02  7.6s  [1 solved, 8s]
  C2HNO_rxn4440_R__cdf_lin__s0         top300 b0  E -203.17474461  dim 300^2  S2 8.8e-03  60.8s  [2 solved, 69s]
  C2HNO_rxn4440_TS__pre4__s0           top100 b0  E -202.99811778  dim 100^2  S2 1.5e-02  7.7s  [1 solved, 8s]
  C2HNO_rxn4440_TS__pre4__s0           top300 b0  E -203.02460934  dim 300^2  S2 6.8e-03  58.7s  [2 solved, 67s]
  C2HNO_rxn4440_TS__rl4L__s0           top100 b0  E -202.99924784  dim 100^2  S2 1.5e-02  11.9s  [1 solved, 12s]
  C2HNO_rxn4440_TS__rl4L__s0           top300 b0  E -203.02467476  dim 300^2  S2 6.9e-03  65.9s  [2 solved, 78s]
  C2HNO_rxn4440_TS__rl4n29f__s0        top100 b0  E -202.99787939  dim 100^2  S2 1.6e-02  10.1s  [1 solved, 10s]
  C2HNO_rxn4440_TS__rl4n29f__s0        top300 b0  E -203.02323568  dim 300^2  S2 7.6e-03  60.4s  [2 solved, 71s]
  C2HNO_rxn4440_TS__label__s0          top100 b0  E -202.99701014  dim 100^2  S2 1.5e-02  9.2s  [1 solved, 9s]
  C2HNO_rxn4440_TS__label__s0          top300 b0  E -203.02305141  dim 300^2  S2 7.4e-03  55.9s  [2 solved, 65s]
  C2HNO_rxn4440_TS__truncated__s0      top100 b0  E -202.95383521  dim 100^2  S2 2.6e-02  10.8s  [1 solved, 11s]
  C2HNO_rxn4440_TS__truncated__s0      top300 b0  E -202.98654248  dim 170^2  S2 3.2e-02  24.9s  [2 solved, 36s]
  C2HNO_rxn4440_TS__cdf_lin__s0        top100 b0  E -202.99240991  dim 100^2  S2 1.5e-02  9.3s  [1 solved, 9s]
  C2HNO_rxn4440_TS__cdf_lin__s0        top300 b0  E -203.01887597  dim 300^2  S2 9.5e-03  64.6s  [2 solved, 74s]
  C2HNO_rxn4441_P__pre4__s0            top100 b0  E -203.11120417  dim 100^2  S2 1.5e-02  7.4s  [1 solved, 7s]
  C2HNO_rxn4441_P__pre4__s0            top300 b0  E -203.13609528  dim 300^2  S2 6.6e-03  47.8s  [2 solved, 55s]
  C2HNO_rxn4441_P__rl4L__s0            top100 b0  E -203.11067107  dim 100^2  S2 1.6e-02  6.0s  [1 solved, 6s]
  C2HNO_rxn4441_P__rl4L__s0            top300 b0  E -203.13622444  dim 300^2  S2 6.5e-03  48.2s  [2 solved, 54s]
  C2HNO_rxn4441_P__rl4n29f__s0         top100 b0  E -203.11163204  dim 100^2  S2 1.5e-02  8.6s  [1 solved, 9s]
  C2HNO_rxn4441_P__rl4n29f__s0         top300 b0  E -203.13553149  dim 300^2  S2 7.2e-03  57.8s  [2 solved, 66s]
  C2HNO_rxn4441_P__label__s0           top100 b0  E -203.11032796  dim 100^2  S2 1.6e-02  6.8s  [1 solved, 7s]
  C2HNO_rxn4441_P__label__s0           top300 b0  E -203.13473338  dim 300^2  S2 6.9e-03  48.8s  [2 solved, 56s]
  C2HNO_rxn4441_P__truncated__s0       top100 b0  E -203.08525768  dim 100^2  S2 3.0e-02  7.3s  [1 solved, 7s]
  C2HNO_rxn4441_P__truncated__s0       top300 b0  E -203.09620635  dim 191^2  S2 2.5e-02  21.6s  [2 solved, 29s]
  C2HNO_rxn4441_P__cdf_lin__s0         top100 b0  E -203.10235445  dim 100^2  S2 2.0e-02  5.0s  [1 solved, 5s]
  C2HNO_rxn4441_P__cdf_lin__s0         top300 b0  E -203.12643921  dim 300^2  S2 9.4e-03  36.8s  [2 solved, 42s]
  C2HNO_rxn4441_R__pre4__s0            top100 b0  E -203.15835244  dim 100^2  S2 1.4e-02  7.8s  [1 solved, 8s]
  C2HNO_rxn4441_R__pre4__s0            top300 b0  E -203.18177902  dim 300^2  S2 5.5e-03  42.8s  [2 solved, 51s]
  C2HNO_rxn4441_R__rl4L__s0            top100 b0  E -203.15877749  dim 100^2  S2 1.4e-02  5.4s  [1 solved, 5s]
  C2HNO_rxn4441_R__rl4L__s0            top300 b0  E -203.18176734  dim 300^2  S2 5.6e-03  43.5s  [2 solved, 49s]
  C2HNO_rxn4441_R__rl4n29f__s0         top100 b0  E -203.15815055  dim 100^2  S2 1.5e-02  5.7s  [1 solved, 6s]
  C2HNO_rxn4441_R__rl4n29f__s0         top300 b0  E -203.18149745  dim 300^2  S2 6.3e-03  42.3s  [2 solved, 48s]
  C2HNO_rxn4441_R__label__s0           top100 b0  E -203.15702945  dim 100^2  S2 1.3e-02  6.8s  [1 solved, 7s]
  C2HNO_rxn4441_R__label__s0           top300 b0  E -203.18043609  dim 300^2  S2 6.3e-03  41.9s  [2 solved, 49s]
  C2HNO_rxn4441_R__truncated__s0       top100 b0  E -203.13333116  dim 100^2  S2 3.4e-02  6.8s  [1 solved, 7s]
  C2HNO_rxn4441_R__truncated__s0       top300 b0  E -203.14038607  dim 143^2  S2 3.2e-02  12.4s  [2 solved, 19s]
  C2HNO_rxn4441_R__cdf_lin__s0         top100 b0  E -203.15328242  dim 100^2  S2 1.4e-02  6.7s  [1 solved, 7s]
  C2HNO_rxn4441_R__cdf_lin__s0         top300 b0  E -203.17474461  dim 300^2  S2 8.8e-03  42.1s  [2 solved, 49s]
  C2HNO_rxn4441_TS__pre4__s0           top100 b0  E -203.03695852  dim 100^2  S2 2.0e-02  7.6s  [1 solved, 8s]
  C2HNO_rxn4441_TS__pre4__s0           top300 b0  E -203.06235597  dim 300^2  S2 1.1e-02  51.0s  [2 solved, 59s]
  C2HNO_rxn4441_TS__rl4L__s0           top100 b0  E -203.03767712  dim 100^2  S2 2.0e-02  6.0s  [1 solved, 6s]
  C2HNO_rxn4441_TS__rl4L__s0           top300 b0  E -203.06164914  dim 300^2  S2 1.1e-02  49.0s  [2 solved, 55s]
  C2HNO_rxn4441_TS__rl4n29f__s0        top100 b0  E -203.03697550  dim 100^2  S2 2.0e-02  6.7s  [1 solved, 7s]
  C2HNO_rxn4441_TS__rl4n29f__s0        top300 b0  E -203.06177397  dim 300^2  S2 1.1e-02  51.6s  [2 solved, 58s]
  C2HNO_rxn4441_TS__label__s0          top100 b0  E -203.03716176  dim 100^2  S2 1.9e-02  6.9s  [1 solved, 7s]
  C2HNO_rxn4441_TS__label__s0          top300 b0  E -203.06146919  dim 300^2  S2 1.0e-02  48.8s  [2 solved, 56s]
  C2HNO_rxn4441_TS__truncated__s0      top100 b0  E -203.02159984  dim 100^2  S2 3.5e-02  8.7s  [1 solved, 9s]
  C2HNO_rxn4441_TS__truncated__s0      top300 b0  E -203.04325790  dim 297^2  S2 2.2e-02  52.4s  [2 solved, 61s]
  C2HNO_rxn4441_TS__cdf_lin__s0        top100 b0  E -203.03079575  dim 100^2  S2 2.1e-02  6.7s  [1 solved, 7s]
  C2HNO_rxn4441_TS__cdf_lin__s0        top300 b0  E -203.05830560  dim 300^2  S2 1.1e-02  48.2s  [2 solved, 55s]
  C2HNO_rxn4442_P__pre4__s0            top100 b0  E -203.03283424  dim 100^2  S2 1.4e-02  5.3s  [1 solved, 5s]
  C2HNO_rxn4442_P__pre4__s0            top300 b0  E -203.05327586  dim 300^2  S2 6.4e-03  42.3s  [2 solved, 48s]
  C2HNO_rxn4442_P__rl4L__s0            top100 b0  E -203.03190032  dim 100^2  S2 1.6e-02  6.4s  [1 solved, 6s]
  C2HNO_rxn4442_P__rl4L__s0            top300 b0  E -203.05349209  dim 300^2  S2 6.8e-03  52.4s  [2 solved, 59s]
  C2HNO_rxn4442_P__rl4n29f__s0         top100 b0  E -203.03020488  dim 100^2  S2 1.4e-02  6.4s  [1 solved, 6s]
  C2HNO_rxn4442_P__rl4n29f__s0         top300 b0  E -203.05280596  dim 300^2  S2 7.6e-03  50.8s  [2 solved, 57s]
  C2HNO_rxn4442_P__label__s0           top100 b0  E -203.03025326  dim 100^2  S2 1.5e-02  7.4s  [1 solved, 7s]
  C2HNO_rxn4442_P__label__s0           top300 b0  E -203.05168544  dim 300^2  S2 7.7e-03  45.1s  [2 solved, 53s]
  C2HNO_rxn4442_P__truncated__s0       top100 b0  E -202.98739226  dim 100^2  S2 2.8e-02  6.8s  [1 solved, 7s]
  C2HNO_rxn4442_P__truncated__s0       top300 b0  E -203.01682848  dim 160^2  S2 2.3e-02  15.4s  [2 solved, 22s]
  C2HNO_rxn4442_P__cdf_lin__s0         top100 b0  E -203.02123666  dim 100^2  S2 2.4e-02  6.0s  [1 solved, 6s]
  C2HNO_rxn4442_P__cdf_lin__s0         top300 b0  E -203.04721396  dim 300^2  S2 1.0e-02  40.2s  [2 solved, 46s]
  C2HNO_rxn4442_R__pre4__s0            top100 b0  E -203.15835244  dim 100^2  S2 1.4e-02  7.8s  [1 solved, 8s]
  C2HNO_rxn4442_R__pre4__s0            top300 b0  E -203.18177902  dim 300^2  S2 5.5e-03  46.9s  [2 solved, 55s]
  C2HNO_rxn4442_R__rl4L__s0            top100 b0  E -203.15877749  dim 100^2  S2 1.4e-02  7.3s  [1 solved, 7s]
  C2HNO_rxn4442_R__rl4L__s0            top300 b0  E -203.18176734  dim 300^2  S2 5.6e-03  47.7s  [2 solved, 55s]
  C2HNO_rxn4442_R__rl4n29f__s0         top100 b0  E -203.15815055  dim 100^2  S2 1.5e-02  6.8s  [1 solved, 7s]
  C2HNO_rxn4442_R__rl4n29f__s0         top300 b0  E -203.18149745  dim 300^2  S2 6.3e-03  53.4s  [2 solved, 61s]
  C2HNO_rxn4442_R__label__s0           top100 b0  E -203.15702945  dim 100^2  S2 1.3e-02  5.6s  [1 solved, 6s]
  C2HNO_rxn4442_R__label__s0           top300 b0  E -203.18043609  dim 300^2  S2 6.3e-03  47.8s  [2 solved, 54s]
  C2HNO_rxn4442_R__truncated__s0       top100 b0  E -203.13333116  dim 100^2  S2 3.4e-02  10.9s  [1 solved, 11s]
  C2HNO_rxn4442_R__truncated__s0       top300 b0  E -203.14038607  dim 143^2  S2 3.2e-02  18.8s  [2 solved, 30s]
  C2HNO_rxn4442_R__cdf_lin__s0         top100 b0  E -203.15328242  dim 100^2  S2 1.4e-02  6.6s  [1 solved, 7s]
  C2HNO_rxn4442_R__cdf_lin__s0         top300 b0  E -203.17474461  dim 300^2  S2 8.8e-03  46.1s  [2 solved, 53s]
  C2HNO_rxn4442_TS__pre4__s0           top100 b0  E -202.96877065  dim 100^2  S2 1.9e-02  9.1s  [1 solved, 9s]
  C2HNO_rxn4442_TS__pre4__s0           top300 b0  E -202.99736628  dim 300^2  S2 9.4e-03  58.9s  [2 solved, 68s]
  C2HNO_rxn4442_TS__rl4L__s0           top100 b0  E -202.97038053  dim 100^2  S2 1.7e-02  7.7s  [1 solved, 8s]
  C2HNO_rxn4442_TS__rl4L__s0           top300 b0  E -202.99676129  dim 300^2  S2 1.0e-02  58.2s  [2 solved, 66s]
  C2HNO_rxn4442_TS__rl4n29f__s0        top100 b0  E -202.96977579  dim 100^2  S2 1.8e-02  7.8s  [1 solved, 8s]
  C2HNO_rxn4442_TS__rl4n29f__s0        top300 b0  E -202.99629208  dim 300^2  S2 1.1e-02  49.6s  [2 solved, 58s]
  C2HNO_rxn4442_TS__label__s0          top100 b0  E -202.97003127  dim 100^2  S2 1.7e-02  8.8s  [1 solved, 9s]
  C2HNO_rxn4442_TS__label__s0          top300 b0  E -202.99610733  dim 300^2  S2 1.0e-02  55.7s  [2 solved, 65s]
  C2HNO_rxn4442_TS__truncated__s0      top100 b0  E -202.94750908  dim 100^2  S2 3.1e-02  10.6s  [1 solved, 11s]
  C2HNO_rxn4442_TS__truncated__s0      top300 b0  E -202.97707962  dim 279^2  S2 2.5e-02  53.7s  [2 solved, 65s]
  C2HNO_rxn4442_TS__cdf_lin__s0        top100 b0  E -202.96831623  dim 100^2  S2 1.8e-02  6.3s  [1 solved, 6s]
  C2HNO_rxn4442_TS__cdf_lin__s0        top300 b0  E -202.99687110  dim 300^2  S2 9.8e-03  47.4s  [2 solved, 54s]
