  C2H4O_rxn0724_TS__truncated__s0      lin    b0  E -150.83649909  dim 69^2  S2 2.7e-02  1.5s  [1 solved, 4s]
  C2H4O_rxn0724_TS__label__s0          lin    b0  E -150.90548161  dim 595^2  S2 4.7e-03  45.4s  [2 solved, 50s]
  C2H4O_rxn2507_P__truncated__s0       lin    b0  E -151.03381546  dim 67^2  S2 2.6e-02  1.6s  [3 solved, 51s]
  C2H4O_rxn2507_P__label__s0           lin    b0  E -151.10813793  dim 421^2  S2 2.9e-03  24.9s  [4 solved, 76s]
  C2H4O_rxn2507_P__pre4__s0            lin    b0  E -151.10589072  dim 358^2  S2 3.1e-03  17.4s  [5 solved, 94s]
  C2H4O_rxn2507_P__rl4L__s0            lin    b0  E -151.10791165  dim 486^2  S2 2.9e-03  31.0s  [6 solved, 125s]
  C2H4O_rxn2507_P__rl4n29f__s0         lin    b0  E -151.10691102  dim 423^2  S2 3.0e-03  23.9s  [7 solved, 149s]
  C2H4O_rxn2507_TS__truncated__s0      lin    b0  E -150.94275083  dim 168^2  S2 1.7e-02  4.7s  [8 solved, 154s]
  C2H4O_rxn2507_TS__label__s0          lin    b0  E -150.98745953  dim 605^2  S2 4.2e-03  48.1s  [9 solved, 202s]
  C2H4O_rxn2507_TS__pre4__s0           lin    b0  E -150.98454476  dim 509^2  S2 5.0e-03  39.3s  [10 solved, 242s]
  C2H4O_rxn2507_TS__rl4L__s0           lin    b0  E -150.98839861  dim 656^2  S2 4.0e-03  66.5s  [11 solved, 308s]
  C2H4O_rxn2507_TS__rl4n29f__s0        lin    b0  E -150.98562577  dim 557^2  S2 4.9e-03  44.8s  [12 solved, 353s]
  C3H4_rxn2391_P__truncated__s0        lin    b0  E -114.54603329  dim 54^2  S2 2.4e-02  0.7s  [13 solved, 354s]
  C3H4_rxn2391_P__label__s0            lin    b0  E -114.64954403  dim 545^2  S2 3.2e-03  30.9s  [14 solved, 385s]
  C3H4_rxn2391_P__pre4__s0             lin    b0  E -114.64804863  dim 426^2  S2 3.5e-03  19.4s  [15 solved, 405s]
  C3H4_rxn2391_P__rl4L__s0             lin    b0  E -114.65105847  dim 641^2  S2 2.9e-03  33.1s  [16 solved, 438s]
  C3H4_rxn2391_P__rl4n29f__s0          lin    b0  E -114.65014402  dim 565^2  S2 3.1e-03  32.9s  [17 solved, 471s]
  C3H4_rxn2391_R__truncated__s0        lin    b0  E -114.59265709  dim 72^2  S2 2.4e-02  1.3s  [18 solved, 473s]
  C3H4_rxn2391_R__label__s0            lin    b0  E -114.67056427  dim 432^2  S2 3.6e-03  22.4s  [19 solved, 495s]
  C3H4_rxn2391_R__pre4__s0             lin    b0  E -114.66949641  dim 411^2  S2 4.1e-03  20.9s  [20 solved, 516s]
  C3H4_rxn2391_R__rl4L__s0             lin    b0  E -114.67449321  dim 648^2  S2 2.9e-03  37.3s  [21 solved, 554s]
  C3H4_rxn2391_R__rl4n29f__s0          lin    b0  E -114.67314823  dim 535^2  S2 3.3e-03  25.2s  [22 solved, 579s]
  C2H4O_rxn0724_TS__truncated__s1      lin    b0  E -150.83830635  dim 75^2  S2 2.8e-02  1.6s  [23 solved, 581s]
  C2H4O_rxn0724_TS__label__s1          lin    b0  E -150.90586545  dim 608^2  S2 4.4e-03  52.5s  [24 solved, 633s]
  C2H4O_rxn2507_P__truncated__s1       lin    b0  E -151.01396334  dim 59^2  S2 2.1e-02  1.3s  [25 solved, 635s]
  C2H4O_rxn2507_P__label__s1           lin    b0  E -151.10754718  dim 430^2  S2 3.1e-03  23.4s  [26 solved, 658s]
  C2H4O_rxn2507_P__pre4__s1            lin    b0  E -151.10515396  dim 356^2  S2 3.6e-03  17.4s  [27 solved, 676s]
  C2H4O_rxn2507_P__rl4L__s1            lin    b0  E -151.10824176  dim 484^2  S2 2.9e-03  39.8s  [28 solved, 716s]
  C2H4O_rxn2507_P__rl4n29f__s1         lin    b0  E -151.10737122  dim 431^2  S2 3.0e-03  22.7s  [29 solved, 739s]
  C2H4O_rxn2507_TS__truncated__s1      lin    b0  E -150.91868308  dim 152^2  S2 2.0e-02  4.8s  [30 solved, 743s]
  C2H4O_rxn2507_TS__label__s1          lin    b0  E -150.98573230  dim 543^2  S2 4.5e-03  57.1s  [31 solved, 801s]
  C2H4O_rxn2507_TS__pre4__s1           lin    b0  E -150.98467500  dim 525^2  S2 5.1e-03  44.0s  [32 solved, 845s]
  C2H4O_rxn2507_TS__rl4L__s1           lin    b0  E -150.98745832  dim 650^2  S2 4.5e-03  75.4s  [33 solved, 921s]
  C2H4O_rxn2507_TS__rl4n29f__s1        lin    b0  E -150.98489498  dim 527^2  S2 5.4e-03  52.9s  [34 solved, 974s]
  C3H4_rxn2391_P__truncated__s1        lin    b0  E -114.53785308  dim 53^2  S2 2.0e-02  1.2s  [35 solved, 975s]
  C3H4_rxn2391_P__label__s1            lin    b0  E -114.64778119  dim 513^2  S2 3.8e-03  28.6s  [36 solved, 1004s]
  C3H4_rxn2391_P__pre4__s1             lin    b0  E -114.64829037  dim 446^2  S2 3.5e-03  24.2s  [37 solved, 1028s]
  C3H4_rxn2391_P__rl4L__s1             lin    b0  E -114.65113343  dim 653^2  S2 3.1e-03  49.0s  [38 solved, 1077s]
  C3H4_rxn2391_P__rl4n29f__s1          lin    b0  E -114.65053809  dim 585^2  S2 3.2e-03  32.2s  [39 solved, 1110s]
  C3H4_rxn2391_R__truncated__s1        lin    b0  E -114.59881664  dim 72^2  S2 2.4e-02  1.3s  [40 solved, 1111s]
  C3H4_rxn2391_R__label__s1            lin    b0  E -114.67025307  dim 438^2  S2 3.9e-03  19.0s  [41 solved, 1131s]
  C3H4_rxn2391_R__pre4__s1             lin    b0  E -114.66905318  dim 398^2  S2 3.9e-03  19.5s  [42 solved, 1150s]
  C3H4_rxn2391_R__rl4L__s1             lin    b0  E -114.67445705  dim 634^2  S2 2.8e-03  41.1s  [43 solved, 1192s]
  C3H4_rxn2391_R__rl4n29f__s1          lin    b0  E -114.67315173  dim 526^2  S2 3.3e-03  21.7s  [44 solved, 1213s]
  C2H4O_rxn0724_TS__truncated__s2      lin    b0  E -150.83360656  dim 72^2  S2 2.7e-02  1.0s  [45 solved, 1214s]
  C2H4O_rxn0724_TS__label__s2          lin    b0  E -150.90593742  dim 591^2  S2 4.6e-03  55.9s  [46 solved, 1271s]
  C2H4O_rxn0724_TS__rl4L__s2           lin    b0  E -150.90397235  dim 551^2  S2 5.4e-03  46.3s  [47 solved, 1317s]
  C2H4O_rxn0724_TS__rl4n29f__s2        lin    b0  E -150.90298540  dim 502^2  S2 5.4e-03  40.5s  [48 solved, 1358s]
  C2H4O_rxn2507_P__truncated__s2       lin    b0  E -151.00575485  dim 58^2  S2 1.6e-02  1.5s  [49 solved, 1359s]
  C2H4O_rxn2507_P__label__s2           lin    b0  E -151.10772840  dim 443^2  S2 3.0e-03  27.1s  [50 solved, 1386s]
  C2H4O_rxn2507_P__pre4__s2            lin    b0  E -151.10570462  dim 386^2  S2 3.3e-03  22.0s  [51 solved, 1409s]
  C2H4O_rxn2507_P__rl4L__s2            lin    b0  E -151.10809980  dim 488^2  S2 2.7e-03  34.3s  [52 solved, 1443s]
  C2H4O_rxn2507_P__rl4n29f__s2         lin    b0  E -151.10739320  dim 434^2  S2 3.0e-03  25.7s  [53 solved, 1469s]
  C2H4O_rxn2507_TS__truncated__s2      lin    b0  E -150.93789021  dim 166^2  S2 1.9e-02  5.8s  [54 solved, 1475s]
  C2H4O_rxn2507_TS__label__s2          lin    b0  E -150.98711072  dim 590^2  S2 4.2e-03  47.4s  [55 solved, 1522s]
  C2H4O_rxn2507_TS__pre4__s2           lin    b0  E -150.98442960  dim 493^2  S2 4.9e-03  50.9s  [56 solved, 1573s]
  C2H4O_rxn2507_TS__rl4L__s2           lin    b0  E -150.98761214  dim 637^2  S2 4.4e-03  73.7s  [57 solved, 1647s]
  C2H4O_rxn2507_TS__rl4n29f__s2        lin    b0  E -150.98651673  dim 568^2  S2 4.6e-03  48.4s  [58 solved, 1696s]
  C3H4_rxn2391_P__truncated__s2        lin    b0  E -114.55514917  dim 52^2  S2 2.5e-02  0.7s  [59 solved, 1697s]
  C3H4_rxn2391_P__label__s2            lin    b0  E -114.64939268  dim 538^2  S2 3.7e-03  30.7s  [60 solved, 1727s]
  C3H4_rxn2391_P__pre4__s2             lin    b0  E -114.64751690  dim 414^2  S2 3.8e-03  18.2s  [61 solved, 1746s]
  C3H4_rxn2391_P__rl4L__s2             lin    b0  E -114.65088984  dim 642^2  S2 3.1e-03  34.2s  [62 solved, 1780s]
  C3H4_rxn2391_P__rl4n29f__s2          lin    b0  E -114.64972657  dim 570^2  S2 3.5e-03  34.0s  [63 solved, 1814s]
  C3H4_rxn2391_R__truncated__s2        lin    b0  E -114.57953587  dim 66^2  S2 1.9e-02  1.3s  [64 solved, 1816s]
  C3H4_rxn2391_R__label__s2            lin    b0  E -114.66971037  dim 411^2  S2 4.1e-03  19.1s  [65 solved, 1835s]
  C3H4_rxn2391_R__pre4__s2             lin    b0  E -114.67062013  dim 424^2  S2 3.6e-03  21.5s  [66 solved, 1857s]
  C3H4_rxn2391_R__rl4L__s2             lin    b0  E -114.67441871  dim 647^2  S2 2.7e-03  37.6s  [67 solved, 1895s]
  C3H4_rxn2391_R__rl4n29f__s2          lin    b0  E -114.67218100  dim 498^2  S2 3.5e-03  30.0s  [68 solved, 1925s]
  C2H3N_rxn2858_P__truncated__s3       lin    b0  E -130.34416346  dim 81^2  S2 2.9e-02  0.9s  [69 solved, 1926s]
  C2H3N_rxn2858_P__label__s3           lin    b0  E -130.39850360  dim 414^2  S2 3.4e-03  15.9s  [70 solved, 1942s]
  C2H3N_rxn2858_P__pre4__s3            lin    b0  E -130.39884962  dim 378^2  S2 3.6e-03  15.8s  [71 solved, 1958s]
  C2H3N_rxn2858_P__rl4L__s3            lin    b0  E -130.40112306  dim 520^2  S2 3.0e-03  22.3s  [72 solved, 1980s]
  C2H3N_rxn2858_P__rl4n29f__s3         lin    b0  E -130.40031597  dim 452^2  S2 3.1e-03  21.7s  [73 solved, 2002s]
  C2H3N_rxn2858_TS__truncated__s3      lin    b0  E -130.18689650  dim 66^2  S2 2.5e-02  1.4s  [74 solved, 2004s]
  C2H3N_rxn2858_TS__label__s3          lin    b0  E -130.25035435  dim 497^2  S2 3.7e-03  27.6s  [75 solved, 2031s]
  C2H3N_rxn2858_TS__pre4__s3           lin    b0  E -130.24847381  dim 397^2  S2 4.3e-03  22.4s  [76 solved, 2054s]
  C2H3N_rxn2858_TS__rl4L__s3           lin    b0  E -130.25152548  dim 541^2  S2 3.2e-03  27.0s  [77 solved, 2081s]
  C2H3N_rxn2858_TS__rl4n29f__s3        lin    b0  E -130.25043206  dim 499^2  S2 4.0e-03  30.0s  [78 solved, 2111s]
  C2H4O_rxn0724_P__truncated__s3       lin    b0  E -150.94441063  dim 88^2  S2 1.9e-02  2.3s  [79 solved, 2114s]
  C2H4O_rxn0724_P__label__s3           lin    b0  E -151.00037652  dim 468^2  S2 3.2e-03  29.8s  [80 solved, 2144s]
  C2H4O_rxn0724_P__pre4__s3            lin    b0  E -151.00068180  dim 440^2  S2 3.2e-03  34.1s  [81 solved, 2178s]
  C2H4O_rxn0724_P__rl4L__s3            lin    b0  E -151.00234321  dim 523^2  S2 3.1e-03  46.2s  [82 solved, 2225s]
  C2H4O_rxn0724_P__rl4n29f__s3         lin    b0  E -150.99955661  dim 446^2  S2 4.2e-03  26.8s  [83 solved, 2252s]
  C2H4O_rxn0724_TS__truncated__s3      lin    b0  E -150.84211049  dim 74^2  S2 2.4e-02  1.0s  [84 solved, 2253s]
  C2H4O_rxn0724_TS__label__s3          lin    b0  E -150.90663590  dim 618^2  S2 4.0e-03  54.8s  [85 solved, 2308s]
  C2H4O_rxn0724_TS__pre4__s3           lin    b0  E -150.90367608  dim 515^2  S2 5.1e-03  30.5s  [86 solved, 2338s]
  C2H4O_rxn0724_TS__rl4L__s3           lin    b0  E -150.90376536  dim 529^2  S2 5.5e-03  47.3s  [87 solved, 2386s]
  C2H4O_rxn0724_TS__rl4n29f__s3        lin    b0  E -150.90184723  dim 475^2  S2 6.1e-03  37.1s  [88 solved, 2423s]
  C2H4O_rxn2507_P__truncated__s3       lin    b0  E -151.00448349  dim 62^2  S2 1.5e-02  1.5s  [89 solved, 2425s]
  C2H4O_rxn2507_P__label__s3           lin    b0  E -151.10765451  dim 426^2  S2 2.8e-03  24.3s  [90 solved, 2449s]
  C2H4O_rxn2507_P__pre4__s3            lin    b0  E -151.10601990  dim 367^2  S2 3.0e-03  18.8s  [91 solved, 2468s]
  C2H4O_rxn2507_P__rl4L__s3            lin    b0  E -151.10835174  dim 463^2  S2 2.9e-03  27.5s  [92 solved, 2496s]
  C2H4O_rxn2507_P__rl4n29f__s3         lin    b0  E -151.10754857  dim 429^2  S2 2.8e-03  23.4s  [93 solved, 2519s]
  C2H4O_rxn2507_TS__truncated__s3      lin    b0  E -150.94536811  dim 174^2  S2 1.7e-02  8.4s  [94 solved, 2528s]
  C2H4O_rxn2507_TS__label__s3          lin    b0  E -150.98714196  dim 594^2  S2 4.5e-03  66.0s  [95 solved, 2594s]
  C2H4O_rxn2507_TS__pre4__s3           lin    b0  E -150.98452806  dim 512^2  S2 4.9e-03  47.0s  [96 solved, 2641s]
  C2H4O_rxn2507_TS__rl4L__s3           lin    b0  E -150.98728912  dim 639^2  S2 4.2e-03  65.8s  [97 solved, 2707s]
  C2H4O_rxn2507_TS__rl4n29f__s3        lin    b0  E -150.98513980  dim 549^2  S2 5.0e-03  55.0s  [98 solved, 2762s]
  C3H4_rxn2391_P__truncated__s3        lin    b0  E -114.55085703  dim 47^2  S2 2.5e-02  0.8s  [99 solved, 2763s]
  C3H4_rxn2391_P__label__s3            lin    b0  E -114.64917296  dim 540^2  S2 3.4e-03  28.5s  [100 solved, 2792s]
  C3H4_rxn2391_P__pre4__s3             lin    b0  E -114.64749286  dim 404^2  S2 3.5e-03  21.5s  [101 solved, 2814s]
  C3H4_rxn2391_P__rl4L__s3             lin    b0  E -114.65081230  dim 656^2  S2 3.2e-03  41.7s  [102 solved, 2855s]
  C3H4_rxn2391_P__rl4n29f__s3          lin    b0  E -114.65058931  dim 589^2  S2 3.4e-03  28.5s  [103 solved, 2884s]
  C3H4_rxn2391_R__truncated__s3        lin    b0  E -114.57702313  dim 66^2  S2 1.9e-02  1.2s  [104 solved, 2886s]
  C3H4_rxn2391_R__label__s3            lin    b0  E -114.66993952  dim 413^2  S2 4.0e-03  19.7s  [105 solved, 2905s]
  C3H4_rxn2391_R__pre4__s3             lin    b0  E -114.67015354  dim 417^2  S2 3.8e-03  17.0s  [106 solved, 2923s]
  C3H4_rxn2391_R__rl4L__s3             lin    b0  E -114.67411403  dim 643^2  S2 2.9e-03  36.2s  [107 solved, 2959s]
  C3H4_rxn2391_R__rl4n29f__s3          lin    b0  E -114.67221757  dim 517^2  S2 3.4e-03  21.2s  [108 solved, 2980s]
  C2H3N_rxn2858_P__truncated__s4       lin    b0  E -130.35181690  dim 84^2  S2 3.0e-02  1.0s  [109 solved, 2981s]
  C2H3N_rxn2858_P__label__s4           lin    b0  E -130.39911600  dim 445^2  S2 3.4e-03  17.9s  [110 solved, 2999s]
  C2H3N_rxn2858_P__pre4__s4            lin    b0  E -130.39934484  dim 396^2  S2 3.6e-03  18.8s  [111 solved, 3018s]
  C2H3N_rxn2858_P__rl4L__s4            lin    b0  E -130.40171348  dim 531^2  S2 2.6e-03  25.8s  [112 solved, 3045s]
  C2H3N_rxn2858_P__rl4n29f__s4         lin    b0  E -130.40046841  dim 451^2  S2 3.2e-03  20.8s  [113 solved, 3066s]
  C2H3N_rxn2858_TS__truncated__s4      lin    b0  E -130.18446732  dim 62^2  S2 2.4e-02  1.1s  [114 solved, 3067s]
  C2H3N_rxn2858_TS__label__s4          lin    b0  E -130.25019822  dim 495^2  S2 3.7e-03  28.7s  [115 solved, 3096s]
  C2H3N_rxn2858_TS__pre4__s4           lin    b0  E -130.24965855  dim 410^2  S2 4.0e-03  15.3s  [116 solved, 3111s]
  C2H3N_rxn2858_TS__rl4L__s4           lin    b0  E -130.25120622  dim 554^2  S2 3.5e-03  27.1s  [117 solved, 3139s]
  C2H3N_rxn2858_TS__rl4n29f__s4        lin    b0  E -130.25017886  dim 511^2  S2 4.2e-03  21.7s  [118 solved, 3160s]
  C2H4O_rxn0724_P__truncated__s4       lin    b0  E -150.92713928  dim 89^2  S2 8.8e-03  2.5s  [119 solved, 3163s]
  C2H4O_rxn0724_P__label__s4           lin    b0  E -151.00045830  dim 452^2  S2 3.1e-03  40.8s  [120 solved, 3204s]
  C2H4O_rxn0724_P__pre4__s4            lin    b0  E -151.00007025  dim 430^2  S2 3.4e-03  35.0s  [121 solved, 3239s]
  C2H4O_rxn0724_P__rl4L__s4            lin    b0  E -151.00174173  dim 541^2  S2 3.5e-03  40.7s  [122 solved, 3280s]
  C2H4O_rxn0724_P__rl4n29f__s4         lin    b0  E -151.00011368  dim 458^2  S2 3.9e-03  37.7s  [123 solved, 3318s]
  C2H4O_rxn0724_TS__truncated__s4      lin    b0  E -150.83706065  dim 79^2  S2 2.6e-02  1.3s  [124 solved, 3319s]
  C2H4O_rxn0724_TS__label__s4          lin    b0  E -150.90574833  dim 598^2  S2 4.5e-03  54.6s  [125 solved, 3374s]
  C2H4O_rxn0724_TS__pre4__s4           lin    b0  E -150.90365826  dim 494^2  S2 4.7e-03  39.4s  [126 solved, 3413s]
  C2H4O_rxn0724_TS__rl4L__s4           lin    b0  E -150.90452816  dim 538^2  S2 5.2e-03  39.8s  [127 solved, 3453s]
  C2H4O_rxn0724_TS__rl4n29f__s4        lin    b0  E -150.90321659  dim 508^2  S2 5.7e-03  43.5s  [128 solved, 3497s]
  C2H4O_rxn2507_P__truncated__s4       lin    b0  E -151.02706923  dim 71^2  S2 2.5e-02  1.8s  [129 solved, 3499s]
  C2H4O_rxn2507_P__label__s4           lin    b0  E -151.10707469  dim 431^2  S2 3.0e-03  26.9s  [130 solved, 3526s]
  C2H4O_rxn2507_P__pre4__s4            lin    b0  E -151.10572273  dim 367^2  S2 3.0e-03  24.8s  [131 solved, 3551s]
  C2H4O_rxn2507_P__rl4L__s4            lin    b0  E -151.10785650  dim 463^2  S2 3.0e-03  33.1s  [132 solved, 3584s]
  C2H4O_rxn2507_P__rl4n29f__s4         lin    b0  E -151.10690003  dim 443^2  S2 3.5e-03  30.2s  [133 solved, 3614s]
  C2H4O_rxn2507_TS__truncated__s4      lin    b0  E -150.94716424  dim 171^2  S2 2.0e-02  7.5s  [134 solved, 3622s]
  C2H4O_rxn2507_TS__label__s4          lin    b0  E -150.98650297  dim 564^2  S2 4.3e-03  43.0s  [135 solved, 3665s]
  C2H4O_rxn2507_TS__pre4__s4           lin    b0  E -150.98440166  dim 495^2  S2 4.9e-03  46.6s  [136 solved, 3712s]
  C2H4O_rxn2507_TS__rl4L__s4           lin    b0  E -150.98745311  dim 646^2  S2 4.4e-03  77.2s  [137 solved, 3789s]
  C2H4O_rxn2507_TS__rl4n29f__s4        lin    b0  E -150.98544742  dim 550^2  S2 5.0e-03  41.7s  [138 solved, 3831s]
  C3H4_rxn2391_P__truncated__s4        lin    b0  E -114.55566110  dim 51^2  S2 2.4e-02  1.1s  [139 solved, 3832s]
  C3H4_rxn2391_P__label__s4            lin    b0  E -114.64960347  dim 546^2  S2 3.5e-03  34.1s  [140 solved, 3867s]
  C3H4_rxn2391_P__pre4__s4             lin    b0  E -114.64819455  dim 427^2  S2 3.7e-03  19.3s  [141 solved, 3886s]
  C3H4_rxn2391_P__rl4L__s4             lin    b0  E -114.65090428  dim 638^2  S2 3.0e-03  44.6s  [142 solved, 3931s]
  C3H4_rxn2391_P__rl4n29f__s4          lin    b0  E -114.65075014  dim 583^2  S2 3.3e-03  33.7s  [143 solved, 3965s]
  C3H4_rxn2391_R__truncated__s4        lin    b0  E -114.57093648  dim 63^2  S2 1.8e-02  1.1s  [144 solved, 3966s]
  C3H4_rxn2391_R__label__s4            lin    b0  E -114.67018849  dim 443^2  S2 3.9e-03  16.8s  [145 solved, 3983s]
  C3H4_rxn2391_R__pre4__s4             lin    b0  E -114.66986779  dim 401^2  S2 4.2e-03  19.6s  [146 solved, 4003s]
  C3H4_rxn2391_R__rl4L__s4             lin    b0  E -114.67437036  dim 629^2  S2 3.0e-03  45.6s  [147 solved, 4049s]
  C3H4_rxn2391_R__rl4n29f__s4          lin    b0  E -114.67273851  dim 506^2  S2 3.4e-03  31.6s  [148 solved, 4081s]
  C3H4_rxn2391_TS__truncated__s0       lin    b0  E -114.36778362  dim 90^2  S2 2.1e-02  2.9s  [1 solved, 3s]
  C3H4_rxn2391_TS__label__s0           lin    b0  E -114.45922286  dim 679^2  S2 4.7e-03  67.4s  [2 solved, 71s]
  C3H4_rxn2391_TS__pre4__s0            lin    b0  E -114.45646098  dim 593^2  S2 5.8e-03  52.5s  [3 solved, 123s]
  C3H4_rxn2391_TS__rl4L__s0            lin    b0  E -114.46210651  dim 875^2  S2 4.1e-03  77.5s  [4 solved, 201s]
  C3H4_rxn2391_TS__rl4n29f__s0         lin    b0  E -114.46084847  dim 816^2  S2 4.7e-03  65.5s  [5 solved, 267s]
  C3H4_rxn2391_TS__truncated__s1       lin    b0  E -114.36270466  dim 95^2  S2 1.9e-02  2.7s  [6 solved, 270s]
  C3H4_rxn2391_TS__label__s1           lin    b0  E -114.45863679  dim 655^2  S2 5.1e-03  50.1s  [7 solved, 320s]
  C3H4_rxn2391_TS__pre4__s1            lin    b0  E -114.45675104  dim 619^2  S2 5.9e-03  41.9s  [8 solved, 362s]
  C3H4_rxn2391_TS__rl4L__s1            lin    b0  E -114.46190547  dim 862^2  S2 4.2e-03  74.2s  [9 solved, 437s]
  C3H4_rxn2391_TS__rl4n29f__s1         lin    b0  E -114.46035278  dim 803^2  S2 4.8e-03  73.4s  [10 solved, 511s]
  C3H4_rxn2391_TS__truncated__s2       lin    b0  E -114.36773752  dim 91^2  S2 2.0e-02  1.9s  [11 solved, 513s]
  C3H4_rxn2391_TS__label__s2           lin    b0  E -114.45864242  dim 652^2  S2 4.9e-03  57.6s  [12 solved, 570s]
  C3H4_rxn2391_TS__pre4__s2            lin    b0  E -114.45696049  dim 589^2  S2 5.7e-03  38.7s  [13 solved, 609s]
  C3H4_rxn2391_TS__rl4L__s2            lin    b0  E -114.46140604  dim 826^2  S2 4.3e-03  71.2s  [14 solved, 681s]
  C3H4_rxn2391_TS__rl4n29f__s2         lin    b0  E -114.46081352  dim 789^2  S2 4.6e-03  64.6s  [15 solved, 746s]
  C3H4_rxn2391_TS__truncated__s3       lin    b0  E -114.36872381  dim 98^2  S2 2.3e-02  1.9s  [16 solved, 748s]
  C3H4_rxn2391_TS__label__s3           lin    b0  E -114.45855916  dim 648^2  S2 4.9e-03  45.3s  [17 solved, 793s]
  C3H4_rxn2391_TS__pre4__s3            lin    b0  E -114.45541757  dim 577^2  S2 6.2e-03  51.1s  [18 solved, 844s]
  C3H4_rxn2391_TS__rl4L__s3            lin    b0  E -114.46168583  dim 884^2  S2 4.3e-03  78.5s  [19 solved, 923s]
  C3H4_rxn2391_TS__rl4n29f__s3         lin    b0  E -114.46108627  dim 816^2  S2 4.5e-03  72.4s  [20 solved, 996s]
  C3H4_rxn2391_TS__truncated__s4       lin    b0  E -114.37152628  dim 94^2  S2 2.1e-02  2.5s  [21 solved, 998s]
  C3H4_rxn2391_TS__label__s4           lin    b0  E -114.45897956  dim 650^2  S2 4.8e-03  53.8s  [22 solved, 1052s]
  C3H4_rxn2391_TS__pre4__s4            lin    b0  E -114.45757238  dim 590^2  S2 5.3e-03  51.3s  [23 solved, 1104s]
  C3H4_rxn2391_TS__rl4L__s4            lin    b0  E -114.46184267  dim 861^2  S2 4.2e-03  82.4s  [24 solved, 1187s]
  C3H4_rxn2391_TS__rl4n29f__s4         lin    b0  E -114.46064980  dim 809^2  S2 4.8e-03  78.9s  [25 solved, 1266s]
