  C2HNO_rxn4439_P      pre4       s0 E -202.96679427 corr  50.24%  p_HF 0.8392  uniq 1e5   2065 / 1e6   8044  lin dims 562-562 (1 distinct)  n2631g dim 1379  (E 9.1s, sample 8.8s, ci 22.1s)
  C2HNO_rxn4439_P      pre4       s1 E -202.96679427 corr  50.24%  p_HF 0.8392  uniq 1e5   2085 / 1e6   7963  lin dims 565-565 (1 distinct)  n2631g dim 1355  (E 9.1s, sample 9.4s, ci 21.8s)
  C2HNO_rxn4439_P      pre4       s2 E -202.96679427 corr  50.24%  p_HF 0.8392  uniq 1e5   2057 / 1e6   7957  lin dims 526-526 (1 distinct)  n2631g dim 1371  (E 9.1s, sample 9.2s, ci 20.7s)
  C2HNO_rxn4439_P      pre4       s3 E -202.96679427 corr  50.24%  p_HF 0.8392  uniq 1e5   2005 / 1e6   7959  lin dims 540-540 (1 distinct)  n2631g dim 1387  (E 9.1s, sample 8.8s, ci 20.1s)
  C2HNO_rxn4439_P      pre4       s4 E -202.96679427 corr  50.24%  p_HF 0.8392  uniq 1e5   2086 / 1e6   7868  lin dims 540-540 (1 distinct)  n2631g dim 1373  (E 9.1s, sample 8.9s, ci 19.1s)
  C2HNO_rxn4439_P      rl4L       s0 E -203.01943546 corr  70.44%  p_HF 0.8605  uniq 1e5   2332 / 1e6   9137  lin dims 655-655 (1 distinct)  n2631g dim 1659  (E 7.0s, sample 9.3s, ci 19.5s)
  C2HNO_rxn4439_P      rl4L       s1 E -203.01943546 corr  70.44%  p_HF 0.8605  uniq 1e5   2362 / 1e6   8995  lin dims 686-686 (1 distinct)  n2631g dim 1655  (E 7.0s, sample 9.2s, ci 21.0s)
  C2HNO_rxn4439_P      rl4L       s2 E -203.01943546 corr  70.44%  p_HF 0.8605  uniq 1e5   2361 / 1e6   9070  lin dims 683-683 (1 distinct)  n2631g dim 1639  (E 7.0s, sample 8.8s, ci 24.3s)
  C2HNO_rxn4439_P      rl4L       s3 E -203.01943546 corr  70.44%  p_HF 0.8605  uniq 1e5   2349 / 1e6   9141  lin dims 681-681 (1 distinct)  n2631g dim 1646  (E 7.0s, sample 8.8s, ci 28.1s)
  C2HNO_rxn4439_P      rl4L       s4 E -203.01943546 corr  70.44%  p_HF 0.8605  uniq 1e5   2341 / 1e6   9033  lin dims 674-674 (1 distinct)  n2631g dim 1675  (E 7.0s, sample 8.9s, ci 27.6s)
  C2HNO_rxn4439_P      rl4n29f    s0 E -203.01503206 corr  68.75%  p_HF 0.8782  uniq 1e5   2015 / 1e6   7360  lin dims 536-536 (1 distinct)  n2631g dim 1335  (E 7.0s, sample 9.4s, ci 22.9s)
  C2HNO_rxn4439_P      rl4n29f    s1 E -203.01503206 corr  68.75%  p_HF 0.8782  uniq 1e5   1951 / 1e6   7248  lin dims 537-537 (1 distinct)  n2631g dim 1313  (E 7.0s, sample 9.1s, ci 19.6s)
  C2HNO_rxn4439_P      rl4n29f    s2 E -203.01503206 corr  68.75%  p_HF 0.8782  uniq 1e5   1959 / 1e6   7230  lin dims 539-539 (1 distinct)  n2631g dim 1279  (E 7.0s, sample 8.8s, ci 27.0s)
  C2HNO_rxn4439_P      rl4n29f    s3 E -203.01503206 corr  68.75%  p_HF 0.8782  uniq 1e5   1971 / 1e6   7291  lin dims 515-515 (1 distinct)  n2631g dim 1318  (E 7.0s, sample 8.7s, ci 26.0s)
  C2HNO_rxn4439_P      rl4n29f    s4 E -203.01503206 corr  68.75%  p_HF 0.8782  uniq 1e5   1990 / 1e6   7342  lin dims 538-538 (1 distinct)  n2631g dim 1305  (E 7.0s, sample 8.8s, ci 19.2s)
  C2HNO_rxn4439_P      label      s0 E -202.97841530 corr  54.70%  p_HF 0.8304  uniq 1e5   2273 / 1e6   9538  lin dims 602-602 (1 distinct)  n2631g dim 1527  (E 7.0s, sample 8.9s, ci 19.6s)
  C2HNO_rxn4439_P      label      s1 E -202.97841530 corr  54.70%  p_HF 0.8304  uniq 1e5   2302 / 1e6   9634  lin dims 626-626 (1 distinct)  n2631g dim 1540  (E 7.0s, sample 9.2s, ci 20.9s)
  C2HNO_rxn4439_P      label      s2 E -202.97841530 corr  54.70%  p_HF 0.8304  uniq 1e5   2353 / 1e6   9571  lin dims 603-603 (1 distinct)  n2631g dim 1508  (E 7.0s, sample 9.1s, ci 19.2s)
  C2HNO_rxn4439_P      label      s3 E -202.97841530 corr  54.70%  p_HF 0.8304  uniq 1e5   2334 / 1e6   9525  lin dims 630-630 (1 distinct)  n2631g dim 1520  (E 7.0s, sample 11.8s, ci 20.6s)
  C2HNO_rxn4439_P      label      s4 E -202.97841530 corr  54.70%  p_HF 0.8304  uniq 1e5   2316 / 1e6   9549  lin dims 617-617 (1 distinct)  n2631g dim 1488  (E 7.0s, sample 9.5s, ci 24.5s)
  C2HNO_rxn4439_P      truncated  s0 E -202.88692940 corr  19.59%  p_HF 0.9688  uniq 1e5    195 / 1e6    523  lin dims 95-95 (1 distinct)  n2631g dim 193  (E 7.0s, sample 9.8s, ci 20.7s)
  C2HNO_rxn4439_P      truncated  s1 E -202.88692940 corr  19.59%  p_HF 0.9688  uniq 1e5    204 / 1e6    555  lin dims 93-93 (1 distinct)  n2631g dim 198  (E 7.0s, sample 8.9s, ci 25.5s)
  C2HNO_rxn4439_P      truncated  s2 E -202.88692940 corr  19.59%  p_HF 0.9688  uniq 1e5    204 / 1e6    547  lin dims 93-93 (1 distinct)  n2631g dim 190  (E 7.0s, sample 8.8s, ci 24.6s)
  C2HNO_rxn4439_P      truncated  s3 E -202.88692940 corr  19.59%  p_HF 0.9688  uniq 1e5    203 / 1e6    544  lin dims 88-88 (1 distinct)  n2631g dim 196  (E 7.0s, sample 8.9s, ci 19.3s)
  C2HNO_rxn4439_P      truncated  s4 E -202.88692940 corr  19.59%  p_HF 0.9688  uniq 1e5    201 / 1e6    563  lin dims 97-97 (1 distinct)  n2631g dim 195  (E 7.0s, sample 9.3s, ci 23.1s)
  C2HNO_rxn4439_P      cdf_lin    s0 E -202.15564554 corr -261.06%  p_HF 0.3216  uniq 1e5   8410 / 1e6  38836  lin dims 980-1015 (10 distinct)  n2631g dim 3751  (E 7.0s, sample 9.0s, ci 18.3s)
  C2HNO_rxn4439_P      cdf_lin    s1 E -202.15564554 corr -261.06%  p_HF 0.3216  uniq 1e5   8465 / 1e6  38952  lin dims 999-1040 (10 distinct)  n2631g dim 3769  (E 7.0s, sample 9.1s, ci 17.7s)
  C2HNO_rxn4439_P      cdf_lin    s2 E -202.15564554 corr -261.06%  p_HF 0.3216  uniq 1e5   8377 / 1e6  39009  lin dims 969-1021 (10 distinct)  n2631g dim 3713  (E 7.0s, sample 9.7s, ci 17.4s)
  C2HNO_rxn4439_P      cdf_lin    s3 E -202.15564554 corr -261.06%  p_HF 0.3216  uniq 1e5   8484 / 1e6  38661  lin dims 964-1033 (10 distinct)  n2631g dim 3729  (E 7.0s, sample 9.8s, ci 19.3s)
  C2HNO_rxn4439_P      cdf_lin    s4 E -202.15564554 corr -261.06%  p_HF 0.3216  uniq 1e5   8396 / 1e6  38907  lin dims 956-1027 (10 distinct)  n2631g dim 3747  (E 7.0s, sample 9.9s, ci 17.7s)
  C2HNO_rxn4439_R      pre4       s0 E -203.06379629 corr  56.37%  p_HF 0.8397  uniq 1e5   1714 / 1e6   6776  lin dims 494-494 (1 distinct)  n2631g dim 1224  (E 7.0s, sample 8.8s, ci 22.8s)
  C2HNO_rxn4439_R      pre4       s1 E -203.06379629 corr  56.37%  p_HF 0.8397  uniq 1e5   1721 / 1e6   6778  lin dims 472-472 (1 distinct)  n2631g dim 1226  (E 7.0s, sample 8.8s, ci 21.9s)
  C2HNO_rxn4439_R      pre4       s2 E -203.06379629 corr  56.37%  p_HF 0.8397  uniq 1e5   1690 / 1e6   6786  lin dims 482-482 (1 distinct)  n2631g dim 1223  (E 7.0s, sample 8.9s, ci 20.8s)
  C2HNO_rxn4439_R      pre4       s3 E -203.06379629 corr  56.37%  p_HF 0.8397  uniq 1e5   1687 / 1e6   6757  lin dims 476-476 (1 distinct)  n2631g dim 1211  (E 7.0s, sample 8.9s, ci 26.6s)
  C2HNO_rxn4439_R      pre4       s4 E -203.06379629 corr  56.37%  p_HF 0.8397  uniq 1e5   1643 / 1e6   6735  lin dims 495-495 (1 distinct)  n2631g dim 1225  (E 7.0s, sample 8.8s, ci 20.9s)
  C2HNO_rxn4439_R      rl4L       s0 E -203.11244108 corr  73.27%  p_HF 0.8530  uniq 1e5   2033 / 1e6   8033  lin dims 608-608 (1 distinct)  n2631g dim 1571  (E 7.0s, sample 9.0s, ci 20.6s)
  C2HNO_rxn4439_R      rl4L       s1 E -203.11244108 corr  73.27%  p_HF 0.8530  uniq 1e5   1971 / 1e6   7938  lin dims 571-571 (1 distinct)  n2631g dim 1540  (E 7.0s, sample 8.9s, ci 21.1s)
  C2HNO_rxn4439_R      rl4L       s2 E -203.11244108 corr  73.27%  p_HF 0.8530  uniq 1e5   2055 / 1e6   7976  lin dims 606-606 (1 distinct)  n2631g dim 1524  (E 7.0s, sample 9.1s, ci 22.9s)
  C2HNO_rxn4439_R      rl4L       s3 E -203.11244108 corr  73.27%  p_HF 0.8530  uniq 1e5   2006 / 1e6   7933  lin dims 594-594 (1 distinct)  n2631g dim 1503  (E 7.0s, sample 9.2s, ci 20.1s)
  C2HNO_rxn4439_R      rl4L       s4 E -203.11244108 corr  73.27%  p_HF 0.8530  uniq 1e5   1927 / 1e6   7933  lin dims 584-584 (1 distinct)  n2631g dim 1569  (E 7.0s, sample 10.2s, ci 24.4s)
  C2HNO_rxn4439_R      rl4n29f    s0 E -203.10718354 corr  71.44%  p_HF 0.8777  uniq 1e5   1645 / 1e6   6353  lin dims 477-477 (1 distinct)  n2631g dim 1224  (E 7.0s, sample 8.9s, ci 25.3s)
  C2HNO_rxn4439_R      rl4n29f    s1 E -203.10718354 corr  71.44%  p_HF 0.8777  uniq 1e5   1631 / 1e6   6328  lin dims 479-479 (1 distinct)  n2631g dim 1207  (E 7.0s, sample 9.0s, ci 24.9s)
  C2HNO_rxn4439_R      rl4n29f    s2 E -203.10718354 corr  71.44%  p_HF 0.8777  uniq 1e5   1634 / 1e6   6248  lin dims 471-471 (1 distinct)  n2631g dim 1174  (E 7.0s, sample 8.9s, ci 24.4s)
  C2HNO_rxn4439_R      rl4n29f    s3 E -203.10718354 corr  71.44%  p_HF 0.8777  uniq 1e5   1631 / 1e6   6281  lin dims 477-477 (1 distinct)  n2631g dim 1211  (E 7.0s, sample 8.8s, ci 28.6s)
  C2HNO_rxn4439_R      rl4n29f    s4 E -203.10718354 corr  71.44%  p_HF 0.8777  uniq 1e5   1632 / 1e6   6360  lin dims 448-448 (1 distinct)  n2631g dim 1218  (E 7.0s, sample 8.9s, ci 21.0s)
  C2HNO_rxn4439_R      label      s0 E -203.07873129 corr  61.56%  p_HF 0.8334  uniq 1e5   1979 / 1e6   8070  lin dims 554-554 (1 distinct)  n2631g dim 1383  (E 7.0s, sample 8.9s, ci 19.8s)
  C2HNO_rxn4439_R      label      s1 E -203.07873129 corr  61.56%  p_HF 0.8334  uniq 1e5   1990 / 1e6   8015  lin dims 546-546 (1 distinct)  n2631g dim 1372  (E 7.0s, sample 8.9s, ci 21.1s)
  C2HNO_rxn4439_R      label      s2 E -203.07873129 corr  61.56%  p_HF 0.8334  uniq 1e5   1993 / 1e6   8074  lin dims 533-533 (1 distinct)  n2631g dim 1381  (E 7.0s, sample 8.9s, ci 19.4s)
  C2HNO_rxn4439_R      label      s3 E -203.07873129 corr  61.56%  p_HF 0.8334  uniq 1e5   2003 / 1e6   8121  lin dims 527-527 (1 distinct)  n2631g dim 1344  (E 7.0s, sample 10.5s, ci 20.7s)
  C2HNO_rxn4439_R      label      s4 E -203.07873129 corr  61.56%  p_HF 0.8334  uniq 1e5   2013 / 1e6   8077  lin dims 560-560 (1 distinct)  n2631g dim 1345  (E 7.0s, sample 9.8s, ci 23.9s)
  C2HNO_rxn4439_R      truncated  s0 E -202.95086684 corr  17.14%  p_HF 0.9846  uniq 1e5    139 / 1e6    337  lin dims 73-73 (1 distinct)  n2631g dim 143  (E 7.0s, sample 8.7s, ci 20.4s)
  C2HNO_rxn4439_R      truncated  s1 E -202.95086684 corr  17.14%  p_HF 0.9846  uniq 1e5    119 / 1e6    329  lin dims 60-60 (1 distinct)  n2631g dim 140  (E 7.0s, sample 8.7s, ci 21.1s)
  C2HNO_rxn4439_R      truncated  s2 E -202.95086684 corr  17.14%  p_HF 0.9846  uniq 1e5    125 / 1e6    328  lin dims 65-65 (1 distinct)  n2631g dim 138  (E 7.0s, sample 8.7s, ci 21.5s)
  C2HNO_rxn4439_R      truncated  s3 E -202.95086684 corr  17.14%  p_HF 0.9846  uniq 1e5    128 / 1e6    305  lin dims 63-63 (1 distinct)  n2631g dim 130  (E 7.0s, sample 9.3s, ci 24.7s)
  C2HNO_rxn4439_R      truncated  s4 E -202.95086684 corr  17.14%  p_HF 0.9846  uniq 1e5    128 / 1e6    328  lin dims 67-67 (1 distinct)  n2631g dim 145  (E 7.0s, sample 10.3s, ci 19.9s)
  C2HNO_rxn4439_R      cdf_lin    s0 E -202.54983155 corr -122.18%  p_HF 0.5036  uniq 1e5   7177 / 1e6  33502  lin dims 1047-1096 (10 distinct)  n2631g dim 3824  (E 7.0s, sample 10.0s, ci 18.8s)
  C2HNO_rxn4439_R      cdf_lin    s1 E -202.54983155 corr -122.18%  p_HF 0.5036  uniq 1e5   7149 / 1e6  33283  lin dims 1045-1094 (10 distinct)  n2631g dim 3726  (E 7.0s, sample 9.2s, ci 17.7s)
  C2HNO_rxn4439_R      cdf_lin    s2 E -202.54983155 corr -122.18%  p_HF 0.5036  uniq 1e5   7041 / 1e6  33289  lin dims 1045-1088 (10 distinct)  n2631g dim 3757  (E 7.0s, sample 9.2s, ci 17.6s)
  C2HNO_rxn4439_R      cdf_lin    s3 E -202.54983155 corr -122.18%  p_HF 0.5036  uniq 1e5   7236 / 1e6  33514  lin dims 1020-1104 (10 distinct)  n2631g dim 3773  (E 7.0s, sample 9.0s, ci 20.1s)
  C2HNO_rxn4439_R      cdf_lin    s4 E -202.54983155 corr -122.18%  p_HF 0.5036  uniq 1e5   7209 / 1e6  33264  lin dims 1060-1098 (10 distinct)  n2631g dim 3758  (E 7.0s, sample 9.0s, ci 18.4s)
  C2HNO_rxn4439_TS     pre4       s0 E -202.88463034 corr  56.60%  p_HF 0.7752  uniq 1e5   2721 / 1e6  11376  lin dims 705-705 (1 distinct)  n2631g dim 1730  (E 6.9s, sample 8.8s, ci 20.2s)
  C2HNO_rxn4439_TS     pre4       s1 E -202.88463034 corr  56.60%  p_HF 0.7752  uniq 1e5   2719 / 1e6  11236  lin dims 700-700 (1 distinct)  n2631g dim 1693  (E 6.9s, sample 8.7s, ci 20.6s)
  C2HNO_rxn4439_TS     pre4       s2 E -202.88463034 corr  56.60%  p_HF 0.7752  uniq 1e5   2746 / 1e6  11316  lin dims 711-711 (1 distinct)  n2631g dim 1707  (E 6.9s, sample 8.7s, ci 18.4s)
  C2HNO_rxn4439_TS     pre4       s3 E -202.88463034 corr  56.60%  p_HF 0.7752  uniq 1e5   2754 / 1e6  11313  lin dims 707-707 (1 distinct)  n2631g dim 1685  (E 6.9s, sample 8.7s, ci 21.7s)
  C2HNO_rxn4439_TS     pre4       s4 E -202.88463034 corr  56.60%  p_HF 0.7752  uniq 1e5   2732 / 1e6  11226  lin dims 683-683 (1 distinct)  n2631g dim 1722  (E 6.9s, sample 8.9s, ci 20.0s)
  C2HNO_rxn4439_TS     rl4L       s0 E -202.92417477 corr  69.44%  p_HF 0.8050  uniq 1e5   3020 / 1e6  12940  lin dims 826-826 (1 distinct)  n2631g dim 2169  (E 7.0s, sample 9.0s, ci 18.8s)
  C2HNO_rxn4439_TS     rl4L       s1 E -202.92417477 corr  69.44%  p_HF 0.8050  uniq 1e5   2982 / 1e6  12863  lin dims 846-846 (1 distinct)  n2631g dim 2086  (E 7.0s, sample 9.0s, ci 20.2s)
  C2HNO_rxn4439_TS     rl4L       s2 E -202.92417477 corr  69.44%  p_HF 0.8050  uniq 1e5   2977 / 1e6  12995  lin dims 848-848 (1 distinct)  n2631g dim 2102  (E 7.0s, sample 8.9s, ci 22.6s)
  C2HNO_rxn4439_TS     rl4L       s3 E -202.92417477 corr  69.44%  p_HF 0.8050  uniq 1e5   3020 / 1e6  13040  lin dims 856-856 (1 distinct)  n2631g dim 2101  (E 7.0s, sample 9.4s, ci 20.6s)
  C2HNO_rxn4439_TS     rl4L       s4 E -202.92417477 corr  69.44%  p_HF 0.8050  uniq 1e5   3080 / 1e6  12954  lin dims 864-864 (1 distinct)  n2631g dim 2109  (E 7.0s, sample 9.3s, ci 21.2s)
  C2HNO_rxn4439_TS     rl4n29f    s0 E -202.92126161 corr  68.50%  p_HF 0.8292  uniq 1e5   2472 / 1e6  10430  lin dims 669-669 (1 distinct)  n2631g dim 1685  (E 7.0s, sample 8.9s, ci 19.3s)
  C2HNO_rxn4439_TS     rl4n29f    s1 E -202.92126161 corr  68.50%  p_HF 0.8292  uniq 1e5   2546 / 1e6  10146  lin dims 677-677 (1 distinct)  n2631g dim 1635  (E 7.0s, sample 8.9s, ci 24.4s)
  C2HNO_rxn4439_TS     rl4n29f    s2 E -202.92126161 corr  68.50%  p_HF 0.8292  uniq 1e5   2503 / 1e6  10185  lin dims 665-665 (1 distinct)  n2631g dim 1669  (E 7.0s, sample 9.2s, ci 21.1s)
  C2HNO_rxn4439_TS     rl4n29f    s3 E -202.92126161 corr  68.50%  p_HF 0.8292  uniq 1e5   2480 / 1e6  10232  lin dims 676-676 (1 distinct)  n2631g dim 1649  (E 7.0s, sample 8.8s, ci 23.2s)
  C2HNO_rxn4439_TS     rl4n29f    s4 E -202.92126161 corr  68.50%  p_HF 0.8292  uniq 1e5   2554 / 1e6  10341  lin dims 700-700 (1 distinct)  n2631g dim 1676  (E 7.0s, sample 8.9s, ci 18.4s)
  C2HNO_rxn4439_TS     label      s0 E -202.88666170 corr  57.26%  p_HF 0.8033  uniq 1e5   2900 / 1e6  12644  lin dims 730-730 (1 distinct)  n2631g dim 1772  (E 7.0s, sample 8.8s, ci 20.0s)
  C2HNO_rxn4439_TS     label      s1 E -202.88666170 corr  57.26%  p_HF 0.8033  uniq 1e5   2957 / 1e6  12438  lin dims 706-706 (1 distinct)  n2631g dim 1666  (E 7.0s, sample 8.8s, ci 20.6s)
  C2HNO_rxn4439_TS     label      s2 E -202.88666170 corr  57.26%  p_HF 0.8033  uniq 1e5   2880 / 1e6  12757  lin dims 723-723 (1 distinct)  n2631g dim 1713  (E 7.0s, sample 8.9s, ci 26.2s)
  C2HNO_rxn4439_TS     label      s3 E -202.88666170 corr  57.26%  p_HF 0.8033  uniq 1e5   2930 / 1e6  12624  lin dims 731-731 (1 distinct)  n2631g dim 1708  (E 7.0s, sample 9.2s, ci 25.2s)
  C2HNO_rxn4439_TS     label      s4 E -202.88666170 corr  57.26%  p_HF 0.8033  uniq 1e5   2977 / 1e6  12707  lin dims 731-731 (1 distinct)  n2631g dim 1698  (E 7.0s, sample 9.1s, ci 19.0s)
  C2HNO_rxn4439_TS     truncated  s0 E -202.73878229 corr   9.25%  p_HF 0.9600  uniq 1e5    230 / 1e6    728  lin dims 111-111 (1 distinct)  n2631g dim 255  (E 7.0s, sample 9.1s, ci 19.1s)
  C2HNO_rxn4439_TS     truncated  s1 E -202.73878229 corr   9.25%  p_HF 0.9600  uniq 1e5    225 / 1e6    683  lin dims 113-113 (1 distinct)  n2631g dim 237  (E 7.0s, sample 9.3s, ci 19.9s)
  C2HNO_rxn4439_TS     truncated  s2 E -202.73878229 corr   9.25%  p_HF 0.9600  uniq 1e5    229 / 1e6    714  lin dims 116-116 (1 distinct)  n2631g dim 244  (E 7.0s, sample 9.0s, ci 23.9s)
  C2HNO_rxn4439_TS     truncated  s3 E -202.73878229 corr   9.25%  p_HF 0.9600  uniq 1e5    227 / 1e6    690  lin dims 105-105 (1 distinct)  n2631g dim 244  (E 7.0s, sample 9.0s, ci 23.0s)
  C2HNO_rxn4439_TS     truncated  s4 E -202.73878229 corr   9.25%  p_HF 0.9600  uniq 1e5    223 / 1e6    721  lin dims 106-106 (1 distinct)  n2631g dim 247  (E 7.0s, sample 9.9s, ci 21.8s)
  C2HNO_rxn4439_TS     cdf_lin    s0 E -202.16303366 corr -177.66%  p_HF 0.3286  uniq 1e5  14324 / 1e6  70447  lin dims 1133-1175 (10 distinct)  n2631g dim 5584  (E 7.0s, sample 9.3s, ci 16.7s)
  C2HNO_rxn4439_TS     cdf_lin    s1 E -202.16303366 corr -177.66%  p_HF 0.3286  uniq 1e5  14365 / 1e6  70538  lin dims 1130-1167 (10 distinct)  n2631g dim 5554  (E 7.0s, sample 9.3s, ci 23.1s)
  C2HNO_rxn4439_TS     cdf_lin    s2 E -202.16303366 corr -177.66%  p_HF 0.3286  uniq 1e5  14424 / 1e6  70021  lin dims 1126-1182 (10 distinct)  n2631g dim 5549  (E 7.0s, sample 9.3s, ci 17.4s)
  C2HNO_rxn4439_TS     cdf_lin    s3 E -202.16303366 corr -177.66%  p_HF 0.3286  uniq 1e5  14550 / 1e6  70250  lin dims 1125-1175 (10 distinct)  n2631g dim 5527  (E 7.0s, sample 9.3s, ci 20.9s)
  C2HNO_rxn4439_TS     cdf_lin    s4 E -202.16303366 corr -177.66%  p_HF 0.3286  uniq 1e5  14193 / 1e6  70116  lin dims 1105-1162 (10 distinct)  n2631g dim 5560  (E 7.0s, sample 9.3s, ci 19.3s)
  C2HNO_rxn4440_P      pre4       s0 E -203.05995789 corr  53.25%  p_HF 0.8323  uniq 1e5   1442 / 1e6   5830  lin dims 459-459 (1 distinct)  n2631g dim 1115  (E 5.9s, sample 9.0s, ci 19.8s)
  C2HNO_rxn4440_P      pre4       s1 E -203.05995789 corr  53.25%  p_HF 0.8323  uniq 1e5   1407 / 1e6   5777  lin dims 462-462 (1 distinct)  n2631g dim 1096  (E 5.9s, sample 9.0s, ci 21.0s)
  C2HNO_rxn4440_P      pre4       s2 E -203.05995789 corr  53.25%  p_HF 0.8323  uniq 1e5   1437 / 1e6   5828  lin dims 437-437 (1 distinct)  n2631g dim 1088  (E 5.9s, sample 8.9s, ci 20.0s)
  C2HNO_rxn4440_P      pre4       s3 E -203.05995789 corr  53.25%  p_HF 0.8323  uniq 1e5   1420 / 1e6   5730  lin dims 438-438 (1 distinct)  n2631g dim 1114  (E 5.9s, sample 8.8s, ci 19.6s)
  C2HNO_rxn4440_P      pre4       s4 E -203.05995789 corr  53.25%  p_HF 0.8323  uniq 1e5   1418 / 1e6   5792  lin dims 428-428 (1 distinct)  n2631g dim 1081  (E 5.9s, sample 8.9s, ci 21.3s)
  C2HNO_rxn4440_P      rl4L       s0 E -203.10676198 corr  69.15%  p_HF 0.8497  uniq 1e5   1551 / 1e6   6411  lin dims 523-523 (1 distinct)  n2631g dim 1322  (E 5.9s, sample 8.8s, ci 20.0s)
  C2HNO_rxn4440_P      rl4L       s1 E -203.10676198 corr  69.15%  p_HF 0.8497  uniq 1e5   1579 / 1e6   6409  lin dims 531-531 (1 distinct)  n2631g dim 1341  (E 5.9s, sample 9.1s, ci 24.6s)
  C2HNO_rxn4440_P      rl4L       s2 E -203.10676198 corr  69.15%  p_HF 0.8497  uniq 1e5   1560 / 1e6   6336  lin dims 511-511 (1 distinct)  n2631g dim 1296  (E 5.9s, sample 9.8s, ci 20.5s)
  C2HNO_rxn4440_P      rl4L       s3 E -203.10676198 corr  69.15%  p_HF 0.8497  uniq 1e5   1535 / 1e6   6421  lin dims 509-509 (1 distinct)  n2631g dim 1321  (E 5.9s, sample 10.2s, ci 20.1s)
  C2HNO_rxn4440_P      rl4L       s4 E -203.10676198 corr  69.15%  p_HF 0.8497  uniq 1e5   1570 / 1e6   6446  lin dims 514-514 (1 distinct)  n2631g dim 1322  (E 5.9s, sample 9.7s, ci 22.0s)
  C2HNO_rxn4440_P      rl4n29f    s0 E -203.09818533 corr  66.24%  p_HF 0.8710  uniq 1e5   1265 / 1e6   5057  lin dims 426-426 (1 distinct)  n2631g dim 1066  (E 5.9s, sample 8.9s, ci 19.3s)
  C2HNO_rxn4440_P      rl4n29f    s1 E -203.09818533 corr  66.24%  p_HF 0.8710  uniq 1e5   1241 / 1e6   4943  lin dims 430-430 (1 distinct)  n2631g dim 1060  (E 5.9s, sample 8.8s, ci 22.3s)
  C2HNO_rxn4440_P      rl4n29f    s2 E -203.09818533 corr  66.24%  p_HF 0.8710  uniq 1e5   1257 / 1e6   4894  lin dims 420-420 (1 distinct)  n2631g dim 1015  (E 5.9s, sample 8.7s, ci 20.7s)
  C2HNO_rxn4440_P      rl4n29f    s3 E -203.09818533 corr  66.24%  p_HF 0.8710  uniq 1e5   1296 / 1e6   5013  lin dims 435-435 (1 distinct)  n2631g dim 1077  (E 5.9s, sample 8.9s, ci 22.6s)
  C2HNO_rxn4440_P      rl4n29f    s4 E -203.09818533 corr  66.24%  p_HF 0.8710  uniq 1e5   1341 / 1e6   5045  lin dims 449-449 (1 distinct)  n2631g dim 1070  (E 5.9s, sample 8.8s, ci 21.4s)
  C2HNO_rxn4440_P      label      s0 E -203.11487430 corr  71.91%  p_HF 0.8508  uniq 1e5   1294 / 1e6   5109  lin dims 443-443 (1 distinct)  n2631g dim 1058  (E 5.9s, sample 9.0s, ci 18.9s)
  C2HNO_rxn4440_P      label      s1 E -203.11487430 corr  71.91%  p_HF 0.8508  uniq 1e5   1265 / 1e6   5024  lin dims 418-418 (1 distinct)  n2631g dim 1027  (E 5.9s, sample 8.9s, ci 23.4s)
  C2HNO_rxn4440_P      label      s2 E -203.11487430 corr  71.91%  p_HF 0.8508  uniq 1e5   1230 / 1e6   5074  lin dims 443-443 (1 distinct)  n2631g dim 1008  (E 5.9s, sample 9.0s, ci 20.8s)
  C2HNO_rxn4440_P      label      s3 E -203.11487430 corr  71.91%  p_HF 0.8508  uniq 1e5   1193 / 1e6   5022  lin dims 417-417 (1 distinct)  n2631g dim 1072  (E 5.9s, sample 8.9s, ci 20.4s)
  C2HNO_rxn4440_P      label      s4 E -203.11487430 corr  71.91%  p_HF 0.8508  uniq 1e5   1238 / 1e6   5207  lin dims 429-429 (1 distinct)  n2631g dim 1076  (E 5.9s, sample 9.3s, ci 19.3s)
  C2HNO_rxn4440_P      truncated  s0 E -202.95486381 corr  17.54%  p_HF 0.9763  uniq 1e5     75 / 1e6    192  lin dims 41-41 (1 distinct)  n2631g dim 77  (E 5.9s, sample 8.8s, ci 20.7s)
  C2HNO_rxn4440_P      truncated  s1 E -202.95486381 corr  17.54%  p_HF 0.9763  uniq 1e5     82 / 1e6    207  lin dims 42-42 (1 distinct)  n2631g dim 84  (E 5.9s, sample 8.8s, ci 20.1s)
  C2HNO_rxn4440_P      truncated  s2 E -202.95486381 corr  17.54%  p_HF 0.9763  uniq 1e5     86 / 1e6    213  lin dims 45-45 (1 distinct)  n2631g dim 84  (E 5.9s, sample 9.2s, ci 20.3s)
  C2HNO_rxn4440_P      truncated  s3 E -202.95486381 corr  17.54%  p_HF 0.9763  uniq 1e5     73 / 1e6    206  lin dims 40-40 (1 distinct)  n2631g dim 83  (E 5.9s, sample 8.8s, ci 22.1s)
  C2HNO_rxn4440_P      truncated  s4 E -202.95486381 corr  17.54%  p_HF 0.9763  uniq 1e5     77 / 1e6    217  lin dims 41-41 (1 distinct)  n2631g dim 88  (E 5.9s, sample 9.0s, ci 22.3s)
  C2HNO_rxn4440_P      cdf_lin    s0 E -201.97236975 corr -316.27%  p_HF 0.3101  uniq 1e5   8918 / 1e6  39133  lin dims 910-962 (10 distinct)  n2631g dim 3511  (E 5.9s, sample 9.5s, ci 17.7s)
  C2HNO_rxn4440_P      cdf_lin    s1 E -201.97236975 corr -316.27%  p_HF 0.3101  uniq 1e5   9004 / 1e6  38849  lin dims 910-972 (10 distinct)  n2631g dim 3533  (E 5.9s, sample 9.7s, ci 18.8s)
  C2HNO_rxn4440_P      cdf_lin    s2 E -201.97236975 corr -316.27%  p_HF 0.3101  uniq 1e5   8827 / 1e6  39148  lin dims 910-957 (10 distinct)  n2631g dim 3591  (E 5.9s, sample 9.6s, ci 18.2s)
  C2HNO_rxn4440_P      cdf_lin    s3 E -201.97236975 corr -316.27%  p_HF 0.3101  uniq 1e5   8932 / 1e6  39091  lin dims 926-960 (10 distinct)  n2631g dim 3578  (E 5.9s, sample 9.1s, ci 18.5s)
  C2HNO_rxn4440_P      cdf_lin    s4 E -201.97236975 corr -316.27%  p_HF 0.3101  uniq 1e5   8991 / 1e6  39132  lin dims 894-946 (10 distinct)  n2631g dim 3554  (E 5.9s, sample 9.9s, ci 17.5s)
  C2HNO_rxn4440_R      pre4       s0 E -203.06379629 corr  56.37%  p_HF 0.8397  uniq 1e5   1714 / 1e6   6776  lin dims 494-494 (1 distinct)  n2631g dim 1224  (E 6.9s, sample 8.8s, ci 24.5s)
  C2HNO_rxn4440_R      pre4       s1 E -203.06379629 corr  56.37%  p_HF 0.8397  uniq 1e5   1721 / 1e6   6778  lin dims 472-472 (1 distinct)  n2631g dim 1226  (E 6.9s, sample 8.9s, ci 20.5s)
  C2HNO_rxn4440_R      pre4       s2 E -203.06379629 corr  56.37%  p_HF 0.8397  uniq 1e5   1690 / 1e6   6786  lin dims 482-482 (1 distinct)  n2631g dim 1223  (E 6.9s, sample 9.1s, ci 19.5s)
  C2HNO_rxn4440_R      pre4       s3 E -203.06379629 corr  56.37%  p_HF 0.8397  uniq 1e5   1687 / 1e6   6757  lin dims 476-476 (1 distinct)  n2631g dim 1211  (E 6.9s, sample 9.2s, ci 20.5s)
  C2HNO_rxn4440_R      pre4       s4 E -203.06379629 corr  56.37%  p_HF 0.8397  uniq 1e5   1643 / 1e6   6735  lin dims 495-495 (1 distinct)  n2631g dim 1225  (E 6.9s, sample 8.8s, ci 20.7s)
  C2HNO_rxn4440_R      rl4L       s0 E -203.11244108 corr  73.27%  p_HF 0.8530  uniq 1e5   2033 / 1e6   8033  lin dims 608-608 (1 distinct)  n2631g dim 1571  (E 7.0s, sample 8.8s, ci 23.1s)
  C2HNO_rxn4440_R      rl4L       s1 E -203.11244108 corr  73.27%  p_HF 0.8530  uniq 1e5   1971 / 1e6   7938  lin dims 571-571 (1 distinct)  n2631g dim 1540  (E 7.0s, sample 8.9s, ci 22.2s)
  C2HNO_rxn4440_R      rl4L       s2 E -203.11244108 corr  73.27%  p_HF 0.8530  uniq 1e5   2055 / 1e6   7976  lin dims 606-606 (1 distinct)  n2631g dim 1524  (E 7.0s, sample 8.9s, ci 22.0s)
  C2HNO_rxn4440_R      rl4L       s3 E -203.11244108 corr  73.27%  p_HF 0.8530  uniq 1e5   2006 / 1e6   7933  lin dims 594-594 (1 distinct)  n2631g dim 1503  (E 7.0s, sample 9.3s, ci 21.3s)
  C2HNO_rxn4440_R      rl4L       s4 E -203.11244108 corr  73.27%  p_HF 0.8530  uniq 1e5   1927 / 1e6   7933  lin dims 584-584 (1 distinct)  n2631g dim 1569  (E 7.0s, sample 9.1s, ci 20.2s)
  C2HNO_rxn4440_R      rl4n29f    s0 E -203.10718354 corr  71.44%  p_HF 0.8777  uniq 1e5   1645 / 1e6   6353  lin dims 477-477 (1 distinct)  n2631g dim 1224  (E 7.0s, sample 9.0s, ci 21.3s)
  C2HNO_rxn4440_R      rl4n29f    s1 E -203.10718354 corr  71.44%  p_HF 0.8777  uniq 1e5   1631 / 1e6   6328  lin dims 479-479 (1 distinct)  n2631g dim 1207  (E 7.0s, sample 9.0s, ci 19.6s)
  C2HNO_rxn4440_R      rl4n29f    s2 E -203.10718354 corr  71.44%  p_HF 0.8777  uniq 1e5   1634 / 1e6   6248  lin dims 471-471 (1 distinct)  n2631g dim 1174  (E 7.0s, sample 8.7s, ci 23.9s)
  C2HNO_rxn4440_R      rl4n29f    s3 E -203.10718354 corr  71.44%  p_HF 0.8777  uniq 1e5   1631 / 1e6   6281  lin dims 477-477 (1 distinct)  n2631g dim 1211  (E 7.0s, sample 8.8s, ci 21.3s)
  C2HNO_rxn4440_R      rl4n29f    s4 E -203.10718354 corr  71.44%  p_HF 0.8777  uniq 1e5   1632 / 1e6   6360  lin dims 448-448 (1 distinct)  n2631g dim 1218  (E 7.0s, sample 8.8s, ci 20.7s)
  C2HNO_rxn4440_R      label      s0 E -203.07873129 corr  61.56%  p_HF 0.8334  uniq 1e5   1979 / 1e6   8070  lin dims 554-554 (1 distinct)  n2631g dim 1383  (E 7.0s, sample 9.3s, ci 21.1s)
  C2HNO_rxn4440_R      label      s1 E -203.07873129 corr  61.56%  p_HF 0.8334  uniq 1e5   1990 / 1e6   8015  lin dims 546-546 (1 distinct)  n2631g dim 1372  (E 7.0s, sample 8.7s, ci 20.7s)
  C2HNO_rxn4440_R      label      s2 E -203.07873129 corr  61.56%  p_HF 0.8334  uniq 1e5   1993 / 1e6   8074  lin dims 533-533 (1 distinct)  n2631g dim 1381  (E 7.0s, sample 8.9s, ci 18.2s)
  C2HNO_rxn4440_R      label      s3 E -203.07873129 corr  61.56%  p_HF 0.8334  uniq 1e5   2003 / 1e6   8121  lin dims 527-527 (1 distinct)  n2631g dim 1344  (E 7.0s, sample 8.7s, ci 20.1s)
  C2HNO_rxn4440_R      label      s4 E -203.07873129 corr  61.56%  p_HF 0.8334  uniq 1e5   2013 / 1e6   8077  lin dims 560-560 (1 distinct)  n2631g dim 1345  (E 7.0s, sample 8.8s, ci 21.6s)
  C2HNO_rxn4440_R      truncated  s0 E -202.95086684 corr  17.14%  p_HF 0.9846  uniq 1e5    139 / 1e6    337  lin dims 73-73 (1 distinct)  n2631g dim 143  (E 7.0s, sample 8.8s, ci 19.5s)
  C2HNO_rxn4440_R      truncated  s1 E -202.95086684 corr  17.14%  p_HF 0.9846  uniq 1e5    119 / 1e6    329  lin dims 60-60 (1 distinct)  n2631g dim 140  (E 7.0s, sample 8.9s, ci 21.6s)
  C2HNO_rxn4440_R      truncated  s2 E -202.95086684 corr  17.14%  p_HF 0.9846  uniq 1e5    125 / 1e6    328  lin dims 65-65 (1 distinct)  n2631g dim 138  (E 7.0s, sample 9.0s, ci 24.3s)
  C2HNO_rxn4440_R      truncated  s3 E -202.95086684 corr  17.14%  p_HF 0.9846  uniq 1e5    128 / 1e6    305  lin dims 63-63 (1 distinct)  n2631g dim 130  (E 7.0s, sample 9.3s, ci 19.9s)
  C2HNO_rxn4440_R      truncated  s4 E -202.95086684 corr  17.14%  p_HF 0.9846  uniq 1e5    128 / 1e6    328  lin dims 67-67 (1 distinct)  n2631g dim 145  (E 7.0s, sample 10.4s, ci 20.6s)
  C2HNO_rxn4440_R      cdf_lin    s0 E -202.54983155 corr -122.18%  p_HF 0.5036  uniq 1e5   7177 / 1e6  33502  lin dims 1047-1096 (10 distinct)  n2631g dim 3824  (E 7.0s, sample 9.1s, ci 21.4s)
  C2HNO_rxn4440_R      cdf_lin    s1 E -202.54983155 corr -122.18%  p_HF 0.5036  uniq 1e5   7149 / 1e6  33283  lin dims 1045-1094 (10 distinct)  n2631g dim 3726  (E 7.0s, sample 9.2s, ci 17.7s)
  C2HNO_rxn4440_R      cdf_lin    s2 E -202.54983155 corr -122.18%  p_HF 0.5036  uniq 1e5   7041 / 1e6  33289  lin dims 1045-1088 (10 distinct)  n2631g dim 3757  (E 7.0s, sample 9.0s, ci 18.4s)
  C2HNO_rxn4440_R      cdf_lin    s3 E -202.54983155 corr -122.18%  p_HF 0.5036  uniq 1e5   7236 / 1e6  33514  lin dims 1020-1104 (10 distinct)  n2631g dim 3773  (E 7.0s, sample 9.1s, ci 18.9s)
  C2HNO_rxn4440_R      cdf_lin    s4 E -202.54983155 corr -122.18%  p_HF 0.5036  uniq 1e5   7209 / 1e6  33264  lin dims 1060-1098 (10 distinct)  n2631g dim 3758  (E 7.0s, sample 9.0s, ci 18.4s)
  C2HNO_rxn4440_TS     pre4       s0 E -202.85783863 corr  46.21%  p_HF 0.7818  uniq 1e5   2101 / 1e6   8583  lin dims 592-592 (1 distinct)  n2631g dim 1471  (E 6.9s, sample 9.0s, ci 20.9s)
  C2HNO_rxn4440_TS     pre4       s1 E -202.85783863 corr  46.21%  p_HF 0.7818  uniq 1e5   2184 / 1e6   8549  lin dims 590-590 (1 distinct)  n2631g dim 1428  (E 6.9s, sample 9.4s, ci 28.0s)
  C2HNO_rxn4440_TS     pre4       s2 E -202.85783863 corr  46.21%  p_HF 0.7818  uniq 1e5   2149 / 1e6   8478  lin dims 598-598 (1 distinct)  n2631g dim 1416  (E 6.9s, sample 9.0s, ci 21.2s)
  C2HNO_rxn4440_TS     pre4       s3 E -202.85783863 corr  46.21%  p_HF 0.7818  uniq 1e5   2080 / 1e6   8480  lin dims 576-576 (1 distinct)  n2631g dim 1424  (E 6.9s, sample 9.4s, ci 21.7s)
  C2HNO_rxn4440_TS     pre4       s4 E -202.85783863 corr  46.21%  p_HF 0.7818  uniq 1e5   2058 / 1e6   8498  lin dims 571-571 (1 distinct)  n2631g dim 1455  (E 6.9s, sample 8.9s, ci 25.0s)
  C2HNO_rxn4440_TS     rl4L       s0 E -202.92813197 corr  68.60%  p_HF 0.8114  uniq 1e5   2184 / 1e6   8994  lin dims 650-650 (1 distinct)  n2631g dim 1617  (E 6.9s, sample 8.8s, ci 23.4s)
  C2HNO_rxn4440_TS     rl4L       s1 E -202.92813197 corr  68.60%  p_HF 0.8114  uniq 1e5   2126 / 1e6   8946  lin dims 658-658 (1 distinct)  n2631g dim 1600  (E 6.9s, sample 8.8s, ci 18.3s)
  C2HNO_rxn4440_TS     rl4L       s2 E -202.92813197 corr  68.60%  p_HF 0.8114  uniq 1e5   2122 / 1e6   8949  lin dims 647-647 (1 distinct)  n2631g dim 1594  (E 6.9s, sample 9.0s, ci 24.1s)
  C2HNO_rxn4440_TS     rl4L       s3 E -202.92813197 corr  68.60%  p_HF 0.8114  uniq 1e5   2140 / 1e6   8965  lin dims 638-638 (1 distinct)  n2631g dim 1576  (E 6.9s, sample 9.0s, ci 22.1s)
  C2HNO_rxn4440_TS     rl4L       s4 E -202.92813197 corr  68.60%  p_HF 0.8114  uniq 1e5   2132 / 1e6   8942  lin dims 637-637 (1 distinct)  n2631g dim 1584  (E 6.9s, sample 9.2s, ci 21.5s)
  C2HNO_rxn4440_TS     rl4n29f    s0 E -202.92607462 corr  67.94%  p_HF 0.8410  uniq 1e5   1759 / 1e6   6958  lin dims 509-509 (1 distinct)  n2631g dim 1252  (E 7.0s, sample 8.8s, ci 21.5s)
  C2HNO_rxn4440_TS     rl4n29f    s1 E -202.92607462 corr  67.94%  p_HF 0.8410  uniq 1e5   1707 / 1e6   6771  lin dims 518-518 (1 distinct)  n2631g dim 1231  (E 7.0s, sample 8.9s, ci 22.5s)
  C2HNO_rxn4440_TS     rl4n29f    s2 E -202.92607462 corr  67.94%  p_HF 0.8410  uniq 1e5   1702 / 1e6   6856  lin dims 520-520 (1 distinct)  n2631g dim 1248  (E 7.0s, sample 8.9s, ci 20.0s)
  C2HNO_rxn4440_TS     rl4n29f    s3 E -202.92607462 corr  67.94%  p_HF 0.8410  uniq 1e5   1667 / 1e6   6837  lin dims 513-513 (1 distinct)  n2631g dim 1253  (E 7.0s, sample 9.2s, ci 21.3s)
  C2HNO_rxn4440_TS     rl4n29f    s4 E -202.92607462 corr  67.94%  p_HF 0.8410  uniq 1e5   1779 / 1e6   6905  lin dims 538-538 (1 distinct)  n2631g dim 1258  (E 7.0s, sample 8.8s, ci 19.8s)
  C2HNO_rxn4440_TS     label      s0 E -202.92329144 corr  67.06%  p_HF 0.8254  uniq 1e5   1946 / 1e6   8027  lin dims 588-588 (1 distinct)  n2631g dim 1401  (E 6.9s, sample 9.0s, ci 22.1s)
  C2HNO_rxn4440_TS     label      s1 E -202.92329144 corr  67.06%  p_HF 0.8254  uniq 1e5   1860 / 1e6   7944  lin dims 576-576 (1 distinct)  n2631g dim 1422  (E 6.9s, sample 8.9s, ci 20.9s)
  C2HNO_rxn4440_TS     label      s2 E -202.92329144 corr  67.06%  p_HF 0.8254  uniq 1e5   1908 / 1e6   7965  lin dims 562-562 (1 distinct)  n2631g dim 1407  (E 6.9s, sample 9.0s, ci 22.4s)
  C2HNO_rxn4440_TS     label      s3 E -202.92329144 corr  67.06%  p_HF 0.8254  uniq 1e5   1910 / 1e6   8096  lin dims 593-593 (1 distinct)  n2631g dim 1437  (E 6.9s, sample 8.9s, ci 22.1s)
  C2HNO_rxn4440_TS     label      s4 E -202.92329144 corr  67.06%  p_HF 0.8254  uniq 1e5   1953 / 1e6   7939  lin dims 584-584 (1 distinct)  n2631g dim 1416  (E 6.9s, sample 9.0s, ci 20.1s)
  C2HNO_rxn4440_TS     truncated  s0 E -202.76092838 corr  15.35%  p_HF 0.9698  uniq 1e5    173 / 1e6    465  lin dims 80-80 (1 distinct)  n2631g dim 170  (E 7.0s, sample 8.8s, ci 24.3s)
  C2HNO_rxn4440_TS     truncated  s1 E -202.76092838 corr  15.35%  p_HF 0.9698  uniq 1e5    164 / 1e6    455  lin dims 79-79 (1 distinct)  n2631g dim 159  (E 7.0s, sample 8.9s, ci 22.4s)
  C2HNO_rxn4440_TS     truncated  s2 E -202.76092838 corr  15.35%  p_HF 0.9698  uniq 1e5    159 / 1e6    456  lin dims 78-78 (1 distinct)  n2631g dim 165  (E 7.0s, sample 8.7s, ci 20.0s)
  C2HNO_rxn4440_TS     truncated  s3 E -202.76092838 corr  15.35%  p_HF 0.9698  uniq 1e5    167 / 1e6    452  lin dims 86-86 (1 distinct)  n2631g dim 165  (E 7.0s, sample 8.8s, ci 21.4s)
  C2HNO_rxn4440_TS     truncated  s4 E -202.76092838 corr  15.35%  p_HF 0.9698  uniq 1e5    153 / 1e6    469  lin dims 68-68 (1 distinct)  n2631g dim 166  (E 7.0s, sample 8.8s, ci 21.0s)
  C2HNO_rxn4440_TS     cdf_lin    s0 E -202.43687353 corr -87.84%  p_HF 0.4264  uniq 1e5   6757 / 1e6  29670  lin dims 909-953 (10 distinct)  n2631g dim 3082  (E 6.9s, sample 9.2s, ci 18.0s)
  C2HNO_rxn4440_TS     cdf_lin    s1 E -202.43687353 corr -87.84%  p_HF 0.4264  uniq 1e5   6726 / 1e6  29836  lin dims 908-961 (10 distinct)  n2631g dim 3056  (E 6.9s, sample 9.1s, ci 16.6s)
  C2HNO_rxn4440_TS     cdf_lin    s2 E -202.43687353 corr -87.84%  p_HF 0.4264  uniq 1e5   6723 / 1e6  29784  lin dims 902-949 (10 distinct)  n2631g dim 3049  (E 6.9s, sample 8.9s, ci 19.1s)
  C2HNO_rxn4440_TS     cdf_lin    s3 E -202.43687353 corr -87.84%  p_HF 0.4264  uniq 1e5   6730 / 1e6  29642  lin dims 901-959 (10 distinct)  n2631g dim 3000  (E 6.9s, sample 8.9s, ci 18.9s)
  C2HNO_rxn4440_TS     cdf_lin    s4 E -202.43687353 corr -87.84%  p_HF 0.4264  uniq 1e5   6706 / 1e6  29623  lin dims 917-958 (10 distinct)  n2631g dim 3049  (E 6.9s, sample 9.2s, ci 19.5s)
  C2HNO_rxn4441_P      pre4       s0 E -203.01391342 corr  51.48%  p_HF 0.8367  uniq 1e5   1966 / 1e6   7680  lin dims 525-525 (1 distinct)  n2631g dim 1372  (E 7.0s, sample 8.7s, ci 21.3s)
  C2HNO_rxn4441_P      pre4       s1 E -203.01391342 corr  51.48%  p_HF 0.8367  uniq 1e5   1999 / 1e6   7640  lin dims 537-537 (1 distinct)  n2631g dim 1373  (E 7.0s, sample 8.7s, ci 23.3s)
  C2HNO_rxn4441_P      pre4       s2 E -203.01391342 corr  51.48%  p_HF 0.8367  uniq 1e5   1986 / 1e6   7645  lin dims 533-533 (1 distinct)  n2631g dim 1360  (E 7.0s, sample 9.1s, ci 23.2s)
  C2HNO_rxn4441_P      pre4       s3 E -203.01391342 corr  51.48%  p_HF 0.8367  uniq 1e5   1962 / 1e6   7711  lin dims 533-533 (1 distinct)  n2631g dim 1367  (E 7.0s, sample 9.7s, ci 20.1s)
  C2HNO_rxn4441_P      pre4       s4 E -203.01391342 corr  51.48%  p_HF 0.8367  uniq 1e5   1947 / 1e6   7712  lin dims 523-523 (1 distinct)  n2631g dim 1415  (E 7.0s, sample 10.4s, ci 19.1s)
  C2HNO_rxn4441_P      rl4L       s0 E -203.05163761 corr  65.72%  p_HF 0.8461  uniq 1e5   2277 / 1e6   8974  lin dims 638-638 (1 distinct)  n2631g dim 1643  (E 7.0s, sample 9.1s, ci 20.2s)
  C2HNO_rxn4441_P      rl4L       s1 E -203.05163761 corr  65.72%  p_HF 0.8461  uniq 1e5   2290 / 1e6   9079  lin dims 657-657 (1 distinct)  n2631g dim 1688  (E 7.0s, sample 8.9s, ci 24.6s)
  C2HNO_rxn4441_P      rl4L       s2 E -203.05163761 corr  65.72%  p_HF 0.8461  uniq 1e5   2276 / 1e6   8986  lin dims 636-636 (1 distinct)  n2631g dim 1676  (E 7.0s, sample 9.0s, ci 19.8s)
  C2HNO_rxn4441_P      rl4L       s3 E -203.05163761 corr  65.72%  p_HF 0.8461  uniq 1e5   2274 / 1e6   9034  lin dims 643-643 (1 distinct)  n2631g dim 1689  (E 7.0s, sample 8.9s, ci 21.8s)
  C2HNO_rxn4441_P      rl4L       s4 E -203.05163761 corr  65.72%  p_HF 0.8461  uniq 1e5   2272 / 1e6   9047  lin dims 636-636 (1 distinct)  n2631g dim 1671  (E 7.0s, sample 8.7s, ci 22.5s)
  C2HNO_rxn4441_P      rl4n29f    s0 E -203.04587666 corr  63.55%  p_HF 0.8675  uniq 1e5   1867 / 1e6   7154  lin dims 504-504 (1 distinct)  n2631g dim 1305  (E 7.0s, sample 8.8s, ci 20.6s)
  C2HNO_rxn4441_P      rl4n29f    s1 E -203.04587666 corr  63.55%  p_HF 0.8675  uniq 1e5   1938 / 1e6   7155  lin dims 520-520 (1 distinct)  n2631g dim 1294  (E 7.0s, sample 8.9s, ci 25.7s)
  C2HNO_rxn4441_P      rl4n29f    s2 E -203.04587666 corr  63.55%  p_HF 0.8675  uniq 1e5   1837 / 1e6   7192  lin dims 506-506 (1 distinct)  n2631g dim 1315  (E 7.0s, sample 10.1s, ci 25.5s)
  C2HNO_rxn4441_P      rl4n29f    s3 E -203.04587666 corr  63.55%  p_HF 0.8675  uniq 1e5   1918 / 1e6   7226  lin dims 519-519 (1 distinct)  n2631g dim 1298  (E 7.0s, sample 9.1s, ci 21.8s)
  C2HNO_rxn4441_P      rl4n29f    s4 E -203.04587666 corr  63.55%  p_HF 0.8675  uniq 1e5   1885 / 1e6   7267  lin dims 488-488 (1 distinct)  n2631g dim 1299  (E 7.0s, sample 8.8s, ci 19.9s)
  C2HNO_rxn4441_P      label      s0 E -203.05172633 corr  65.75%  p_HF 0.8475  uniq 1e5   2198 / 1e6   8679  lin dims 572-572 (1 distinct)  n2631g dim 1553  (E 7.0s, sample 9.0s, ci 20.6s)
  C2HNO_rxn4441_P      label      s1 E -203.05172633 corr  65.75%  p_HF 0.8475  uniq 1e5   2192 / 1e6   8729  lin dims 589-589 (1 distinct)  n2631g dim 1533  (E 7.0s, sample 8.9s, ci 22.5s)
  C2HNO_rxn4441_P      label      s2 E -203.05172633 corr  65.75%  p_HF 0.8475  uniq 1e5   2185 / 1e6   8760  lin dims 619-619 (1 distinct)  n2631g dim 1487  (E 7.0s, sample 9.0s, ci 22.2s)
  C2HNO_rxn4441_P      label      s3 E -203.05172633 corr  65.75%  p_HF 0.8475  uniq 1e5   2264 / 1e6   8699  lin dims 615-615 (1 distinct)  n2631g dim 1486  (E 7.0s, sample 8.8s, ci 21.0s)
  C2HNO_rxn4441_P      label      s4 E -203.05172633 corr  65.75%  p_HF 0.8475  uniq 1e5   2221 / 1e6   8740  lin dims 593-593 (1 distinct)  n2631g dim 1533  (E 7.0s, sample 8.8s, ci 19.0s)
  C2HNO_rxn4441_P      truncated  s0 E -202.91330194 corr  13.48%  p_HF 0.9750  uniq 1e5    160 / 1e6    486  lin dims 87-87 (1 distinct)  n2631g dim 191  (E 7.1s, sample 8.8s, ci 21.5s)
  C2HNO_rxn4441_P      truncated  s1 E -202.91330194 corr  13.48%  p_HF 0.9750  uniq 1e5    153 / 1e6    446  lin dims 82-82 (1 distinct)  n2631g dim 188  (E 7.1s, sample 8.9s, ci 20.2s)
  C2HNO_rxn4441_P      truncated  s2 E -202.91330194 corr  13.48%  p_HF 0.9750  uniq 1e5    150 / 1e6    487  lin dims 80-80 (1 distinct)  n2631g dim 201  (E 7.1s, sample 8.8s, ci 23.1s)
  C2HNO_rxn4441_P      truncated  s3 E -202.91330194 corr  13.48%  p_HF 0.9750  uniq 1e5    163 / 1e6    453  lin dims 93-93 (1 distinct)  n2631g dim 193  (E 7.1s, sample 8.8s, ci 26.5s)
  C2HNO_rxn4441_P      truncated  s4 E -202.91330194 corr  13.48%  p_HF 0.9750  uniq 1e5    154 / 1e6    491  lin dims 88-88 (1 distinct)  n2631g dim 207  (E 7.1s, sample 8.9s, ci 19.8s)
  C2HNO_rxn4441_P      cdf_lin    s0 E -202.45888723 corr -158.12%  p_HF 0.4017  uniq 1e5   9044 / 1e6  41479  lin dims 993-1033 (10 distinct)  n2631g dim 3960  (E 7.0s, sample 9.2s, ci 20.0s)
  C2HNO_rxn4441_P      cdf_lin    s1 E -202.45888723 corr -158.12%  p_HF 0.4017  uniq 1e5   8979 / 1e6  41405  lin dims 965-998 (10 distinct)  n2631g dim 3887  (E 7.0s, sample 10.3s, ci 19.4s)
  C2HNO_rxn4441_P      cdf_lin    s2 E -202.45888723 corr -158.12%  p_HF 0.4017  uniq 1e5   8977 / 1e6  41357  lin dims 969-1026 (10 distinct)  n2631g dim 3901  (E 7.0s, sample 9.1s, ci 17.5s)
  C2HNO_rxn4441_P      cdf_lin    s3 E -202.45888723 corr -158.12%  p_HF 0.4017  uniq 1e5   8900 / 1e6  41304  lin dims 958-1021 (10 distinct)  n2631g dim 3905  (E 7.0s, sample 10.4s, ci 16.3s)
  C2HNO_rxn4441_P      cdf_lin    s4 E -202.45888723 corr -158.12%  p_HF 0.4017  uniq 1e5   8985 / 1e6  41603  lin dims 962-1005 (10 distinct)  n2631g dim 3898  (E 7.0s, sample 9.7s, ci 17.0s)
  C2HNO_rxn4441_R      pre4       s0 E -203.06379629 corr  56.37%  p_HF 0.8397  uniq 1e5   1714 / 1e6   6776  lin dims 494-494 (1 distinct)  n2631g dim 1224  (E 7.0s, sample 8.7s, ci 19.9s)
  C2HNO_rxn4441_R      pre4       s1 E -203.06379629 corr  56.37%  p_HF 0.8397  uniq 1e5   1721 / 1e6   6778  lin dims 472-472 (1 distinct)  n2631g dim 1226  (E 7.0s, sample 8.7s, ci 22.6s)
  C2HNO_rxn4441_R      pre4       s2 E -203.06379629 corr  56.37%  p_HF 0.8397  uniq 1e5   1690 / 1e6   6786  lin dims 482-482 (1 distinct)  n2631g dim 1223  (E 7.0s, sample 9.0s, ci 18.2s)
  C2HNO_rxn4441_R      pre4       s3 E -203.06379629 corr  56.37%  p_HF 0.8397  uniq 1e5   1687 / 1e6   6757  lin dims 476-476 (1 distinct)  n2631g dim 1211  (E 7.0s, sample 8.7s, ci 20.1s)
  C2HNO_rxn4441_R      pre4       s4 E -203.06379629 corr  56.37%  p_HF 0.8397  uniq 1e5   1643 / 1e6   6735  lin dims 495-495 (1 distinct)  n2631g dim 1225  (E 7.0s, sample 8.8s, ci 20.3s)
  C2HNO_rxn4441_R      rl4L       s0 E -203.11244108 corr  73.27%  p_HF 0.8530  uniq 1e5   2033 / 1e6   8033  lin dims 608-608 (1 distinct)  n2631g dim 1571  (E 7.0s, sample 8.8s, ci 19.0s)
  C2HNO_rxn4441_R      rl4L       s1 E -203.11244108 corr  73.27%  p_HF 0.8530  uniq 1e5   1971 / 1e6   7938  lin dims 571-571 (1 distinct)  n2631g dim 1540  (E 7.0s, sample 8.8s, ci 18.3s)
  C2HNO_rxn4441_R      rl4L       s2 E -203.11244108 corr  73.27%  p_HF 0.8530  uniq 1e5   2055 / 1e6   7976  lin dims 606-606 (1 distinct)  n2631g dim 1524  (E 7.0s, sample 9.2s, ci 20.2s)
  C2HNO_rxn4441_R      rl4L       s3 E -203.11244108 corr  73.27%  p_HF 0.8530  uniq 1e5   2006 / 1e6   7933  lin dims 594-594 (1 distinct)  n2631g dim 1503  (E 7.0s, sample 8.8s, ci 20.4s)
  C2HNO_rxn4441_R      rl4L       s4 E -203.11244108 corr  73.27%  p_HF 0.8530  uniq 1e5   1927 / 1e6   7933  lin dims 584-584 (1 distinct)  n2631g dim 1569  (E 7.0s, sample 8.8s, ci 19.8s)
  C2HNO_rxn4441_R      rl4n29f    s0 E -203.10718354 corr  71.44%  p_HF 0.8777  uniq 1e5   1645 / 1e6   6353  lin dims 477-477 (1 distinct)  n2631g dim 1224  (E 7.0s, sample 8.7s, ci 18.6s)
  C2HNO_rxn4441_R      rl4n29f    s1 E -203.10718354 corr  71.44%  p_HF 0.8777  uniq 1e5   1631 / 1e6   6328  lin dims 479-479 (1 distinct)  n2631g dim 1207  (E 7.0s, sample 8.7s, ci 19.0s)
  C2HNO_rxn4441_R      rl4n29f    s2 E -203.10718354 corr  71.44%  p_HF 0.8777  uniq 1e5   1634 / 1e6   6248  lin dims 471-471 (1 distinct)  n2631g dim 1174  (E 7.0s, sample 8.7s, ci 20.0s)
  C2HNO_rxn4441_R      rl4n29f    s3 E -203.10718354 corr  71.44%  p_HF 0.8777  uniq 1e5   1631 / 1e6   6281  lin dims 477-477 (1 distinct)  n2631g dim 1211  (E 7.0s, sample 8.7s, ci 19.8s)
  C2HNO_rxn4441_R      rl4n29f    s4 E -203.10718354 corr  71.44%  p_HF 0.8777  uniq 1e5   1632 / 1e6   6360  lin dims 448-448 (1 distinct)  n2631g dim 1218  (E 7.0s, sample 8.7s, ci 18.0s)
  C2HNO_rxn4441_R      label      s0 E -203.07873129 corr  61.56%  p_HF 0.8334  uniq 1e5   1979 / 1e6   8070  lin dims 554-554 (1 distinct)  n2631g dim 1383  (E 7.0s, sample 8.7s, ci 19.3s)
  C2HNO_rxn4441_R      label      s1 E -203.07873129 corr  61.56%  p_HF 0.8334  uniq 1e5   1990 / 1e6   8015  lin dims 546-546 (1 distinct)  n2631g dim 1372  (E 7.0s, sample 8.8s, ci 23.0s)
  C2HNO_rxn4441_R      label      s2 E -203.07873129 corr  61.56%  p_HF 0.8334  uniq 1e5   1993 / 1e6   8074  lin dims 533-533 (1 distinct)  n2631g dim 1381  (E 7.0s, sample 8.8s, ci 21.1s)
  C2HNO_rxn4441_R      label      s3 E -203.07873129 corr  61.56%  p_HF 0.8334  uniq 1e5   2003 / 1e6   8121  lin dims 527-527 (1 distinct)  n2631g dim 1344  (E 7.0s, sample 8.7s, ci 19.2s)
  C2HNO_rxn4441_R      label      s4 E -203.07873129 corr  61.56%  p_HF 0.8334  uniq 1e5   2013 / 1e6   8077  lin dims 560-560 (1 distinct)  n2631g dim 1345  (E 7.0s, sample 8.7s, ci 20.0s)
  C2HNO_rxn4441_R      truncated  s0 E -202.95086684 corr  17.14%  p_HF 0.9846  uniq 1e5    139 / 1e6    337  lin dims 73-73 (1 distinct)  n2631g dim 143  (E 7.0s, sample 8.6s, ci 20.7s)
  C2HNO_rxn4441_R      truncated  s1 E -202.95086684 corr  17.14%  p_HF 0.9846  uniq 1e5    119 / 1e6    329  lin dims 60-60 (1 distinct)  n2631g dim 140  (E 7.0s, sample 8.6s, ci 19.9s)
  C2HNO_rxn4441_R      truncated  s2 E -202.95086684 corr  17.14%  p_HF 0.9846  uniq 1e5    125 / 1e6    328  lin dims 65-65 (1 distinct)  n2631g dim 138  (E 7.0s, sample 8.6s, ci 22.2s)
  C2HNO_rxn4441_R      truncated  s3 E -202.95086684 corr  17.14%  p_HF 0.9846  uniq 1e5    128 / 1e6    305  lin dims 63-63 (1 distinct)  n2631g dim 130  (E 7.0s, sample 8.6s, ci 20.8s)
  C2HNO_rxn4441_R      truncated  s4 E -202.95086684 corr  17.14%  p_HF 0.9846  uniq 1e5    128 / 1e6    328  lin dims 67-67 (1 distinct)  n2631g dim 145  (E 7.0s, sample 8.6s, ci 19.6s)
  C2HNO_rxn4441_R      cdf_lin    s0 E -202.54983155 corr -122.18%  p_HF 0.5036  uniq 1e5   7177 / 1e6  33502  lin dims 1047-1096 (10 distinct)  n2631g dim 3824  (E 7.0s, sample 9.0s, ci 17.2s)
  C2HNO_rxn4441_R      cdf_lin    s1 E -202.54983155 corr -122.18%  p_HF 0.5036  uniq 1e5   7149 / 1e6  33283  lin dims 1045-1094 (10 distinct)  n2631g dim 3726  (E 7.0s, sample 9.0s, ci 17.3s)
  C2HNO_rxn4441_R      cdf_lin    s2 E -202.54983155 corr -122.18%  p_HF 0.5036  uniq 1e5   7041 / 1e6  33289  lin dims 1045-1088 (10 distinct)  n2631g dim 3757  (E 7.0s, sample 9.0s, ci 17.7s)
  C2HNO_rxn4441_R      cdf_lin    s3 E -202.54983155 corr -122.18%  p_HF 0.5036  uniq 1e5   7236 / 1e6  33514  lin dims 1020-1104 (10 distinct)  n2631g dim 3773  (E 7.0s, sample 9.0s, ci 17.7s)
  C2HNO_rxn4441_R      cdf_lin    s4 E -202.54983155 corr -122.18%  p_HF 0.5036  uniq 1e5   7209 / 1e6  33264  lin dims 1060-1098 (10 distinct)  n2631g dim 3758  (E 7.0s, sample 9.1s, ci 17.3s)
  C2HNO_rxn4441_TS     pre4       s0 E -202.92578148 corr  46.58%  p_HF 0.8192  uniq 1e5   2392 / 1e6  10054  lin dims 644-644 (1 distinct)  n2631g dim 1575  (E 7.0s, sample 8.7s, ci 18.8s)
  C2HNO_rxn4441_TS     pre4       s1 E -202.92578148 corr  46.58%  p_HF 0.8192  uniq 1e5   2442 / 1e6   9923  lin dims 649-649 (1 distinct)  n2631g dim 1544  (E 7.0s, sample 8.8s, ci 19.9s)
  C2HNO_rxn4441_TS     pre4       s2 E -202.92578148 corr  46.58%  p_HF 0.8192  uniq 1e5   2463 / 1e6   9963  lin dims 644-644 (1 distinct)  n2631g dim 1576  (E 7.0s, sample 8.8s, ci 19.6s)
  C2HNO_rxn4441_TS     pre4       s3 E -202.92578148 corr  46.58%  p_HF 0.8192  uniq 1e5   2419 / 1e6   9941  lin dims 637-637 (1 distinct)  n2631g dim 1561  (E 7.0s, sample 8.8s, ci 19.4s)
  C2HNO_rxn4441_TS     pre4       s4 E -202.92578148 corr  46.58%  p_HF 0.8192  uniq 1e5   2358 / 1e6  10022  lin dims 633-633 (1 distinct)  n2631g dim 1598  (E 7.0s, sample 8.7s, ci 18.8s)
  C2HNO_rxn4441_TS     rl4L       s0 E -202.98279657 corr  67.08%  p_HF 0.8367  uniq 1e5   2613 / 1e6  10908  lin dims 741-741 (1 distinct)  n2631g dim 1832  (E 7.1s, sample 8.8s, ci 22.1s)
  C2HNO_rxn4441_TS     rl4L       s1 E -202.98279657 corr  67.08%  p_HF 0.8367  uniq 1e5   2631 / 1e6  10850  lin dims 744-744 (1 distinct)  n2631g dim 1858  (E 7.1s, sample 8.7s, ci 22.6s)
  C2HNO_rxn4441_TS     rl4L       s2 E -202.98279657 corr  67.08%  p_HF 0.8367  uniq 1e5   2587 / 1e6  10771  lin dims 738-738 (1 distinct)  n2631g dim 1816  (E 7.1s, sample 8.8s, ci 21.5s)
  C2HNO_rxn4441_TS     rl4L       s3 E -202.98279657 corr  67.08%  p_HF 0.8367  uniq 1e5   2611 / 1e6  10895  lin dims 733-733 (1 distinct)  n2631g dim 1836  (E 7.1s, sample 8.7s, ci 21.9s)
  C2HNO_rxn4441_TS     rl4L       s4 E -202.98279657 corr  67.08%  p_HF 0.8367  uniq 1e5   2645 / 1e6  10882  lin dims 728-728 (1 distinct)  n2631g dim 1836  (E 7.1s, sample 8.7s, ci 19.9s)
  C2HNO_rxn4441_TS     rl4n29f    s0 E -202.98515418 corr  67.92%  p_HF 0.8643  uniq 1e5   2095 / 1e6   8466  lin dims 578-578 (1 distinct)  n2631g dim 1449  (E 7.1s, sample 8.8s, ci 19.4s)
  C2HNO_rxn4441_TS     rl4n29f    s1 E -202.98515418 corr  67.92%  p_HF 0.8643  uniq 1e5   2134 / 1e6   8501  lin dims 595-595 (1 distinct)  n2631g dim 1485  (E 7.1s, sample 8.8s, ci 19.6s)
  C2HNO_rxn4441_TS     rl4n29f    s2 E -202.98515418 corr  67.92%  p_HF 0.8643  uniq 1e5   2160 / 1e6   8496  lin dims 586-586 (1 distinct)  n2631g dim 1450  (E 7.1s, sample 8.7s, ci 19.2s)
  C2HNO_rxn4441_TS     rl4n29f    s3 E -202.98515418 corr  67.92%  p_HF 0.8643  uniq 1e5   2170 / 1e6   8477  lin dims 587-587 (1 distinct)  n2631g dim 1416  (E 7.1s, sample 8.7s, ci 21.2s)
  C2HNO_rxn4441_TS     rl4n29f    s4 E -202.98515418 corr  67.92%  p_HF 0.8643  uniq 1e5   2145 / 1e6   8455  lin dims 590-590 (1 distinct)  n2631g dim 1435  (E 7.1s, sample 8.8s, ci 19.1s)
  C2HNO_rxn4441_TS     label      s0 E -202.92423592 corr  46.03%  p_HF 0.8005  uniq 1e5   2703 / 1e6  11208  lin dims 649-649 (1 distinct)  n2631g dim 1588  (E 7.1s, sample 8.8s, ci 19.2s)
  C2HNO_rxn4441_TS     label      s1 E -202.92423592 corr  46.03%  p_HF 0.8005  uniq 1e5   2680 / 1e6  11123  lin dims 662-662 (1 distinct)  n2631g dim 1551  (E 7.1s, sample 8.7s, ci 19.2s)
  C2HNO_rxn4441_TS     label      s2 E -202.92423592 corr  46.03%  p_HF 0.8005  uniq 1e5   2622 / 1e6  10962  lin dims 623-623 (1 distinct)  n2631g dim 1532  (E 7.1s, sample 8.8s, ci 22.5s)
  C2HNO_rxn4441_TS     label      s3 E -202.92423592 corr  46.03%  p_HF 0.8005  uniq 1e5   2660 / 1e6  11076  lin dims 644-644 (1 distinct)  n2631g dim 1551  (E 7.1s, sample 8.8s, ci 21.3s)
  C2HNO_rxn4441_TS     label      s4 E -202.92423592 corr  46.03%  p_HF 0.8005  uniq 1e5   2741 / 1e6  11083  lin dims 676-676 (1 distinct)  n2631g dim 1563  (E 7.1s, sample 8.7s, ci 18.9s)
  C2HNO_rxn4441_TS     truncated  s0 E -202.82390150 corr   9.96%  p_HF 0.9666  uniq 1e5    252 / 1e6    871  lin dims 111-111 (1 distinct)  n2631g dim 297  (E 7.1s, sample 8.6s, ci 19.8s)
  C2HNO_rxn4441_TS     truncated  s1 E -202.82390150 corr   9.96%  p_HF 0.9666  uniq 1e5    261 / 1e6    869  lin dims 114-114 (1 distinct)  n2631g dim 295  (E 7.1s, sample 8.7s, ci 23.2s)
  C2HNO_rxn4441_TS     truncated  s2 E -202.82390150 corr   9.96%  p_HF 0.9666  uniq 1e5    265 / 1e6    891  lin dims 117-117 (1 distinct)  n2631g dim 312  (E 7.1s, sample 8.7s, ci 21.0s)
  C2HNO_rxn4441_TS     truncated  s3 E -202.82390150 corr   9.96%  p_HF 0.9666  uniq 1e5    268 / 1e6    860  lin dims 122-122 (1 distinct)  n2631g dim 306  (E 7.1s, sample 8.7s, ci 20.2s)
  C2HNO_rxn4441_TS     truncated  s4 E -202.82390150 corr   9.96%  p_HF 0.9666  uniq 1e5    267 / 1e6    896  lin dims 122-122 (1 distinct)  n2631g dim 304  (E 7.1s, sample 8.9s, ci 19.3s)
  C2HNO_rxn4441_TS     cdf_lin    s0 E -202.57485586 corr -79.57%  p_HF 0.4973  uniq 1e5   7581 / 1e6  33320  lin dims 933-968 (10 distinct)  n2631g dim 3198  (E 7.1s, sample 8.9s, ci 18.8s)
  C2HNO_rxn4441_TS     cdf_lin    s1 E -202.57485586 corr -79.57%  p_HF 0.4973  uniq 1e5   7491 / 1e6  33527  lin dims 943-979 (10 distinct)  n2631g dim 3206  (E 7.1s, sample 9.0s, ci 18.7s)
  C2HNO_rxn4441_TS     cdf_lin    s2 E -202.57485586 corr -79.57%  p_HF 0.4973  uniq 1e5   7422 / 1e6  33319  lin dims 914-969 (10 distinct)  n2631g dim 3213  (E 7.1s, sample 8.9s, ci 17.6s)
  C2HNO_rxn4441_TS     cdf_lin    s3 E -202.57485586 corr -79.57%  p_HF 0.4973  uniq 1e5   7416 / 1e6  33516  lin dims 930-967 (10 distinct)  n2631g dim 3210  (E 7.1s, sample 9.5s, ci 19.7s)
  C2HNO_rxn4441_TS     cdf_lin    s4 E -202.57485586 corr -79.57%  p_HF 0.4973  uniq 1e5   7553 / 1e6  33546  lin dims 925-970 (10 distinct)  n2631g dim 3223  (E 7.1s, sample 9.2s, ci 17.5s)
  C2HNO_rxn4442_P      pre4       s0 E -202.93306833 corr  50.00%  p_HF 0.8389  uniq 1e5   1988 / 1e6   7864  lin dims 541-541 (1 distinct)  n2631g dim 1385  (E 7.0s, sample 8.7s, ci 19.3s)
  C2HNO_rxn4442_P      pre4       s1 E -202.93306833 corr  50.00%  p_HF 0.8389  uniq 1e5   1992 / 1e6   7906  lin dims 572-572 (1 distinct)  n2631g dim 1393  (E 7.0s, sample 8.8s, ci 20.4s)
  C2HNO_rxn4442_P      pre4       s2 E -202.93306833 corr  50.00%  p_HF 0.8389  uniq 1e5   2000 / 1e6   8082  lin dims 555-555 (1 distinct)  n2631g dim 1399  (E 7.0s, sample 9.4s, ci 20.8s)
  C2HNO_rxn4442_P      pre4       s3 E -202.93306833 corr  50.00%  p_HF 0.8389  uniq 1e5   1976 / 1e6   7935  lin dims 558-558 (1 distinct)  n2631g dim 1436  (E 7.0s, sample 8.8s, ci 22.3s)
  C2HNO_rxn4442_P      pre4       s4 E -202.93306833 corr  50.00%  p_HF 0.8389  uniq 1e5   2043 / 1e6   8032  lin dims 576-576 (1 distinct)  n2631g dim 1474  (E 7.0s, sample 8.8s, ci 19.3s)
  C2HNO_rxn4442_P      rl4L       s0 E -202.98705888 corr  70.88%  p_HF 0.8609  uniq 1e5   2125 / 1e6   8353  lin dims 634-634 (1 distinct)  n2631g dim 1576  (E 7.0s, sample 8.7s, ci 19.5s)
  C2HNO_rxn4442_P      rl4L       s1 E -202.98705888 corr  70.88%  p_HF 0.8609  uniq 1e5   2091 / 1e6   8146  lin dims 606-606 (1 distinct)  n2631g dim 1522  (E 7.0s, sample 8.9s, ci 18.2s)
  C2HNO_rxn4442_P      rl4L       s2 E -202.98705888 corr  70.88%  p_HF 0.8609  uniq 1e5   2117 / 1e6   8218  lin dims 626-626 (1 distinct)  n2631g dim 1532  (E 7.0s, sample 8.8s, ci 19.1s)
  C2HNO_rxn4442_P      rl4L       s3 E -202.98705888 corr  70.88%  p_HF 0.8609  uniq 1e5   2115 / 1e6   8290  lin dims 627-627 (1 distinct)  n2631g dim 1541  (E 7.0s, sample 8.8s, ci 20.2s)
  C2HNO_rxn4442_P      rl4L       s4 E -202.98705888 corr  70.88%  p_HF 0.8609  uniq 1e5   2118 / 1e6   8259  lin dims 627-627 (1 distinct)  n2631g dim 1540  (E 7.0s, sample 8.8s, ci 19.2s)
  C2HNO_rxn4442_P      rl4n29f    s0 E -202.97974080 corr  68.05%  p_HF 0.8776  uniq 1e5   1846 / 1e6   6727  lin dims 522-522 (1 distinct)  n2631g dim 1281  (E 7.1s, sample 9.6s, ci 18.4s)
  C2HNO_rxn4442_P      rl4n29f    s1 E -202.97974080 corr  68.05%  p_HF 0.8776  uniq 1e5   1703 / 1e6   6744  lin dims 488-488 (1 distinct)  n2631g dim 1249  (E 7.1s, sample 8.8s, ci 21.8s)
  C2HNO_rxn4442_P      rl4n29f    s2 E -202.97974080 corr  68.05%  p_HF 0.8776  uniq 1e5   1764 / 1e6   6648  lin dims 476-476 (1 distinct)  n2631g dim 1254  (E 7.1s, sample 8.7s, ci 19.6s)
  C2HNO_rxn4442_P      rl4n29f    s3 E -202.97974080 corr  68.05%  p_HF 0.8776  uniq 1e5   1721 / 1e6   6728  lin dims 497-497 (1 distinct)  n2631g dim 1257  (E 7.1s, sample 8.7s, ci 21.0s)
  C2HNO_rxn4442_P      rl4n29f    s4 E -202.97974080 corr  68.05%  p_HF 0.8776  uniq 1e5   1842 / 1e6   6794  lin dims 535-535 (1 distinct)  n2631g dim 1278  (E 7.1s, sample 9.0s, ci 21.5s)
  C2HNO_rxn4442_P      label      s0 E -202.98466825 corr  69.95%  p_HF 0.8627  uniq 1e5   2045 / 1e6   8352  lin dims 596-596 (1 distinct)  n2631g dim 1508  (E 7.0s, sample 8.8s, ci 19.8s)
  C2HNO_rxn4442_P      label      s1 E -202.98466825 corr  69.95%  p_HF 0.8627  uniq 1e5   2035 / 1e6   8335  lin dims 596-596 (1 distinct)  n2631g dim 1468  (E 7.0s, sample 8.9s, ci 20.4s)
  C2HNO_rxn4442_P      label      s2 E -202.98466825 corr  69.95%  p_HF 0.8627  uniq 1e5   2012 / 1e6   8368  lin dims 581-581 (1 distinct)  n2631g dim 1484  (E 7.0s, sample 9.5s, ci 21.1s)
  C2HNO_rxn4442_P      label      s3 E -202.98466825 corr  69.95%  p_HF 0.8627  uniq 1e5   2065 / 1e6   8278  lin dims 605-605 (1 distinct)  n2631g dim 1504  (E 7.0s, sample 9.1s, ci 18.7s)
  C2HNO_rxn4442_P      label      s4 E -202.98466825 corr  69.95%  p_HF 0.8627  uniq 1e5   2011 / 1e6   8236  lin dims 591-591 (1 distinct)  n2631g dim 1493  (E 7.0s, sample 8.8s, ci 20.0s)
  C2HNO_rxn4442_P      truncated  s0 E -202.85512272 corr  19.86%  p_HF 0.9728  uniq 1e5    183 / 1e6    455  lin dims 83-83 (1 distinct)  n2631g dim 160  (E 7.0s, sample 8.7s, ci 20.7s)
  C2HNO_rxn4442_P      truncated  s1 E -202.85512272 corr  19.86%  p_HF 0.9728  uniq 1e5    182 / 1e6    470  lin dims 81-81 (1 distinct)  n2631g dim 171  (E 7.0s, sample 8.8s, ci 20.9s)
  C2HNO_rxn4442_P      truncated  s2 E -202.85512272 corr  19.86%  p_HF 0.9728  uniq 1e5    185 / 1e6    466  lin dims 87-87 (1 distinct)  n2631g dim 160  (E 7.0s, sample 9.5s, ci 19.7s)
  C2HNO_rxn4442_P      truncated  s3 E -202.85512272 corr  19.86%  p_HF 0.9728  uniq 1e5    185 / 1e6    477  lin dims 93-93 (1 distinct)  n2631g dim 173  (E 7.0s, sample 8.7s, ci 23.7s)
  C2HNO_rxn4442_P      truncated  s4 E -202.85512272 corr  19.86%  p_HF 0.9728  uniq 1e5    176 / 1e6    434  lin dims 81-81 (1 distinct)  n2631g dim 158  (E 7.0s, sample 8.7s, ci 21.0s)
  C2HNO_rxn4442_P      cdf_lin    s0 E -202.47079531 corr -128.76%  p_HF 0.3093  uniq 1e5   9093 / 1e6  41715  lin dims 945-988 (10 distinct)  n2631g dim 3747  (E 7.0s, sample 9.0s, ci 19.3s)
  C2HNO_rxn4442_P      cdf_lin    s1 E -202.47079531 corr -128.76%  p_HF 0.3093  uniq 1e5   8959 / 1e6  41636  lin dims 919-961 (10 distinct)  n2631g dim 3718  (E 7.0s, sample 8.9s, ci 16.4s)
  C2HNO_rxn4442_P      cdf_lin    s2 E -202.47079531 corr -128.76%  p_HF 0.3093  uniq 1e5   8990 / 1e6  41532  lin dims 938-978 (10 distinct)  n2631g dim 3723  (E 7.0s, sample 9.1s, ci 17.6s)
  C2HNO_rxn4442_P      cdf_lin    s3 E -202.47079531 corr -128.76%  p_HF 0.3093  uniq 1e5   8981 / 1e6  41856  lin dims 935-996 (10 distinct)  n2631g dim 3760  (E 7.0s, sample 9.0s, ci 16.7s)
  C2HNO_rxn4442_P      cdf_lin    s4 E -202.47079531 corr -128.76%  p_HF 0.3093  uniq 1e5   9026 / 1e6  41611  lin dims 929-1010 (10 distinct)  n2631g dim 3738  (E 7.0s, sample 9.0s, ci 18.5s)
  C2HNO_rxn4442_R      pre4       s0 E -203.06379629 corr  56.37%  p_HF 0.8397  uniq 1e5   1714 / 1e6   6776  lin dims 494-494 (1 distinct)  n2631g dim 1224  (E 7.0s, sample 8.9s, ci 19.6s)
  C2HNO_rxn4442_R      pre4       s1 E -203.06379629 corr  56.37%  p_HF 0.8397  uniq 1e5   1721 / 1e6   6778  lin dims 472-472 (1 distinct)  n2631g dim 1226  (E 7.0s, sample 9.2s, ci 20.3s)
  C2HNO_rxn4442_R      pre4       s2 E -203.06379629 corr  56.37%  p_HF 0.8397  uniq 1e5   1690 / 1e6   6786  lin dims 482-482 (1 distinct)  n2631g dim 1223  (E 7.0s, sample 9.1s, ci 20.0s)
  C2HNO_rxn4442_R      pre4       s3 E -203.06379629 corr  56.37%  p_HF 0.8397  uniq 1e5   1687 / 1e6   6757  lin dims 476-476 (1 distinct)  n2631g dim 1211  (E 7.0s, sample 8.9s, ci 21.5s)
  C2HNO_rxn4442_R      pre4       s4 E -203.06379629 corr  56.37%  p_HF 0.8397  uniq 1e5   1643 / 1e6   6735  lin dims 495-495 (1 distinct)  n2631g dim 1225  (E 7.0s, sample 10.6s, ci 18.7s)
  C2HNO_rxn4442_R      rl4L       s0 E -203.11244108 corr  73.27%  p_HF 0.8530  uniq 1e5   2033 / 1e6   8033  lin dims 608-608 (1 distinct)  n2631g dim 1571  (E 7.0s, sample 8.7s, ci 20.1s)
  C2HNO_rxn4442_R      rl4L       s1 E -203.11244108 corr  73.27%  p_HF 0.8530  uniq 1e5   1971 / 1e6   7938  lin dims 571-571 (1 distinct)  n2631g dim 1540  (E 7.0s, sample 8.8s, ci 27.2s)
  C2HNO_rxn4442_R      rl4L       s2 E -203.11244108 corr  73.27%  p_HF 0.8530  uniq 1e5   2055 / 1e6   7976  lin dims 606-606 (1 distinct)  n2631g dim 1524  (E 7.0s, sample 8.9s, ci 20.8s)
  C2HNO_rxn4442_R      rl4L       s3 E -203.11244108 corr  73.27%  p_HF 0.8530  uniq 1e5   2006 / 1e6   7933  lin dims 594-594 (1 distinct)  n2631g dim 1503  (E 7.0s, sample 8.7s, ci 18.3s)
  C2HNO_rxn4442_R      rl4L       s4 E -203.11244108 corr  73.27%  p_HF 0.8530  uniq 1e5   1927 / 1e6   7933  lin dims 584-584 (1 distinct)  n2631g dim 1569  (E 7.0s, sample 9.4s, ci 20.5s)
  C2HNO_rxn4442_R      rl4n29f    s0 E -203.10718354 corr  71.44%  p_HF 0.8777  uniq 1e5   1645 / 1e6   6353  lin dims 477-477 (1 distinct)  n2631g dim 1224  (E 7.0s, sample 8.7s, ci 25.3s)
  C2HNO_rxn4442_R      rl4n29f    s1 E -203.10718354 corr  71.44%  p_HF 0.8777  uniq 1e5   1631 / 1e6   6328  lin dims 479-479 (1 distinct)  n2631g dim 1207  (E 7.0s, sample 8.7s, ci 21.6s)
  C2HNO_rxn4442_R      rl4n29f    s2 E -203.10718354 corr  71.44%  p_HF 0.8777  uniq 1e5   1634 / 1e6   6248  lin dims 471-471 (1 distinct)  n2631g dim 1174  (E 7.0s, sample 9.1s, ci 19.7s)
  C2HNO_rxn4442_R      rl4n29f    s3 E -203.10718354 corr  71.44%  p_HF 0.8777  uniq 1e5   1631 / 1e6   6281  lin dims 477-477 (1 distinct)  n2631g dim 1211  (E 7.0s, sample 9.3s, ci 20.4s)
  C2HNO_rxn4442_R      rl4n29f    s4 E -203.10718354 corr  71.44%  p_HF 0.8777  uniq 1e5   1632 / 1e6   6360  lin dims 448-448 (1 distinct)  n2631g dim 1218  (E 7.0s, sample 9.0s, ci 20.0s)
  C2HNO_rxn4442_R      label      s0 E -203.07873129 corr  61.56%  p_HF 0.8334  uniq 1e5   1979 / 1e6   8070  lin dims 554-554 (1 distinct)  n2631g dim 1383  (E 7.0s, sample 8.8s, ci 21.8s)
  C2HNO_rxn4442_R      label      s1 E -203.07873129 corr  61.56%  p_HF 0.8334  uniq 1e5   1990 / 1e6   8015  lin dims 546-546 (1 distinct)  n2631g dim 1372  (E 7.0s, sample 8.7s, ci 18.6s)
  C2HNO_rxn4442_R      label      s2 E -203.07873129 corr  61.56%  p_HF 0.8334  uniq 1e5   1993 / 1e6   8074  lin dims 533-533 (1 distinct)  n2631g dim 1381  (E 7.0s, sample 8.8s, ci 20.7s)
  C2HNO_rxn4442_R      label      s3 E -203.07873129 corr  61.56%  p_HF 0.8334  uniq 1e5   2003 / 1e6   8121  lin dims 527-527 (1 distinct)  n2631g dim 1344  (E 7.0s, sample 8.8s, ci 21.2s)
  C2HNO_rxn4442_R      label      s4 E -203.07873129 corr  61.56%  p_HF 0.8334  uniq 1e5   2013 / 1e6   8077  lin dims 560-560 (1 distinct)  n2631g dim 1345  (E 7.0s, sample 8.9s, ci 21.7s)
  C2HNO_rxn4442_R      truncated  s0 E -202.95086684 corr  17.14%  p_HF 0.9846  uniq 1e5    139 / 1e6    337  lin dims 73-73 (1 distinct)  n2631g dim 143  (E 7.0s, sample 8.8s, ci 19.8s)
  C2HNO_rxn4442_R      truncated  s1 E -202.95086684 corr  17.14%  p_HF 0.9846  uniq 1e5    119 / 1e6    329  lin dims 60-60 (1 distinct)  n2631g dim 140  (E 7.0s, sample 8.7s, ci 21.8s)
  C2HNO_rxn4442_R      truncated  s2 E -202.95086684 corr  17.14%  p_HF 0.9846  uniq 1e5    125 / 1e6    328  lin dims 65-65 (1 distinct)  n2631g dim 138  (E 7.0s, sample 8.7s, ci 20.1s)
  C2HNO_rxn4442_R      truncated  s3 E -202.95086684 corr  17.14%  p_HF 0.9846  uniq 1e5    128 / 1e6    305  lin dims 63-63 (1 distinct)  n2631g dim 130  (E 7.0s, sample 8.8s, ci 21.3s)
  C2HNO_rxn4442_R      truncated  s4 E -202.95086684 corr  17.14%  p_HF 0.9846  uniq 1e5    128 / 1e6    328  lin dims 67-67 (1 distinct)  n2631g dim 145  (E 7.0s, sample 8.7s, ci 20.3s)
  C2HNO_rxn4442_R      cdf_lin    s0 E -202.54983155 corr -122.18%  p_HF 0.5036  uniq 1e5   7177 / 1e6  33502  lin dims 1047-1096 (10 distinct)  n2631g dim 3824  (E 7.0s, sample 9.0s, ci 17.4s)
  C2HNO_rxn4442_R      cdf_lin    s1 E -202.54983155 corr -122.18%  p_HF 0.5036  uniq 1e5   7149 / 1e6  33283  lin dims 1045-1094 (10 distinct)  n2631g dim 3726  (E 7.0s, sample 9.0s, ci 26.3s)
  C2HNO_rxn4442_R      cdf_lin    s2 E -202.54983155 corr -122.18%  p_HF 0.5036  uniq 1e5   7041 / 1e6  33289  lin dims 1045-1088 (10 distinct)  n2631g dim 3757  (E 7.0s, sample 9.2s, ci 19.4s)
  C2HNO_rxn4442_R      cdf_lin    s3 E -202.54983155 corr -122.18%  p_HF 0.5036  uniq 1e5   7236 / 1e6  33514  lin dims 1020-1104 (10 distinct)  n2631g dim 3773  (E 7.0s, sample 8.9s, ci 19.4s)
  C2HNO_rxn4442_R      cdf_lin    s4 E -202.54983155 corr -122.18%  p_HF 0.5036  uniq 1e5   7209 / 1e6  33264  lin dims 1060-1098 (10 distinct)  n2631g dim 3758  (E 7.0s, sample 9.3s, ci 22.0s)
  C2HNO_rxn4442_TS     pre4       s0 E -202.84262260 corr  43.35%  p_HF 0.7919  uniq 1e5   2816 / 1e6  11931  lin dims 711-711 (1 distinct)  n2631g dim 1734  (E 7.0s, sample 8.7s, ci 23.2s)
  C2HNO_rxn4442_TS     pre4       s1 E -202.84262260 corr  43.35%  p_HF 0.7919  uniq 1e5   2766 / 1e6  11716  lin dims 708-708 (1 distinct)  n2631g dim 1722  (E 7.0s, sample 8.9s, ci 20.4s)
  C2HNO_rxn4442_TS     pre4       s2 E -202.84262260 corr  43.35%  p_HF 0.7919  uniq 1e5   2783 / 1e6  11883  lin dims 736-736 (1 distinct)  n2631g dim 1761  (E 7.0s, sample 8.9s, ci 18.5s)
  C2HNO_rxn4442_TS     pre4       s3 E -202.84262260 corr  43.35%  p_HF 0.7919  uniq 1e5   2818 / 1e6  11811  lin dims 738-738 (1 distinct)  n2631g dim 1713  (E 7.0s, sample 8.9s, ci 19.6s)
  C2HNO_rxn4442_TS     pre4       s4 E -202.84262260 corr  43.35%  p_HF 0.7919  uniq 1e5   2777 / 1e6  11740  lin dims 712-712 (1 distinct)  n2631g dim 1755  (E 7.0s, sample 8.8s, ci 18.7s)
  C2HNO_rxn4442_TS     rl4L       s0 E -202.90211332 corr  63.86%  p_HF 0.8198  uniq 1e5   2866 / 1e6  11898  lin dims 754-754 (1 distinct)  n2631g dim 1889  (E 7.1s, sample 8.8s, ci 20.7s)
  C2HNO_rxn4442_TS     rl4L       s1 E -202.90211332 corr  63.86%  p_HF 0.8198  uniq 1e5   2800 / 1e6  11715  lin dims 728-728 (1 distinct)  n2631g dim 1842  (E 7.1s, sample 9.0s, ci 19.5s)
  C2HNO_rxn4442_TS     rl4L       s2 E -202.90211332 corr  63.86%  p_HF 0.8198  uniq 1e5   2781 / 1e6  11823  lin dims 731-731 (1 distinct)  n2631g dim 1897  (E 7.1s, sample 8.7s, ci 20.0s)
  C2HNO_rxn4442_TS     rl4L       s3 E -202.90211332 corr  63.86%  p_HF 0.8198  uniq 1e5   2805 / 1e6  11835  lin dims 753-753 (1 distinct)  n2631g dim 1886  (E 7.1s, sample 8.8s, ci 19.7s)
  C2HNO_rxn4442_TS     rl4L       s4 E -202.90211332 corr  63.86%  p_HF 0.8198  uniq 1e5   2874 / 1e6  11845  lin dims 768-768 (1 distinct)  n2631g dim 1845  (E 7.1s, sample 8.8s, ci 21.5s)
  C2HNO_rxn4442_TS     rl4n29f    s0 E -202.90307770 corr  64.19%  p_HF 0.8436  uniq 1e5   2408 / 1e6   9774  lin dims 622-622 (1 distinct)  n2631g dim 1615  (E 7.1s, sample 9.5s, ci 18.1s)
  C2HNO_rxn4442_TS     rl4n29f    s1 E -202.90307770 corr  64.19%  p_HF 0.8436  uniq 1e5   2445 / 1e6   9583  lin dims 639-639 (1 distinct)  n2631g dim 1574  (E 7.1s, sample 11.4s, ci 21.4s)
  C2HNO_rxn4442_TS     rl4n29f    s2 E -202.90307770 corr  64.19%  p_HF 0.8436  uniq 1e5   2433 / 1e6   9534  lin dims 638-638 (1 distinct)  n2631g dim 1553  (E 7.1s, sample 9.0s, ci 19.2s)
  C2HNO_rxn4442_TS     rl4n29f    s3 E -202.90307770 corr  64.19%  p_HF 0.8436  uniq 1e5   2426 / 1e6   9699  lin dims 637-637 (1 distinct)  n2631g dim 1585  (E 7.1s, sample 9.0s, ci 21.1s)
  C2HNO_rxn4442_TS     rl4n29f    s4 E -202.90307770 corr  64.19%  p_HF 0.8436  uniq 1e5   2415 / 1e6   9448  lin dims 607-607 (1 distinct)  n2631g dim 1549  (E 7.1s, sample 8.8s, ci 19.0s)
  C2HNO_rxn4442_TS     label      s0 E -202.87362402 corr  54.04%  p_HF 0.7933  uniq 1e5   2766 / 1e6  11961  lin dims 733-733 (1 distinct)  n2631g dim 1798  (E 7.1s, sample 8.9s, ci 19.7s)
  C2HNO_rxn4442_TS     label      s1 E -202.87362402 corr  54.04%  p_HF 0.7933  uniq 1e5   2838 / 1e6  11956  lin dims 719-719 (1 distinct)  n2631g dim 1736  (E 7.1s, sample 8.8s, ci 21.3s)
  C2HNO_rxn4442_TS     label      s2 E -202.87362402 corr  54.04%  p_HF 0.7933  uniq 1e5   2762 / 1e6  11860  lin dims 714-714 (1 distinct)  n2631g dim 1769  (E 7.1s, sample 8.8s, ci 21.5s)
  C2HNO_rxn4442_TS     label      s3 E -202.87362402 corr  54.04%  p_HF 0.7933  uniq 1e5   2901 / 1e6  11956  lin dims 748-748 (1 distinct)  n2631g dim 1771  (E 7.1s, sample 8.8s, ci 18.8s)
  C2HNO_rxn4442_TS     label      s4 E -202.87362402 corr  54.04%  p_HF 0.7933  uniq 1e5   2836 / 1e6  11923  lin dims 732-732 (1 distinct)  n2631g dim 1827  (E 7.1s, sample 8.7s, ci 22.9s)
  C2HNO_rxn4442_TS     truncated  s0 E -202.75460451 corr  13.00%  p_HF 0.9466  uniq 1e5    295 / 1e6    858  lin dims 132-132 (1 distinct)  n2631g dim 279  (E 7.1s, sample 8.9s, ci 22.8s)
  C2HNO_rxn4442_TS     truncated  s1 E -202.75460451 corr  13.00%  p_HF 0.9466  uniq 1e5    306 / 1e6    891  lin dims 130-130 (1 distinct)  n2631g dim 290  (E 7.1s, sample 8.7s, ci 20.0s)
  C2HNO_rxn4442_TS     truncated  s2 E -202.75460451 corr  13.00%  p_HF 0.9466  uniq 1e5    305 / 1e6    904  lin dims 133-133 (1 distinct)  n2631g dim 286  (E 7.1s, sample 8.7s, ci 19.7s)
  C2HNO_rxn4442_TS     truncated  s3 E -202.75460451 corr  13.00%  p_HF 0.9466  uniq 1e5    281 / 1e6    893  lin dims 125-125 (1 distinct)  n2631g dim 288  (E 7.1s, sample 9.0s, ci 21.8s)
  C2HNO_rxn4442_TS     truncated  s4 E -202.75460451 corr  13.00%  p_HF 0.9466  uniq 1e5    286 / 1e6    884  lin dims 127-127 (1 distinct)  n2631g dim 290  (E 7.1s, sample 9.3s, ci 20.1s)
  C2HNO_rxn4442_TS     cdf_lin    s0 E -202.59250110 corr -42.88%  p_HF 0.5409  uniq 1e5   6752 / 1e6  31256  lin dims 973-1021 (10 distinct)  n2631g dim 3311  (E 7.1s, sample 8.9s, ci 17.7s)
  C2HNO_rxn4442_TS     cdf_lin    s1 E -202.59250110 corr -42.88%  p_HF 0.5409  uniq 1e5   6730 / 1e6  30857  lin dims 983-1016 (10 distinct)  n2631g dim 3268  (E 7.1s, sample 8.9s, ci 17.5s)
  C2HNO_rxn4442_TS     cdf_lin    s2 E -202.59250110 corr -42.88%  p_HF 0.5409  uniq 1e5   6669 / 1e6  30782  lin dims 959-1005 (10 distinct)  n2631g dim 3238  (E 7.1s, sample 8.9s, ci 18.0s)
  C2HNO_rxn4442_TS     cdf_lin    s3 E -202.59250110 corr -42.88%  p_HF 0.5409  uniq 1e5   6790 / 1e6  31076  lin dims 971-994 (10 distinct)  n2631g dim 3233  (E 7.1s, sample 8.9s, ci 17.7s)
  C2HNO_rxn4442_TS     cdf_lin    s4 E -202.59250110 corr -42.88%  p_HF 0.5409  uniq 1e5   6662 / 1e6  31238  lin dims 959-997 (10 distinct)  n2631g dim 3262  (E 7.1s, sample 9.1s, ci 18.6s)
