/xuanwu-tank/east/fts/projects/transition-1x-analysis/ccsd_amplitudes/pretrain/.train_venv/lib/python3.11/site-packages/numba/cuda/dispatcher.py:537: NumbaPerformanceWarning: Grid size 100 will likely result in GPU under-utilization due to low occupancy.
  warn(NumbaPerformanceWarning(msg))
  C2H3N_rxn2858_P      pre4       s0 E -130.31822228 corr  62.53%  p_HF 0.8712  uniq 1e5   1577 / 1e6   5415  lin dims 386-386 (1 distinct)  n2631g dim 893  (E 2.7s, sample 1.4s, ci 18.7s)
  C2H3N_rxn2858_P      pre4       s1 E -130.31822228 corr  62.53%  p_HF 0.8712  uniq 1e5   1600 / 1e6   5432  lin dims 386-386 (1 distinct)  n2631g dim 920  (E 2.7s, sample 1.4s, ci 18.2s)
  C2H3N_rxn2858_P      pre4       s2 E -130.31822228 corr  62.53%  p_HF 0.8712  uniq 1e5   1542 / 1e6   5438  lin dims 380-380 (1 distinct)  n2631g dim 909  (E 2.7s, sample 1.4s, ci 19.3s)
  C2H3N_rxn2858_P      pre4       s3 E -130.31822228 corr  62.53%  p_HF 0.8712  uniq 1e5   1560 / 1e6   5414  lin dims 378-378 (1 distinct)  n2631g dim 913  (E 2.7s, sample 1.4s, ci 19.8s)
  C2H3N_rxn2858_P      pre4       s4 E -130.31822228 corr  62.53%  p_HF 0.8712  uniq 1e5   1593 / 1e6   5530  lin dims 396-396 (1 distinct)  n2631g dim 952  (E 2.7s, sample 1.4s, ci 19.6s)
  C2H3N_rxn2858_P      rl4L       s0 E -130.32485381 corr  65.51%  p_HF 0.8527  uniq 1e5   2048 / 1e6   7776  lin dims 520-520 (1 distinct)  n2631g dim 1208  (E 0.6s, sample 1.5s, ci 18.8s)
  C2H3N_rxn2858_P      rl4L       s1 E -130.32485381 corr  65.51%  p_HF 0.8527  uniq 1e5   2031 / 1e6   7666  lin dims 528-528 (1 distinct)  n2631g dim 1233  (E 0.6s, sample 1.5s, ci 17.4s)
  C2H3N_rxn2858_P      rl4L       s2 E -130.32485381 corr  65.51%  p_HF 0.8527  uniq 1e5   2054 / 1e6   7736  lin dims 520-520 (1 distinct)  n2631g dim 1189  (E 0.6s, sample 1.6s, ci 19.0s)
  C2H3N_rxn2858_P      rl4L       s3 E -130.32485381 corr  65.51%  p_HF 0.8527  uniq 1e5   2009 / 1e6   7625  lin dims 520-520 (1 distinct)  n2631g dim 1196  (E 0.6s, sample 1.5s, ci 18.7s)
  C2H3N_rxn2858_P      rl4L       s4 E -130.32485381 corr  65.51%  p_HF 0.8527  uniq 1e5   2077 / 1e6   7735  lin dims 531-531 (1 distinct)  n2631g dim 1201  (E 0.6s, sample 1.6s, ci 18.1s)
  C2H3N_rxn2858_P      rl4n29f    s0 E -130.33056366 corr  68.07%  p_HF 0.8730  uniq 1e5   1816 / 1e6   6531  lin dims 465-465 (1 distinct)  n2631g dim 1027  (E 0.6s, sample 1.4s, ci 17.2s)
  C2H3N_rxn2858_P      rl4n29f    s1 E -130.33056366 corr  68.07%  p_HF 0.8730  uniq 1e5   1835 / 1e6   6447  lin dims 447-447 (1 distinct)  n2631g dim 1010  (E 0.6s, sample 1.5s, ci 17.0s)
  C2H3N_rxn2858_P      rl4n29f    s2 E -130.33056366 corr  68.07%  p_HF 0.8730  uniq 1e5   1815 / 1e6   6474  lin dims 450-450 (1 distinct)  n2631g dim 1037  (E 0.6s, sample 1.5s, ci 18.2s)
  C2H3N_rxn2858_P      rl4n29f    s3 E -130.33056366 corr  68.07%  p_HF 0.8730  uniq 1e5   1801 / 1e6   6583  lin dims 452-452 (1 distinct)  n2631g dim 1058  (E 0.6s, sample 1.5s, ci 18.4s)
  C2H3N_rxn2858_P      rl4n29f    s4 E -130.33056366 corr  68.07%  p_HF 0.8730  uniq 1e5   1831 / 1e6   6446  lin dims 451-451 (1 distinct)  n2631g dim 998  (E 0.6s, sample 1.5s, ci 19.4s)
  C2H3N_rxn2858_P      label      s0 E -130.31670070 corr  61.84%  p_HF 0.8676  uniq 1e5   1745 / 1e6   6403  lin dims 448-448 (1 distinct)  n2631g dim 963  (E 0.6s, sample 1.5s, ci 19.6s)
  C2H3N_rxn2858_P      label      s1 E -130.31670070 corr  61.84%  p_HF 0.8676  uniq 1e5   1671 / 1e6   6390  lin dims 435-435 (1 distinct)  n2631g dim 943  (E 0.6s, sample 1.5s, ci 17.8s)
  C2H3N_rxn2858_P      label      s2 E -130.31670070 corr  61.84%  p_HF 0.8676  uniq 1e5   1699 / 1e6   6461  lin dims 430-430 (1 distinct)  n2631g dim 951  (E 0.6s, sample 1.5s, ci 18.5s)
  C2H3N_rxn2858_P      label      s3 E -130.31670070 corr  61.84%  p_HF 0.8676  uniq 1e5   1706 / 1e6   6458  lin dims 414-414 (1 distinct)  n2631g dim 935  (E 0.6s, sample 1.5s, ci 19.8s)
  C2H3N_rxn2858_P      label      s4 E -130.31670070 corr  61.84%  p_HF 0.8676  uniq 1e5   1736 / 1e6   6404  lin dims 445-445 (1 distinct)  n2631g dim 941  (E 0.6s, sample 1.6s, ci 18.4s)
  C2H3N_rxn2858_P      truncated  s0 E -130.20810992 corr  13.06%  p_HF 0.9852  uniq 1e5    156 / 1e6    427  lin dims 82-82 (1 distinct)  n2631g dim 154  (E 0.6s, sample 1.4s, ci 17.7s)
  C2H3N_rxn2858_P      truncated  s1 E -130.20810992 corr  13.06%  p_HF 0.9852  uniq 1e5    141 / 1e6    410  lin dims 73-73 (1 distinct)  n2631g dim 144  (E 0.6s, sample 1.9s, ci 19.4s)
  C2H3N_rxn2858_P      truncated  s2 E -130.20810992 corr  13.06%  p_HF 0.9852  uniq 1e5    144 / 1e6    409  lin dims 77-77 (1 distinct)  n2631g dim 151  (E 0.6s, sample 1.9s, ci 19.0s)
  C2H3N_rxn2858_P      truncated  s3 E -130.20810992 corr  13.06%  p_HF 0.9852  uniq 1e5    147 / 1e6    420  lin dims 81-81 (1 distinct)  n2631g dim 158  (E 0.6s, sample 1.9s, ci 27.3s)
  C2H3N_rxn2858_P      truncated  s4 E -130.20810992 corr  13.06%  p_HF 0.9852  uniq 1e5    156 / 1e6    413  lin dims 84-84 (1 distinct)  n2631g dim 145  (E 0.6s, sample 1.5s, ci 19.5s)
  C2H3N_rxn2858_P      cdf_lin    s0 E -128.00573774 corr -976.44%  p_HF 0.0536  uniq 1e5  17530 / 1e6  75741  lin dims 820-860 (10 distinct)  n2631g dim 3382  (E 0.6s, sample 2.0s, ci 18.9s)
  C2H3N_rxn2858_P      cdf_lin    s1 E -128.00573774 corr -976.44%  p_HF 0.0536  uniq 1e5  17440 / 1e6  75599  lin dims 803-841 (10 distinct)  n2631g dim 3373  (E 0.6s, sample 2.1s, ci 16.5s)
  C2H3N_rxn2858_P      cdf_lin    s2 E -128.00573774 corr -976.44%  p_HF 0.0536  uniq 1e5  17420 / 1e6  75615  lin dims 814-850 (10 distinct)  n2631g dim 3328  (E 0.6s, sample 2.1s, ci 16.4s)
  C2H3N_rxn2858_P      cdf_lin    s3 E -128.00573774 corr -976.44%  p_HF 0.0536  uniq 1e5  17734 / 1e6  75720  lin dims 783-851 (10 distinct)  n2631g dim 3368  (E 0.6s, sample 2.1s, ci 19.2s)
  C2H3N_rxn2858_P      cdf_lin    s4 E -128.00573774 corr -976.44%  p_HF 0.0536  uniq 1e5  17570 / 1e6  75565  lin dims 798-863 (10 distinct)  n2631g dim 3369  (E 0.6s, sample 2.7s, ci 14.3s)
  C2H3N_rxn2858_TS     pre4       s0 E -130.14682481 corr  62.42%  p_HF 0.7943  uniq 1e5   1730 / 1e6   6471  lin dims 407-407 (1 distinct)  n2631g dim 975  (E 0.6s, sample 1.5s, ci 17.8s)
  C2H3N_rxn2858_TS     pre4       s1 E -130.14682481 corr  62.42%  p_HF 0.7943  uniq 1e5   1741 / 1e6   6356  lin dims 413-413 (1 distinct)  n2631g dim 960  (E 0.6s, sample 1.5s, ci 17.9s)
  C2H3N_rxn2858_TS     pre4       s2 E -130.14682481 corr  62.42%  p_HF 0.7943  uniq 1e5   1738 / 1e6   6342  lin dims 420-420 (1 distinct)  n2631g dim 964  (E 0.6s, sample 1.5s, ci 18.2s)
  C2H3N_rxn2858_TS     pre4       s3 E -130.14682481 corr  62.42%  p_HF 0.7943  uniq 1e5   1735 / 1e6   6441  lin dims 397-397 (1 distinct)  n2631g dim 943  (E 0.6s, sample 1.5s, ci 18.8s)
  C2H3N_rxn2858_TS     pre4       s4 E -130.14682481 corr  62.42%  p_HF 0.7943  uniq 1e5   1772 / 1e6   6441  lin dims 410-410 (1 distinct)  n2631g dim 978  (E 0.6s, sample 1.5s, ci 18.2s)
  C2H3N_rxn2858_TS     rl4L       s0 E -130.16446394 corr  69.11%  p_HF 0.7915  uniq 1e5   2304 / 1e6   8921  lin dims 551-551 (1 distinct)  n2631g dim 1239  (E 0.6s, sample 1.5s, ci 17.3s)
  C2H3N_rxn2858_TS     rl4L       s1 E -130.16446394 corr  69.11%  p_HF 0.7915  uniq 1e5   2257 / 1e6   8656  lin dims 546-546 (1 distinct)  n2631g dim 1237  (E 0.6s, sample 1.5s, ci 19.8s)
  C2H3N_rxn2858_TS     rl4L       s2 E -130.16446394 corr  69.11%  p_HF 0.7915  uniq 1e5   2234 / 1e6   8609  lin dims 556-556 (1 distinct)  n2631g dim 1231  (E 0.6s, sample 2.1s, ci 17.7s)
  C2H3N_rxn2858_TS     rl4L       s3 E -130.16446394 corr  69.11%  p_HF 0.7915  uniq 1e5   2238 / 1e6   8725  lin dims 541-541 (1 distinct)  n2631g dim 1240  (E 0.6s, sample 1.7s, ci 18.5s)
  C2H3N_rxn2858_TS     rl4L       s4 E -130.16446394 corr  69.11%  p_HF 0.7915  uniq 1e5   2262 / 1e6   8691  lin dims 554-554 (1 distinct)  n2631g dim 1234  (E 0.6s, sample 1.5s, ci 18.3s)
  C2H3N_rxn2858_TS     rl4n29f    s0 E -130.16751564 corr  70.27%  p_HF 0.8188  uniq 1e5   2049 / 1e6   7753  lin dims 508-508 (1 distinct)  n2631g dim 1138  (E 0.6s, sample 1.5s, ci 17.5s)
  C2H3N_rxn2858_TS     rl4n29f    s1 E -130.16751564 corr  70.27%  p_HF 0.8188  uniq 1e5   2105 / 1e6   7568  lin dims 515-515 (1 distinct)  n2631g dim 1144  (E 0.6s, sample 1.5s, ci 17.3s)
  C2H3N_rxn2858_TS     rl4n29f    s2 E -130.16751564 corr  70.27%  p_HF 0.8188  uniq 1e5   2043 / 1e6   7596  lin dims 505-505 (1 distinct)  n2631g dim 1108  (E 0.6s, sample 1.5s, ci 18.6s)
  C2H3N_rxn2858_TS     rl4n29f    s3 E -130.16751564 corr  70.27%  p_HF 0.8188  uniq 1e5   2030 / 1e6   7605  lin dims 499-499 (1 distinct)  n2631g dim 1097  (E 0.6s, sample 1.5s, ci 18.3s)
  C2H3N_rxn2858_TS     rl4n29f    s4 E -130.16751564 corr  70.27%  p_HF 0.8188  uniq 1e5   2067 / 1e6   7680  lin dims 511-511 (1 distinct)  n2631g dim 1147  (E 0.6s, sample 1.5s, ci 19.8s)
  C2H3N_rxn2858_TS     label      s0 E -130.13177167 corr  56.71%  p_HF 0.7943  uniq 1e5   2006 / 1e6   7772  lin dims 489-489 (1 distinct)  n2631g dim 1077  (E 0.6s, sample 1.5s, ci 19.4s)
  C2H3N_rxn2858_TS     label      s1 E -130.13177167 corr  56.71%  p_HF 0.7943  uniq 1e5   1963 / 1e6   7563  lin dims 488-488 (1 distinct)  n2631g dim 1041  (E 0.6s, sample 1.8s, ci 22.1s)
  C2H3N_rxn2858_TS     label      s2 E -130.13177167 corr  56.71%  p_HF 0.7943  uniq 1e5   1972 / 1e6   7687  lin dims 482-482 (1 distinct)  n2631g dim 1075  (E 0.6s, sample 1.9s, ci 19.6s)
  C2H3N_rxn2858_TS     label      s3 E -130.13177167 corr  56.71%  p_HF 0.7943  uniq 1e5   2043 / 1e6   7653  lin dims 497-497 (1 distinct)  n2631g dim 1068  (E 0.6s, sample 1.9s, ci 19.0s)
  C2H3N_rxn2858_TS     label      s4 E -130.13177167 corr  56.71%  p_HF 0.7943  uniq 1e5   1971 / 1e6   7553  lin dims 495-495 (1 distinct)  n2631g dim 1030  (E 0.6s, sample 1.8s, ci 23.2s)
  C2H3N_rxn2858_TS     truncated  s0 E -130.04920126 corr  25.40%  p_HF 0.9576  uniq 1e5    126 / 1e6    351  lin dims 58-58 (1 distinct)  n2631g dim 122  (E 0.6s, sample 1.6s, ci 16.7s)
  C2H3N_rxn2858_TS     truncated  s1 E -130.04920126 corr  25.40%  p_HF 0.9576  uniq 1e5    134 / 1e6    347  lin dims 66-66 (1 distinct)  n2631g dim 132  (E 0.6s, sample 1.6s, ci 18.0s)
  C2H3N_rxn2858_TS     truncated  s2 E -130.04920126 corr  25.40%  p_HF 0.9576  uniq 1e5    127 / 1e6    349  lin dims 54-54 (1 distinct)  n2631g dim 132  (E 0.6s, sample 1.4s, ci 16.6s)
  C2H3N_rxn2858_TS     truncated  s3 E -130.04920126 corr  25.40%  p_HF 0.9576  uniq 1e5    135 / 1e6    367  lin dims 66-66 (1 distinct)  n2631g dim 135  (E 0.6s, sample 1.4s, ci 17.3s)
  C2H3N_rxn2858_TS     truncated  s4 E -130.04920126 corr  25.40%  p_HF 0.9576  uniq 1e5    139 / 1e6    373  lin dims 62-62 (1 distinct)  n2631g dim 142  (E 0.6s, sample 1.4s, ci 17.6s)
  C2H3N_rxn2858_TS     cdf_lin    s0 E -129.72879917 corr -96.10%  p_HF 0.4526  uniq 1e5   5804 / 1e6  24089  lin dims 814-852 (10 distinct)  n2631g dim 2125  (E 0.6s, sample 1.6s, ci 17.9s)
  C2H3N_rxn2858_TS     cdf_lin    s1 E -129.72879917 corr -96.10%  p_HF 0.4526  uniq 1e5   5641 / 1e6  24159  lin dims 796-829 (10 distinct)  n2631g dim 2128  (E 0.6s, sample 1.6s, ci 15.6s)
  C2H3N_rxn2858_TS     cdf_lin    s2 E -129.72879917 corr -96.10%  p_HF 0.4526  uniq 1e5   5661 / 1e6  24015  lin dims 826-858 (10 distinct)  n2631g dim 2112  (E 0.6s, sample 1.6s, ci 17.0s)
  C2H3N_rxn2858_TS     cdf_lin    s3 E -129.72879917 corr -96.10%  p_HF 0.4526  uniq 1e5   5666 / 1e6  24196  lin dims 818-850 (10 distinct)  n2631g dim 2138  (E 0.6s, sample 1.7s, ci 16.4s)
  C2H3N_rxn2858_TS     cdf_lin    s4 E -129.72879917 corr -96.10%  p_HF 0.4526  uniq 1e5   5652 / 1e6  24265  lin dims 804-832 (10 distinct)  n2631g dim 2161  (E 0.6s, sample 1.8s, ci 16.9s)
/xuanwu-tank/east/fts/projects/transition-1x-analysis/ccsd_amplitudes/pretrain/.train_venv/lib/python3.11/site-packages/numba/cuda/dispatcher.py:537: NumbaPerformanceWarning: Grid size 36 will likely result in GPU under-utilization due to low occupancy.
  warn(NumbaPerformanceWarning(msg))
  C2H4O_rxn0724_P      pre4       s0 E -150.87867911 corr  41.76%  p_HF 0.8553  uniq 1e5   1648 / 1e6   6169  lin dims 454-454 (1 distinct)  n2631g dim 1051  (E 2.1s, sample 3.4s, ci 18.8s)
  C2H4O_rxn0724_P      pre4       s1 E -150.87867911 corr  41.76%  p_HF 0.8553  uniq 1e5   1619 / 1e6   6171  lin dims 441-441 (1 distinct)  n2631g dim 1013  (E 2.1s, sample 3.4s, ci 18.1s)
  C2H4O_rxn0724_P      pre4       s2 E -150.87867911 corr  41.76%  p_HF 0.8553  uniq 1e5   1627 / 1e6   6187  lin dims 459-459 (1 distinct)  n2631g dim 1040  (E 2.1s, sample 3.5s, ci 17.3s)
  C2H4O_rxn0724_P      pre4       s3 E -150.87867911 corr  41.76%  p_HF 0.8553  uniq 1e5   1642 / 1e6   6202  lin dims 440-440 (1 distinct)  n2631g dim 1063  (E 2.1s, sample 3.5s, ci 17.8s)
  C2H4O_rxn0724_P      pre4       s4 E -150.87867911 corr  41.76%  p_HF 0.8553  uniq 1e5   1620 / 1e6   6145  lin dims 430-430 (1 distinct)  n2631g dim 1022  (E 2.1s, sample 3.4s, ci 20.2s)
  C2H4O_rxn0724_P      rl4L       s0 E -150.92999755 corr  65.98%  p_HF 0.8625  uniq 1e5   1894 / 1e6   7562  lin dims 570-570 (1 distinct)  n2631g dim 1290  (E 2.2s, sample 3.4s, ci 17.7s)
  C2H4O_rxn0724_P      rl4L       s1 E -150.92999755 corr  65.98%  p_HF 0.8625  uniq 1e5   1909 / 1e6   7352  lin dims 542-542 (1 distinct)  n2631g dim 1234  (E 2.2s, sample 3.4s, ci 18.9s)
  C2H4O_rxn0724_P      rl4L       s2 E -150.92999755 corr  65.98%  p_HF 0.8625  uniq 1e5   1961 / 1e6   7511  lin dims 552-552 (1 distinct)  n2631g dim 1288  (E 2.2s, sample 3.4s, ci 17.0s)
  C2H4O_rxn0724_P      rl4L       s3 E -150.92999755 corr  65.98%  p_HF 0.8625  uniq 1e5   1888 / 1e6   7515  lin dims 523-523 (1 distinct)  n2631g dim 1250  (E 2.2s, sample 3.4s, ci 18.1s)
  C2H4O_rxn0724_P      rl4L       s4 E -150.92999755 corr  65.98%  p_HF 0.8625  uniq 1e5   1941 / 1e6   7655  lin dims 541-541 (1 distinct)  n2631g dim 1291  (E 2.2s, sample 3.4s, ci 19.5s)
  C2H4O_rxn0724_P      label      s0 E -150.93290288 corr  67.35%  p_HF 0.8792  uniq 1e5   1704 / 1e6   6568  lin dims 468-468 (1 distinct)  n2631g dim 1115  (E 2.2s, sample 3.4s, ci 17.9s)
  C2H4O_rxn0724_P      label      s1 E -150.93290288 corr  67.35%  p_HF 0.8792  uniq 1e5   1696 / 1e6   6412  lin dims 460-460 (1 distinct)  n2631g dim 1116  (E 2.2s, sample 3.5s, ci 19.2s)
  C2H4O_rxn0724_P      label      s2 E -150.93290288 corr  67.35%  p_HF 0.8792  uniq 1e5   1666 / 1e6   6398  lin dims 462-462 (1 distinct)  n2631g dim 1114  (E 2.2s, sample 3.9s, ci 17.2s)
  C2H4O_rxn0724_P      label      s3 E -150.93290288 corr  67.35%  p_HF 0.8792  uniq 1e5   1700 / 1e6   6491  lin dims 468-468 (1 distinct)  n2631g dim 1124  (E 2.2s, sample 3.5s, ci 18.9s)
  C2H4O_rxn0724_P      label      s4 E -150.93290288 corr  67.35%  p_HF 0.8792  uniq 1e5   1736 / 1e6   6373  lin dims 452-452 (1 distinct)  n2631g dim 1124  (E 2.2s, sample 3.4s, ci 19.6s)
  C2H4O_rxn0724_P      truncated  s0 E -150.82002120 corr  14.07%  p_HF 0.9747  uniq 1e5    225 / 1e6    625  lin dims 90-90 (1 distinct)  n2631g dim 177  (E 2.2s, sample 3.4s, ci 20.5s)
  C2H4O_rxn0724_P      truncated  s1 E -150.82002120 corr  14.07%  p_HF 0.9747  uniq 1e5    212 / 1e6    619  lin dims 80-80 (1 distinct)  n2631g dim 174  (E 2.2s, sample 3.4s, ci 21.9s)
  C2H4O_rxn0724_P      truncated  s2 E -150.82002120 corr  14.07%  p_HF 0.9747  uniq 1e5    210 / 1e6    598  lin dims 92-92 (1 distinct)  n2631g dim 175  (E 2.2s, sample 3.8s, ci 17.8s)
  C2H4O_rxn0724_P      truncated  s3 E -150.82002120 corr  14.07%  p_HF 0.9747  uniq 1e5    209 / 1e6    630  lin dims 88-88 (1 distinct)  n2631g dim 182  (E 2.2s, sample 3.7s, ci 21.2s)
  C2H4O_rxn0724_P      truncated  s4 E -150.82002120 corr  14.07%  p_HF 0.9747  uniq 1e5    206 / 1e6    630  lin dims 89-89 (1 distinct)  n2631g dim 174  (E 2.2s, sample 3.4s, ci 20.0s)
  C2H4O_rxn0724_P      cdf_lin    s0 E -149.95169748 corr -395.74%  p_HF 0.3699  uniq 1e5   6802 / 1e6  29665  lin dims 824-865 (10 distinct)  n2631g dim 2574  (E 2.2s, sample 3.6s, ci 17.3s)
  C2H4O_rxn0724_P      cdf_lin    s1 E -149.95169748 corr -395.74%  p_HF 0.3699  uniq 1e5   6774 / 1e6  29576  lin dims 830-864 (10 distinct)  n2631g dim 2585  (E 2.2s, sample 3.7s, ci 15.5s)
  C2H4O_rxn0724_P      cdf_lin    s2 E -149.95169748 corr -395.74%  p_HF 0.3699  uniq 1e5   6654 / 1e6  29455  lin dims 825-882 (10 distinct)  n2631g dim 2584  (E 2.2s, sample 3.7s, ci 15.6s)
  C2H4O_rxn0724_P      cdf_lin    s3 E -149.95169748 corr -395.74%  p_HF 0.3699  uniq 1e5   6781 / 1e6  29547  lin dims 836-865 (10 distinct)  n2631g dim 2549  (E 2.2s, sample 3.7s, ci 16.0s)
  C2H4O_rxn0724_P      cdf_lin    s4 E -149.95169748 corr -395.74%  p_HF 0.3699  uniq 1e5   6704 / 1e6  29601  lin dims 819-837 (10 distinct)  n2631g dim 2547  (E 2.2s, sample 3.7s, ci 16.4s)
  C2H4O_rxn0724_TS     pre4       s0 E -150.78138525 corr  42.16%  p_HF 0.8599  uniq 1e5   2042 / 1e6   7644  lin dims 491-491 (1 distinct)  n2631g dim 1105  (E 2.2s, sample 3.4s, ci 18.1s)
  C2H4O_rxn0724_TS     pre4       s1 E -150.78138525 corr  42.16%  p_HF 0.8599  uniq 1e5   2044 / 1e6   7671  lin dims 513-513 (1 distinct)  n2631g dim 1143  (E 2.2s, sample 3.5s, ci 17.6s)
  C2H4O_rxn0724_TS     pre4       s2 E -150.78138525 corr  42.16%  p_HF 0.8599  uniq 1e5   2081 / 1e6   7692  lin dims 519-519 (1 distinct)  n2631g dim 1118  (E 2.2s, sample 3.4s, ci 20.6s)
  C2H4O_rxn0724_TS     pre4       s3 E -150.78138525 corr  42.16%  p_HF 0.8599  uniq 1e5   2025 / 1e6   7655  lin dims 515-515 (1 distinct)  n2631g dim 1129  (E 2.2s, sample 3.4s, ci 25.5s)
  C2H4O_rxn0724_TS     pre4       s4 E -150.78138525 corr  42.16%  p_HF 0.8599  uniq 1e5   2046 / 1e6   7648  lin dims 494-494 (1 distinct)  n2631g dim 1101  (E 2.2s, sample 4.0s, ci 19.6s)
  C2H4O_rxn0724_TS     rl4L       s0 E -150.83481245 corr  66.28%  p_HF 0.8771  uniq 1e5   2341 / 1e6   8368  lin dims 552-552 (1 distinct)  n2631g dim 1194  (E 2.2s, sample 3.5s, ci 19.1s)
  C2H4O_rxn0724_TS     rl4L       s1 E -150.83481245 corr  66.28%  p_HF 0.8771  uniq 1e5   2362 / 1e6   8158  lin dims 547-547 (1 distinct)  n2631g dim 1199  (E 2.2s, sample 3.5s, ci 17.8s)
  C2H4O_rxn0724_TS     rl4L       s2 E -150.83481245 corr  66.28%  p_HF 0.8771  uniq 1e5   2311 / 1e6   8238  lin dims 551-551 (1 distinct)  n2631g dim 1166  (E 2.2s, sample 3.5s, ci 19.8s)
  C2H4O_rxn0724_TS     rl4L       s3 E -150.83481245 corr  66.28%  p_HF 0.8771  uniq 1e5   2316 / 1e6   8314  lin dims 529-529 (1 distinct)  n2631g dim 1193  (E 2.2s, sample 3.4s, ci 19.5s)
  C2H4O_rxn0724_TS     rl4L       s4 E -150.83481245 corr  66.28%  p_HF 0.8771  uniq 1e5   2276 / 1e6   8272  lin dims 538-538 (1 distinct)  n2631g dim 1199  (E 2.2s, sample 3.5s, ci 17.8s)
  C2H4O_rxn0724_TS     rl4n29f    s0 E -150.83426049 corr  66.03%  p_HF 0.8920  uniq 1e5   2138 / 1e6   7419  lin dims 515-515 (1 distinct)  n2631g dim 1138  (E 2.2s, sample 3.4s, ci 17.7s)
  C2H4O_rxn0724_TS     rl4n29f    s1 E -150.83426049 corr  66.03%  p_HF 0.8920  uniq 1e5   2076 / 1e6   7409  lin dims 505-505 (1 distinct)  n2631g dim 1100  (E 2.2s, sample 3.4s, ci 21.6s)
  C2H4O_rxn0724_TS     rl4n29f    s2 E -150.83426049 corr  66.03%  p_HF 0.8920  uniq 1e5   2086 / 1e6   7359  lin dims 502-502 (1 distinct)  n2631g dim 1105  (E 2.2s, sample 3.4s, ci 19.9s)
  C2H4O_rxn0724_TS     rl4n29f    s3 E -150.83426049 corr  66.03%  p_HF 0.8920  uniq 1e5   2128 / 1e6   7336  lin dims 475-475 (1 distinct)  n2631g dim 1083  (E 2.2s, sample 3.4s, ci 19.8s)
  C2H4O_rxn0724_TS     rl4n29f    s4 E -150.83426049 corr  66.03%  p_HF 0.8920  uniq 1e5   2127 / 1e6   7432  lin dims 508-508 (1 distinct)  n2631g dim 1123  (E 2.2s, sample 3.4s, ci 20.5s)
  C2H4O_rxn0724_TS     label      s0 E -150.80607241 corr  53.31%  p_HF 0.8258  uniq 1e5   2595 / 1e6   9898  lin dims 595-595 (1 distinct)  n2631g dim 1348  (E 2.2s, sample 3.4s, ci 19.3s)
  C2H4O_rxn0724_TS     label      s1 E -150.80607241 corr  53.31%  p_HF 0.8258  uniq 1e5   2567 / 1e6   9880  lin dims 608-608 (1 distinct)  n2631g dim 1341  (E 2.2s, sample 3.4s, ci 17.1s)
  C2H4O_rxn0724_TS     label      s2 E -150.80607241 corr  53.31%  p_HF 0.8258  uniq 1e5   2560 / 1e6   9984  lin dims 591-591 (1 distinct)  n2631g dim 1317  (E 2.2s, sample 3.6s, ci 17.8s)
  C2H4O_rxn0724_TS     label      s3 E -150.80607241 corr  53.31%  p_HF 0.8258  uniq 1e5   2620 / 1e6   9942  lin dims 618-618 (1 distinct)  n2631g dim 1375  (E 2.2s, sample 4.0s, ci 20.1s)
  C2H4O_rxn0724_TS     label      s4 E -150.80607241 corr  53.31%  p_HF 0.8258  uniq 1e5   2580 / 1e6   9879  lin dims 598-598 (1 distinct)  n2631g dim 1329  (E 2.2s, sample 3.4s, ci 17.5s)
  C2H4O_rxn0724_TS     truncated  s0 E -150.71437923 corr  11.91%  p_HF 0.9704  uniq 1e5    177 / 1e6    473  lin dims 69-69 (1 distinct)  n2631g dim 150  (E 2.1s, sample 3.4s, ci 18.8s)
  C2H4O_rxn0724_TS     truncated  s1 E -150.71437923 corr  11.91%  p_HF 0.9704  uniq 1e5    174 / 1e6    475  lin dims 75-75 (1 distinct)  n2631g dim 156  (E 2.1s, sample 3.4s, ci 17.7s)
  C2H4O_rxn0724_TS     truncated  s2 E -150.71437923 corr  11.91%  p_HF 0.9704  uniq 1e5    178 / 1e6    451  lin dims 72-72 (1 distinct)  n2631g dim 143  (E 2.1s, sample 3.4s, ci 18.2s)
  C2H4O_rxn0724_TS     truncated  s3 E -150.71437923 corr  11.91%  p_HF 0.9704  uniq 1e5    185 / 1e6    460  lin dims 74-74 (1 distinct)  n2631g dim 154  (E 2.1s, sample 3.3s, ci 22.9s)
  C2H4O_rxn0724_TS     truncated  s4 E -150.71437923 corr  11.91%  p_HF 0.9704  uniq 1e5    175 / 1e6    452  lin dims 79-79 (1 distinct)  n2631g dim 150  (E 2.1s, sample 3.4s, ci 19.0s)
  C2H4O_rxn0724_TS     cdf_lin    s0 E -149.96574527 corr -326.05%  p_HF 0.2886  uniq 1e5   9029 / 1e6  41341  lin dims 876-916 (10 distinct)  n2631g dim 3085  (E 2.2s, sample 4.1s, ci 19.3s)
  C2H4O_rxn0724_TS     cdf_lin    s1 E -149.96574527 corr -326.05%  p_HF 0.2886  uniq 1e5   8925 / 1e6  41089  lin dims 875-921 (10 distinct)  n2631g dim 3045  (E 2.2s, sample 4.6s, ci 17.3s)
  C2H4O_rxn0724_TS     cdf_lin    s2 E -149.96574527 corr -326.05%  p_HF 0.2886  uniq 1e5   8988 / 1e6  41239  lin dims 849-883 (10 distinct)  n2631g dim 3042  (E 2.2s, sample 3.8s, ci 17.3s)
  C2H4O_rxn0724_TS     cdf_lin    s3 E -149.96574527 corr -326.05%  p_HF 0.2886  uniq 1e5   9110 / 1e6  40996  lin dims 869-893 (10 distinct)  n2631g dim 3040  (E 2.2s, sample 3.7s, ci 18.6s)
  C2H4O_rxn0724_TS     cdf_lin    s4 E -149.96574527 corr -326.05%  p_HF 0.2886  uniq 1e5   9030 / 1e6  41263  lin dims 863-892 (10 distinct)  n2631g dim 3105  (E 2.2s, sample 3.7s, ci 16.9s)
  C2H4O_rxn2507_P      pre4       s0 E -151.03147190 corr  59.35%  p_HF 0.8966  uniq 1e5   1468 / 1e6   4861  lin dims 358-358 (1 distinct)  n2631g dim 905  (E 2.2s, sample 4.1s, ci 20.1s)
  C2H4O_rxn2507_P      pre4       s1 E -151.03147190 corr  59.35%  p_HF 0.8966  uniq 1e5   1441 / 1e6   4842  lin dims 356-356 (1 distinct)  n2631g dim 915  (E 2.2s, sample 3.9s, ci 19.9s)
  C2H4O_rxn2507_P      pre4       s2 E -151.03147190 corr  59.35%  p_HF 0.8966  uniq 1e5   1402 / 1e6   4805  lin dims 386-386 (1 distinct)  n2631g dim 939  (E 2.2s, sample 3.8s, ci 19.8s)
  C2H4O_rxn2507_P      pre4       s3 E -151.03147190 corr  59.35%  p_HF 0.8966  uniq 1e5   1484 / 1e6   4790  lin dims 367-367 (1 distinct)  n2631g dim 921  (E 2.2s, sample 3.9s, ci 19.0s)
  C2H4O_rxn2507_P      pre4       s4 E -151.03147190 corr  59.35%  p_HF 0.8966  uniq 1e5   1451 / 1e6   4786  lin dims 367-367 (1 distinct)  n2631g dim 934  (E 2.2s, sample 4.0s, ci 20.2s)
  C2H4O_rxn2507_P      rl4L       s0 E -151.05246214 corr  69.96%  p_HF 0.8757  uniq 1e5   1935 / 1e6   6834  lin dims 486-486 (1 distinct)  n2631g dim 1197  (E 2.2s, sample 3.4s, ci 18.1s)
  C2H4O_rxn2507_P      rl4L       s1 E -151.05246214 corr  69.96%  p_HF 0.8757  uniq 1e5   1953 / 1e6   6831  lin dims 484-484 (1 distinct)  n2631g dim 1167  (E 2.2s, sample 3.5s, ci 18.1s)
  C2H4O_rxn2507_P      rl4L       s2 E -151.05246214 corr  69.96%  p_HF 0.8757  uniq 1e5   1925 / 1e6   6818  lin dims 488-488 (1 distinct)  n2631g dim 1165  (E 2.2s, sample 3.5s, ci 17.5s)
  C2H4O_rxn2507_P      rl4L       s3 E -151.05246214 corr  69.96%  p_HF 0.8757  uniq 1e5   1951 / 1e6   6847  lin dims 463-463 (1 distinct)  n2631g dim 1121  (E 2.2s, sample 3.6s, ci 18.4s)
  C2H4O_rxn2507_P      rl4L       s4 E -151.05246214 corr  69.96%  p_HF 0.8757  uniq 1e5   1957 / 1e6   6830  lin dims 463-463 (1 distinct)  n2631g dim 1165  (E 2.2s, sample 3.7s, ci 19.3s)
  C2H4O_rxn2507_P      rl4n29f    s0 E -151.05770243 corr  72.61%  p_HF 0.8961  uniq 1e5   1739 / 1e6   5732  lin dims 423-423 (1 distinct)  n2631g dim 1025  (E 2.2s, sample 3.4s, ci 20.8s)
  C2H4O_rxn2507_P      rl4n29f    s1 E -151.05770243 corr  72.61%  p_HF 0.8961  uniq 1e5   1719 / 1e6   5675  lin dims 431-431 (1 distinct)  n2631g dim 1028  (E 2.2s, sample 3.4s, ci 20.6s)
  C2H4O_rxn2507_P      rl4n29f    s2 E -151.05770243 corr  72.61%  p_HF 0.8961  uniq 1e5   1745 / 1e6   5777  lin dims 434-434 (1 distinct)  n2631g dim 1051  (E 2.2s, sample 3.4s, ci 17.5s)
  C2H4O_rxn2507_P      rl4n29f    s3 E -151.05770243 corr  72.61%  p_HF 0.8961  uniq 1e5   1752 / 1e6   5696  lin dims 429-429 (1 distinct)  n2631g dim 1033  (E 2.2s, sample 3.4s, ci 18.2s)
  C2H4O_rxn2507_P      rl4n29f    s4 E -151.05770243 corr  72.61%  p_HF 0.8961  uniq 1e5   1765 / 1e6   5663  lin dims 443-443 (1 distinct)  n2631g dim 1046  (E 2.2s, sample 3.4s, ci 19.4s)
  C2H4O_rxn2507_P      label      s0 E -151.05137022 corr  69.41%  p_HF 0.8845  uniq 1e5   1793 / 1e6   6362  lin dims 421-421 (1 distinct)  n2631g dim 1015  (E 2.2s, sample 3.5s, ci 21.5s)
  C2H4O_rxn2507_P      label      s1 E -151.05137022 corr  69.41%  p_HF 0.8845  uniq 1e5   1808 / 1e6   6312  lin dims 430-430 (1 distinct)  n2631g dim 1044  (E 2.2s, sample 3.4s, ci 17.2s)
  C2H4O_rxn2507_P      label      s2 E -151.05137022 corr  69.41%  p_HF 0.8845  uniq 1e5   1801 / 1e6   6379  lin dims 443-443 (1 distinct)  n2631g dim 1041  (E 2.2s, sample 3.5s, ci 22.3s)
  C2H4O_rxn2507_P      label      s3 E -151.05137022 corr  69.41%  p_HF 0.8845  uniq 1e5   1829 / 1e6   6347  lin dims 426-426 (1 distinct)  n2631g dim 1030  (E 2.2s, sample 3.4s, ci 19.5s)
  C2H4O_rxn2507_P      label      s4 E -151.05137022 corr  69.41%  p_HF 0.8845  uniq 1e5   1844 / 1e6   6358  lin dims 431-431 (1 distinct)  n2631g dim 1020  (E 2.2s, sample 4.3s, ci 18.8s)
  C2H4O_rxn2507_P      truncated  s0 E -150.95016289 corr  18.25%  p_HF 0.9856  uniq 1e5    102 / 1e6    316  lin dims 67-67 (1 distinct)  n2631g dim 138  (E 2.2s, sample 3.4s, ci 22.2s)
  C2H4O_rxn2507_P      truncated  s1 E -150.95016289 corr  18.25%  p_HF 0.9856  uniq 1e5     86 / 1e6    292  lin dims 59-59 (1 distinct)  n2631g dim 137  (E 2.2s, sample 3.4s, ci 26.2s)
  C2H4O_rxn2507_P      truncated  s2 E -150.95016289 corr  18.25%  p_HF 0.9856  uniq 1e5     91 / 1e6    283  lin dims 58-58 (1 distinct)  n2631g dim 135  (E 2.2s, sample 4.0s, ci 21.9s)
  C2H4O_rxn2507_P      truncated  s3 E -150.95016289 corr  18.25%  p_HF 0.9856  uniq 1e5     91 / 1e6    305  lin dims 62-62 (1 distinct)  n2631g dim 145  (E 2.2s, sample 3.5s, ci 21.0s)
  C2H4O_rxn2507_P      truncated  s4 E -150.95016289 corr  18.25%  p_HF 0.9856  uniq 1e5    104 / 1e6    312  lin dims 71-71 (1 distinct)  n2631g dim 143  (E 2.2s, sample 3.9s, ci 20.3s)
  C2H4O_rxn2507_P      cdf_lin    s0 E -149.89102520 corr -517.14%  p_HF 0.3196  uniq 1e5  11329 / 1e6  52771  lin dims 954-988 (10 distinct)  n2631g dim 3838  (E 2.2s, sample 3.9s, ci 15.3s)
  C2H4O_rxn2507_P      cdf_lin    s1 E -149.89102520 corr -517.14%  p_HF 0.3196  uniq 1e5  11291 / 1e6  52409  lin dims 949-997 (10 distinct)  n2631g dim 3826  (E 2.2s, sample 4.0s, ci 15.7s)
  C2H4O_rxn2507_P      cdf_lin    s2 E -149.89102520 corr -517.14%  p_HF 0.3196  uniq 1e5  11218 / 1e6  52726  lin dims 944-975 (10 distinct)  n2631g dim 3773  (E 2.2s, sample 3.7s, ci 17.3s)
  C2H4O_rxn2507_P      cdf_lin    s3 E -149.89102520 corr -517.14%  p_HF 0.3196  uniq 1e5  11295 / 1e6  52767  lin dims 936-984 (10 distinct)  n2631g dim 3746  (E 2.2s, sample 3.8s, ci 16.8s)
  C2H4O_rxn2507_P      cdf_lin    s4 E -149.89102520 corr -517.14%  p_HF 0.3196  uniq 1e5  11236 / 1e6  52979  lin dims 920-971 (10 distinct)  n2631g dim 3803  (E 2.2s, sample 3.8s, ci 16.5s)
  C2H4O_rxn2507_TS     pre4       s0 E -150.90675855 corr  64.58%  p_HF 0.8721  uniq 1e5   2174 / 1e6   7648  lin dims 509-509 (1 distinct)  n2631g dim 1203  (E 2.2s, sample 3.6s, ci 22.0s)
  C2H4O_rxn2507_TS     pre4       s1 E -150.90675855 corr  64.58%  p_HF 0.8721  uniq 1e5   2168 / 1e6   7731  lin dims 525-525 (1 distinct)  n2631g dim 1227  (E 2.2s, sample 3.4s, ci 24.6s)
  C2H4O_rxn2507_TS     pre4       s2 E -150.90675855 corr  64.58%  p_HF 0.8721  uniq 1e5   2150 / 1e6   7600  lin dims 493-493 (1 distinct)  n2631g dim 1209  (E 2.2s, sample 3.4s, ci 20.2s)
  C2H4O_rxn2507_TS     pre4       s3 E -150.90675855 corr  64.58%  p_HF 0.8721  uniq 1e5   2189 / 1e6   7782  lin dims 512-512 (1 distinct)  n2631g dim 1199  (E 2.2s, sample 3.8s, ci 19.8s)
  C2H4O_rxn2507_TS     pre4       s4 E -150.90675855 corr  64.58%  p_HF 0.8721  uniq 1e5   2216 / 1e6   7639  lin dims 495-495 (1 distinct)  n2631g dim 1203  (E 2.2s, sample 4.4s, ci 22.5s)
  C2H4O_rxn2507_TS     rl4L       s0 E -150.91340159 corr  67.50%  p_HF 0.8663  uniq 1e5   2630 / 1e6   9861  lin dims 656-656 (1 distinct)  n2631g dim 1466  (E 2.2s, sample 3.5s, ci 19.0s)
  C2H4O_rxn2507_TS     rl4L       s1 E -150.91340159 corr  67.50%  p_HF 0.8663  uniq 1e5   2643 / 1e6   9693  lin dims 650-650 (1 distinct)  n2631g dim 1476  (E 2.2s, sample 3.5s, ci 18.7s)
  C2H4O_rxn2507_TS     rl4L       s2 E -150.91340159 corr  67.50%  p_HF 0.8663  uniq 1e5   2623 / 1e6   9827  lin dims 637-637 (1 distinct)  n2631g dim 1448  (E 2.2s, sample 3.5s, ci 19.3s)
  C2H4O_rxn2507_TS     rl4L       s3 E -150.91340159 corr  67.50%  p_HF 0.8663  uniq 1e5   2637 / 1e6   9743  lin dims 639-639 (1 distinct)  n2631g dim 1463  (E 2.2s, sample 3.4s, ci 20.0s)
  C2H4O_rxn2507_TS     rl4L       s4 E -150.91340159 corr  67.50%  p_HF 0.8663  uniq 1e5   2661 / 1e6   9736  lin dims 646-646 (1 distinct)  n2631g dim 1446  (E 2.2s, sample 3.5s, ci 20.7s)
  C2H4O_rxn2507_TS     rl4n29f    s0 E -150.91756438 corr  69.33%  p_HF 0.8824  uniq 1e5   2358 / 1e6   8461  lin dims 557-557 (1 distinct)  n2631g dim 1294  (E 2.2s, sample 3.4s, ci 21.0s)
  C2H4O_rxn2507_TS     rl4n29f    s1 E -150.91756438 corr  69.33%  p_HF 0.8824  uniq 1e5   2297 / 1e6   8259  lin dims 527-527 (1 distinct)  n2631g dim 1254  (E 2.2s, sample 3.5s, ci 19.7s)
  C2H4O_rxn2507_TS     rl4n29f    s2 E -150.91756438 corr  69.33%  p_HF 0.8824  uniq 1e5   2434 / 1e6   8328  lin dims 568-568 (1 distinct)  n2631g dim 1233  (E 2.2s, sample 3.4s, ci 19.2s)
  C2H4O_rxn2507_TS     rl4n29f    s3 E -150.91756438 corr  69.33%  p_HF 0.8824  uniq 1e5   2408 / 1e6   8435  lin dims 549-549 (1 distinct)  n2631g dim 1266  (E 2.2s, sample 3.4s, ci 20.7s)
  C2H4O_rxn2507_TS     rl4n29f    s4 E -150.91756438 corr  69.33%  p_HF 0.8824  uniq 1e5   2381 / 1e6   8358  lin dims 550-550 (1 distinct)  n2631g dim 1250  (E 2.2s, sample 3.5s, ci 20.0s)
  C2H4O_rxn2507_TS     label      s0 E -150.87238815 corr  49.48%  p_HF 0.8449  uniq 1e5   2500 / 1e6   9257  lin dims 605-605 (1 distinct)  n2631g dim 1329  (E 2.2s, sample 3.4s, ci 17.4s)
  C2H4O_rxn2507_TS     label      s1 E -150.87238815 corr  49.48%  p_HF 0.8449  uniq 1e5   2511 / 1e6   9276  lin dims 543-543 (1 distinct)  n2631g dim 1292  (E 2.2s, sample 3.4s, ci 19.3s)
  C2H4O_rxn2507_TS     label      s2 E -150.87238815 corr  49.48%  p_HF 0.8449  uniq 1e5   2463 / 1e6   9204  lin dims 590-590 (1 distinct)  n2631g dim 1275  (E 2.2s, sample 3.4s, ci 20.7s)
  C2H4O_rxn2507_TS     label      s3 E -150.87238815 corr  49.48%  p_HF 0.8449  uniq 1e5   2572 / 1e6   9265  lin dims 594-594 (1 distinct)  n2631g dim 1295  (E 2.2s, sample 3.5s, ci 21.1s)
  C2H4O_rxn2507_TS     label      s4 E -150.87238815 corr  49.48%  p_HF 0.8449  uniq 1e5   2495 / 1e6   9278  lin dims 564-564 (1 distinct)  n2631g dim 1287  (E 2.2s, sample 3.4s, ci 21.3s)
  C2H4O_rxn2507_TS     truncated  s0 E -150.79283756 corr  14.52%  p_HF 0.9719  uniq 1e5    310 / 1e6   1083  lin dims 168-168 (1 distinct)  n2631g dim 362  (E 2.2s, sample 3.4s, ci 18.7s)
  C2H4O_rxn2507_TS     truncated  s1 E -150.79283756 corr  14.52%  p_HF 0.9719  uniq 1e5    300 / 1e6   1025  lin dims 152-152 (1 distinct)  n2631g dim 356  (E 2.2s, sample 3.3s, ci 23.0s)
  C2H4O_rxn2507_TS     truncated  s2 E -150.79283756 corr  14.52%  p_HF 0.9719  uniq 1e5    288 / 1e6   1046  lin dims 166-166 (1 distinct)  n2631g dim 355  (E 2.2s, sample 3.4s, ci 21.6s)
  C2H4O_rxn2507_TS     truncated  s3 E -150.79283756 corr  14.52%  p_HF 0.9719  uniq 1e5    330 / 1e6   1084  lin dims 174-174 (1 distinct)  n2631g dim 380  (E 2.2s, sample 3.3s, ci 20.8s)
  C2H4O_rxn2507_TS     truncated  s4 E -150.79283756 corr  14.52%  p_HF 0.9719  uniq 1e5    303 / 1e6   1059  lin dims 171-171 (1 distinct)  n2631g dim 362  (E 2.2s, sample 3.3s, ci 24.9s)
  C2H4O_rxn2507_TS     cdf_lin    s0 E -149.47640817 corr -563.95%  p_HF 0.1309  uniq 1e5  16036 / 1e6  77606  lin dims 1036-1067 (10 distinct)  n2631g dim 4851  (E 2.2s, sample 3.9s, ci 15.3s)
  C2H4O_rxn2507_TS     cdf_lin    s1 E -149.47640817 corr -563.95%  p_HF 0.1309  uniq 1e5  15877 / 1e6  77768  lin dims 1024-1075 (10 distinct)  n2631g dim 4797  (E 2.2s, sample 4.0s, ci 14.5s)
  C2H4O_rxn2507_TS     cdf_lin    s2 E -149.47640817 corr -563.95%  p_HF 0.1309  uniq 1e5  15911 / 1e6  77825  lin dims 1057-1098 (10 distinct)  n2631g dim 4788  (E 2.2s, sample 3.9s, ci 18.7s)
  C2H4O_rxn2507_TS     cdf_lin    s3 E -149.47640817 corr -563.95%  p_HF 0.1309  uniq 1e5  15943 / 1e6  77418  lin dims 1027-1075 (10 distinct)  n2631g dim 4859  (E 2.2s, sample 3.9s, ci 18.8s)
  C2H4O_rxn2507_TS     cdf_lin    s4 E -149.47640817 corr -563.95%  p_HF 0.1309  uniq 1e5  15963 / 1e6  77704  lin dims 1027-1084 (10 distinct)  n2631g dim 4826  (E 2.2s, sample 3.8s, ci 16.5s)
  C3H4_rxn2391_R       pre4       s0 E -114.61108540 corr  71.23%  p_HF 0.8966  uniq 1e5   1463 / 1e6   5432  lin dims 411-411 (1 distinct)  n2631g dim 1047  (E 2.8s, sample 4.1s, ci 30.1s)
  C3H4_rxn2391_R       pre4       s1 E -114.61108540 corr  71.23%  p_HF 0.8966  uniq 1e5   1476 / 1e6   5333  lin dims 398-398 (1 distinct)  n2631g dim 995  (E 2.8s, sample 4.1s, ci 20.8s)
  C3H4_rxn2391_R       pre4       s2 E -114.61108540 corr  71.23%  p_HF 0.8966  uniq 1e5   1510 / 1e6   5268  lin dims 424-424 (1 distinct)  n2631g dim 993  (E 2.8s, sample 4.1s, ci 20.6s)
  C3H4_rxn2391_R       pre4       s3 E -114.61108540 corr  71.23%  p_HF 0.8966  uniq 1e5   1455 / 1e6   5271  lin dims 417-417 (1 distinct)  n2631g dim 992  (E 2.8s, sample 4.6s, ci 20.5s)
  C3H4_rxn2391_R       pre4       s4 E -114.61108540 corr  71.23%  p_HF 0.8966  uniq 1e5   1508 / 1e6   5395  lin dims 401-401 (1 distinct)  n2631g dim 1020  (E 2.8s, sample 5.0s, ci 19.0s)
  C3H4_rxn2391_R       rl4L       s0 E -114.62100967 corr  75.49%  p_HF 0.8566  uniq 1e5   2231 / 1e6   8906  lin dims 648-648 (1 distinct)  n2631g dim 1502  (E 2.8s, sample 4.1s, ci 19.3s)
  C3H4_rxn2391_R       rl4L       s1 E -114.62100967 corr  75.49%  p_HF 0.8566  uniq 1e5   2225 / 1e6   8959  lin dims 634-634 (1 distinct)  n2631g dim 1494  (E 2.8s, sample 4.1s, ci 20.8s)
  C3H4_rxn2391_R       rl4L       s2 E -114.62100967 corr  75.49%  p_HF 0.8566  uniq 1e5   2202 / 1e6   8971  lin dims 647-647 (1 distinct)  n2631g dim 1488  (E 2.8s, sample 4.4s, ci 18.4s)
  C3H4_rxn2391_R       rl4L       s3 E -114.62100967 corr  75.49%  p_HF 0.8566  uniq 1e5   2250 / 1e6   9095  lin dims 643-643 (1 distinct)  n2631g dim 1544  (E 2.8s, sample 4.7s, ci 18.3s)
  C3H4_rxn2391_R       rl4L       s4 E -114.62100967 corr  75.49%  p_HF 0.8566  uniq 1e5   2206 / 1e6   9015  lin dims 629-629 (1 distinct)  n2631g dim 1503  (E 2.8s, sample 4.2s, ci 19.2s)
  C3H4_rxn2391_R       rl4n29f    s0 E -114.62647881 corr  77.84%  p_HF 0.8812  uniq 1e5   1848 / 1e6   7041  lin dims 535-535 (1 distinct)  n2631g dim 1210  (E 2.9s, sample 4.1s, ci 17.7s)
  C3H4_rxn2391_R       rl4n29f    s1 E -114.62647881 corr  77.84%  p_HF 0.8812  uniq 1e5   1792 / 1e6   7004  lin dims 526-526 (1 distinct)  n2631g dim 1182  (E 2.9s, sample 4.1s, ci 18.0s)
  C3H4_rxn2391_R       rl4n29f    s2 E -114.62647881 corr  77.84%  p_HF 0.8812  uniq 1e5   1810 / 1e6   7070  lin dims 498-498 (1 distinct)  n2631g dim 1187  (E 2.9s, sample 4.2s, ci 17.6s)
  C3H4_rxn2391_R       rl4n29f    s3 E -114.62647881 corr  77.84%  p_HF 0.8812  uniq 1e5   1817 / 1e6   6936  lin dims 517-517 (1 distinct)  n2631g dim 1220  (E 2.9s, sample 4.1s, ci 18.6s)
  C3H4_rxn2391_R       rl4n29f    s4 E -114.62647881 corr  77.84%  p_HF 0.8812  uniq 1e5   1795 / 1e6   6992  lin dims 506-506 (1 distinct)  n2631g dim 1200  (E 2.9s, sample 4.2s, ci 21.2s)
  C3H4_rxn2391_R       label      s0 E -114.60838705 corr  70.07%  p_HF 0.8853  uniq 1e5   1596 / 1e6   6104  lin dims 432-432 (1 distinct)  n2631g dim 1071  (E 2.8s, sample 4.5s, ci 18.5s)
  C3H4_rxn2391_R       label      s1 E -114.60838705 corr  70.07%  p_HF 0.8853  uniq 1e5   1583 / 1e6   6098  lin dims 438-438 (1 distinct)  n2631g dim 1064  (E 2.8s, sample 4.2s, ci 22.8s)
  C3H4_rxn2391_R       label      s2 E -114.60838705 corr  70.07%  p_HF 0.8853  uniq 1e5   1569 / 1e6   6021  lin dims 411-411 (1 distinct)  n2631g dim 1063  (E 2.8s, sample 4.1s, ci 23.5s)
  C3H4_rxn2391_R       label      s3 E -114.60838705 corr  70.07%  p_HF 0.8853  uniq 1e5   1564 / 1e6   6067  lin dims 413-413 (1 distinct)  n2631g dim 1045  (E 2.8s, sample 4.1s, ci 20.8s)
  C3H4_rxn2391_R       label      s4 E -114.60838705 corr  70.07%  p_HF 0.8853  uniq 1e5   1619 / 1e6   5959  lin dims 443-443 (1 distinct)  n2631g dim 1031  (E 2.8s, sample 4.1s, ci 20.4s)
  C3H4_rxn2391_R       truncated  s0 E -114.50125490 corr  24.03%  p_HF 0.9854  uniq 1e5    151 / 1e6    363  lin dims 72-72 (1 distinct)  n2631g dim 131  (E 2.9s, sample 4.1s, ci 21.1s)
  C3H4_rxn2391_R       truncated  s1 E -114.50125490 corr  24.03%  p_HF 0.9854  uniq 1e5    141 / 1e6    350  lin dims 72-72 (1 distinct)  n2631g dim 123  (E 2.9s, sample 4.3s, ci 21.5s)
  C3H4_rxn2391_R       truncated  s2 E -114.50125490 corr  24.03%  p_HF 0.9854  uniq 1e5    132 / 1e6    349  lin dims 66-66 (1 distinct)  n2631g dim 124  (E 2.9s, sample 4.1s, ci 19.9s)
  C3H4_rxn2391_R       truncated  s3 E -114.50125490 corr  24.03%  p_HF 0.9854  uniq 1e5    145 / 1e6    354  lin dims 66-66 (1 distinct)  n2631g dim 116  (E 2.9s, sample 4.0s, ci 20.8s)
  C3H4_rxn2391_R       truncated  s4 E -114.50125490 corr  24.03%  p_HF 0.9854  uniq 1e5    126 / 1e6    361  lin dims 63-63 (1 distinct)  n2631g dim 133  (E 2.9s, sample 4.4s, ci 19.5s)
  C3H4_rxn2391_R       cdf_lin    s0 E -114.30233938 corr -61.45%  p_HF 0.6724  uniq 1e5   4437 / 1e6  19482  lin dims 913-932 (10 distinct)  n2631g dim 2233  (E 2.9s, sample 4.2s, ci 18.3s)
  C3H4_rxn2391_R       cdf_lin    s1 E -114.30233938 corr -61.45%  p_HF 0.6724  uniq 1e5   4444 / 1e6  19333  lin dims 907-923 (10 distinct)  n2631g dim 2231  (E 2.9s, sample 4.7s, ci 20.8s)
  C3H4_rxn2391_R       cdf_lin    s2 E -114.30233938 corr -61.45%  p_HF 0.6724  uniq 1e5   4358 / 1e6  19514  lin dims 933-955 (10 distinct)  n2631g dim 2217  (E 2.9s, sample 5.2s, ci 20.9s)
  C3H4_rxn2391_R       cdf_lin    s3 E -114.30233938 corr -61.45%  p_HF 0.6724  uniq 1e5   4436 / 1e6  19514  lin dims 899-929 (10 distinct)  n2631g dim 2201  (E 2.9s, sample 4.9s, ci 19.7s)
  C3H4_rxn2391_R       cdf_lin    s4 E -114.30233938 corr -61.45%  p_HF 0.6724  uniq 1e5   4457 / 1e6  19627  lin dims 903-920 (10 distinct)  n2631g dim 2233  (E 2.9s, sample 4.4s, ci 21.2s)
  C3H4_rxn2391_P       pre4       s0 E -114.57688399 corr  66.68%  p_HF 0.8685  uniq 1e5   1592 / 1e6   5745  lin dims 426-426 (1 distinct)  n2631g dim 1048  (E 2.8s, sample 4.7s, ci 18.8s)
  C3H4_rxn2391_P       pre4       s1 E -114.57688399 corr  66.68%  p_HF 0.8685  uniq 1e5   1655 / 1e6   5862  lin dims 446-446 (1 distinct)  n2631g dim 1067  (E 2.8s, sample 4.6s, ci 22.9s)
  C3H4_rxn2391_P       pre4       s2 E -114.57688399 corr  66.68%  p_HF 0.8685  uniq 1e5   1616 / 1e6   5865  lin dims 414-414 (1 distinct)  n2631g dim 1064  (E 2.8s, sample 4.4s, ci 25.2s)
  C3H4_rxn2391_P       pre4       s3 E -114.57688399 corr  66.68%  p_HF 0.8685  uniq 1e5   1630 / 1e6   5807  lin dims 404-404 (1 distinct)  n2631g dim 1063  (E 2.8s, sample 4.2s, ci 19.3s)
  C3H4_rxn2391_P       pre4       s4 E -114.57688399 corr  66.68%  p_HF 0.8685  uniq 1e5   1614 / 1e6   5844  lin dims 427-427 (1 distinct)  n2631g dim 1064  (E 2.8s, sample 5.1s, ci 22.8s)
  C3H4_rxn2391_P       rl4L       s0 E -114.58268182 corr  69.16%  p_HF 0.8315  uniq 1e5   2357 / 1e6   9204  lin dims 641-641 (1 distinct)  n2631g dim 1500  (E 2.9s, sample 4.1s, ci 18.2s)
  C3H4_rxn2391_P       rl4L       s1 E -114.58268182 corr  69.16%  p_HF 0.8315  uniq 1e5   2267 / 1e6   9009  lin dims 653-653 (1 distinct)  n2631g dim 1506  (E 2.9s, sample 4.3s, ci 20.4s)
  C3H4_rxn2391_P       rl4L       s2 E -114.58268182 corr  69.16%  p_HF 0.8315  uniq 1e5   2291 / 1e6   9010  lin dims 642-642 (1 distinct)  n2631g dim 1509  (E 2.9s, sample 4.3s, ci 22.0s)
  C3H4_rxn2391_P       rl4L       s3 E -114.58268182 corr  69.16%  p_HF 0.8315  uniq 1e5   2315 / 1e6   9079  lin dims 656-656 (1 distinct)  n2631g dim 1545  (E 2.9s, sample 4.6s, ci 19.9s)
  C3H4_rxn2391_P       rl4L       s4 E -114.58268182 corr  69.16%  p_HF 0.8315  uniq 1e5   2298 / 1e6   9126  lin dims 638-638 (1 distinct)  n2631g dim 1532  (E 2.9s, sample 4.3s, ci 20.2s)
  C3H4_rxn2391_P       rl4n29f    s0 E -114.58919479 corr  71.94%  p_HF 0.8489  uniq 1e5   2094 / 1e6   8030  lin dims 565-565 (1 distinct)  n2631g dim 1387  (E 2.8s, sample 5.0s, ci 20.9s)
  C3H4_rxn2391_P       rl4n29f    s1 E -114.58919479 corr  71.94%  p_HF 0.8489  uniq 1e5   2120 / 1e6   7994  lin dims 585-585 (1 distinct)  n2631g dim 1358  (E 2.8s, sample 5.3s, ci 19.0s)
  C3H4_rxn2391_P       rl4n29f    s2 E -114.58919479 corr  71.94%  p_HF 0.8489  uniq 1e5   2093 / 1e6   7969  lin dims 570-570 (1 distinct)  n2631g dim 1353  (E 2.8s, sample 5.2s, ci 21.3s)
  C3H4_rxn2391_P       rl4n29f    s3 E -114.58919479 corr  71.94%  p_HF 0.8489  uniq 1e5   2099 / 1e6   7920  lin dims 589-589 (1 distinct)  n2631g dim 1310  (E 2.8s, sample 5.4s, ci 22.0s)
  C3H4_rxn2391_P       rl4n29f    s4 E -114.58919479 corr  71.94%  p_HF 0.8489  uniq 1e5   2065 / 1e6   7953  lin dims 583-583 (1 distinct)  n2631g dim 1349  (E 2.8s, sample 4.5s, ci 20.5s)
  C3H4_rxn2391_P       label      s0 E -114.58183442 corr  68.80%  p_HF 0.8511  uniq 1e5   1866 / 1e6   7268  lin dims 545-545 (1 distinct)  n2631g dim 1266  (E 2.8s, sample 4.1s, ci 18.3s)
  C3H4_rxn2391_P       label      s1 E -114.58183442 corr  68.80%  p_HF 0.8511  uniq 1e5   1804 / 1e6   7167  lin dims 513-513 (1 distinct)  n2631g dim 1229  (E 2.8s, sample 4.2s, ci 18.3s)
  C3H4_rxn2391_P       label      s2 E -114.58183442 corr  68.80%  p_HF 0.8511  uniq 1e5   1849 / 1e6   7161  lin dims 538-538 (1 distinct)  n2631g dim 1270  (E 2.8s, sample 4.1s, ci 18.9s)
  C3H4_rxn2391_P       label      s3 E -114.58183442 corr  68.80%  p_HF 0.8511  uniq 1e5   1861 / 1e6   7295  lin dims 540-540 (1 distinct)  n2631g dim 1251  (E 2.8s, sample 4.1s, ci 18.8s)
  C3H4_rxn2391_P       label      s4 E -114.58183442 corr  68.80%  p_HF 0.8511  uniq 1e5   1883 / 1e6   7212  lin dims 546-546 (1 distinct)  n2631g dim 1283  (E 2.8s, sample 4.2s, ci 22.0s)
  C3H4_rxn2391_P       truncated  s0 E -114.45702756 corr  15.56%  p_HF 0.9855  uniq 1e5    106 / 1e6    246  lin dims 54-54 (1 distinct)  n2631g dim 97  (E 2.8s, sample 4.1s, ci 24.3s)
  C3H4_rxn2391_P       truncated  s1 E -114.45702756 corr  15.56%  p_HF 0.9855  uniq 1e5    105 / 1e6    238  lin dims 53-53 (1 distinct)  n2631g dim 89  (E 2.8s, sample 4.1s, ci 22.9s)
  C3H4_rxn2391_P       truncated  s2 E -114.45702756 corr  15.56%  p_HF 0.9855  uniq 1e5    110 / 1e6    254  lin dims 52-52 (1 distinct)  n2631g dim 93  (E 2.8s, sample 4.2s, ci 22.2s)
  C3H4_rxn2391_P       truncated  s3 E -114.45702756 corr  15.56%  p_HF 0.9855  uniq 1e5     95 / 1e6    253  lin dims 47-47 (1 distinct)  n2631g dim 96  (E 2.8s, sample 4.2s, ci 21.2s)
  C3H4_rxn2391_P       truncated  s4 E -114.45702756 corr  15.56%  p_HF 0.9855  uniq 1e5    109 / 1e6    250  lin dims 51-51 (1 distinct)  n2631g dim 95  (E 2.8s, sample 4.7s, ci 22.0s)
  C3H4_rxn2391_P       cdf_lin    s0 E -114.00534530 corr -177.13%  p_HF 0.4674  uniq 1e5   4747 / 1e6  20222  lin dims 888-901 (10 distinct)  n2631g dim 2148  (E 2.8s, sample 4.4s, ci 19.4s)
  C3H4_rxn2391_P       cdf_lin    s1 E -114.00534530 corr -177.13%  p_HF 0.4674  uniq 1e5   4697 / 1e6  20102  lin dims 875-901 (10 distinct)  n2631g dim 2162  (E 2.8s, sample 4.5s, ci 22.0s)
  C3H4_rxn2391_P       cdf_lin    s2 E -114.00534530 corr -177.13%  p_HF 0.4674  uniq 1e5   4557 / 1e6  20054  lin dims 850-884 (10 distinct)  n2631g dim 2140  (E 2.8s, sample 5.4s, ci 18.1s)
  C3H4_rxn2391_P       cdf_lin    s3 E -114.00534530 corr -177.13%  p_HF 0.4674  uniq 1e5   4575 / 1e6  20388  lin dims 869-892 (10 distinct)  n2631g dim 2183  (E 2.8s, sample 4.3s, ci 19.3s)
  C3H4_rxn2391_P       cdf_lin    s4 E -114.00534530 corr -177.13%  p_HF 0.4674  uniq 1e5   4613 / 1e6  20183  lin dims 847-869 (10 distinct)  n2631g dim 2185  (E 2.8s, sample 4.4s, ci 17.5s)
  C3H4_rxn2391_TS      pre4       s0 E -114.37251683 corr  64.14%  p_HF 0.7741  uniq 1e5   2585 / 1e6  10236  lin dims 593-593 (1 distinct)  n2631g dim 1377  (E 2.8s, sample 4.1s, ci 18.8s)
  C3H4_rxn2391_TS      pre4       s1 E -114.37251683 corr  64.14%  p_HF 0.7741  uniq 1e5   2649 / 1e6  10066  lin dims 619-619 (1 distinct)  n2631g dim 1418  (E 2.8s, sample 4.2s, ci 18.7s)
  C3H4_rxn2391_TS      pre4       s2 E -114.37251683 corr  64.14%  p_HF 0.7741  uniq 1e5   2545 / 1e6  10001  lin dims 589-589 (1 distinct)  n2631g dim 1390  (E 2.8s, sample 5.0s, ci 18.4s)
  C3H4_rxn2391_TS      pre4       s3 E -114.37251683 corr  64.14%  p_HF 0.7741  uniq 1e5   2588 / 1e6  10115  lin dims 577-577 (1 distinct)  n2631g dim 1421  (E 2.8s, sample 4.6s, ci 19.1s)
  C3H4_rxn2391_TS      pre4       s4 E -114.37251683 corr  64.14%  p_HF 0.7741  uniq 1e5   2631 / 1e6  10056  lin dims 590-590 (1 distinct)  n2631g dim 1384  (E 2.8s, sample 4.3s, ci 19.6s)
  C3H4_rxn2391_TS      rl4L       s0 E -114.37497701 corr  65.18%  p_HF 0.7390  uniq 1e5   3779 / 1e6  15897  lin dims 875-875 (1 distinct)  n2631g dim 2066  (E 2.8s, sample 4.2s, ci 19.1s)
  C3H4_rxn2391_TS      rl4L       s1 E -114.37497701 corr  65.18%  p_HF 0.7390  uniq 1e5   3842 / 1e6  15614  lin dims 862-862 (1 distinct)  n2631g dim 2008  (E 2.8s, sample 4.3s, ci 18.8s)
  C3H4_rxn2391_TS      rl4L       s2 E -114.37497701 corr  65.18%  p_HF 0.7390  uniq 1e5   3812 / 1e6  15841  lin dims 826-826 (1 distinct)  n2631g dim 1965  (E 2.8s, sample 4.2s, ci 18.4s)
  C3H4_rxn2391_TS      rl4L       s3 E -114.37497701 corr  65.18%  p_HF 0.7390  uniq 1e5   3863 / 1e6  15745  lin dims 884-884 (1 distinct)  n2631g dim 2039  (E 2.8s, sample 5.1s, ci 18.6s)
  C3H4_rxn2391_TS      rl4L       s4 E -114.37497701 corr  65.18%  p_HF 0.7390  uniq 1e5   3845 / 1e6  15851  lin dims 861-861 (1 distinct)  n2631g dim 2082  (E 2.8s, sample 4.9s, ci 19.4s)
  C3H4_rxn2391_TS      rl4n29f    s0 E -114.38370681 corr  68.87%  p_HF 0.7585  uniq 1e5   3609 / 1e6  14630  lin dims 816-816 (1 distinct)  n2631g dim 1886  (E 2.8s, sample 4.2s, ci 17.4s)
  C3H4_rxn2391_TS      rl4n29f    s1 E -114.38370681 corr  68.87%  p_HF 0.7585  uniq 1e5   3561 / 1e6  14586  lin dims 803-803 (1 distinct)  n2631g dim 1893  (E 2.8s, sample 4.3s, ci 17.9s)
  C3H4_rxn2391_TS      rl4n29f    s2 E -114.38370681 corr  68.87%  p_HF 0.7585  uniq 1e5   3523 / 1e6  14362  lin dims 789-789 (1 distinct)  n2631g dim 1827  (E 2.8s, sample 4.5s, ci 17.8s)
  C3H4_rxn2391_TS      rl4n29f    s3 E -114.38370681 corr  68.87%  p_HF 0.7585  uniq 1e5   3578 / 1e6  14681  lin dims 816-816 (1 distinct)  n2631g dim 1877  (E 2.8s, sample 4.2s, ci 18.8s)
  C3H4_rxn2391_TS      rl4n29f    s4 E -114.38370681 corr  68.87%  p_HF 0.7585  uniq 1e5   3570 / 1e6  14654  lin dims 809-809 (1 distinct)  n2631g dim 1848  (E 2.8s, sample 4.3s, ci 18.2s)
  C3H4_rxn2391_TS      label      s0 E -114.36549928 corr  61.17%  p_HF 0.7426  uniq 1e5   3072 / 1e6  12258  lin dims 679-679 (1 distinct)  n2631g dim 1547  (E 2.8s, sample 4.2s, ci 17.7s)
  C3H4_rxn2391_TS      label      s1 E -114.36549928 corr  61.17%  p_HF 0.7426  uniq 1e5   3007 / 1e6  11907  lin dims 655-655 (1 distinct)  n2631g dim 1531  (E 2.8s, sample 4.2s, ci 18.8s)
  C3H4_rxn2391_TS      label      s2 E -114.36549928 corr  61.17%  p_HF 0.7426  uniq 1e5   2921 / 1e6  12030  lin dims 652-652 (1 distinct)  n2631g dim 1539  (E 2.8s, sample 4.5s, ci 18.1s)
  C3H4_rxn2391_TS      label      s3 E -114.36549928 corr  61.17%  p_HF 0.7426  uniq 1e5   2972 / 1e6  12110  lin dims 648-648 (1 distinct)  n2631g dim 1543  (E 2.8s, sample 4.7s, ci 18.2s)
  C3H4_rxn2391_TS      label      s4 E -114.36549928 corr  61.17%  p_HF 0.7426  uniq 1e5   3079 / 1e6  12162  lin dims 650-650 (1 distinct)  n2631g dim 1561  (E 2.8s, sample 4.2s, ci 18.2s)
  C3H4_rxn2391_TS      truncated  s0 E -114.25054547 corr  12.54%  p_HF 0.8998  uniq 1e5    204 / 1e6    653  lin dims 90-90 (1 distinct)  n2631g dim 231  (E 2.8s, sample 4.2s, ci 19.4s)
  C3H4_rxn2391_TS      truncated  s1 E -114.25054547 corr  12.54%  p_HF 0.8998  uniq 1e5    208 / 1e6    608  lin dims 95-95 (1 distinct)  n2631g dim 217  (E 2.8s, sample 4.1s, ci 19.7s)
  C3H4_rxn2391_TS      truncated  s2 E -114.25054547 corr  12.54%  p_HF 0.8998  uniq 1e5    196 / 1e6    619  lin dims 91-91 (1 distinct)  n2631g dim 225  (E 2.8s, sample 4.1s, ci 18.3s)
  C3H4_rxn2391_TS      truncated  s3 E -114.25054547 corr  12.54%  p_HF 0.8998  uniq 1e5    225 / 1e6    616  lin dims 98-98 (1 distinct)  n2631g dim 214  (E 2.8s, sample 4.1s, ci 19.2s)
  C3H4_rxn2391_TS      truncated  s4 E -114.25054547 corr  12.54%  p_HF 0.8998  uniq 1e5    206 / 1e6    635  lin dims 94-94 (1 distinct)  n2631g dim 229  (E 2.8s, sample 4.2s, ci 20.3s)
  C3H4_rxn2391_TS      cdf_lin    s0 E -113.04513224 corr -497.39%  p_HF 0.1294  uniq 1e5  18186 / 1e6  90327  lin dims 1088-1136 (10 distinct)  n2631g dim 5261  (E 2.9s, sample 4.7s, ci 15.3s)
  C3H4_rxn2391_TS      cdf_lin    s1 E -113.04513224 corr -497.39%  p_HF 0.1294  uniq 1e5  18224 / 1e6  89987  lin dims 1087-1133 (10 distinct)  n2631g dim 5307  (E 2.9s, sample 4.7s, ci 16.1s)
  C3H4_rxn2391_TS      cdf_lin    s2 E -113.04513224 corr -497.39%  p_HF 0.1294  uniq 1e5  18139 / 1e6  90241  lin dims 1072-1105 (10 distinct)  n2631g dim 5270  (E 2.9s, sample 5.3s, ci 16.0s)
  C3H4_rxn2391_TS      cdf_lin    s3 E -113.04513224 corr -497.39%  p_HF 0.1294  uniq 1e5  18401 / 1e6  90275  lin dims 1075-1140 (10 distinct)  n2631g dim 5278  (E 2.9s, sample 4.9s, ci 15.4s)
  C3H4_rxn2391_TS      cdf_lin    s4 E -113.04513224 corr -497.39%  p_HF 0.1294  uniq 1e5  18292 / 1e6  90181  lin dims 1081-1123 (10 distinct)  n2631g dim 5287  (E 2.9s, sample 4.7s, ci 15.4s)
